Job started on gpu016.orc.gmu.edu
CUDA_VISIBLE_DEVICES=0
Wed Jun 10 16:26:36 2026       
+-----------------------------------------------------------------------------------------+
| NVIDIA-SMI 560.35.05              Driver Version: 560.35.05      CUDA Version: 12.6     |
|-----------------------------------------+------------------------+----------------------+
| GPU  Name                 Persistence-M | Bus-Id          Disp.A | Volatile Uncorr. ECC |
| Fan  Temp   Perf          Pwr:Usage/Cap |           Memory-Usage | GPU-Util  Compute M. |
|                                         |                        |               MIG M. |
|=========================================+========================+======================|
|   0  NVIDIA A100-SXM4-80GB          On  |   00000000:C1:00.0 Off |                    0 |
| N/A   24C    P0             74W /  500W |       1MiB /  81920MiB |      0%      Default |
|                                         |                        |             Disabled |
+-----------------------------------------+------------------------+----------------------+
                                                                                         
+-----------------------------------------------------------------------------------------+
| Processes:                                                                              |
|  GPU   GI   CI        PID   Type   Process name                              GPU Memory |
|        ID   ID                                                               Usage      |
|=========================================================================================|
|  No running processes found                                                             |
+-----------------------------------------------------------------------------------------+
Mamba version: 2.3.0
Path: /home/kmercad/myenv/lib/python3.10/site-packages/mamba_ssm/modules/mamba2.py
------------------------------------------------------------------------------------------
Sensor subset training shape: (402331, 29)
Sensor Validation training shape: (205551, 29)
Sensor Test training shape: (198521, 29)
----------------------------------------------------------------------
Rows containing NaNs - training: 5501
Rows containing NaNs - validation: 2883
Rows containing NaNs - test: 2391
------------------------------------------------------------------------------------------
Reindexed training shape: (402331, 29)
Reindexed validation shape: (205551, 29)
Reindexed test shape: (198521, 29)
------------------------------------------------------------------------------------------
After Interpolation. Training shape: (402169, 29)
After Interpolation. Validation shape: (205551, 29)
After Interpolation. Test shape: (198521, 29)


Descriptive statistics for ACC channels (DEVICE_1) - training set
                   0              1              2
count  402169.000000  402169.000000  402169.000000
mean       -4.472970       2.076986       3.917949
std         6.047678       4.395465       3.013525
min       -46.595200     -25.433399     -26.612600
25%        -9.218630      -0.461773       1.545980
50%        -6.577720       2.785400       3.473250
75%         0.402804       4.600980       6.648180
max        11.732000      44.433399      42.538799

Descriptive statistics for GYRO channels (DEVICE_1) - training set
                   3              4              5
count  402169.000000  402169.000000  402169.000000
mean       -0.018554       0.017859      -0.006466
std         0.874044       0.615937       1.156125
min       -11.201600      -5.375390      -7.652640
25%        -0.075198      -0.037889      -0.049097
50%        -0.005911       0.003083      -0.006919
75%         0.050174       0.050461       0.032628
max        15.206800       4.933770       6.466060

Descriptive statistics for MAG channels (DEVICE_1) - training set
                   6              7              8
count  402169.000000  402169.000000  402169.000000
mean       18.920177      -4.970082     -21.359594
std        24.783958      20.912968      13.535551
min       -42.399502    -200.042999    -100.803001
25%         3.228720     -20.247601     -32.660400
50%        22.786501      -7.290180     -21.442600
75%        40.156399      12.527900     -13.194400
max       102.622002      66.647598      91.020699
------------------------------------------------------------------------------------------


Descriptive statistics for ACC channels (DEVICE_1) - training set
                   0              1              2
count  402169.000000  402169.000000  402169.000000
mean       -0.455960       0.211721       0.399383
std         0.616481       0.448060       0.307189
min        -4.749765      -2.592599      -2.712803
25%        -0.939718      -0.047072       0.157592
50%        -0.670512       0.283935       0.354052
75%         0.041061       0.469009       0.677694
max         1.195922       4.529398       4.336269

Descriptive statistics for scaled GYRO channels (DEVICE_1) - training set
                   3              4              5
count  402169.000000  402169.000000  402169.000000
mean       -0.018554       0.017859      -0.006466
std         0.874044       0.615937       1.156125
min       -11.201600      -5.375390      -7.652640
25%        -0.075198      -0.037889      -0.049097
50%        -0.005911       0.003083      -0.006919
75%         0.050174       0.050461       0.032628
max        15.206800       4.933770       6.466060

Descriptive statistics for MAG channels (DEVICE_1) - training set
                   6              7              8
count  402169.000000  402169.000000  402169.000000
mean        0.385956      -0.104535      -0.505564
std         0.520753       0.465289       0.311191
min        -0.995270      -0.999992      -0.998618
25%         0.097332      -0.488024      -0.797664
50%         0.478097      -0.165284      -0.503906
75%         0.857966       0.271176      -0.301818
max         0.999999       0.999163       0.963648
--------------------STRATIY VAL/TEST--------------------
Validation GROUPS
group_id
102    103884
104    105177
Name: count, dtype: int64
Test GROUPS
group_id
101     94637
103    100374
Name: count, dtype: int64 


 Validation Split Label Proportion
27
1.0    0.222313
2.0    0.228818
3.0    0.240514
4.0    0.308355
Name: proportion, dtype: float64
Test Split Label Proportion
27
1.0    0.252452
2.0    0.267887
3.0    0.216654
4.0    0.263006
Name: proportion, dtype: float64

------------------------------ TRAIN ACC/GYRO after StandardScaler ------------------------------
global mean: -0.000000
global std : 1.000000
max |channel mean| : 0.000000
median |channel mean| : 0.000000
channel std range : [1.000000, 1.000000]

------------------------------ VAL ACC/GYRO after StandardScaler ------------------------------
global mean: 0.031551
global std : 1.105216
max |channel mean| : 0.720150
median |channel mean| : 0.032157
channel std range : [0.599716, 1.502193]

------------------------------ TEST ACC/GYRO after StandardScaler ------------------------------
global mean: 0.060568
global std : 1.138100
max |channel mean| : 0.499289
median |channel mean| : 0.026242
channel std range : [0.724615, 1.632424]

TRAIN top channels by |mean|:
channel 11 | mean=0.000000 | std=1.000000
channel 2 | mean=-0.000000 | std=1.000000
channel 1 | mean=-0.000000 | std=1.000000
channel 23 | mean=-0.000000 | std=1.000000
channel 21 | mean=0.000000 | std=1.000000
channel 0 | mean=0.000000 | std=1.000000
channel 14 | mean=0.000000 | std=1.000000
channel 13 | mean=-0.000000 | std=1.000000
channel 9 | mean=0.000000 | std=1.000000
channel 10 | mean=-0.000000 | std=1.000000

TRAIN top channels by std deviation from 1:
channel 11 | mean=0.000000 | std=1.000000
channel 22 | mean=-0.000000 | std=1.000000
channel 1 | mean=-0.000000 | std=1.000000
channel 10 | mean=-0.000000 | std=1.000000
channel 2 | mean=-0.000000 | std=1.000000
channel 9 | mean=0.000000 | std=1.000000
channel 20 | mean=-0.000000 | std=1.000000
channel 19 | mean=0.000000 | std=1.000000
channel 12 | mean=-0.000000 | std=1.000000
channel 18 | mean=0.000000 | std=1.000000

VAL top channels by |mean|:
channel 20 | mean=0.720150 | std=0.959842
channel 11 | mean=-0.532034 | std=1.238754
channel 1 | mean=0.329844 | std=0.599716
channel 18 | mean=0.133423 | std=0.894581
channel 10 | mean=0.081380 | std=0.730443
channel 19 | mean=-0.041182 | std=0.946841
channel 22 | mean=-0.039876 | std=0.762295
channel 13 | mean=-0.038614 | std=1.177285
channel 0 | mean=-0.038017 | std=1.072383
channel 21 | mean=-0.026297 | std=0.982926

VAL top channels by std deviation from 1:
channel 3 | mean=0.012412 | std=1.502193
channel 14 | mean=0.002459 | std=1.498430
channel 1 | mean=0.329844 | std=0.599716
channel 10 | mean=0.081380 | std=0.730443
channel 11 | mean=-0.532034 | std=1.238754
channel 22 | mean=-0.039876 | std=0.762295
channel 5 | mean=-0.001751 | std=1.233308
channel 13 | mean=-0.038614 | std=1.177285
channel 4 | mean=-0.009989 | std=1.167651
channel 12 | mean=0.010194 | std=1.132933

TEST top channels by |mean|:
channel 1 | mean=0.499289 | std=0.764034
channel 20 | mean=0.376054 | std=1.478265
channel 0 | mean=0.298815 | std=1.156521
channel 9 | mean=0.210001 | std=1.632424
channel 11 | mean=-0.078001 | std=1.071991
channel 4 | mean=-0.067040 | std=1.442494
channel 19 | mean=-0.062023 | std=1.030083
channel 10 | mean=-0.028649 | std=0.989262
channel 13 | mean=-0.027041 | std=0.875623
channel 22 | mean=0.025443 | std=0.893150

TEST top channels by std deviation from 1:
channel 9 | mean=0.210001 | std=1.632424
channel 20 | mean=0.376054 | std=1.478265
channel 4 | mean=-0.067040 | std=1.442494
channel 5 | mean=-0.019176 | std=1.353217
channel 21 | mean=-0.014675 | std=0.724615
channel 3 | mean=0.003815 | std=1.240410
channel 1 | mean=0.499289 | std=0.764034
channel 2 | mean=-0.005215 | std=1.161279
channel 0 | mean=0.298815 | std=1.156521
channel 14 | mean=0.003687 | std=1.154837

TRAIN outlier rates |z|>5.0:
channel 12 | rate=0.005853
channel 19 | rate=0.005714
channel 13 | rate=0.004608
channel 3 | rate=0.003981
channel 22 | rate=0.003282
channel 20 | rate=0.003260
channel 21 | rate=0.002250
channel 4 | rate=0.001668
channel 9 | rate=0.000666
channel 14 | rate=0.000602

VAL outlier rates |z|>5.0:
channel 3 | rate=0.019157
channel 14 | rate=0.018315
channel 12 | rate=0.006759
channel 13 | rate=0.006161
channel 20 | rate=0.006017
channel 4 | rate=0.004630
channel 5 | rate=0.004176
channel 19 | rate=0.002167
channel 21 | rate=0.001999
channel 9 | rate=0.001722

TEST outlier rates |z|>5.0:
channel 9 | rate=0.025142
channel 4 | rate=0.024660
channel 5 | rate=0.011979
channel 3 | rate=0.009066
channel 20 | rate=0.006866
channel 19 | rate=0.005897
channel 12 | rate=0.005061
channel 14 | rate=0.002872
channel 13 | rate=0.001800
channel 21 | rate=0.000626

------------------------------ TRAIN MAG after window demeaning ------------------------------
max |window mean|  : 1.486391e-07
mean |window mean| : 1.893170e-08
channel global mean range : [-5.820696e-10, 1.017226e-09]
channel std range         : [0.051236, 0.194402]

------------------------------ VAL MAG after window demeaning ------------------------------
max |window mean|  : 1.568347e-07
mean |window mean| : 1.850703e-08
channel global mean range : [-1.147432e-09, 1.103631e-09]
channel std range         : [0.054411, 0.196744]

------------------------------ TEST MAG after window demeaning ------------------------------
max |window mean|  : 1.445413e-07
mean |window mean| : 1.858077e-08
channel global mean range : [-3.193895e-09, 8.675460e-10]
channel std range         : [0.058013, 0.201229]

TRAIN window label distribution
label 1: 801 (0.2400)
label 2: 708 (0.2122)
label 3: 812 (0.2433)
label 4: 1016 (0.3045)

VAL window label distribution
label 1: 385 (0.2219)
label 2: 398 (0.2294)
label 3: 419 (0.2415)
label 4: 533 (0.3072)

TEST window label distribution
label 1: 407 (0.2515)
label 2: 436 (0.2695)
label 3: 352 (0.2176)
label 4: 423 (0.2614)
------------------------------------------------------------------------------------------
Training (windows): (3337, 160, 27). Training Labels (3337,)
Validation (windows): (1735, 160, 27). Validation Labels (1735,)
Test (windows): (1618, 160, 27). Test Labels (1618,)
------------------------------------------------------------------------------------------
Training set class distribution:--
{'LIE': 801, 'SIT': 708, 'STAND': 812, 'WALK': 1016}
------------------------------------------------------------------------------------------
SSL encoder loaded

Epoch: 1/30 | tr_Loss: 0.6463 | tr_acc: 0.8064 | val_loss: 0.3993 | val_acc: 0.8046 | epoch_time: 2.06s

Epoch: 2/30 | tr_Loss: 0.2485 | tr_acc: 0.9260 | val_loss: 0.4372 | val_acc: 0.7937 | epoch_time: 1.14s

Epoch: 3/30 | tr_Loss: 0.1965 | tr_acc: 0.9428 | val_loss: 0.4732 | val_acc: 0.7879 | epoch_time: 1.12s

Epoch: 4/30 | tr_Loss: 0.1735 | tr_acc: 0.9509 | val_loss: 0.5026 | val_acc: 0.7781 | epoch_time: 1.14s

Epoch: 5/30 | tr_Loss: 0.1644 | tr_acc: 0.9539 | val_loss: 0.5134 | val_acc: 0.7816 | epoch_time: 1.14s

Epoch: 6/30 | tr_Loss: 0.1530 | tr_acc: 0.9565 | val_loss: 0.6246 | val_acc: 0.7671 | epoch_time: 1.16s

Early stopping at epoch 6 | Best Validation Loss: 0.3993
              precision    recall  f1-score   support

         LIE       1.00      0.94      0.97       385
         SIT       0.94      0.25      0.39       398
       STAND       0.56      0.99      0.71       419
        WALK       1.00      0.98      0.99       533

    accuracy                           0.80      1735
   macro avg       0.87      0.79      0.76      1735
weighted avg       0.88      0.80      0.78      1735

------------------------------------------------------------------------------------------
Test Results:
 Accuracy: 0.7991347342398022
 Report:
 {'LIE': {'precision': 0.8150537634408602, 'recall': 0.9312039312039312, 'f1-score': 0.8692660550458715, 'support': 407.0}, 'SIT': {'precision': 0.6546762589928058, 'recall': 0.6261467889908257, 'f1-score': 0.6400937866354045, 'support': 436.0}, 'STAND': {'precision': 0.7267080745341615, 'recall': 0.6647727272727273, 'f1-score': 0.6943620178041543, 'support': 352.0}, 'WALK': {'precision': 0.9830917874396136, 'recall': 0.9621749408983451, 'f1-score': 0.972520908004779, 'support': 423.0}, 'accuracy': 0.7991347342398022, 'macro avg': {'precision': 0.7948824711018603, 'recall': 0.7960745970914573, 'f1-score': 0.7940606918725523, 'support': 1618.0}, 'weighted avg': {'precision': 0.7965480834142613, 'recall': 0.7991347342398022, 'f1-score': 0.7964548515017243, 'support': 1618.0}}
 F1: 0.7940606918725523
 Confusion Matrix:
 [[379  14  11   3]
 [ 86 273  73   4]
 [  0 118 234   0]
 [  0  12   4 407]]
------------------------------------------------------------------------------------------
Training set class distribution:--
{'LIE': 801, 'SIT': 708, 'STAND': 812, 'WALK': 1016}
------------------------------------------------------------------------------------------
SSL encoder loaded

Epoch: 1/30 | tr_Loss: 0.6092 | tr_acc: 0.8478 | val_loss: 0.5626 | val_acc: 0.7533 | epoch_time: 1.25s

Epoch: 2/30 | tr_Loss: 0.2063 | tr_acc: 0.9518 | val_loss: 0.7307 | val_acc: 0.7516 | epoch_time: 1.16s

Epoch: 3/30 | tr_Loss: 0.1766 | tr_acc: 0.9536 | val_loss: 0.7678 | val_acc: 0.7527 | epoch_time: 1.15s

Epoch: 4/30 | tr_Loss: 0.1594 | tr_acc: 0.9545 | val_loss: 0.9018 | val_acc: 0.7527 | epoch_time: 1.16s

Epoch: 5/30 | tr_Loss: 0.1554 | tr_acc: 0.9568 | val_loss: 0.8519 | val_acc: 0.7545 | epoch_time: 1.15s

Epoch: 6/30 | tr_Loss: 0.1467 | tr_acc: 0.9574 | val_loss: 0.8494 | val_acc: 0.7556 | epoch_time: 1.15s

Early stopping at epoch 6 | Best Validation Loss: 0.5626
              precision    recall  f1-score   support

         LIE       1.00      0.94      0.97       385
         SIT       0.50      0.03      0.05       398
       STAND       0.50      0.99      0.66       419
        WALK       0.99      0.98      0.98       533

    accuracy                           0.75      1735
   macro avg       0.75      0.73      0.67      1735
weighted avg       0.76      0.75      0.69      1735

------------------------------------------------------------------------------------------
Test Results:
 Accuracy: 0.6953028430160693
 Report:
 {'LIE': {'precision': 0.7862068965517242, 'recall': 0.8402948402948403, 'f1-score': 0.8123515439429929, 'support': 407.0}, 'SIT': {'precision': 0.5304878048780488, 'recall': 0.19954128440366972, 'f1-score': 0.29, 'support': 436.0}, 'STAND': {'precision': 0.5078809106830122, 'recall': 0.8238636363636364, 'f1-score': 0.628385698808234, 'support': 352.0}, 'WALK': {'precision': 0.90625, 'recall': 0.9598108747044918, 'f1-score': 0.9322617680826636, 'support': 423.0}, 'accuracy': 0.6953028430160693, 'macro avg': {'precision': 0.6827064030281963, 'recall': 0.7058776589416595, 'f1-score': 0.6657497527084727, 'support': 1618.0}, 'weighted avg': {'precision': 0.6881314711889995, 'recall': 0.6953028430160693, 'f1-score': 0.6629206256268623, 'support': 1618.0}}
 F1: 0.6657497527084727
 Confusion Matrix:
 [[342   7  19  39]
 [ 93  87 253   3]
 [  0  62 290   0]
 [  0   8   9 406]]
------------------------------------------------------------------------------------------
Training set class distribution:--
{'LIE': 801, 'SIT': 708, 'STAND': 812, 'WALK': 1016}
------------------------------------------------------------------------------------------
SSL encoder loaded

Epoch: 1/30 | tr_Loss: 0.6246 | tr_acc: 0.8382 | val_loss: 0.6045 | val_acc: 0.7233 | epoch_time: 1.28s

Epoch: 2/30 | tr_Loss: 0.2278 | tr_acc: 0.9389 | val_loss: 0.6423 | val_acc: 0.7256 | epoch_time: 1.15s

Epoch: 3/30 | tr_Loss: 0.1876 | tr_acc: 0.9455 | val_loss: 0.6729 | val_acc: 0.7239 | epoch_time: 1.16s

Epoch: 4/30 | tr_Loss: 0.1698 | tr_acc: 0.9494 | val_loss: 0.7194 | val_acc: 0.7239 | epoch_time: 1.16s

Epoch: 5/30 | tr_Loss: 0.1555 | tr_acc: 0.9533 | val_loss: 0.7216 | val_acc: 0.7187 | epoch_time: 1.15s

Epoch: 6/30 | tr_Loss: 0.1445 | tr_acc: 0.9568 | val_loss: 0.7530 | val_acc: 0.7222 | epoch_time: 1.16s

Early stopping at epoch 6 | Best Validation Loss: 0.6045
              precision    recall  f1-score   support

         LIE       1.00      0.79      0.89       385
         SIT       0.53      0.10      0.17       398
       STAND       0.47      0.92      0.62       419
        WALK       0.99      0.98      0.98       533

    accuracy                           0.72      1735
   macro avg       0.75      0.70      0.67      1735
weighted avg       0.76      0.72      0.69      1735

------------------------------------------------------------------------------------------
Test Results:
 Accuracy: 0.799752781211372
 Report:
 {'LIE': {'precision': 0.8785529715762274, 'recall': 0.8353808353808354, 'f1-score': 0.8564231738035264, 'support': 407.0}, 'SIT': {'precision': 0.6919642857142857, 'recall': 0.7110091743119266, 'f1-score': 0.7013574660633484, 'support': 436.0}, 'STAND': {'precision': 0.7422360248447205, 'recall': 0.6789772727272727, 'f1-score': 0.7091988130563798, 'support': 352.0}, 'WALK': {'precision': 0.8785249457700651, 'recall': 0.9574468085106383, 'f1-score': 0.916289592760181, 'support': 423.0}, 'accuracy': 0.799752781211372, 'macro avg': {'precision': 0.7978195569763247, 'recall': 0.7957035227326682, 'f1-score': 0.7958172614208588, 'support': 1618.0}, 'weighted avg': {'precision': 0.7986097780031102, 'recall': 0.799752781211372, 'f1-score': 0.7982599300834718, 'support': 1618.0}}
 F1: 0.7958172614208588
 Confusion Matrix:
 [[340  14   9  44]
 [ 47 310  67  12]
 [  0 113 239   0]
 [  0  11   7 405]]
------------------------------------------------------------------------------------------
Training set class distribution:--
{'LIE': 801, 'SIT': 708, 'STAND': 812, 'WALK': 1016}
------------------------------------------------------------------------------------------
SSL encoder loaded

Epoch: 1/30 | tr_Loss: 0.6488 | tr_acc: 0.8175 | val_loss: 0.5795 | val_acc: 0.7527 | epoch_time: 1.28s

Epoch: 2/30 | tr_Loss: 0.2214 | tr_acc: 0.9434 | val_loss: 0.8192 | val_acc: 0.7550 | epoch_time: 1.18s

Epoch: 3/30 | tr_Loss: 0.1786 | tr_acc: 0.9518 | val_loss: 0.8895 | val_acc: 0.7556 | epoch_time: 1.15s

Epoch: 4/30 | tr_Loss: 0.1589 | tr_acc: 0.9553 | val_loss: 0.8893 | val_acc: 0.7568 | epoch_time: 1.16s

Epoch: 5/30 | tr_Loss: 0.1488 | tr_acc: 0.9571 | val_loss: 0.9765 | val_acc: 0.7568 | epoch_time: 1.16s

Epoch: 6/30 | tr_Loss: 0.1418 | tr_acc: 0.9595 | val_loss: 0.8748 | val_acc: 0.7591 | epoch_time: 1.15s

Early stopping at epoch 6 | Best Validation Loss: 0.5795
              precision    recall  f1-score   support

         LIE       1.00      0.94      0.97       385
         SIT       0.55      0.03      0.06       398
       STAND       0.50      0.99      0.66       419
        WALK       0.99      0.97      0.98       533

    accuracy                           0.75      1735
   macro avg       0.76      0.73      0.67      1735
weighted avg       0.77      0.75      0.69      1735

------------------------------------------------------------------------------------------
Test Results:
 Accuracy: 0.7991347342398022
 Report:
 {'LIE': {'precision': 0.8793503480278422, 'recall': 0.9312039312039312, 'f1-score': 0.9045346062052506, 'support': 407.0}, 'SIT': {'precision': 0.7, 'recall': 0.5779816513761468, 'f1-score': 0.6331658291457286, 'support': 436.0}, 'STAND': {'precision': 0.6196172248803827, 'recall': 0.7357954545454546, 'f1-score': 0.6727272727272727, 'support': 352.0}, 'WALK': {'precision': 0.9853300733496333, 'recall': 0.9527186761229315, 'f1-score': 0.96875, 'support': 423.0}, 'accuracy': 0.7991347342398022, 'macro avg': {'precision': 0.7960744115644646, 'recall': 0.799424928312116, 'f1-score': 0.794794427019563, 'support': 1618.0}, 'weighted avg': {'precision': 0.8022221729493952, 'recall': 0.7991347342398022, 'f1-score': 0.7977670804901574, 'support': 1618.0}}
 F1: 0.794794427019563
 Confusion Matrix:
 [[379   8  18   2]
 [ 52 252 128   4]
 [  0  93 259   0]
 [  0   7  13 403]]
------------------------------------------------------------------------------------------
Training set class distribution:--
{'LIE': 801, 'SIT': 708, 'STAND': 812, 'WALK': 1016}
------------------------------------------------------------------------------------------
SSL encoder loaded

Epoch: 1/30 | tr_Loss: 0.6347 | tr_acc: 0.8187 | val_loss: 0.4305 | val_acc: 0.8000 | epoch_time: 1.29s

Epoch: 2/30 | tr_Loss: 0.2242 | tr_acc: 0.9383 | val_loss: 0.4522 | val_acc: 0.7706 | epoch_time: 1.16s

Epoch: 3/30 | tr_Loss: 0.1836 | tr_acc: 0.9491 | val_loss: 0.4953 | val_acc: 0.7729 | epoch_time: 1.14s

Epoch: 4/30 | tr_Loss: 0.1631 | tr_acc: 0.9565 | val_loss: 0.5343 | val_acc: 0.7706 | epoch_time: 1.13s

Epoch: 5/30 | tr_Loss: 0.1468 | tr_acc: 0.9595 | val_loss: 0.5584 | val_acc: 0.7735 | epoch_time: 1.14s

Epoch: 6/30 | tr_Loss: 0.1381 | tr_acc: 0.9604 | val_loss: 0.5445 | val_acc: 0.7752 | epoch_time: 1.16s

Early stopping at epoch 6 | Best Validation Loss: 0.4305
              precision    recall  f1-score   support

         LIE       1.00      0.94      0.97       385
         SIT       0.90      0.24      0.37       398
       STAND       0.55      0.98      0.71       419
        WALK       0.99      0.98      0.99       533

    accuracy                           0.80      1735
   macro avg       0.86      0.78      0.76      1735
weighted avg       0.87      0.80      0.77      1735

------------------------------------------------------------------------------------------
Test Results:
 Accuracy: 0.7880098887515451
 Report:
 {'LIE': {'precision': 0.7949260042283298, 'recall': 0.9238329238329238, 'f1-score': 0.8545454545454545, 'support': 407.0}, 'SIT': {'precision': 0.6215596330275229, 'recall': 0.6215596330275229, 'f1-score': 0.6215596330275229, 'support': 436.0}, 'STAND': {'precision': 0.764505119453925, 'recall': 0.6363636363636364, 'f1-score': 0.6945736434108527, 'support': 352.0}, 'WALK': {'precision': 0.9711538461538461, 'recall': 0.9550827423167849, 'f1-score': 0.9630512514898689, 'support': 423.0}, 'accuracy': 0.7880098887515451, 'macro avg': {'precision': 0.788036150715906, 'recall': 0.784209733885217, 'f1-score': 0.7834324956184248, 'support': 1618.0}, 'weighted avg': {'precision': 0.7876630177328732, 'recall': 0.7880098887515451, 'f1-score': 0.7853279368731982, 'support': 1618.0}}
 F1: 0.7834324956184248
 Confusion Matrix:
 [[376  20   5   6]
 [ 97 271  62   6]
 [  0 128 224   0]
 [  0  17   2 404]]
Total wall time:6min 1s
