Job started on gpu032.orc.gmu.edu
CUDA_VISIBLE_DEVICES=0
Wed May 27 13:48:26 2026       
+-----------------------------------------------------------------------------------------+
| NVIDIA-SMI 590.48.01              Driver Version: 590.48.01      CUDA Version: 13.1     |
+-----------------------------------------+------------------------+----------------------+
| GPU  Name                 Persistence-M | Bus-Id          Disp.A | Volatile Uncorr. ECC |
| Fan  Temp   Perf          Pwr:Usage/Cap |           Memory-Usage | GPU-Util  Compute M. |
|                                         |                        |               MIG M. |
|=========================================+========================+======================|
|   0  NVIDIA H100 80GB HBM3          On  |   00000000:4E:00.0 Off |                    0 |
| N/A   21C    P0             68W /  700W |       0MiB /  81559MiB |      0%      Default |
|                                         |                        |             Disabled |
+-----------------------------------------+------------------------+----------------------+

+-----------------------------------------------------------------------------------------+
| Processes:                                                                              |
|  GPU   GI   CI              PID   Type   Process name                        GPU Memory |
|        ID   ID                                                               Usage      |
|=========================================================================================|
|  No running processes found                                                             |
+-----------------------------------------------------------------------------------------+
Mamba version: 2.3.0
Path: /home/kmercad/myenv/lib/python3.10/site-packages/mamba_ssm/modules/mamba2.py
------------------------------------------------------------------------------------------
Raw training set shape: (376092, 251)
Validation training set shape: (88848, 251)
Raw test set shape: (179695, 251)
------------------------------------------------------------------------------------------
Sensor subset training shape: (295149, 47)
Sensor Validation training shape: (67434, 47)
Sensor Test training shape: (134613, 47)
----------------------------------------------------------------------
Rows containing NaNs - training: 4953
Rows containing NaNs - validation: 0
Rows containing NaNs - test: 0
------------------------------------------------------------------------------------------
Training shape after NaN removal: (290196, 47)
Validation shape after NaN removal: (67434, 47)
Test shape after NaN removal: (134613, 47)
------------------------------------------------------------------------------------------
Reindexed training shape: (290196, 47)
Reindexed validation shape: (67434, 47)
Reindexed test shape: (134613, 47)


Descriptive statistics for ACC channels (DEVICE_1) - training set
                   0              1              2
count  290196.000000  290196.000000  290196.000000
mean     -823.016179    -119.869698     304.485627
std       270.438157     249.979563     314.402613
min     -1896.000000   -1271.000000   -1198.000000
25%      -974.000000    -228.000000     116.000000
50%      -923.000000    -122.000000     279.000000
75%      -795.000000     -14.000000     466.000000
max       614.000000    1815.000000    1417.000000

Descriptive statistics for GYRO channels (DEVICE_1) - training set
                   3              4              5
count  290196.000000  290196.000000  290196.000000
mean      -43.163207     -16.201064       8.669899
std       599.759777     322.772360     266.831851
min     -4502.000000   -3092.000000   -2293.000000
25%      -237.000000    -105.000000     -79.000000
50%       -18.000000      -7.000000       1.000000
75%       146.000000      75.000000      94.000000
max      4504.000000    3370.000000    2231.000000

Descriptive statistics for MAG channels (DEVICE_1) - training set
                   6              7              8
count  290196.000000  290196.000000  290196.000000
mean      388.133306      70.751351      45.451071
std       344.236008     327.662515     496.886415
min      -929.000000   -1038.000000   -1246.000000
25%       318.000000    -166.000000    -446.000000
50%       469.000000     101.000000     147.000000
75%       560.000000     268.000000     500.000000
max      1531.000000    1047.000000    1225.000000
------------------------------------------------------------------------------------------


Descriptive statistics for ACC channels (DEVICE_1) - training set
                   0             1              2
count  290196.000000  290196.00000  290196.000000
mean       -0.823016      -0.11987       0.304486
std         0.270438       0.24998       0.314403
min        -1.896000      -1.27100      -1.198000
25%        -0.974000      -0.22800       0.116000
50%        -0.923000      -0.12200       0.279000
75%        -0.795000      -0.01400       0.466000
max         0.614000       1.81500       1.417000

Descriptive statistics for scaled GYRO channels (DEVICE_1) - training set
                   3              4              5
count  290196.000000  290196.000000  290196.000000
mean       -0.043163      -0.016201       0.008670
std         0.599760       0.322772       0.266832
min        -4.502000      -3.092000      -2.293000
25%        -0.237000      -0.105000      -0.079000
50%        -0.018000      -0.007000       0.001000
75%         0.146000       0.075000       0.094000
max         4.504000       3.370000       2.231000

Descriptive statistics for normalized MAG channels (DEVICE_1) - training set
                   6              7              8
count  290196.000000  290196.000000  290196.000000
mean        0.512513       0.078772       0.061891
std         0.401707       0.415946       0.626831
min        -0.941527      -0.991281      -0.999993
25%         0.425456      -0.224111      -0.565882
50%         0.639552       0.129886       0.198900
75%         0.765385       0.330236       0.654344
max         0.999999       0.990997       0.999770
--------------------STRATIY VAL/TEST--------------------
Validation GROUPS
group_id
S1-ADL4    24851
S2-ADL5    22969
S3-ADL5    20648
S4-ADL5    23817
Name: count, dtype: int64
Test GROUPS
group_id
S1-ADL1    37507
S1-ADL2    24510
S1-ADL3    25305
S1-ADL5    22440
Name: count, dtype: int64 


 Validation Split Label Proportion
45
1    0.435575
2    0.285561
4    0.229149
5    0.049716
Name: proportion, dtype: float64
Test Split Label Proportion
45
1    0.476476
2    0.221643
4    0.256008
5    0.045872
Name: proportion, dtype: float64

------------------------------ TRAIN ACC/GYRO after StandardScaler ------------------------------
global mean: -0.000000
global std : 1.000000
max |channel mean| : 0.000000
median |channel mean| : 0.000000
channel std range : [1.000000, 1.000000]

------------------------------ VAL ACC/GYRO after StandardScaler ------------------------------
global mean: -0.004966
global std : 1.020127
max |channel mean| : 0.261901
median |channel mean| : 0.021645
channel std range : [0.918437, 1.136469]

------------------------------ TEST ACC/GYRO after StandardScaler ------------------------------
global mean: 0.015366
global std : 0.964757
max |channel mean| : 0.900994
median |channel mean| : 0.025740
channel std range : [0.678974, 1.129884]
------------------------------------------------------------------------------------------
Training features: (290196, 46) | Training labels: (290196,)
Validation features: (92285, 46) | Validation labels: (92285,)
Test features: (109762, 46), Test labels: (109762,)

------------------------------ TRAIN MAG after window demeaning ------------------------------
max |window mean|  : 2.072917e-07
mean |window mean| : 2.316569e-08
channel global mean range : [-4.493903e-10, 3.340211e-10]
channel std range         : [0.131286, 0.230231]

------------------------------ VAL MAG after window demeaning ------------------------------
max |window mean|  : 2.112654e-07
mean |window mean| : 2.296102e-08
channel global mean range : [-1.295171e-09, 1.012635e-09]
channel std range         : [0.135073, 0.241445]

------------------------------ TEST MAG after window demeaning ------------------------------
max |window mean|  : 1.947085e-07
mean |window mean| : 2.323360e-08
channel global mean range : [-5.950485e-10, 4.664948e-10]
channel std range         : [0.109610, 0.227086]

TRAIN window label distribution
label 1: 4195 (0.4350)
label 2: 2640 (0.2737)
label 4: 2295 (0.2380)
label 5: 514 (0.0533)

VAL window label distribution
label 1: 1304 (0.4253)
label 2: 906 (0.2955)
label 4: 704 (0.2296)
label 5: 152 (0.0496)

TEST window label distribution
label 1: 1744 (0.4778)
label 2: 797 (0.2184)
label 4: 940 (0.2575)
label 5: 169 (0.0463)
------------------------------------------------------------------------------------------
Training (windows): (9644, 90, 45). Training Labels: (9644,)
Validation (windows): (3066, 90, 45). Validation Labels: (3066,)
Test (windows): (3650, 90, 45). Test Labels: (3650,)
------------------------------------------------------------------------------------------
Training set class distribution:
{'STAND': 4195, 'WALK': 2640, 'SIT': 2295, 'LIE': 514}
------------------------------------------------------------------------------------------

Epoch: 1/30 | tr_Loss: 0.3197 | tr_acc: 0.8302 | val_loss: 0.2476 | val_acc: 0.8659 | epoch_time: 37.61s
--- CUDA PROFILE --- (epoch 1, batch 2)
-------------------------------------------------------  ------------  ------------  ------------  ------------  ------------  ------------  ------------  ------------  ------------  ------------  ------------  ------------  ------------  ------------  
                                                   Name    Self CPU %      Self CPU   CPU total %     CPU total  CPU time avg     Self CUDA   Self CUDA %    CUDA total  CUDA time avg       CPU Mem  Self CPU Mem      CUDA Mem  Self CUDA Mem    # of Calls  
-------------------------------------------------------  ------------  ------------  ------------  ------------  ------------  ------------  ------------  ------------  ------------  ------------  ------------  ------------  ------------  ------------  
                 MambaSplitConv1dScanCombinedFnBackward        15.47%      15.693ms        24.82%      25.178ms       3.147ms      47.143ms        47.81%      54.719ms       6.840ms           0 b           0 b       1.20 Gb      -6.90 Gb             8  
                                               aten::mm         1.89%       1.921ms         2.79%       2.832ms      30.123us      29.213ms        29.63%      29.213ms     310.782us           0 b           0 b       2.84 Gb       2.84 Gb            94  
                         MambaSplitConv1dScanCombinedFn         5.70%       5.787ms         8.57%       8.698ms       1.087ms      12.047ms        12.22%      15.249ms       1.906ms           0 b           0 b     405.35 Mb      -2.44 Gb             8  
sm80_xmma_gemm_f32f32_f32f32_f32_tn_n_tilesize128x12...         0.00%       0.000us         0.00%       0.000us       0.000us       9.917ms        10.06%       9.917ms     413.226us           0 b           0 b           0 b           0 b            24  
                  _chunk_scan_chunk_state_bwd_dx_kernel         0.00%       0.000us         0.00%       0.000us       0.000us       9.656ms         9.79%       9.656ms       1.207ms           0 b           0 b           0 b           0 b             8  
                    _chunk_scan_bwd_ddAcs_stable_kernel         0.00%       0.000us         0.00%       0.000us       0.000us       8.945ms         9.07%       8.945ms       1.118ms           0 b           0 b           0 b           0 b             8  
                                 _chunk_scan_fwd_kernel         0.00%       0.000us         0.00%       0.000us       0.000us       8.073ms         8.19%       8.073ms       1.009ms           0 b           0 b           0 b           0 b             8  
                             _chunk_state_bwd_db_kernel         0.00%       0.000us         0.00%       0.000us       0.000us       7.531ms         7.64%       7.531ms     941.401us           0 b           0 b           0 b           0 b             8  
                              _chunk_scan_bwd_dc_kernel         0.00%       0.000us         0.00%       0.000us       0.000us       6.871ms         6.97%       6.871ms     858.850us           0 b           0 b           0 b           0 b             8  
void cutlass::Kernel<cutlass_80_simt_sgemm_128x256_8...         0.00%       0.000us         0.00%       0.000us       0.000us       6.239ms         6.33%       6.239ms     389.933us           0 b           0 b           0 b           0 b            16  
-------------------------------------------------------  ------------  ------------  ------------  ------------  ------------  ------------  ------------  ------------  ------------  ------------  ------------  ------------  ------------  ------------  
Self CPU time total: 101.460ms
Self CUDA time total: 98.603ms


Epoch: 2/30 | tr_Loss: 0.2138 | tr_acc: 0.8887 | val_loss: 0.2098 | val_acc: 0.9044 | epoch_time: 8.15s

Epoch: 3/30 | tr_Loss: 0.1797 | tr_acc: 0.9068 | val_loss: 0.1928 | val_acc: 0.9051 | epoch_time: 8.15s

Epoch: 4/30 | tr_Loss: 0.1549 | tr_acc: 0.9179 | val_loss: 0.1866 | val_acc: 0.9116 | epoch_time: 8.17s

Epoch: 5/30 | tr_Loss: 0.1445 | tr_acc: 0.9260 | val_loss: 0.1665 | val_acc: 0.9217 | epoch_time: 8.15s

Epoch: 6/30 | tr_Loss: 0.1384 | tr_acc: 0.9269 | val_loss: 0.2398 | val_acc: 0.8933 | epoch_time: 8.15s

Epoch: 7/30 | tr_Loss: 0.1317 | tr_acc: 0.9327 | val_loss: 0.2389 | val_acc: 0.8881 | epoch_time: 8.15s

Epoch: 8/30 | tr_Loss: 0.1206 | tr_acc: 0.9365 | val_loss: 0.2563 | val_acc: 0.9041 | epoch_time: 8.15s

Epoch: 9/30 | tr_Loss: 0.1318 | tr_acc: 0.9346 | val_loss: 0.2009 | val_acc: 0.9116 | epoch_time: 8.15s

Epoch: 10/30 | tr_Loss: 0.1004 | tr_acc: 0.9448 | val_loss: 0.2396 | val_acc: 0.9002 | epoch_time: 8.16s

Early stopping at epoch 10 | Best Validation Loss: 0.1665
              precision    recall  f1-score   support

       STAND       0.94      0.88      0.91      1304
        WALK       0.87      0.92      0.90       906
         SIT       0.96      0.98      0.97       704
         LIE       0.95      1.00      0.97       152

    accuracy                           0.92      3066
   macro avg       0.93      0.95      0.94      3066
weighted avg       0.92      0.92      0.92      3066

Peak GPU memory allocatated: 3.79GB

------------------------------------------------------------------------------------------
Test Results:
 Accuracy: 0.916986301369863
 Report:
 {'STAND': {'precision': 0.957124842370744, 'recall': 0.8704128440366973, 'f1-score': 0.9117117117117117, 'support': 1744.0}, 'WALK': {'precision': 0.8232044198895028, 'recall': 0.9347553324968633, 'f1-score': 0.8754406580493537, 'support': 797.0}, 'SIT': {'precision': 0.9261133603238867, 'recall': 0.973404255319149, 'f1-score': 0.9491701244813278, 'support': 940.0}, 'LIE': {'precision': 0.9883040935672515, 'recall': 1.0, 'f1-score': 0.9941176470588236, 'support': 169.0}, 'accuracy': 0.916986301369863, 'macro avg': {'precision': 0.9236866790378463, 'recall': 0.9446431079631774, 'f1-score': 0.9326100353253042, 'support': 3650.0}, 'weighted avg': {'precision': 0.9213396159626932, 'recall': 0.916986301369863, 'f1-score': 0.9172540353577944, 'support': 3650.0}}
 F1: 0.9326100353253042
 Confusion Matrix:
 [[1518  155   71    0]
 [  48  745    2    2]
 [  20    5  915    0]
 [   0    0    0  169]]
------------------------------------------------------------------------------------------
Training set class distribution:
{'STAND': 4195, 'WALK': 2640, 'SIT': 2295, 'LIE': 514}
------------------------------------------------------------------------------------------

Epoch: 1/30 | tr_Loss: 0.3582 | tr_acc: 0.8129 | val_loss: 0.2441 | val_acc: 0.8764 | epoch_time: 8.88s
--- CUDA PROFILE --- (epoch 1, batch 2)
-------------------------------------------------------  ------------  ------------  ------------  ------------  ------------  ------------  ------------  ------------  ------------  ------------  ------------  ------------  ------------  ------------  
                                                   Name    Self CPU %      Self CPU   CPU total %     CPU total  CPU time avg     Self CUDA   Self CUDA %    CUDA total  CUDA time avg       CPU Mem  Self CPU Mem      CUDA Mem  Self CUDA Mem    # of Calls  
-------------------------------------------------------  ------------  ------------  ------------  ------------  ------------  ------------  ------------  ------------  ------------  ------------  ------------  ------------  ------------  ------------  
                 MambaSplitConv1dScanCombinedFnBackward        15.24%      14.534ms        24.67%      23.530ms       2.941ms      46.564ms        47.86%      54.047ms       6.756ms           0 b           0 b       1.20 Gb      -6.91 Gb             8  
                                               aten::mm         1.92%       1.835ms         2.86%       2.725ms      28.989us      28.681ms        29.48%      28.681ms     305.113us           0 b           0 b       2.84 Gb       2.84 Gb            94  
                         MambaSplitConv1dScanCombinedFn         5.99%       5.709ms         8.87%       8.459ms       1.057ms      11.896ms        12.23%      15.065ms       1.883ms           0 b           0 b     405.35 Mb      -2.45 Gb             8  
sm80_xmma_gemm_f32f32_f32f32_f32_tn_n_tilesize128x12...         0.00%       0.000us         0.00%       0.000us       0.000us       9.776ms        10.05%       9.776ms     407.335us           0 b           0 b           0 b           0 b            24  
                  _chunk_scan_chunk_state_bwd_dx_kernel         0.00%       0.000us         0.00%       0.000us       0.000us       9.525ms         9.79%       9.525ms       1.191ms           0 b           0 b           0 b           0 b             8  
                    _chunk_scan_bwd_ddAcs_stable_kernel         0.00%       0.000us         0.00%       0.000us       0.000us       8.845ms         9.09%       8.845ms       1.106ms           0 b           0 b           0 b           0 b             8  
                                 _chunk_scan_fwd_kernel         0.00%       0.000us         0.00%       0.000us       0.000us       7.951ms         8.17%       7.951ms     993.884us           0 b           0 b           0 b           0 b             8  
                             _chunk_state_bwd_db_kernel         0.00%       0.000us         0.00%       0.000us       0.000us       7.434ms         7.64%       7.434ms     929.224us           0 b           0 b           0 b           0 b             8  
                              _chunk_scan_bwd_dc_kernel         0.00%       0.000us         0.00%       0.000us       0.000us       6.782ms         6.97%       6.782ms     847.752us           0 b           0 b           0 b           0 b             8  
void cutlass::Kernel<cutlass_80_simt_sgemm_128x256_8...         0.00%       0.000us         0.00%       0.000us       0.000us       6.105ms         6.28%       6.105ms     381.538us           0 b           0 b           0 b           0 b            16  
-------------------------------------------------------  ------------  ------------  ------------  ------------  ------------  ------------  ------------  ------------  ------------  ------------  ------------  ------------  ------------  ------------  
Self CPU time total: 95.374ms
Self CUDA time total: 97.283ms


Epoch: 2/30 | tr_Loss: 0.2222 | tr_acc: 0.8808 | val_loss: 0.4098 | val_acc: 0.8767 | epoch_time: 8.15s

Epoch: 3/30 | tr_Loss: 0.1954 | tr_acc: 0.9015 | val_loss: 0.1975 | val_acc: 0.9008 | epoch_time: 8.15s

Epoch: 4/30 | tr_Loss: 0.1623 | tr_acc: 0.9162 | val_loss: 0.3288 | val_acc: 0.8878 | epoch_time: 8.17s

Epoch: 5/30 | tr_Loss: 0.1419 | tr_acc: 0.9271 | val_loss: 0.2469 | val_acc: 0.9044 | epoch_time: 8.15s

Epoch: 6/30 | tr_Loss: 0.1318 | tr_acc: 0.9314 | val_loss: 0.1981 | val_acc: 0.9126 | epoch_time: 8.17s

Epoch: 7/30 | tr_Loss: 0.1237 | tr_acc: 0.9348 | val_loss: 0.1771 | val_acc: 0.9191 | epoch_time: 8.15s

Epoch: 8/30 | tr_Loss: 0.1245 | tr_acc: 0.9397 | val_loss: 0.1647 | val_acc: 0.9250 | epoch_time: 8.16s

Epoch: 9/30 | tr_Loss: 0.1020 | tr_acc: 0.9463 | val_loss: 0.1770 | val_acc: 0.9279 | epoch_time: 8.16s

Epoch: 10/30 | tr_Loss: 0.1008 | tr_acc: 0.9475 | val_loss: 0.2598 | val_acc: 0.8989 | epoch_time: 8.14s

Epoch: 11/30 | tr_Loss: 0.0966 | tr_acc: 0.9503 | val_loss: 0.2846 | val_acc: 0.8973 | epoch_time: 8.15s

Epoch: 12/30 | tr_Loss: 0.0875 | tr_acc: 0.9559 | val_loss: 0.2571 | val_acc: 0.9057 | epoch_time: 8.13s

Epoch: 13/30 | tr_Loss: 0.0855 | tr_acc: 0.9562 | val_loss: 0.2413 | val_acc: 0.9035 | epoch_time: 8.14s

Early stopping at epoch 13 | Best Validation Loss: 0.1647
              precision    recall  f1-score   support

       STAND       0.92      0.91      0.92      1304
        WALK       0.89      0.90      0.89       906
         SIT       0.97      0.97      0.97       704
         LIE       0.96      1.00      0.98       152

    accuracy                           0.92      3066
   macro avg       0.94      0.94      0.94      3066
weighted avg       0.93      0.92      0.92      3066

Peak GPU memory allocatated: 3.72GB

------------------------------------------------------------------------------------------
Test Results:
 Accuracy: 0.9161643835616439
 Report:
 {'STAND': {'precision': 0.9262971698113207, 'recall': 0.900802752293578, 'f1-score': 0.9133720930232558, 'support': 1744.0}, 'WALK': {'precision': 0.8452520515826495, 'recall': 0.904642409033877, 'f1-score': 0.8739393939393939, 'support': 797.0}, 'SIT': {'precision': 0.9525350593311759, 'recall': 0.9393617021276596, 'f1-score': 0.9459025174076058, 'support': 940.0}, 'LIE': {'precision': 0.9712643678160919, 'recall': 1.0, 'f1-score': 0.9854227405247813, 'support': 169.0}, 'accuracy': 0.9161643835616439, 'macro avg': {'precision': 0.9238371621353094, 'recall': 0.9362017158637786, 'f1-score': 0.9296591862237592, 'support': 3650.0}, 'weighted avg': {'precision': 0.917439666628641, 'recall': 0.9161643835616439, 'f1-score': 0.9164754621134501, 'support': 3650.0}}
 F1: 0.9296591862237592
 Confusion Matrix:
 [[1571  128   44    1]
 [  72  721    0    4]
 [  53    4  883    0]
 [   0    0    0  169]]
------------------------------------------------------------------------------------------
Training set class distribution:
{'STAND': 4195, 'WALK': 2640, 'SIT': 2295, 'LIE': 514}
------------------------------------------------------------------------------------------

Epoch: 1/30 | tr_Loss: 0.3129 | tr_acc: 0.8363 | val_loss: 0.2144 | val_acc: 0.8973 | epoch_time: 8.91s
--- CUDA PROFILE --- (epoch 1, batch 2)
-------------------------------------------------------  ------------  ------------  ------------  ------------  ------------  ------------  ------------  ------------  ------------  ------------  ------------  ------------  ------------  ------------  
                                                   Name    Self CPU %      Self CPU   CPU total %     CPU total  CPU time avg     Self CUDA   Self CUDA %    CUDA total  CUDA time avg       CPU Mem  Self CPU Mem      CUDA Mem  Self CUDA Mem    # of Calls  
-------------------------------------------------------  ------------  ------------  ------------  ------------  ------------  ------------  ------------  ------------  ------------  ------------  ------------  ------------  ------------  ------------  
                 MambaSplitConv1dScanCombinedFnBackward        15.16%      14.478ms        24.76%      23.648ms       2.956ms      46.600ms        47.88%      54.104ms       6.763ms           0 b           0 b       1.20 Gb      -6.90 Gb             8  
                                               aten::mm         1.96%       1.870ms         2.88%       2.750ms      29.251us      28.696ms        29.48%      28.696ms     305.277us           0 b           0 b       2.84 Gb       2.84 Gb            94  
                         MambaSplitConv1dScanCombinedFn         6.46%       6.171ms         9.40%       8.981ms       1.123ms      11.871ms        12.20%      15.035ms       1.879ms           0 b           0 b     405.35 Mb      -2.44 Gb             8  
sm80_xmma_gemm_f32f32_f32f32_f32_tn_n_tilesize128x12...         0.00%       0.000us         0.00%       0.000us       0.000us       9.745ms        10.01%       9.745ms     406.047us           0 b           0 b           0 b           0 b            24  
                  _chunk_scan_chunk_state_bwd_dx_kernel         0.00%       0.000us         0.00%       0.000us       0.000us       9.529ms         9.79%       9.529ms       1.191ms           0 b           0 b           0 b           0 b             8  
                    _chunk_scan_bwd_ddAcs_stable_kernel         0.00%       0.000us         0.00%       0.000us       0.000us       8.854ms         9.10%       8.854ms       1.107ms           0 b           0 b           0 b           0 b             8  
                                 _chunk_scan_fwd_kernel         0.00%       0.000us         0.00%       0.000us       0.000us       7.933ms         8.15%       7.933ms     991.565us           0 b           0 b           0 b           0 b             8  
                             _chunk_state_bwd_db_kernel         0.00%       0.000us         0.00%       0.000us       0.000us       7.444ms         7.65%       7.444ms     930.493us           0 b           0 b           0 b           0 b             8  
                              _chunk_scan_bwd_dc_kernel         0.00%       0.000us         0.00%       0.000us       0.000us       6.792ms         6.98%       6.792ms     849.009us           0 b           0 b           0 b           0 b             8  
void cutlass::Kernel<cutlass_80_simt_sgemm_128x256_8...         0.00%       0.000us         0.00%       0.000us       0.000us       6.124ms         6.29%       6.124ms     382.750us           0 b           0 b           0 b           0 b            16  
-------------------------------------------------------  ------------  ------------  ------------  ------------  ------------  ------------  ------------  ------------  ------------  ------------  ------------  ------------  ------------  ------------  
Self CPU time total: 95.520ms
Self CUDA time total: 97.325ms


Epoch: 2/30 | tr_Loss: 0.1992 | tr_acc: 0.8949 | val_loss: 0.2033 | val_acc: 0.9002 | epoch_time: 8.15s

Epoch: 3/30 | tr_Loss: 0.1849 | tr_acc: 0.9074 | val_loss: 0.2276 | val_acc: 0.9041 | epoch_time: 8.15s

Epoch: 4/30 | tr_Loss: 0.1630 | tr_acc: 0.9132 | val_loss: 0.1610 | val_acc: 0.9224 | epoch_time: 8.14s

Epoch: 5/30 | tr_Loss: 0.1506 | tr_acc: 0.9232 | val_loss: 0.2061 | val_acc: 0.9116 | epoch_time: 8.14s

Epoch: 6/30 | tr_Loss: 0.1348 | tr_acc: 0.9289 | val_loss: 0.2002 | val_acc: 0.9139 | epoch_time: 8.15s

Epoch: 7/30 | tr_Loss: 0.1292 | tr_acc: 0.9346 | val_loss: 0.2058 | val_acc: 0.9181 | epoch_time: 8.14s

Epoch: 8/30 | tr_Loss: 0.1232 | tr_acc: 0.9376 | val_loss: 0.1696 | val_acc: 0.9214 | epoch_time: 8.15s

Epoch: 9/30 | tr_Loss: 0.1108 | tr_acc: 0.9416 | val_loss: 0.2078 | val_acc: 0.9139 | epoch_time: 8.13s

Early stopping at epoch 9 | Best Validation Loss: 0.1610
              precision    recall  f1-score   support

       STAND       0.91      0.91      0.91      1304
        WALK       0.88      0.90      0.89       906
         SIT       0.98      0.97      0.97       704
         LIE       0.99      0.99      0.99       152

    accuracy                           0.92      3066
   macro avg       0.94      0.94      0.94      3066
weighted avg       0.92      0.92      0.92      3066

Peak GPU memory allocatated: 3.72GB

------------------------------------------------------------------------------------------
Test Results:
 Accuracy: 0.9301369863013699
 Report:
 {'STAND': {'precision': 0.9410377358490566, 'recall': 0.9151376146788991, 'f1-score': 0.9279069767441861, 'support': 1744.0}, 'WALK': {'precision': 0.8455284552845529, 'recall': 0.9134253450439147, 'f1-score': 0.8781664656212304, 'support': 797.0}, 'SIT': {'precision': 0.9783549783549783, 'recall': 0.9617021276595744, 'f1-score': 0.9699570815450643, 'support': 940.0}, 'LIE': {'precision': 0.9881656804733728, 'recall': 0.9881656804733728, 'f1-score': 0.9881656804733728, 'support': 169.0}, 'accuracy': 0.9301369863013699, 'macro avg': {'precision': 0.9382717124904901, 'recall': 0.9446076919639402, 'f1-score': 0.9410490510959634, 'support': 3650.0}, 'weighted avg': {'precision': 0.931975252009924, 'recall': 0.9301369863013699, 'f1-score': 0.9306652321080389, 'support': 3650.0}}
 F1: 0.9410490510959634
 Confusion Matrix:
 [[1596  129   19    0]
 [  66  728    1    2]
 [  33    3  904    0]
 [   1    1    0  167]]
------------------------------------------------------------------------------------------
Training set class distribution:
{'STAND': 4195, 'WALK': 2640, 'SIT': 2295, 'LIE': 514}
------------------------------------------------------------------------------------------

Epoch: 1/30 | tr_Loss: 0.2964 | tr_acc: 0.8438 | val_loss: 0.2165 | val_acc: 0.8917 | epoch_time: 8.89s
--- CUDA PROFILE --- (epoch 1, batch 2)
-------------------------------------------------------  ------------  ------------  ------------  ------------  ------------  ------------  ------------  ------------  ------------  ------------  ------------  ------------  ------------  ------------  
                                                   Name    Self CPU %      Self CPU   CPU total %     CPU total  CPU time avg     Self CUDA   Self CUDA %    CUDA total  CUDA time avg       CPU Mem  Self CPU Mem      CUDA Mem  Self CUDA Mem    # of Calls  
-------------------------------------------------------  ------------  ------------  ------------  ------------  ------------  ------------  ------------  ------------  ------------  ------------  ------------  ------------  ------------  ------------  
                 MambaSplitConv1dScanCombinedFnBackward        15.04%      14.664ms        24.42%      23.819ms       2.977ms      46.599ms        47.83%      54.110ms       6.764ms           0 b           0 b       1.20 Gb      -6.91 Gb             8  
                                               aten::mm         1.94%       1.890ms         2.85%       2.779ms      29.566us      28.778ms        29.54%      28.778ms     306.154us           0 b           0 b       2.84 Gb       2.84 Gb            94  
                         MambaSplitConv1dScanCombinedFn         6.13%       5.983ms         9.18%       8.949ms       1.119ms      11.895ms        12.21%      15.076ms       1.884ms           0 b           0 b     405.35 Mb      -2.44 Gb             8  
sm80_xmma_gemm_f32f32_f32f32_f32_tn_n_tilesize128x12...         0.00%       0.000us         0.00%       0.000us       0.000us       9.829ms        10.09%       9.829ms     409.562us           0 b           0 b           0 b           0 b            24  
                  _chunk_scan_chunk_state_bwd_dx_kernel         0.00%       0.000us         0.00%       0.000us       0.000us       9.527ms         9.78%       9.527ms       1.191ms           0 b           0 b           0 b           0 b             8  
                    _chunk_scan_bwd_ddAcs_stable_kernel         0.00%       0.000us         0.00%       0.000us       0.000us       8.847ms         9.08%       8.847ms       1.106ms           0 b           0 b           0 b           0 b             8  
                                 _chunk_scan_fwd_kernel         0.00%       0.000us         0.00%       0.000us       0.000us       7.950ms         8.16%       7.950ms     993.773us           0 b           0 b           0 b           0 b             8  
                             _chunk_state_bwd_db_kernel         0.00%       0.000us         0.00%       0.000us       0.000us       7.444ms         7.64%       7.444ms     930.517us           0 b           0 b           0 b           0 b             8  
                              _chunk_scan_bwd_dc_kernel         0.00%       0.000us         0.00%       0.000us       0.000us       6.803ms         6.98%       6.803ms     850.341us           0 b           0 b           0 b           0 b             8  
void cutlass::Kernel<cutlass_80_simt_sgemm_128x256_8...         0.00%       0.000us         0.00%       0.000us       0.000us       6.113ms         6.28%       6.113ms     382.088us           0 b           0 b           0 b           0 b            16  
-------------------------------------------------------  ------------  ------------  ------------  ------------  ------------  ------------  ------------  ------------  ------------  ------------  ------------  ------------  ------------  ------------  
Self CPU time total: 97.533ms
Self CUDA time total: 97.422ms


Epoch: 2/30 | tr_Loss: 0.1975 | tr_acc: 0.8948 | val_loss: 0.2606 | val_acc: 0.8937 | epoch_time: 8.15s

Epoch: 3/30 | tr_Loss: 0.1759 | tr_acc: 0.9050 | val_loss: 0.2361 | val_acc: 0.8966 | epoch_time: 8.14s

Epoch: 4/30 | tr_Loss: 0.1788 | tr_acc: 0.9163 | val_loss: 0.1800 | val_acc: 0.9025 | epoch_time: 8.17s

Epoch: 5/30 | tr_Loss: 0.1552 | tr_acc: 0.9135 | val_loss: 0.1834 | val_acc: 0.9110 | epoch_time: 8.14s

Epoch: 6/30 | tr_Loss: 0.1458 | tr_acc: 0.9223 | val_loss: 0.1651 | val_acc: 0.9110 | epoch_time: 8.14s

Epoch: 7/30 | tr_Loss: 0.1419 | tr_acc: 0.9271 | val_loss: 0.1816 | val_acc: 0.9188 | epoch_time: 8.14s

Epoch: 8/30 | tr_Loss: 0.1337 | tr_acc: 0.9307 | val_loss: 0.2439 | val_acc: 0.8901 | epoch_time: 8.16s

Epoch: 9/30 | tr_Loss: 0.1394 | tr_acc: 0.9299 | val_loss: 0.1934 | val_acc: 0.9015 | epoch_time: 8.14s

Epoch: 10/30 | tr_Loss: 0.1183 | tr_acc: 0.9363 | val_loss: 0.2656 | val_acc: 0.9005 | epoch_time: 8.14s

Epoch: 11/30 | tr_Loss: 0.1197 | tr_acc: 0.9383 | val_loss: 0.1854 | val_acc: 0.9132 | epoch_time: 8.15s

Early stopping at epoch 11 | Best Validation Loss: 0.1651
              precision    recall  f1-score   support

       STAND       0.95      0.85      0.89      1304
        WALK       0.82      0.93      0.87       906
         SIT       0.97      0.99      0.98       704
         LIE       0.96      0.98      0.97       152

    accuracy                           0.91      3066
   macro avg       0.93      0.94      0.93      3066
weighted avg       0.92      0.91      0.91      3066

Peak GPU memory allocatated: 3.72GB

------------------------------------------------------------------------------------------
Test Results:
 Accuracy: 0.9095890410958904
 Report:
 {'STAND': {'precision': 0.9685658153241651, 'recall': 0.8480504587155964, 'f1-score': 0.9043106083766432, 'support': 1744.0}, 'WALK': {'precision': 0.7606060606060606, 'recall': 0.944792973651192, 'f1-score': 0.842753217683268, 'support': 797.0}, 'SIT': {'precision': 0.9633123689727463, 'recall': 0.9776595744680852, 'f1-score': 0.9704329461457233, 'support': 940.0}, 'LIE': {'precision': 0.9441340782122905, 'recall': 1.0, 'f1-score': 0.9712643678160919, 'support': 169.0}, 'accuracy': 0.9095890410958904, 'macro avg': {'precision': 0.9091545807788156, 'recall': 0.9426257517087184, 'f1-score': 0.9221902850054317, 'support': 3650.0}, 'weighted avg': {'precision': 0.9206723556933241, 'recall': 0.9095890410958904, 'f1-score': 0.910997989874063, 'support': 3650.0}}
 F1: 0.9221902850054317
 Confusion Matrix:
 [[1479  231   34    0]
 [  33  753    1   10]
 [  15    6  919    0]
 [   0    0    0  169]]
------------------------------------------------------------------------------------------
Training set class distribution:
{'STAND': 4195, 'WALK': 2640, 'SIT': 2295, 'LIE': 514}
------------------------------------------------------------------------------------------

Epoch: 1/30 | tr_Loss: 0.3415 | tr_acc: 0.8222 | val_loss: 0.3575 | val_acc: 0.8532 | epoch_time: 8.74s
--- CUDA PROFILE --- (epoch 1, batch 2)
-------------------------------------------------------  ------------  ------------  ------------  ------------  ------------  ------------  ------------  ------------  ------------  ------------  ------------  ------------  ------------  ------------  
                                                   Name    Self CPU %      Self CPU   CPU total %     CPU total  CPU time avg     Self CUDA   Self CUDA %    CUDA total  CUDA time avg       CPU Mem  Self CPU Mem      CUDA Mem  Self CUDA Mem    # of Calls  
-------------------------------------------------------  ------------  ------------  ------------  ------------  ------------  ------------  ------------  ------------  ------------  ------------  ------------  ------------  ------------  ------------  
                 MambaSplitConv1dScanCombinedFnBackward        14.82%      14.625ms        24.08%      23.760ms       2.970ms      46.979ms        47.81%      54.602ms       6.825ms           0 b           0 b       1.20 Gb      -6.90 Gb             8  
                                               aten::mm         1.88%       1.859ms         2.76%       2.723ms      28.969us      29.163ms        29.68%      29.163ms     310.241us           0 b           0 b       2.84 Gb       2.84 Gb            94  
                         MambaSplitConv1dScanCombinedFn         5.73%       5.655ms         8.64%       8.528ms       1.066ms      11.873ms        12.08%      15.061ms       1.883ms           0 b           0 b     405.35 Mb      -2.44 Gb             8  
sm80_xmma_gemm_f32f32_f32f32_f32_tn_n_tilesize128x12...         0.00%       0.000us         0.00%       0.000us       0.000us       9.849ms        10.02%       9.849ms     410.381us           0 b           0 b           0 b           0 b            24  
                  _chunk_scan_chunk_state_bwd_dx_kernel         0.00%       0.000us         0.00%       0.000us       0.000us       9.610ms         9.78%       9.610ms       1.201ms           0 b           0 b           0 b           0 b             8  
                    _chunk_scan_bwd_ddAcs_stable_kernel         0.00%       0.000us         0.00%       0.000us       0.000us       8.920ms         9.08%       8.920ms       1.115ms           0 b           0 b           0 b           0 b             8  
                                 _chunk_scan_fwd_kernel         0.00%       0.000us         0.00%       0.000us       0.000us       7.940ms         8.08%       7.940ms     992.438us           0 b           0 b           0 b           0 b             8  
                             _chunk_state_bwd_db_kernel         0.00%       0.000us         0.00%       0.000us       0.000us       7.502ms         7.64%       7.502ms     937.809us           0 b           0 b           0 b           0 b             8  
                              _chunk_scan_bwd_dc_kernel         0.00%       0.000us         0.00%       0.000us       0.000us       6.855ms         6.98%       6.855ms     856.929us           0 b           0 b           0 b           0 b             8  
void cutlass::Kernel<cutlass_80_simt_sgemm_128x256_8...         0.00%       0.000us         0.00%       0.000us       0.000us       6.257ms         6.37%       6.257ms     391.087us           0 b           0 b           0 b           0 b            16  
-------------------------------------------------------  ------------  ------------  ------------  ------------  ------------  ------------  ------------  ------------  ------------  ------------  ------------  ------------  ------------  ------------  
Self CPU time total: 98.675ms
Self CUDA time total: 98.255ms


Epoch: 2/30 | tr_Loss: 0.1958 | tr_acc: 0.8925 | val_loss: 0.2692 | val_acc: 0.8686 | epoch_time: 8.14s

Epoch: 3/30 | tr_Loss: 0.1649 | tr_acc: 0.9098 | val_loss: 0.1916 | val_acc: 0.8986 | epoch_time: 8.14s

Epoch: 4/30 | tr_Loss: 0.1608 | tr_acc: 0.9260 | val_loss: 0.1827 | val_acc: 0.9087 | epoch_time: 8.14s

Epoch: 5/30 | tr_Loss: 0.1399 | tr_acc: 0.9246 | val_loss: 0.1797 | val_acc: 0.9074 | epoch_time: 8.15s

Epoch: 6/30 | tr_Loss: 0.1313 | tr_acc: 0.9326 | val_loss: 0.1980 | val_acc: 0.9005 | epoch_time: 8.14s

Epoch: 7/30 | tr_Loss: 0.1239 | tr_acc: 0.9342 | val_loss: 0.2008 | val_acc: 0.9018 | epoch_time: 8.14s

Epoch: 8/30 | tr_Loss: 0.1209 | tr_acc: 0.9328 | val_loss: 0.1937 | val_acc: 0.8976 | epoch_time: 8.15s

Epoch: 9/30 | tr_Loss: 0.1104 | tr_acc: 0.9380 | val_loss: 0.2831 | val_acc: 0.8933 | epoch_time: 8.14s

Epoch: 10/30 | tr_Loss: 0.1133 | tr_acc: 0.9387 | val_loss: 0.2769 | val_acc: 0.8995 | epoch_time: 8.15s

Early stopping at epoch 10 | Best Validation Loss: 0.1797
              precision    recall  f1-score   support

       STAND       0.93      0.86      0.89      1304
        WALK       0.83      0.91      0.87       906
         SIT       0.98      0.98      0.98       704
         LIE       0.95      1.00      0.97       152

    accuracy                           0.91      3066
   macro avg       0.92      0.94      0.93      3066
weighted avg       0.91      0.91      0.91      3066

Peak GPU memory allocatated: 3.72GB

------------------------------------------------------------------------------------------
Test Results:
 Accuracy: 0.9106849315068493
 Report:
 {'STAND': {'precision': 0.9348355663824605, 'recall': 0.8801605504587156, 'f1-score': 0.9066745422327229, 'support': 1744.0}, 'WALK': {'precision': 0.7890295358649789, 'recall': 0.9385194479297365, 'f1-score': 0.8573065902578797, 'support': 797.0}, 'SIT': {'precision': 0.9798432250839866, 'recall': 0.9308510638297872, 'f1-score': 0.9547190398254228, 'support': 940.0}, 'LIE': {'precision': 0.9940119760479041, 'recall': 0.9822485207100592, 'f1-score': 0.9880952380952381, 'support': 169.0}, 'accuracy': 0.9106849315068493, 'macro avg': {'precision': 0.9244300758448325, 'recall': 0.9329448957320746, 'f1-score': 0.9266988526028159, 'support': 3650.0}, 'weighted avg': {'precision': 0.9173288831195733, 'recall': 0.9106849315068493, 'f1-score': 0.9120377388392854, 'support': 3650.0}}
 F1: 0.9266988526028159
 Confusion Matrix:
 [[1535  192   17    0]
 [  48  748    1    0]
 [  59    5  875    1]
 [   0    3    0  166]]
Total wall time:10min 56s
