Job started on gpu016.orc.gmu.edu
CUDA_VISIBLE_DEVICES=0
Wed Jun 10 12:22:02 2026       
+-----------------------------------------------------------------------------------------+
| NVIDIA-SMI 560.35.05              Driver Version: 560.35.05      CUDA Version: 12.6     |
|-----------------------------------------+------------------------+----------------------+
| GPU  Name                 Persistence-M | Bus-Id          Disp.A | Volatile Uncorr. ECC |
| Fan  Temp   Perf          Pwr:Usage/Cap |           Memory-Usage | GPU-Util  Compute M. |
|                                         |                        |               MIG M. |
|=========================================+========================+======================|
|   0  NVIDIA A100-SXM4-80GB          On  |   00000000:81:00.0 Off |                    0 |
| N/A   30C    P0             77W /  500W |       1MiB /  81920MiB |      0%      Default |
|                                         |                        |             Disabled |
+-----------------------------------------+------------------------+----------------------+
                                                                                         
+-----------------------------------------------------------------------------------------+
| Processes:                                                                              |
|  GPU   GI   CI        PID   Type   Process name                              GPU Memory |
|        ID   ID                                                               Usage      |
|=========================================================================================|
|  No running processes found                                                             |
+-----------------------------------------------------------------------------------------+
Mamba version: 2.3.0
Path: /home/kmercad/myenv/lib/python3.10/site-packages/mamba_ssm/modules/mamba2.py
------------------------------------------------------------------------------------------
Sensor subset training shape: (399666, 29)
Sensor Validation training shape: (201186, 29)
Sensor Test training shape: (205551, 29)
----------------------------------------------------------------------
Rows containing NaNs - training: 5278
Rows containing NaNs - validation: 2614
Rows containing NaNs - test: 2883
------------------------------------------------------------------------------------------
Reindexed training shape: (399666, 29)
Reindexed validation shape: (201186, 29)
Reindexed test shape: (205551, 29)
------------------------------------------------------------------------------------------
After Interpolation. Training shape: (399666, 29)
After Interpolation. Validation shape: (201024, 29)
After Interpolation. Test shape: (205551, 29)


Descriptive statistics for ACC channels (DEVICE_1) - training set
                   0              1              2
count  399666.000000  399666.000000  399666.000000
mean       -4.368315       2.319802       3.432555
std         6.583784       4.319875       3.163669
min       -70.948402     -37.467999     -26.612600
25%        -9.205060      -0.243436       0.936807
50%        -6.932015       3.014480       2.938830
75%         0.448200       4.948655       6.380403
max        62.859600      85.716904     108.996002

Descriptive statistics for GYRO channels (DEVICE_1) - training set
                   3              4              5
count  399666.000000  399666.000000  399666.000000
mean       -0.016129       0.024709      -0.010176
std         1.034944       0.609880       1.435853
min       -14.694800      -6.069340      -8.322350
25%        -0.052935      -0.032684      -0.039892
50%        -0.004199       0.003479      -0.006135
75%         0.044122       0.040039       0.024614
max        15.206800      10.014400       8.790660

Descriptive statistics for MAG channels (DEVICE_1) - training set
                   6              7              8
count  399666.000000  399666.000000  399666.000000
mean       17.090231      -8.144546     -20.826458
std        28.108200      22.828510      18.736107
min       -59.360699    -102.775002     -99.330200
25%        -1.819380     -24.043750     -33.235899
50%        22.039300      -7.971200     -20.214701
75%        39.309374      11.693500      -8.846955
max       123.511002      94.127403      71.691299
------------------------------------------------------------------------------------------


Descriptive statistics for ACC channels (DEVICE_1) - training set
                   0              1              2
count  399666.000000  399666.000000  399666.000000
mean       -0.445292       0.236473       0.349904
std         0.671130       0.440354       0.322494
min        -7.232253      -3.819368      -2.712803
25%        -0.938334      -0.024815       0.095495
50%        -0.706627       0.307286       0.299575
75%         0.045688       0.504450       0.650398
max         6.407706       8.737706      11.110703

Descriptive statistics for scaled GYRO channels (DEVICE_1) - training set
                   3              4              5
count  399666.000000  399666.000000  399666.000000
mean       -0.016129       0.024709      -0.010176
std         1.034944       0.609880       1.435853
min       -14.694800      -6.069340      -8.322350
25%        -0.052935      -0.032684      -0.039892
50%        -0.004199       0.003479      -0.006135
75%         0.044122       0.040039       0.024614
max        15.206800      10.014400       8.790660

Descriptive statistics for MAG channels (DEVICE_1) - training set
                   6              7              8
count  399666.000000  399666.000000  399666.000000
mean        0.349341      -0.166025      -0.447368
std         0.542618       0.475755       0.359837
min        -0.996575      -0.999826      -0.999983
25%        -0.043910      -0.567155      -0.762978
50%         0.457839      -0.177071      -0.445402
75%         0.841957       0.227892      -0.204597
max         0.999999       0.995506       0.856726
--------------------STRATIY VAL/TEST--------------------
Validation GROUPS
group_id
104    105177
106     96334
Name: count, dtype: int64
Test GROUPS
group_id
103    100374
105    104690
Name: count, dtype: int64 


 Validation Split Label Proportion
27
1.0    0.230196
2.0    0.240404
3.0    0.243297
4.0    0.286103
Name: proportion, dtype: float64
Test Split Label Proportion
27
1.0    0.223067
2.0    0.271071
3.0    0.208057
4.0    0.297805
Name: proportion, dtype: float64

------------------------------ TRAIN ACC/GYRO after StandardScaler ------------------------------
global mean: -0.000000
global std : 1.000000
max |channel mean| : 0.000000
median |channel mean| : 0.000000
channel std range : [1.000000, 1.000000]

------------------------------ VAL ACC/GYRO after StandardScaler ------------------------------
global mean: 0.077181
global std : 0.917879
max |channel mean| : 0.549014
median |channel mean| : 0.014536
channel std range : [0.407733, 1.270726]

------------------------------ TEST ACC/GYRO after StandardScaler ------------------------------
global mean: 0.070968
global std : 0.983206
max |channel mean| : 0.424666
median |channel mean| : 0.056655
channel std range : [0.752121, 1.394102]

TRAIN top channels by |mean|:
channel 11 | mean=-0.000000 | std=1.000000
channel 22 | mean=0.000000 | std=1.000000
channel 23 | mean=-0.000000 | std=1.000000
channel 3 | mean=0.000000 | std=1.000000
channel 12 | mean=-0.000000 | std=1.000000
channel 4 | mean=-0.000000 | std=1.000000
channel 21 | mean=-0.000000 | std=1.000000
channel 18 | mean=0.000000 | std=1.000000
channel 19 | mean=-0.000000 | std=1.000000
channel 2 | mean=-0.000000 | std=1.000000

TRAIN top channels by std deviation from 1:
channel 11 | mean=-0.000000 | std=1.000000
channel 22 | mean=0.000000 | std=1.000000
channel 9 | mean=-0.000000 | std=1.000000
channel 0 | mean=0.000000 | std=1.000000
channel 3 | mean=0.000000 | std=1.000000
channel 2 | mean=-0.000000 | std=1.000000
channel 4 | mean=-0.000000 | std=1.000000
channel 21 | mean=-0.000000 | std=1.000000
channel 19 | mean=-0.000000 | std=1.000000
channel 20 | mean=-0.000000 | std=1.000000

VAL top channels by |mean|:
channel 20 | mean=0.549014 | std=0.752025
channel 2 | mean=0.414856 | std=0.990552
channel 11 | mean=0.227395 | std=0.842618
channel 1 | mean=0.182784 | std=0.672811
channel 9 | mean=-0.137451 | std=0.705682
channel 18 | mean=0.102855 | std=0.783386
channel 0 | mean=0.041324 | std=0.927534
channel 4 | mean=-0.030888 | std=1.252559
channel 22 | mean=0.014971 | std=0.407733
channel 13 | mean=0.014101 | std=1.270726

VAL top channels by std deviation from 1:
channel 22 | mean=0.014971 | std=0.407733
channel 1 | mean=0.182784 | std=0.672811
channel 9 | mean=-0.137451 | std=0.705682
channel 5 | mean=0.008027 | std=0.707098
channel 13 | mean=0.014101 | std=1.270726
channel 14 | mean=-0.007931 | std=0.734037
channel 4 | mean=-0.030888 | std=1.252559
channel 20 | mean=0.549014 | std=0.752025
channel 18 | mean=0.102855 | std=0.783386
channel 11 | mean=0.227395 | std=0.842618

TEST top channels by |mean|:
channel 1 | mean=0.424666 | std=0.810984
channel 20 | mean=0.422256 | std=1.079625
channel 11 | mean=0.375480 | std=0.782620
channel 2 | mean=0.175770 | std=0.965482
channel 9 | mean=-0.149917 | std=0.831788
channel 19 | mean=-0.144676 | std=0.934986
channel 0 | mean=0.122318 | std=0.986405
channel 18 | mean=0.109876 | std=0.901041
channel 4 | mean=-0.088476 | std=1.394102
channel 10 | mean=0.024835 | std=1.053549

TEST top channels by std deviation from 1:
channel 4 | mean=-0.088476 | std=1.394102
channel 22 | mean=-0.002984 | std=0.752121
channel 12 | mean=-0.011806 | std=0.770457
channel 14 | mean=0.010206 | std=0.776055
channel 11 | mean=0.375480 | std=0.782620
channel 1 | mean=0.424666 | std=0.810984
channel 13 | mean=0.013604 | std=1.176334
channel 9 | mean=-0.149917 | std=0.831788
channel 21 | mean=-0.004489 | std=0.867703
channel 18 | mean=0.109876 | std=0.901041

TRAIN outlier rates |z|>5.0:
channel 9 | rate=0.011487
channel 12 | rate=0.005747
channel 19 | rate=0.005527
channel 3 | rate=0.004977
channel 13 | rate=0.004051
channel 20 | rate=0.003105
channel 14 | rate=0.002217
channel 4 | rate=0.002167
channel 21 | rate=0.001431
channel 5 | rate=0.000303

VAL outlier rates |z|>5.0:
channel 13 | rate=0.010808
channel 12 | rate=0.005404
channel 3 | rate=0.004605
channel 4 | rate=0.004377
channel 21 | rate=0.002402
channel 20 | rate=0.001950
channel 19 | rate=0.001429
channel 5 | rate=0.000357
channel 14 | rate=0.000308
channel 2 | rate=0.000218

TEST outlier rates |z|>5.0:
channel 4 | rate=0.024207
channel 13 | rate=0.007008
channel 3 | rate=0.005715
channel 19 | rate=0.004594
channel 20 | rate=0.003818
channel 12 | rate=0.002760
channel 21 | rate=0.002409
channel 5 | rate=0.001877
channel 1 | rate=0.000273
channel 2 | rate=0.000107

------------------------------ TRAIN MAG after window demeaning ------------------------------
max |window mean|  : 1.568347e-07
mean |window mean| : 1.886200e-08
channel global mean range : [-1.166456e-09, 6.297943e-10]
channel std range         : [0.053015, 0.191759]

------------------------------ VAL MAG after window demeaning ------------------------------
max |window mean|  : 1.456588e-07
mean |window mean| : 1.859224e-08
channel global mean range : [-8.176923e-10, 6.309822e-10]
channel std range         : [0.055690, 0.191916]

------------------------------ TEST MAG after window demeaning ------------------------------
max |window mean|  : 1.337379e-07
mean |window mean| : 1.863445e-08
channel global mean range : [-1.538269e-09, 7.844559e-10]
channel std range         : [0.053308, 0.194929]

TRAIN window label distribution
label 1: 831 (0.2506)
label 2: 675 (0.2036)
label 3: 819 (0.2470)
label 4: 991 (0.2989)

VAL window label distribution
label 1: 384 (0.2297)
label 2: 403 (0.2410)
label 3: 409 (0.2446)
label 4: 476 (0.2847)

TEST window label distribution
label 1: 378 (0.2221)
label 2: 464 (0.2726)
label 3: 355 (0.2086)
label 4: 505 (0.2967)
------------------------------------------------------------------------------------------
Training (windows): (3316, 160, 27). Training Labels (3316,)
Validation (windows): (1672, 160, 27). Validation Labels (1672,)
Test (windows): (1702, 160, 27). Test Labels (1702,)
------------------------------------------------------------------------------------------
Training set class distribution:--
{'LIE': 831, 'SIT': 675, 'STAND': 819, 'WALK': 991}
------------------------------------------------------------------------------------------
SSL encoder loaded

Epoch: 1/30 | tr_Loss: 0.6779 | tr_acc: 0.7949 | val_loss: 0.3324 | val_acc: 0.9211 | epoch_time: 1.81s

Epoch: 2/30 | tr_Loss: 0.2338 | tr_acc: 0.9370 | val_loss: 0.2864 | val_acc: 0.9121 | epoch_time: 1.08s

Epoch: 3/30 | tr_Loss: 0.1773 | tr_acc: 0.9502 | val_loss: 0.2897 | val_acc: 0.9091 | epoch_time: 1.08s

Epoch: 4/30 | tr_Loss: 0.1564 | tr_acc: 0.9527 | val_loss: 0.3129 | val_acc: 0.9091 | epoch_time: 1.07s

Epoch: 5/30 | tr_Loss: 0.1427 | tr_acc: 0.9572 | val_loss: 0.2952 | val_acc: 0.9103 | epoch_time: 1.08s

Epoch: 6/30 | tr_Loss: 0.1316 | tr_acc: 0.9599 | val_loss: 0.2967 | val_acc: 0.9121 | epoch_time: 1.08s

Epoch: 7/30 | tr_Loss: 0.1227 | tr_acc: 0.9608 | val_loss: 0.2996 | val_acc: 0.9139 | epoch_time: 1.08s

Early stopping at epoch 7 | Best Validation Loss: 0.2864
              precision    recall  f1-score   support

         LIE       0.99      0.94      0.97       384
         SIT       0.80      0.96      0.87       403
       STAND       0.89      0.77      0.82       409
        WALK       0.98      0.97      0.98       476

    accuracy                           0.91      1672
   macro avg       0.92      0.91      0.91      1672
weighted avg       0.92      0.91      0.91      1672

------------------------------------------------------------------------------------------
Test Results:
 Accuracy: 0.8760282021151586
 Report:
 {'LIE': {'precision': 0.9435483870967742, 'recall': 0.9285714285714286, 'f1-score': 0.936, 'support': 378.0}, 'SIT': {'precision': 0.8303571428571429, 'recall': 0.8017241379310345, 'f1-score': 0.8157894736842105, 'support': 464.0}, 'STAND': {'precision': 0.7270341207349081, 'recall': 0.780281690140845, 'f1-score': 0.7527173913043478, 'support': 355.0}, 'WALK': {'precision': 0.9800399201596807, 'recall': 0.9722772277227723, 'f1-score': 0.9761431411530815, 'support': 505.0}, 'accuracy': 0.8760282021151586, 'macro avg': {'precision': 0.8702448927121265, 'recall': 0.8707136210915201, 'f1-score': 0.87016250153541, 'support': 1702.0}, 'weighted avg': {'precision': 0.8783573896297451, 'recall': 0.8760282021151586, 'f1-score': 0.8769102679111771, 'support': 1702.0}}
 F1: 0.87016250153541
 Confusion Matrix:
 [[351   4  21   2]
 [ 21 372  71   0]
 [  0  70 277   8]
 [  0   2  12 491]]
------------------------------------------------------------------------------------------
Training set class distribution:--
{'LIE': 831, 'SIT': 675, 'STAND': 819, 'WALK': 991}
------------------------------------------------------------------------------------------
SSL encoder loaded

Epoch: 1/30 | tr_Loss: 0.6863 | tr_acc: 0.7871 | val_loss: 0.3538 | val_acc: 0.9312 | epoch_time: 1.21s

Epoch: 2/30 | tr_Loss: 0.2353 | tr_acc: 0.9343 | val_loss: 0.2994 | val_acc: 0.9097 | epoch_time: 1.08s

Epoch: 3/30 | tr_Loss: 0.1727 | tr_acc: 0.9533 | val_loss: 0.2975 | val_acc: 0.9055 | epoch_time: 1.08s

Epoch: 4/30 | tr_Loss: 0.1474 | tr_acc: 0.9596 | val_loss: 0.3119 | val_acc: 0.8995 | epoch_time: 1.09s

Epoch: 5/30 | tr_Loss: 0.1328 | tr_acc: 0.9608 | val_loss: 0.3016 | val_acc: 0.9073 | epoch_time: 1.09s

Epoch: 6/30 | tr_Loss: 0.1237 | tr_acc: 0.9635 | val_loss: 0.3091 | val_acc: 0.9037 | epoch_time: 1.08s

Epoch: 7/30 | tr_Loss: 0.1180 | tr_acc: 0.9656 | val_loss: 0.3128 | val_acc: 0.9049 | epoch_time: 1.08s

Epoch: 8/30 | tr_Loss: 0.1088 | tr_acc: 0.9668 | val_loss: 0.3003 | val_acc: 0.9055 | epoch_time: 1.08s

Early stopping at epoch 8 | Best Validation Loss: 0.2975
              precision    recall  f1-score   support

         LIE       1.00      0.95      0.97       384
         SIT       0.78      0.95      0.86       403
       STAND       0.87      0.74      0.80       409
        WALK       0.99      0.97      0.98       476

    accuracy                           0.91      1672
   macro avg       0.91      0.90      0.90      1672
weighted avg       0.91      0.91      0.91      1672

------------------------------------------------------------------------------------------
Test Results:
 Accuracy: 0.8666274970622797
 Report:
 {'LIE': {'precision': 0.9618528610354223, 'recall': 0.9338624338624338, 'f1-score': 0.9476510067114094, 'support': 378.0}, 'SIT': {'precision': 0.8419753086419753, 'recall': 0.7349137931034483, 'f1-score': 0.7848101265822784, 'support': 464.0}, 'STAND': {'precision': 0.675990675990676, 'recall': 0.8169014084507042, 'f1-score': 0.7397959183673469, 'support': 355.0}, 'WALK': {'precision': 0.9800399201596807, 'recall': 0.9722772277227723, 'f1-score': 0.9761431411530815, 'support': 505.0}, 'accuracy': 0.8666274970622797, 'macro avg': {'precision': 0.8649646914569386, 'recall': 0.8644887157848397, 'f1-score': 0.8621000482035291, 'support': 1702.0}, 'weighted avg': {'precision': 0.8749434631836632, 'recall': 0.8666274970622797, 'f1-score': 0.8683571190210366, 'support': 1702.0}}
 F1: 0.8621000482035291
 Confusion Matrix:
 [[353   5  19   1]
 [ 14 341 109   0]
 [  0  56 290   9]
 [  0   3  11 491]]
------------------------------------------------------------------------------------------
Training set class distribution:--
{'LIE': 831, 'SIT': 675, 'STAND': 819, 'WALK': 991}
------------------------------------------------------------------------------------------
SSL encoder loaded

Epoch: 1/30 | tr_Loss: 0.6440 | tr_acc: 0.8293 | val_loss: 0.3275 | val_acc: 0.9312 | epoch_time: 1.20s

Epoch: 2/30 | tr_Loss: 0.2421 | tr_acc: 0.9291 | val_loss: 0.2886 | val_acc: 0.9115 | epoch_time: 1.09s

Epoch: 3/30 | tr_Loss: 0.1840 | tr_acc: 0.9457 | val_loss: 0.3020 | val_acc: 0.9073 | epoch_time: 1.09s

Epoch: 4/30 | tr_Loss: 0.1626 | tr_acc: 0.9539 | val_loss: 0.2899 | val_acc: 0.9067 | epoch_time: 1.08s

Epoch: 5/30 | tr_Loss: 0.1440 | tr_acc: 0.9557 | val_loss: 0.3032 | val_acc: 0.9031 | epoch_time: 1.08s

Epoch: 6/30 | tr_Loss: 0.1339 | tr_acc: 0.9596 | val_loss: 0.3023 | val_acc: 0.9013 | epoch_time: 1.08s

Epoch: 7/30 | tr_Loss: 0.1257 | tr_acc: 0.9626 | val_loss: 0.2998 | val_acc: 0.9049 | epoch_time: 1.09s

Early stopping at epoch 7 | Best Validation Loss: 0.2886
              precision    recall  f1-score   support

         LIE       1.00      0.94      0.97       384
         SIT       0.80      0.96      0.87       403
       STAND       0.88      0.76      0.82       409
        WALK       0.99      0.97      0.98       476

    accuracy                           0.91      1672
   macro avg       0.92      0.91      0.91      1672
weighted avg       0.92      0.91      0.91      1672

------------------------------------------------------------------------------------------
Test Results:
 Accuracy: 0.8777908343125734
 Report:
 {'LIE': {'precision': 0.9695290858725761, 'recall': 0.9259259259259259, 'f1-score': 0.9472259810554804, 'support': 378.0}, 'SIT': {'precision': 0.815677966101695, 'recall': 0.8297413793103449, 'f1-score': 0.8226495726495726, 'support': 464.0}, 'STAND': {'precision': 0.7342465753424657, 'recall': 0.7549295774647887, 'f1-score': 0.7444444444444445, 'support': 355.0}, 'WALK': {'precision': 0.9742063492063492, 'recall': 0.9722772277227723, 'f1-score': 0.9732408325074331, 'support': 505.0}, 'accuracy': 0.8777908343125734, 'macro avg': {'precision': 0.8734149941307715, 'recall': 0.8707185276059579, 'f1-score': 0.8718902076642328, 'support': 1702.0}, 'weighted avg': {'precision': 0.8798991253388965, 'recall': 0.8777908343125734, 'f1-score': 0.8786869687088159, 'support': 1702.0}}
 F1: 0.8718902076642328
 Confusion Matrix:
 [[350   7  19   2]
 [ 11 385  68   0]
 [  0  76 268  11]
 [  0   4  10 491]]
------------------------------------------------------------------------------------------
Training set class distribution:--
{'LIE': 831, 'SIT': 675, 'STAND': 819, 'WALK': 991}
------------------------------------------------------------------------------------------
SSL encoder loaded

Epoch: 1/30 | tr_Loss: 0.6778 | tr_acc: 0.7907 | val_loss: 0.3660 | val_acc: 0.8810 | epoch_time: 1.20s

Epoch: 2/30 | tr_Loss: 0.2544 | tr_acc: 0.9282 | val_loss: 0.2917 | val_acc: 0.9079 | epoch_time: 1.08s

Epoch: 3/30 | tr_Loss: 0.1907 | tr_acc: 0.9424 | val_loss: 0.2887 | val_acc: 0.9085 | epoch_time: 1.08s

Epoch: 4/30 | tr_Loss: 0.1620 | tr_acc: 0.9557 | val_loss: 0.2936 | val_acc: 0.9079 | epoch_time: 1.07s

Epoch: 5/30 | tr_Loss: 0.1450 | tr_acc: 0.9605 | val_loss: 0.2977 | val_acc: 0.9067 | epoch_time: 1.06s

Epoch: 6/30 | tr_Loss: 0.1354 | tr_acc: 0.9602 | val_loss: 0.2957 | val_acc: 0.9079 | epoch_time: 1.08s

Epoch: 7/30 | tr_Loss: 0.1278 | tr_acc: 0.9638 | val_loss: 0.2972 | val_acc: 0.9091 | epoch_time: 1.10s

Epoch: 8/30 | tr_Loss: 0.1207 | tr_acc: 0.9650 | val_loss: 0.2794 | val_acc: 0.9121 | epoch_time: 1.08s

Epoch: 9/30 | tr_Loss: 0.1175 | tr_acc: 0.9665 | val_loss: 0.3200 | val_acc: 0.9037 | epoch_time: 1.10s

Epoch: 10/30 | tr_Loss: 0.1105 | tr_acc: 0.9674 | val_loss: 0.3227 | val_acc: 0.9031 | epoch_time: 1.10s

Epoch: 11/30 | tr_Loss: 0.1066 | tr_acc: 0.9662 | val_loss: 0.3030 | val_acc: 0.9055 | epoch_time: 1.08s

Epoch: 12/30 | tr_Loss: 0.1010 | tr_acc: 0.9680 | val_loss: 0.3242 | val_acc: 0.9049 | epoch_time: 1.09s

Epoch: 13/30 | tr_Loss: 0.0998 | tr_acc: 0.9680 | val_loss: 0.3049 | val_acc: 0.9067 | epoch_time: 1.10s

Early stopping at epoch 13 | Best Validation Loss: 0.2794
              precision    recall  f1-score   support

         LIE       0.99      0.96      0.97       384
         SIT       0.80      0.93      0.86       403
       STAND       0.87      0.78      0.82       409
        WALK       0.99      0.97      0.98       476

    accuracy                           0.91      1672
   macro avg       0.91      0.91      0.91      1672
weighted avg       0.92      0.91      0.91      1672

------------------------------------------------------------------------------------------
Test Results:
 Accuracy: 0.7802585193889542
 Report:
 {'LIE': {'precision': 0.964769647696477, 'recall': 0.9417989417989417, 'f1-score': 0.9531459170013387, 'support': 378.0}, 'SIT': {'precision': 0.8215962441314554, 'recall': 0.3771551724137931, 'f1-score': 0.51698670605613, 'support': 464.0}, 'STAND': {'precision': 0.49917898193760263, 'recall': 0.856338028169014, 'f1-score': 0.6307053941908713, 'support': 355.0}, 'WALK': {'precision': 0.9647749510763209, 'recall': 0.9762376237623762, 'f1-score': 0.9704724409448819, 'support': 505.0}, 'accuracy': 0.7802585193889542, 'macro avg': {'precision': 0.812579956210464, 'recall': 0.7878824415360313, 'f1-score': 0.7678276145483055, 'support': 1702.0}, 'weighted avg': {'precision': 0.8286271874193034, 'recall': 0.7802585193889542, 'f1-score': 0.772126901205332, 'support': 1702.0}}
 F1: 0.7678276145483055
 Confusion Matrix:
 [[356   2  18   2]
 [ 11 175 277   1]
 [  2  34 304  15]
 [  0   2  10 493]]
------------------------------------------------------------------------------------------
Training set class distribution:--
{'LIE': 831, 'SIT': 675, 'STAND': 819, 'WALK': 991}
------------------------------------------------------------------------------------------
SSL encoder loaded

Epoch: 1/30 | tr_Loss: 0.6863 | tr_acc: 0.8007 | val_loss: 0.3330 | val_acc: 0.9312 | epoch_time: 1.20s

Epoch: 2/30 | tr_Loss: 0.2434 | tr_acc: 0.9337 | val_loss: 0.2779 | val_acc: 0.9163 | epoch_time: 1.08s

Epoch: 3/30 | tr_Loss: 0.1795 | tr_acc: 0.9478 | val_loss: 0.2852 | val_acc: 0.9097 | epoch_time: 1.08s

Epoch: 4/30 | tr_Loss: 0.1528 | tr_acc: 0.9563 | val_loss: 0.2684 | val_acc: 0.9133 | epoch_time: 1.08s

Epoch: 5/30 | tr_Loss: 0.1420 | tr_acc: 0.9578 | val_loss: 0.2752 | val_acc: 0.9055 | epoch_time: 1.08s

Epoch: 6/30 | tr_Loss: 0.1311 | tr_acc: 0.9608 | val_loss: 0.2715 | val_acc: 0.9079 | epoch_time: 1.07s

Epoch: 7/30 | tr_Loss: 0.1179 | tr_acc: 0.9647 | val_loss: 0.2719 | val_acc: 0.9079 | epoch_time: 1.09s

Epoch: 8/30 | tr_Loss: 0.1143 | tr_acc: 0.9650 | val_loss: 0.2911 | val_acc: 0.9067 | epoch_time: 1.08s

Epoch: 9/30 | tr_Loss: 0.1070 | tr_acc: 0.9683 | val_loss: 0.2640 | val_acc: 0.9115 | epoch_time: 1.10s

Epoch: 10/30 | tr_Loss: 0.1037 | tr_acc: 0.9695 | val_loss: 0.2589 | val_acc: 0.9145 | epoch_time: 1.09s

Epoch: 11/30 | tr_Loss: 0.1008 | tr_acc: 0.9692 | val_loss: 0.2795 | val_acc: 0.9085 | epoch_time: 1.09s

Epoch: 12/30 | tr_Loss: 0.0967 | tr_acc: 0.9686 | val_loss: 0.2948 | val_acc: 0.9091 | epoch_time: 1.08s

Epoch: 13/30 | tr_Loss: 0.0949 | tr_acc: 0.9710 | val_loss: 0.2752 | val_acc: 0.9103 | epoch_time: 1.08s

Epoch: 14/30 | tr_Loss: 0.0901 | tr_acc: 0.9717 | val_loss: 0.2997 | val_acc: 0.9085 | epoch_time: 1.10s

Epoch: 15/30 | tr_Loss: 0.0867 | tr_acc: 0.9717 | val_loss: 0.2964 | val_acc: 0.9055 | epoch_time: 1.08s

Early stopping at epoch 15 | Best Validation Loss: 0.2589
              precision    recall  f1-score   support

         LIE       0.99      0.97      0.98       384
         SIT       0.80      0.95      0.87       403
       STAND       0.88      0.76      0.81       409
        WALK       1.00      0.97      0.99       476

    accuracy                           0.91      1672
   macro avg       0.92      0.91      0.91      1672
weighted avg       0.92      0.91      0.91      1672

------------------------------------------------------------------------------------------
Test Results:
 Accuracy: 0.7861339600470035
 Report:
 {'LIE': {'precision': 0.9060913705583756, 'recall': 0.9444444444444444, 'f1-score': 0.9248704663212435, 'support': 378.0}, 'SIT': {'precision': 0.7846153846153846, 'recall': 0.4396551724137931, 'f1-score': 0.56353591160221, 'support': 464.0}, 'STAND': {'precision': 0.5259259259259259, 'recall': 0.8, 'f1-score': 0.6346368715083799, 'support': 355.0}, 'WALK': {'precision': 0.9704724409448819, 'recall': 0.9762376237623762, 'f1-score': 0.9733464955577492, 'support': 505.0}, 'accuracy': 0.7861339600470035, 'macro avg': {'precision': 0.796776280511142, 'recall': 0.7900843101551535, 'f1-score': 0.7740974362473957, 'support': 1702.0}, 'weighted avg': {'precision': 0.8127828219233101, 'recall': 0.7861339600470035, 'f1-score': 0.7802102049911832, 'support': 1702.0}}
 F1: 0.7740974362473957
 Confusion Matrix:
 [[357   2  18   1]
 [ 27 204 233   0]
 [  7  50 284  14]
 [  3   4   5 493]]
Total wall time:6min 19s
