Job started on gpu032.orc.gmu.edu
CUDA_VISIBLE_DEVICES=0
Mon Jun  1 06:12:43 2026       
+-----------------------------------------------------------------------------------------+
| NVIDIA-SMI 590.48.01              Driver Version: 590.48.01      CUDA Version: 13.1     |
+-----------------------------------------+------------------------+----------------------+
| GPU  Name                 Persistence-M | Bus-Id          Disp.A | Volatile Uncorr. ECC |
| Fan  Temp   Perf          Pwr:Usage/Cap |           Memory-Usage | GPU-Util  Compute M. |
|                                         |                        |               MIG M. |
|=========================================+========================+======================|
|   0  NVIDIA H100 80GB HBM3          On  |   00000000:CB:00.0 Off |                    0 |
| N/A   22C    P0             69W /  700W |       0MiB /  81559MiB |      0%      Default |
|                                         |                        |             Disabled |
+-----------------------------------------+------------------------+----------------------+

+-----------------------------------------------------------------------------------------+
| Processes:                                                                              |
|  GPU   GI   CI              PID   Type   Process name                        GPU Memory |
|        ID   ID                                                               Usage      |
|=========================================================================================|
|  No running processes found                                                             |
+-----------------------------------------------------------------------------------------+
Mamba version: 2.3.0
Path: /home/kmercad/myenv/lib/python3.10/site-packages/mamba_ssm/modules/mamba2.py
------------------------------------------------------------------------------------------
Raw training set shape: (406214, 251)
Validation training set shape: (92480, 251)
Raw test set shape: (145941, 251)
------------------------------------------------------------------------------------------
Sensor subset training shape: (303650, 47)
Sensor Validation training shape: (69226, 47)
Sensor Test training shape: (124320, 47)
----------------------------------------------------------------------
Rows containing NaNs - training: 4953
Rows containing NaNs - validation: 0
Rows containing NaNs - test: 0
------------------------------------------------------------------------------------------
Training shape after NaN removal: (298697, 47)
Validation shape after NaN removal: (69226, 47)
Test shape after NaN removal: (124320, 47)
------------------------------------------------------------------------------------------
Reindexed training shape: (298697, 47)
Reindexed validation shape: (69226, 47)
Reindexed test shape: (124320, 47)


Descriptive statistics for ACC channels (DEVICE_1) - training set
                   0              1              2
count  298697.000000  298697.000000  298697.000000
mean     -856.989129    -147.138863     232.103958
std       241.489617     247.763570     298.818082
min     -1850.000000   -1283.000000   -1198.000000
25%      -981.000000    -272.000000      61.000000
50%      -943.000000    -179.000000     175.000000
75%      -838.000000     -80.000000     364.000000
max       614.000000    1815.000000    1360.000000

Descriptive statistics for GYRO channels (DEVICE_1) - training set
                   3              4              5
count  298697.000000  298697.000000  298697.000000
mean      -45.319417     -18.770356       3.732532
std       598.715854     321.549707     239.497658
min     -4818.000000   -3092.000000   -2273.000000
25%      -219.000000    -106.000000     -74.000000
50%       -17.000000      -7.000000       0.000000
75%       134.000000      73.000000      79.000000
max      4504.000000    3370.000000    2231.000000

Descriptive statistics for MAG channels (DEVICE_1) - training set
                   6              7              8
count  298697.000000  298697.000000  298697.000000
mean      434.732193      64.025718     137.494538
std       304.499040     351.748187     514.189703
min      -929.000000   -1038.000000   -1135.000000
25%       365.000000    -182.000000    -384.000000
50%       489.000000      98.000000     278.000000
75%       600.000000     272.000000     588.000000
max      1466.000000    1162.000000    1369.000000
------------------------------------------------------------------------------------------


Descriptive statistics for ACC channels (DEVICE_1) - training set
                   0              1              2
count  298697.000000  298697.000000  298697.000000
mean       -0.856989      -0.147139       0.232104
std         0.241490       0.247764       0.298818
min        -1.850000      -1.283000      -1.198000
25%        -0.981000      -0.272000       0.061000
50%        -0.943000      -0.179000       0.175000
75%        -0.838000      -0.080000       0.364000
max         0.614000       1.815000       1.360000

Descriptive statistics for scaled GYRO channels (DEVICE_1) - training set
                   3             4              5
count  298697.000000  298697.00000  298697.000000
mean       -0.045319      -0.01877       0.003733
std         0.598716       0.32155       0.239498
min        -4.818000      -3.09200      -2.273000
25%        -0.219000      -0.10600      -0.074000
50%        -0.017000      -0.00700       0.000000
75%         0.134000       0.07300       0.079000
max         4.504000       3.37000       2.231000

Descriptive statistics for normalized MAG channels (DEVICE_1) - training set
                   6              7              8
count  298697.000000  298697.000000  298697.000000
mean        0.547496       0.070568       0.152425
std         0.332584       0.426307       0.616187
min        -0.843382      -0.991281      -0.999988
25%         0.473550      -0.240282      -0.478054
50%         0.630226       0.115992       0.375305
75%         0.748007       0.319388       0.718015
max         0.999999       0.999708       0.999770
--------------------STRATIY VAL/TEST--------------------
Validation GROUPS
group_id
S3-ADL1    32319
S3-ADL2    24902
S3-ADL5    20648
S4-ADL5    23817
Name: count, dtype: int64
Test GROUPS
group_id
S1-ADL5    22440
S2-ADL5    22969
S3-ADL3    21325
S3-ADL4    25126
Name: count, dtype: int64 


 Validation Split Label Proportion
45
1    0.459572
2    0.309502
4    0.168057
5    0.062870
Name: proportion, dtype: float64
Test Split Label Proportion
45
1    0.412094
2    0.273285
4    0.248759
5    0.065861
Name: proportion, dtype: float64

------------------------------ TRAIN ACC/GYRO after StandardScaler ------------------------------
global mean: 0.000000
global std : 1.000000
max |channel mean| : 0.000000
median |channel mean| : 0.000000
channel std range : [1.000000, 1.000000]

------------------------------ VAL ACC/GYRO after StandardScaler ------------------------------
global mean: -0.018828
global std : 1.029823
max |channel mean| : 0.571034
median |channel mean| : 0.035000
channel std range : [0.789396, 1.282089]

------------------------------ TEST ACC/GYRO after StandardScaler ------------------------------
global mean: -0.026641
global std : 1.016736
max |channel mean| : 0.360631
median |channel mean| : 0.015682
channel std range : [0.916675, 1.271960]
------------------------------------------------------------------------------------------
Training features: (298697, 46) | Training labels: (298697,)
Validation features: (101686, 46) | Validation labels: (101686,)
Test features: (91860, 46), Test labels: (91860,)

------------------------------ TRAIN MAG after window demeaning ------------------------------
max |window mean|  : 2.072917e-07
mean |window mean| : 2.314282e-08
channel global mean range : [-5.163174e-10, 3.394087e-10]
channel std range         : [0.123620, 0.237807]

------------------------------ VAL MAG after window demeaning ------------------------------
max |window mean|  : 2.072917e-07
mean |window mean| : 2.311541e-08
channel global mean range : [-8.879956e-10, 1.000856e-09]
channel std range         : [0.139015, 0.235645]

------------------------------ TEST MAG after window demeaning ------------------------------
max |window mean|  : 2.112654e-07
mean |window mean| : 2.317139e-08
channel global mean range : [-9.478415e-10, 4.257475e-10]
channel std range         : [0.126678, 0.220654]

TRAIN window label distribution
label 1: 4469 (0.4501)
label 2: 2437 (0.2455)
label 4: 2601 (0.2620)
label 5: 421 (0.0424)

VAL window label distribution
label 1: 1533 (0.4536)
label 2: 1063 (0.3145)
label 4: 571 (0.1689)
label 5: 213 (0.0630)

TEST window label distribution
label 1: 1241 (0.4066)
label 2: 843 (0.2762)
label 4: 767 (0.2513)
label 5: 201 (0.0659)
------------------------------------------------------------------------------------------
Training (windows): (9928, 90, 45). Training Labels: (9928,)
Validation (windows): (3380, 90, 45). Validation Labels: (3380,)
Test (windows): (3052, 90, 45). Test Labels: (3052,)
------------------------------------------------------------------------------------------
Training set class distribution:
{'STAND': 4469, 'WALK': 2437, 'SIT': 2601, 'LIE': 421}
------------------------------------------------------------------------------------------

Epoch: 1/50 | tr_Loss: 0.3467 | val_loss: 0.3353 | epoch_time: 38.00s

Epoch: 2/50 | tr_Loss: 0.2177 | val_loss: 0.3326 | epoch_time: 9.40s

Epoch: 3/50 | tr_Loss: 0.1902 | val_loss: 0.3137 | epoch_time: 9.38s

Epoch: 4/50 | tr_Loss: 0.1682 | val_loss: 0.3107 | epoch_time: 9.39s

Epoch: 5/50 | tr_Loss: 0.1562 | val_loss: 0.3084 | epoch_time: 9.39s

Epoch: 6/50 | tr_Loss: 0.1483 | val_loss: 0.3053 | epoch_time: 9.39s

Epoch: 7/50 | tr_Loss: 0.1383 | val_loss: 0.3260 | epoch_time: 9.37s

Epoch: 8/50 | tr_Loss: 0.1285 | val_loss: 0.2866 | epoch_time: 9.38s

Epoch: 9/50 | tr_Loss: 0.1230 | val_loss: 0.2988 | epoch_time: 9.38s

Epoch: 10/50 | tr_Loss: 0.1178 | val_loss: 0.2982 | epoch_time: 9.35s

Epoch: 11/50 | tr_Loss: 0.1113 | val_loss: 0.2908 | epoch_time: 9.37s

Epoch: 12/50 | tr_Loss: 0.1068 | val_loss: 0.2878 | epoch_time: 9.36s

Epoch: 13/50 | tr_Loss: 0.1027 | val_loss: 0.2770 | epoch_time: 9.37s

Epoch: 14/50 | tr_Loss: 0.0966 | val_loss: 0.2813 | epoch_time: 9.37s

Epoch: 15/50 | tr_Loss: 0.0926 | val_loss: 0.2862 | epoch_time: 9.38s

Epoch: 16/50 | tr_Loss: 0.0904 | val_loss: 0.2825 | epoch_time: 9.39s

Epoch: 17/50 | tr_Loss: 0.0870 | val_loss: 0.2888 | epoch_time: 9.36s

Epoch: 18/50 | tr_Loss: 0.0836 | val_loss: 0.2888 | epoch_time: 9.36s

Early stopping at epoch 18 | Best Validation Loss: 0.2770
------------------------------------------------------------------------------------------
Training set class distribution:
{'STAND': 4469, 'WALK': 2437, 'SIT': 2601, 'LIE': 421}
------------------------------------------------------------------------------------------

Epoch: 1/50 | tr_Loss: 0.3432 | val_loss: 0.3671 | epoch_time: 9.47s

Epoch: 2/50 | tr_Loss: 0.2238 | val_loss: 0.3254 | epoch_time: 9.36s

Epoch: 3/50 | tr_Loss: 0.1871 | val_loss: 0.3173 | epoch_time: 9.36s

Epoch: 4/50 | tr_Loss: 0.1690 | val_loss: 0.2999 | epoch_time: 9.34s

Epoch: 5/50 | tr_Loss: 0.1580 | val_loss: 0.3147 | epoch_time: 9.35s

Epoch: 6/50 | tr_Loss: 0.1459 | val_loss: 0.3075 | epoch_time: 9.32s

Epoch: 7/50 | tr_Loss: 0.1374 | val_loss: 0.2983 | epoch_time: 9.33s

Epoch: 8/50 | tr_Loss: 0.1274 | val_loss: 0.2960 | epoch_time: 9.35s

Epoch: 9/50 | tr_Loss: 0.1230 | val_loss: 0.2792 | epoch_time: 9.35s

Epoch: 10/50 | tr_Loss: 0.1186 | val_loss: 0.2945 | epoch_time: 9.34s

Epoch: 11/50 | tr_Loss: 0.1162 | val_loss: 0.2932 | epoch_time: 9.35s

Epoch: 12/50 | tr_Loss: 0.1122 | val_loss: 0.2973 | epoch_time: 9.33s

Epoch: 13/50 | tr_Loss: 0.1040 | val_loss: 0.2937 | epoch_time: 9.33s

Epoch: 14/50 | tr_Loss: 0.0987 | val_loss: 0.2906 | epoch_time: 9.33s

Early stopping at epoch 14 | Best Validation Loss: 0.2792
------------------------------------------------------------------------------------------
Training set class distribution:
{'STAND': 4469, 'WALK': 2437, 'SIT': 2601, 'LIE': 421}
------------------------------------------------------------------------------------------

Epoch: 1/50 | tr_Loss: 0.3454 | val_loss: 0.3522 | epoch_time: 9.44s

Epoch: 2/50 | tr_Loss: 0.2218 | val_loss: 0.3264 | epoch_time: 9.34s

Epoch: 3/50 | tr_Loss: 0.1893 | val_loss: 0.3019 | epoch_time: 9.34s

Epoch: 4/50 | tr_Loss: 0.1720 | val_loss: 0.3059 | epoch_time: 9.35s

Epoch: 5/50 | tr_Loss: 0.1600 | val_loss: 0.2955 | epoch_time: 9.33s

Epoch: 6/50 | tr_Loss: 0.1496 | val_loss: 0.3083 | epoch_time: 9.34s

Epoch: 7/50 | tr_Loss: 0.1380 | val_loss: 0.2864 | epoch_time: 9.35s

Epoch: 8/50 | tr_Loss: 0.1315 | val_loss: 0.3016 | epoch_time: 9.33s

Epoch: 9/50 | tr_Loss: 0.1251 | val_loss: 0.2762 | epoch_time: 9.32s

Epoch: 10/50 | tr_Loss: 0.1189 | val_loss: 0.2803 | epoch_time: 9.33s

Epoch: 11/50 | tr_Loss: 0.1127 | val_loss: 0.3116 | epoch_time: 9.33s

Epoch: 12/50 | tr_Loss: 0.1082 | val_loss: 0.3060 | epoch_time: 9.34s

Epoch: 13/50 | tr_Loss: 0.1090 | val_loss: 0.3057 | epoch_time: 9.32s

Epoch: 14/50 | tr_Loss: 0.1051 | val_loss: 0.2765 | epoch_time: 9.32s

Early stopping at epoch 14 | Best Validation Loss: 0.2762
------------------------------------------------------------------------------------------
Training set class distribution:
{'STAND': 4469, 'WALK': 2437, 'SIT': 2601, 'LIE': 421}
------------------------------------------------------------------------------------------

Epoch: 1/50 | tr_Loss: 0.3383 | val_loss: 0.3632 | epoch_time: 9.46s

Epoch: 2/50 | tr_Loss: 0.2228 | val_loss: 0.3359 | epoch_time: 9.35s

Epoch: 3/50 | tr_Loss: 0.1893 | val_loss: 0.3149 | epoch_time: 9.35s

Epoch: 4/50 | tr_Loss: 0.1699 | val_loss: 0.3081 | epoch_time: 9.36s

Epoch: 5/50 | tr_Loss: 0.1553 | val_loss: 0.3010 | epoch_time: 9.35s

Epoch: 6/50 | tr_Loss: 0.1467 | val_loss: 0.2985 | epoch_time: 9.34s

Epoch: 7/50 | tr_Loss: 0.1403 | val_loss: 0.3039 | epoch_time: 9.33s

Epoch: 8/50 | tr_Loss: 0.1316 | val_loss: 0.2992 | epoch_time: 9.35s

Epoch: 9/50 | tr_Loss: 0.1256 | val_loss: 0.3014 | epoch_time: 9.35s

Epoch: 10/50 | tr_Loss: 0.1182 | val_loss: 0.2888 | epoch_time: 9.34s

Epoch: 11/50 | tr_Loss: 0.1108 | val_loss: 0.2852 | epoch_time: 9.35s

Epoch: 12/50 | tr_Loss: 0.1068 | val_loss: 0.3004 | epoch_time: 9.35s

Epoch: 13/50 | tr_Loss: 0.1024 | val_loss: 0.2952 | epoch_time: 9.35s

Epoch: 14/50 | tr_Loss: 0.0990 | val_loss: 0.3025 | epoch_time: 9.33s

Epoch: 15/50 | tr_Loss: 0.0961 | val_loss: 0.2863 | epoch_time: 9.35s

Epoch: 16/50 | tr_Loss: 0.0912 | val_loss: 0.2852 | epoch_time: 9.35s

Early stopping at epoch 16 | Best Validation Loss: 0.2852
------------------------------------------------------------------------------------------
Training set class distribution:
{'STAND': 4469, 'WALK': 2437, 'SIT': 2601, 'LIE': 421}
------------------------------------------------------------------------------------------

Epoch: 1/50 | tr_Loss: 0.3425 | val_loss: 0.3640 | epoch_time: 9.44s

Epoch: 2/50 | tr_Loss: 0.2206 | val_loss: 0.3216 | epoch_time: 9.34s

Epoch: 3/50 | tr_Loss: 0.1902 | val_loss: 0.3336 | epoch_time: 9.32s

Epoch: 4/50 | tr_Loss: 0.1711 | val_loss: 0.3058 | epoch_time: 9.32s

Epoch: 5/50 | tr_Loss: 0.1586 | val_loss: 0.3120 | epoch_time: 9.32s

Epoch: 6/50 | tr_Loss: 0.1482 | val_loss: 0.3015 | epoch_time: 9.35s

Epoch: 7/50 | tr_Loss: 0.1381 | val_loss: 0.2805 | epoch_time: 9.35s

Epoch: 8/50 | tr_Loss: 0.1295 | val_loss: 0.3026 | epoch_time: 9.35s

Epoch: 9/50 | tr_Loss: 0.1256 | val_loss: 0.2827 | epoch_time: 9.35s

Epoch: 10/50 | tr_Loss: 0.1167 | val_loss: 0.2845 | epoch_time: 9.33s

Epoch: 11/50 | tr_Loss: 0.1124 | val_loss: 0.2861 | epoch_time: 9.32s

Epoch: 12/50 | tr_Loss: 0.1094 | val_loss: 0.2977 | epoch_time: 9.34s

Early stopping at epoch 12 | Best Validation Loss: 0.2805
Total wall time:14min 47s
