Job started on gpu032.orc.gmu.edu
CUDA_VISIBLE_DEVICES=0
Mon Jun  1 06:35:55 2026       
+-----------------------------------------------------------------------------------------+
| NVIDIA-SMI 590.48.01              Driver Version: 590.48.01      CUDA Version: 13.1     |
+-----------------------------------------+------------------------+----------------------+
| GPU  Name                 Persistence-M | Bus-Id          Disp.A | Volatile Uncorr. ECC |
| Fan  Temp   Perf          Pwr:Usage/Cap |           Memory-Usage | GPU-Util  Compute M. |
|                                         |                        |               MIG M. |
|=========================================+========================+======================|
|   0  NVIDIA H100 80GB HBM3          On  |   00000000:CB:00.0 Off |                    0 |
| N/A   29C    P0             70W /  700W |       0MiB /  81559MiB |      0%      Default |
|                                         |                        |             Disabled |
+-----------------------------------------+------------------------+----------------------+

+-----------------------------------------------------------------------------------------+
| Processes:                                                                              |
|  GPU   GI   CI              PID   Type   Process name                        GPU Memory |
|        ID   ID                                                               Usage      |
|=========================================================================================|
|  No running processes found                                                             |
+-----------------------------------------------------------------------------------------+
Mamba version: 2.3.0
Path: /home/kmercad/myenv/lib/python3.10/site-packages/mamba_ssm/modules/mamba2.py
------------------------------------------------------------------------------------------
Raw training set shape: (408973, 251)
Validation training set shape: (88448, 251)
Raw test set shape: (147214, 251)
------------------------------------------------------------------------------------------
Sensor subset training shape: (326057, 47)
Sensor Validation training shape: (66057, 47)
Sensor Test training shape: (105082, 47)
----------------------------------------------------------------------
Rows containing NaNs - training: 4953
Rows containing NaNs - validation: 0
Rows containing NaNs - test: 0
------------------------------------------------------------------------------------------
Training shape after NaN removal: (321104, 47)
Validation shape after NaN removal: (66057, 47)
Test shape after NaN removal: (105082, 47)
------------------------------------------------------------------------------------------
Reindexed training shape: (321104, 47)
Reindexed validation shape: (66057, 47)
Reindexed test shape: (105082, 47)


Descriptive statistics for ACC channels (DEVICE_1) - training set
                   0              1              2
count  321104.000000  321104.000000  321104.000000
mean     -851.139811    -144.929213     254.296630
std       241.463564     261.658177     285.175266
min     -1896.000000   -1283.000000   -1067.000000
25%      -978.000000    -260.000000      66.000000
50%      -938.000000    -160.000000     208.000000
75%      -824.000000     -46.000000     401.000000
max       393.000000    1815.000000    1417.000000

Descriptive statistics for GYRO channels (DEVICE_1) - training set
                   3              4              5
count  321104.000000  321104.000000  321104.000000
mean      -42.383387     -15.661913       6.177921
std       588.955537     296.328263     239.577446
min     -4818.000000   -3092.000000   -2293.000000
25%      -217.000000    -104.000000     -72.000000
50%       -17.000000      -9.000000       1.000000
75%       135.000000      71.000000      80.000000
max      4504.000000    2847.000000    2231.000000

Descriptive statistics for MAG channels (DEVICE_1) - training set
                   6              7              8
count  321104.000000  321104.000000  321104.000000
mean      426.247147      65.877401      80.543522
std       335.424071     348.043402     513.991893
min      -852.000000   -1038.000000   -1246.000000
25%       347.000000    -173.000000    -428.000000
50%       491.000000      93.000000     176.000000
75%       595.000000     271.000000     549.000000
max      1531.000000    1162.000000    1369.000000
------------------------------------------------------------------------------------------


Descriptive statistics for ACC channels (DEVICE_1) - training set
                   0              1              2
count  321104.000000  321104.000000  321104.000000
mean       -0.851140      -0.144929       0.254297
std         0.241464       0.261658       0.285175
min        -1.896000      -1.283000      -1.067000
25%        -0.978000      -0.260000       0.066000
50%        -0.938000      -0.160000       0.208000
75%        -0.824000      -0.046000       0.401000
max         0.393000       1.815000       1.417000

Descriptive statistics for scaled GYRO channels (DEVICE_1) - training set
                   3              4              5
count  321104.000000  321104.000000  321104.000000
mean       -0.042383      -0.015662       0.006178
std         0.588956       0.296328       0.239577
min        -4.818000      -3.092000      -2.293000
25%        -0.217000      -0.104000      -0.072000
50%        -0.017000      -0.009000       0.001000
75%         0.135000       0.071000       0.080000
max         4.504000       2.847000       2.231000

Descriptive statistics for normalized MAG channels (DEVICE_1) - training set
                   6              7              8
count  321104.000000  321104.000000  321104.000000
mean        0.528444       0.074936       0.094922
std         0.374695       0.422486       0.622281
min        -0.941527      -0.991281      -0.999993
25%         0.453758      -0.225634      -0.530467
50%         0.633047       0.112509       0.230014
75%         0.754779       0.326759       0.692796
max         0.999999       0.999708       0.937748
--------------------STRATIY VAL/TEST--------------------
Validation GROUPS
group_id
S2-ADL5    22969
S3-ADL5    20648
S4-ADL1    28905
S4-ADL2    19679
Name: count, dtype: int64
Test GROUPS
group_id
S1-ADL5    22440
S4-ADL3    17621
S4-ADL4    15060
S4-ADL5    23817
Name: count, dtype: int64 


 Validation Split Label Proportion
45
1    0.482468
2    0.242416
4    0.219412
5    0.055704
Name: proportion, dtype: float64
Test Split Label Proportion
45
1    0.443652
2    0.293040
4    0.212014
5    0.051293
Name: proportion, dtype: float64

------------------------------ TRAIN ACC/GYRO after StandardScaler ------------------------------
global mean: -0.000000
global std : 1.000000
max |channel mean| : 0.000000
median |channel mean| : 0.000000
channel std range : [1.000000, 1.000000]

------------------------------ VAL ACC/GYRO after StandardScaler ------------------------------
global mean: 0.022184
global std : 1.109163
max |channel mean| : 0.320886
median |channel mean| : 0.019642
channel std range : [0.906077, 1.192128]

------------------------------ TEST ACC/GYRO after StandardScaler ------------------------------
global mean: 0.041351
global std : 1.147747
max |channel mean| : 0.986995
median |channel mean| : 0.031163
channel std range : [0.773088, 1.376504]
------------------------------------------------------------------------------------------
Training features: (321104, 46) | Training labels: (321104,)
Validation features: (92201, 46) | Validation labels: (92201,)
Test features: (78938, 46), Test labels: (78938,)

------------------------------ TRAIN MAG after window demeaning ------------------------------
max |window mean|  : 2.072917e-07
mean |window mean| : 2.329116e-08
channel global mean range : [-5.052513e-10, 1.604967e-10]
channel std range         : [0.118775, 0.221537]

------------------------------ VAL MAG after window demeaning ------------------------------
max |window mean|  : 2.112654e-07
mean |window mean| : 2.301904e-08
channel global mean range : [-1.111357e-09, 6.434629e-10]
channel std range         : [0.140005, 0.237182]

------------------------------ TEST MAG after window demeaning ------------------------------
max |window mean|  : 1.867612e-07
mean |window mean| : 2.268141e-08
channel global mean range : [-3.475548e-10, 1.060851e-09]
channel std range         : [0.145329, 0.274026]

TRAIN window label distribution
label 1: 4652 (0.4358)
label 2: 2791 (0.2615)
label 4: 2704 (0.2533)
label 5: 528 (0.0495)

VAL window label distribution
label 1: 1452 (0.4740)
label 2: 766 (0.2501)
label 4: 675 (0.2204)
label 5: 170 (0.0555)

TEST window label distribution
label 1: 1139 (0.4344)
label 2: 786 (0.2998)
label 4: 560 (0.2136)
label 5: 137 (0.0523)
------------------------------------------------------------------------------------------
Training (windows): (10675, 90, 45). Training Labels: (10675,)
Validation (windows): (3063, 90, 45). Validation Labels: (3063,)
Test (windows): (2622, 90, 45). Test Labels: (2622,)
------------------------------------------------------------------------------------------
Training set class distribution:
{'STAND': 4652, 'WALK': 2791, 'SIT': 2704, 'LIE': 528}
------------------------------------------------------------------------------------------
SSL encoder loaded

Epoch: 1/30 | tr_Loss: 0.4643 | tr_acc: 0.8188 | val_loss: 0.3469 | val_acc: 0.8495 | epoch_time: 2.92s

Epoch: 2/30 | tr_Loss: 0.2417 | tr_acc: 0.9009 | val_loss: 0.3420 | val_acc: 0.8498 | epoch_time: 2.74s

Epoch: 3/30 | tr_Loss: 0.2171 | tr_acc: 0.9126 | val_loss: 0.3026 | val_acc: 0.8661 | epoch_time: 2.74s

Epoch: 4/30 | tr_Loss: 0.2010 | tr_acc: 0.9159 | val_loss: 0.2989 | val_acc: 0.8684 | epoch_time: 2.74s

Epoch: 5/30 | tr_Loss: 0.1882 | tr_acc: 0.9231 | val_loss: 0.3002 | val_acc: 0.8707 | epoch_time: 2.74s

Epoch: 6/30 | tr_Loss: 0.1807 | tr_acc: 0.9241 | val_loss: 0.2754 | val_acc: 0.8831 | epoch_time: 2.74s

Epoch: 7/30 | tr_Loss: 0.1732 | tr_acc: 0.9289 | val_loss: 0.2943 | val_acc: 0.8753 | epoch_time: 2.74s

Epoch: 8/30 | tr_Loss: 0.1673 | tr_acc: 0.9290 | val_loss: 0.2896 | val_acc: 0.8818 | epoch_time: 2.74s

Epoch: 9/30 | tr_Loss: 0.1615 | tr_acc: 0.9352 | val_loss: 0.2902 | val_acc: 0.8805 | epoch_time: 2.75s

Epoch: 10/30 | tr_Loss: 0.1578 | tr_acc: 0.9349 | val_loss: 0.2753 | val_acc: 0.8854 | epoch_time: 2.74s

Epoch: 11/30 | tr_Loss: 0.1524 | tr_acc: 0.9375 | val_loss: 0.2809 | val_acc: 0.8841 | epoch_time: 2.74s

Epoch: 12/30 | tr_Loss: 0.1513 | tr_acc: 0.9366 | val_loss: 0.2754 | val_acc: 0.8838 | epoch_time: 2.74s

Epoch: 13/30 | tr_Loss: 0.1454 | tr_acc: 0.9406 | val_loss: 0.2836 | val_acc: 0.8848 | epoch_time: 2.74s

Epoch: 14/30 | tr_Loss: 0.1412 | tr_acc: 0.9434 | val_loss: 0.2723 | val_acc: 0.8906 | epoch_time: 2.74s

Epoch: 15/30 | tr_Loss: 0.1412 | tr_acc: 0.9429 | val_loss: 0.2724 | val_acc: 0.8893 | epoch_time: 2.75s

Epoch: 16/30 | tr_Loss: 0.1353 | tr_acc: 0.9461 | val_loss: 0.2684 | val_acc: 0.8903 | epoch_time: 2.74s

Epoch: 17/30 | tr_Loss: 0.1341 | tr_acc: 0.9444 | val_loss: 0.2725 | val_acc: 0.8857 | epoch_time: 2.74s

Epoch: 18/30 | tr_Loss: 0.1313 | tr_acc: 0.9480 | val_loss: 0.2676 | val_acc: 0.8913 | epoch_time: 2.74s

Epoch: 19/30 | tr_Loss: 0.1283 | tr_acc: 0.9479 | val_loss: 0.2653 | val_acc: 0.8910 | epoch_time: 2.74s

Epoch: 20/30 | tr_Loss: 0.1264 | tr_acc: 0.9475 | val_loss: 0.2757 | val_acc: 0.8877 | epoch_time: 2.74s

Epoch: 21/30 | tr_Loss: 0.1241 | tr_acc: 0.9505 | val_loss: 0.2688 | val_acc: 0.8897 | epoch_time: 2.74s

Epoch: 22/30 | tr_Loss: 0.1226 | tr_acc: 0.9498 | val_loss: 0.2649 | val_acc: 0.8955 | epoch_time: 2.74s

Epoch: 23/30 | tr_Loss: 0.1187 | tr_acc: 0.9505 | val_loss: 0.2784 | val_acc: 0.8861 | epoch_time: 2.74s

Epoch: 24/30 | tr_Loss: 0.1192 | tr_acc: 0.9517 | val_loss: 0.2715 | val_acc: 0.8883 | epoch_time: 2.74s

Epoch: 25/30 | tr_Loss: 0.1170 | tr_acc: 0.9533 | val_loss: 0.2690 | val_acc: 0.8903 | epoch_time: 2.74s

Epoch: 26/30 | tr_Loss: 0.1115 | tr_acc: 0.9538 | val_loss: 0.2792 | val_acc: 0.8877 | epoch_time: 2.74s

Epoch: 27/30 | tr_Loss: 0.1106 | tr_acc: 0.9557 | val_loss: 0.2864 | val_acc: 0.8897 | epoch_time: 2.74s

Early stopping at epoch 27 | Best Validation Loss: 0.2649
              precision    recall  f1-score   support

       STAND       0.89      0.90      0.89      1452
        WALK       0.85      0.80      0.82       766
         SIT       0.94      0.98      0.96       675
         LIE       0.97      0.99      0.98       170

    accuracy                           0.90      3063
   macro avg       0.91      0.92      0.91      3063
weighted avg       0.89      0.90      0.89      3063

------------------------------------------------------------------------------------------
Test Results:
 Accuracy: 0.8752860411899314
 Report:
 {'STAND': {'precision': 0.8172706245181187, 'recall': 0.9306409130816505, 'f1-score': 0.8702791461412152, 'support': 1139.0}, 'WALK': {'precision': 0.9306260575296108, 'recall': 0.6997455470737913, 'f1-score': 0.7988380537400145, 'support': 786.0}, 'SIT': {'precision': 0.9214046822742475, 'recall': 0.9839285714285714, 'f1-score': 0.9516407599309153, 'support': 560.0}, 'LIE': {'precision': 0.9852941176470589, 'recall': 0.9781021897810219, 'f1-score': 0.9816849816849816, 'support': 137.0}, 'accuracy': 0.8752860411899314, 'macro avg': {'precision': 0.913648870492259, 'recall': 0.8981043053412587, 'f1-score': 0.9006107353742817, 'support': 2622.0}, 'weighted avg': {'precision': 0.8822712580990224, 'recall': 0.8752860411899314, 'f1-score': 0.8720611463564647, 'support': 2622.0}}
 F1: 0.9006107353742817
 Confusion Matrix:
 [[1060   38   41    0]
 [ 233  550    3    0]
 [   4    3  551    2]
 [   0    0    3  134]]
------------------------------------------------------------------------------------------
Training set class distribution:
{'STAND': 4652, 'WALK': 2791, 'SIT': 2704, 'LIE': 528}
------------------------------------------------------------------------------------------
SSL encoder loaded

Epoch: 1/30 | tr_Loss: 0.4165 | tr_acc: 0.8414 | val_loss: 0.3406 | val_acc: 0.8557 | epoch_time: 2.93s

Epoch: 2/30 | tr_Loss: 0.2332 | tr_acc: 0.9061 | val_loss: 0.3374 | val_acc: 0.8626 | epoch_time: 2.74s

Epoch: 3/30 | tr_Loss: 0.2103 | tr_acc: 0.9158 | val_loss: 0.3304 | val_acc: 0.8642 | epoch_time: 2.74s

Epoch: 4/30 | tr_Loss: 0.2011 | tr_acc: 0.9199 | val_loss: 0.3315 | val_acc: 0.8632 | epoch_time: 2.74s

Epoch: 5/30 | tr_Loss: 0.1883 | tr_acc: 0.9221 | val_loss: 0.2999 | val_acc: 0.8737 | epoch_time: 2.74s

Epoch: 6/30 | tr_Loss: 0.1812 | tr_acc: 0.9268 | val_loss: 0.3157 | val_acc: 0.8694 | epoch_time: 2.74s

Epoch: 7/30 | tr_Loss: 0.1770 | tr_acc: 0.9282 | val_loss: 0.3100 | val_acc: 0.8723 | epoch_time: 2.74s

Epoch: 8/30 | tr_Loss: 0.1689 | tr_acc: 0.9316 | val_loss: 0.3091 | val_acc: 0.8714 | epoch_time: 2.74s

Epoch: 9/30 | tr_Loss: 0.1669 | tr_acc: 0.9308 | val_loss: 0.3124 | val_acc: 0.8733 | epoch_time: 2.74s

Epoch: 10/30 | tr_Loss: 0.1594 | tr_acc: 0.9363 | val_loss: 0.3095 | val_acc: 0.8746 | epoch_time: 2.74s

Early stopping at epoch 10 | Best Validation Loss: 0.2999
              precision    recall  f1-score   support

       STAND       0.86      0.88      0.87      1452
        WALK       0.83      0.74      0.78       766
         SIT       0.92      0.98      0.95       675
         LIE       0.98      0.99      0.98       170

    accuracy                           0.87      3063
   macro avg       0.90      0.90      0.90      3063
weighted avg       0.87      0.87      0.87      3063

------------------------------------------------------------------------------------------
Test Results:
 Accuracy: 0.8768115942028986
 Report:
 {'STAND': {'precision': 0.8185328185328186, 'recall': 0.9306409130816505, 'f1-score': 0.8709942481511914, 'support': 1139.0}, 'WALK': {'precision': 0.9279731993299832, 'recall': 0.7048346055979644, 'f1-score': 0.8011569052783803, 'support': 786.0}, 'SIT': {'precision': 0.927487352445194, 'recall': 0.9821428571428571, 'f1-score': 0.9540329575021682, 'support': 560.0}, 'LIE': {'precision': 0.9854014598540146, 'recall': 0.9854014598540146, 'f1-score': 0.9854014598540146, 'support': 137.0}, 'accuracy': 0.8768115942028986, 'macro avg': {'precision': 0.9148487075405025, 'recall': 0.9007549589191217, 'f1-score': 0.9028963926964386, 'support': 2622.0}, 'weighted avg': {'precision': 0.883329035984575, 'recall': 0.8768115942028986, 'f1-score': 0.8737720184569902, 'support': 2622.0}}
 F1: 0.9028963926964386
 Confusion Matrix:
 [[1060   41   38    0]
 [ 229  554    3    0]
 [   6    2  550    2]
 [   0    0    2  135]]
------------------------------------------------------------------------------------------
Training set class distribution:
{'STAND': 4652, 'WALK': 2791, 'SIT': 2704, 'LIE': 528}
------------------------------------------------------------------------------------------
SSL encoder loaded

Epoch: 1/30 | tr_Loss: 0.4472 | tr_acc: 0.8304 | val_loss: 0.3467 | val_acc: 0.8567 | epoch_time: 2.93s

Epoch: 2/30 | tr_Loss: 0.2384 | tr_acc: 0.9040 | val_loss: 0.3473 | val_acc: 0.8560 | epoch_time: 2.74s

Epoch: 3/30 | tr_Loss: 0.2099 | tr_acc: 0.9131 | val_loss: 0.3346 | val_acc: 0.8648 | epoch_time: 2.74s

Epoch: 4/30 | tr_Loss: 0.2007 | tr_acc: 0.9187 | val_loss: 0.3304 | val_acc: 0.8675 | epoch_time: 2.75s

Epoch: 5/30 | tr_Loss: 0.1868 | tr_acc: 0.9230 | val_loss: 0.3334 | val_acc: 0.8675 | epoch_time: 2.74s

Epoch: 6/30 | tr_Loss: 0.1810 | tr_acc: 0.9263 | val_loss: 0.3207 | val_acc: 0.8733 | epoch_time: 2.74s

Epoch: 7/30 | tr_Loss: 0.1758 | tr_acc: 0.9297 | val_loss: 0.3096 | val_acc: 0.8707 | epoch_time: 2.74s

Epoch: 8/30 | tr_Loss: 0.1687 | tr_acc: 0.9317 | val_loss: 0.3108 | val_acc: 0.8766 | epoch_time: 2.74s

Epoch: 9/30 | tr_Loss: 0.1627 | tr_acc: 0.9327 | val_loss: 0.3212 | val_acc: 0.8776 | epoch_time: 2.74s

Epoch: 10/30 | tr_Loss: 0.1586 | tr_acc: 0.9366 | val_loss: 0.3037 | val_acc: 0.8723 | epoch_time: 2.74s

Epoch: 11/30 | tr_Loss: 0.1549 | tr_acc: 0.9363 | val_loss: 0.3081 | val_acc: 0.8805 | epoch_time: 2.73s

Epoch: 12/30 | tr_Loss: 0.1500 | tr_acc: 0.9375 | val_loss: 0.2977 | val_acc: 0.8808 | epoch_time: 2.74s

Epoch: 13/30 | tr_Loss: 0.1466 | tr_acc: 0.9404 | val_loss: 0.3041 | val_acc: 0.8737 | epoch_time: 2.75s

Epoch: 14/30 | tr_Loss: 0.1413 | tr_acc: 0.9433 | val_loss: 0.2961 | val_acc: 0.8821 | epoch_time: 2.74s

Epoch: 15/30 | tr_Loss: 0.1408 | tr_acc: 0.9411 | val_loss: 0.2903 | val_acc: 0.8841 | epoch_time: 2.74s

Epoch: 16/30 | tr_Loss: 0.1353 | tr_acc: 0.9447 | val_loss: 0.3002 | val_acc: 0.8802 | epoch_time: 2.74s

Epoch: 17/30 | tr_Loss: 0.1325 | tr_acc: 0.9471 | val_loss: 0.2947 | val_acc: 0.8828 | epoch_time: 2.74s

Epoch: 18/30 | tr_Loss: 0.1303 | tr_acc: 0.9459 | val_loss: 0.3034 | val_acc: 0.8808 | epoch_time: 2.74s

Epoch: 19/30 | tr_Loss: 0.1257 | tr_acc: 0.9480 | val_loss: 0.3051 | val_acc: 0.8838 | epoch_time: 2.74s

Epoch: 20/30 | tr_Loss: 0.1255 | tr_acc: 0.9504 | val_loss: 0.3022 | val_acc: 0.8838 | epoch_time: 2.74s

Early stopping at epoch 20 | Best Validation Loss: 0.2903
              precision    recall  f1-score   support

       STAND       0.87      0.90      0.88      1452
        WALK       0.84      0.75      0.79       766
         SIT       0.94      0.97      0.96       675
         LIE       0.95      0.99      0.97       170

    accuracy                           0.88      3063
   macro avg       0.90      0.90      0.90      3063
weighted avg       0.88      0.88      0.88      3063

------------------------------------------------------------------------------------------
Test Results:
 Accuracy: 0.8699466056445462
 Report:
 {'STAND': {'precision': 0.8098159509202454, 'recall': 0.9271290605794557, 'f1-score': 0.8645108473188703, 'support': 1139.0}, 'WALK': {'precision': 0.9293103448275862, 'recall': 0.6857506361323156, 'f1-score': 0.7891654465592972, 'support': 786.0}, 'SIT': {'precision': 0.9183333333333333, 'recall': 0.9839285714285714, 'f1-score': 0.95, 'support': 560.0}, 'LIE': {'precision': 0.9782608695652174, 'recall': 0.9854014598540146, 'f1-score': 0.9818181818181818, 'support': 137.0}, 'accuracy': 0.8699466056445462, 'macro avg': {'precision': 0.9089301246615956, 'recall': 0.8955524319985892, 'f1-score': 0.8963736189240873, 'support': 2622.0}, 'weighted avg': {'precision': 0.8776150667161493, 'recall': 0.8699466056445462, 'f1-score': 0.8663123520216979, 'support': 2622.0}}
 F1: 0.8963736189240873
 Confusion Matrix:
 [[1056   38   45    0]
 [ 244  539    2    1]
 [   4    3  551    2]
 [   0    0    2  135]]
------------------------------------------------------------------------------------------
Training set class distribution:
{'STAND': 4652, 'WALK': 2791, 'SIT': 2704, 'LIE': 528}
------------------------------------------------------------------------------------------
SSL encoder loaded

Epoch: 1/30 | tr_Loss: 0.4639 | tr_acc: 0.8201 | val_loss: 0.3648 | val_acc: 0.8413 | epoch_time: 2.94s

Epoch: 2/30 | tr_Loss: 0.2374 | tr_acc: 0.9038 | val_loss: 0.3656 | val_acc: 0.8488 | epoch_time: 2.74s

Epoch: 3/30 | tr_Loss: 0.2150 | tr_acc: 0.9127 | val_loss: 0.3544 | val_acc: 0.8498 | epoch_time: 2.74s

Epoch: 4/30 | tr_Loss: 0.1982 | tr_acc: 0.9180 | val_loss: 0.3492 | val_acc: 0.8528 | epoch_time: 2.74s

Epoch: 5/30 | tr_Loss: 0.1878 | tr_acc: 0.9219 | val_loss: 0.3596 | val_acc: 0.8508 | epoch_time: 2.74s

Epoch: 6/30 | tr_Loss: 0.1793 | tr_acc: 0.9260 | val_loss: 0.3497 | val_acc: 0.8570 | epoch_time: 2.74s

Epoch: 7/30 | tr_Loss: 0.1739 | tr_acc: 0.9312 | val_loss: 0.3268 | val_acc: 0.8616 | epoch_time: 2.74s

Epoch: 8/30 | tr_Loss: 0.1685 | tr_acc: 0.9318 | val_loss: 0.3417 | val_acc: 0.8557 | epoch_time: 2.74s

Epoch: 9/30 | tr_Loss: 0.1619 | tr_acc: 0.9350 | val_loss: 0.3308 | val_acc: 0.8622 | epoch_time: 2.74s

Epoch: 10/30 | tr_Loss: 0.1577 | tr_acc: 0.9365 | val_loss: 0.3262 | val_acc: 0.8665 | epoch_time: 2.74s

Epoch: 11/30 | tr_Loss: 0.1549 | tr_acc: 0.9367 | val_loss: 0.3079 | val_acc: 0.8717 | epoch_time: 2.74s

Epoch: 12/30 | tr_Loss: 0.1471 | tr_acc: 0.9422 | val_loss: 0.3100 | val_acc: 0.8714 | epoch_time: 2.74s

Epoch: 13/30 | tr_Loss: 0.1478 | tr_acc: 0.9398 | val_loss: 0.3124 | val_acc: 0.8665 | epoch_time: 2.74s

Epoch: 14/30 | tr_Loss: 0.1406 | tr_acc: 0.9429 | val_loss: 0.3147 | val_acc: 0.8720 | epoch_time: 2.74s

Epoch: 15/30 | tr_Loss: 0.1372 | tr_acc: 0.9442 | val_loss: 0.3366 | val_acc: 0.8658 | epoch_time: 2.74s

Epoch: 16/30 | tr_Loss: 0.1333 | tr_acc: 0.9450 | val_loss: 0.3219 | val_acc: 0.8694 | epoch_time: 2.74s

Early stopping at epoch 16 | Best Validation Loss: 0.3079
              precision    recall  f1-score   support

       STAND       0.86      0.87      0.87      1452
        WALK       0.85      0.75      0.79       766
         SIT       0.88      0.99      0.93       675
         LIE       0.98      1.00      0.99       170

    accuracy                           0.87      3063
   macro avg       0.89      0.90      0.90      3063
weighted avg       0.87      0.87      0.87      3063

------------------------------------------------------------------------------------------
Test Results:
 Accuracy: 0.8672768878718535
 Report:
 {'STAND': {'precision': 0.8265472312703583, 'recall': 0.8911325724319579, 'f1-score': 0.857625686523025, 'support': 1139.0}, 'WALK': {'precision': 0.9138755980861244, 'recall': 0.7290076335877863, 'f1-score': 0.8110403397027601, 'support': 786.0}, 'SIT': {'precision': 0.8748019017432647, 'recall': 0.9857142857142858, 'f1-score': 0.9269521410579346, 'support': 560.0}, 'LIE': {'precision': 0.9852941176470589, 'recall': 0.9781021897810219, 'f1-score': 0.9816849816849816, 'support': 137.0}, 'accuracy': 0.8672768878718535, 'macro avg': {'precision': 0.9001297121867016, 'recall': 0.8959891703787629, 'f1-score': 0.8943257872421754, 'support': 2622.0}, 'weighted avg': {'precision': 0.8713264209025581, 'recall': 0.8672768878718535, 'f1-score': 0.8649494299921361, 'support': 2622.0}}
 F1: 0.8943257872421754
 Confusion Matrix:
 [[1015   51   73    0]
 [ 209  573    4    0]
 [   3    3  552    2]
 [   1    0    2  134]]
------------------------------------------------------------------------------------------
Training set class distribution:
{'STAND': 4652, 'WALK': 2791, 'SIT': 2704, 'LIE': 528}
------------------------------------------------------------------------------------------
SSL encoder loaded

Epoch: 1/30 | tr_Loss: 0.4553 | tr_acc: 0.8216 | val_loss: 0.3599 | val_acc: 0.8511 | epoch_time: 2.95s

Epoch: 2/30 | tr_Loss: 0.2327 | tr_acc: 0.9089 | val_loss: 0.3227 | val_acc: 0.8635 | epoch_time: 2.74s

Epoch: 3/30 | tr_Loss: 0.2064 | tr_acc: 0.9168 | val_loss: 0.3119 | val_acc: 0.8704 | epoch_time: 2.74s

Epoch: 4/30 | tr_Loss: 0.1908 | tr_acc: 0.9217 | val_loss: 0.3262 | val_acc: 0.8707 | epoch_time: 2.74s

Epoch: 5/30 | tr_Loss: 0.1820 | tr_acc: 0.9266 | val_loss: 0.3000 | val_acc: 0.8759 | epoch_time: 2.74s

Epoch: 6/30 | tr_Loss: 0.1732 | tr_acc: 0.9302 | val_loss: 0.3029 | val_acc: 0.8743 | epoch_time: 2.74s

Epoch: 7/30 | tr_Loss: 0.1696 | tr_acc: 0.9290 | val_loss: 0.2913 | val_acc: 0.8799 | epoch_time: 2.75s

Epoch: 8/30 | tr_Loss: 0.1626 | tr_acc: 0.9341 | val_loss: 0.2827 | val_acc: 0.8821 | epoch_time: 2.74s

Epoch: 9/30 | tr_Loss: 0.1556 | tr_acc: 0.9361 | val_loss: 0.2902 | val_acc: 0.8854 | epoch_time: 2.74s

Epoch: 10/30 | tr_Loss: 0.1538 | tr_acc: 0.9359 | val_loss: 0.2722 | val_acc: 0.8854 | epoch_time: 2.74s

Epoch: 11/30 | tr_Loss: 0.1484 | tr_acc: 0.9404 | val_loss: 0.3021 | val_acc: 0.8802 | epoch_time: 2.75s

Epoch: 12/30 | tr_Loss: 0.1434 | tr_acc: 0.9411 | val_loss: 0.2679 | val_acc: 0.8883 | epoch_time: 2.74s

Epoch: 13/30 | tr_Loss: 0.1430 | tr_acc: 0.9423 | val_loss: 0.2899 | val_acc: 0.8825 | epoch_time: 2.75s

Epoch: 14/30 | tr_Loss: 0.1369 | tr_acc: 0.9443 | val_loss: 0.2878 | val_acc: 0.8857 | epoch_time: 2.74s

Epoch: 15/30 | tr_Loss: 0.1347 | tr_acc: 0.9451 | val_loss: 0.2822 | val_acc: 0.8880 | epoch_time: 2.74s

Epoch: 16/30 | tr_Loss: 0.1325 | tr_acc: 0.9459 | val_loss: 0.2828 | val_acc: 0.8867 | epoch_time: 2.74s

Epoch: 17/30 | tr_Loss: 0.1276 | tr_acc: 0.9464 | val_loss: 0.2670 | val_acc: 0.8919 | epoch_time: 2.74s

Epoch: 18/30 | tr_Loss: 0.1267 | tr_acc: 0.9489 | val_loss: 0.2877 | val_acc: 0.8834 | epoch_time: 2.74s

Epoch: 19/30 | tr_Loss: 0.1234 | tr_acc: 0.9488 | val_loss: 0.2744 | val_acc: 0.8900 | epoch_time: 2.74s

Epoch: 20/30 | tr_Loss: 0.1210 | tr_acc: 0.9505 | val_loss: 0.2733 | val_acc: 0.8932 | epoch_time: 2.74s

Epoch: 21/30 | tr_Loss: 0.1183 | tr_acc: 0.9507 | val_loss: 0.2699 | val_acc: 0.8910 | epoch_time: 2.74s

Epoch: 22/30 | tr_Loss: 0.1167 | tr_acc: 0.9529 | val_loss: 0.2567 | val_acc: 0.8959 | epoch_time: 2.74s

Epoch: 23/30 | tr_Loss: 0.1136 | tr_acc: 0.9523 | val_loss: 0.2647 | val_acc: 0.8906 | epoch_time: 2.74s

Epoch: 24/30 | tr_Loss: 0.1138 | tr_acc: 0.9527 | val_loss: 0.2815 | val_acc: 0.8870 | epoch_time: 2.74s

Epoch: 25/30 | tr_Loss: 0.1080 | tr_acc: 0.9569 | val_loss: 0.2714 | val_acc: 0.8893 | epoch_time: 2.74s

Epoch: 26/30 | tr_Loss: 0.1050 | tr_acc: 0.9578 | val_loss: 0.2616 | val_acc: 0.8955 | epoch_time: 2.74s

Epoch: 27/30 | tr_Loss: 0.1067 | tr_acc: 0.9551 | val_loss: 0.2646 | val_acc: 0.8965 | epoch_time: 2.74s

Early stopping at epoch 27 | Best Validation Loss: 0.2567
              precision    recall  f1-score   support

       STAND       0.90      0.89      0.89      1452
        WALK       0.84      0.82      0.83       766
         SIT       0.92      0.98      0.95       675
         LIE       0.98      0.99      0.99       170

    accuracy                           0.90      3063
   macro avg       0.91      0.92      0.91      3063
weighted avg       0.90      0.90      0.90      3063

------------------------------------------------------------------------------------------
Test Results:
 Accuracy: 0.8829138062547673
 Report:
 {'STAND': {'precision': 0.8446443172526574, 'recall': 0.9069359086918349, 'f1-score': 0.8746824724809483, 'support': 1139.0}, 'WALK': {'precision': 0.9127105666156202, 'recall': 0.7582697201017812, 'f1-score': 0.828353022932592, 'support': 786.0}, 'SIT': {'precision': 0.9078947368421053, 'recall': 0.9857142857142858, 'f1-score': 0.9452054794520548, 'support': 560.0}, 'LIE': {'precision': 0.9710144927536232, 'recall': 0.9781021897810219, 'f1-score': 0.9745454545454545, 'support': 137.0}, 'accuracy': 0.8829138062547673, 'macro avg': {'precision': 0.9090660283660015, 'recall': 0.9072555260722309, 'f1-score': 0.9056966073527624, 'support': 2622.0}, 'weighted avg': {'precision': 0.8851603435734097, 'recall': 0.8829138062547673, 'f1-score': 0.8810742211848572, 'support': 2622.0}}
 F1: 0.9056966073527624
 Confusion Matrix:
 [[1033   54   52    0]
 [ 188  596    1    1]
 [   2    3  552    3]
 [   0    0    3  134]]
Total wall time:7min 46s
