Job started on gpu016.orc.gmu.edu
CUDA_VISIBLE_DEVICES=0
Wed Jun 10 15:36:59 2026       
+-----------------------------------------------------------------------------------------+
| NVIDIA-SMI 560.35.05              Driver Version: 560.35.05      CUDA Version: 12.6     |
|-----------------------------------------+------------------------+----------------------+
| GPU  Name                 Persistence-M | Bus-Id          Disp.A | Volatile Uncorr. ECC |
| Fan  Temp   Perf          Pwr:Usage/Cap |           Memory-Usage | GPU-Util  Compute M. |
|                                         |                        |               MIG M. |
|=========================================+========================+======================|
|   0  NVIDIA A100-SXM4-80GB          On  |   00000000:81:00.0 Off |                    0 |
| N/A   28C    P0             78W /  500W |       1MiB /  81920MiB |      0%      Default |
|                                         |                        |             Disabled |
+-----------------------------------------+------------------------+----------------------+
                                                                                         
+-----------------------------------------------------------------------------------------+
| Processes:                                                                              |
|  GPU   GI   CI        PID   Type   Process name                              GPU Memory |
|        ID   ID                                                               Usage      |
|=========================================================================================|
|  No running processes found                                                             |
+-----------------------------------------------------------------------------------------+
Mamba version: 2.3.0
Path: /home/kmercad/myenv/lib/python3.10/site-packages/mamba_ssm/modules/mamba2.py
------------------------------------------------------------------------------------------
Sensor subset training shape: (402331, 29)
Sensor Validation training shape: (205551, 29)
Sensor Test training shape: (198521, 29)
----------------------------------------------------------------------
Rows containing NaNs - training: 5501
Rows containing NaNs - validation: 2883
Rows containing NaNs - test: 2391
------------------------------------------------------------------------------------------
Reindexed training shape: (402331, 29)
Reindexed validation shape: (205551, 29)
Reindexed test shape: (198521, 29)
------------------------------------------------------------------------------------------
After Interpolation. Training shape: (402169, 29)
After Interpolation. Validation shape: (205551, 29)
After Interpolation. Test shape: (198521, 29)


Descriptive statistics for ACC channels (DEVICE_1) - training set
                   0              1              2
count  402169.000000  402169.000000  402169.000000
mean       -4.472970       2.076986       3.917949
std         6.047678       4.395465       3.013525
min       -46.595200     -25.433399     -26.612600
25%        -9.218630      -0.461773       1.545980
50%        -6.577720       2.785400       3.473250
75%         0.402804       4.600980       6.648180
max        11.732000      44.433399      42.538799

Descriptive statistics for GYRO channels (DEVICE_1) - training set
                   3              4              5
count  402169.000000  402169.000000  402169.000000
mean       -0.018554       0.017859      -0.006466
std         0.874044       0.615937       1.156125
min       -11.201600      -5.375390      -7.652640
25%        -0.075198      -0.037889      -0.049097
50%        -0.005911       0.003083      -0.006919
75%         0.050174       0.050461       0.032628
max        15.206800       4.933770       6.466060

Descriptive statistics for MAG channels (DEVICE_1) - training set
                   6              7              8
count  402169.000000  402169.000000  402169.000000
mean       18.920177      -4.970082     -21.359594
std        24.783958      20.912968      13.535551
min       -42.399502    -200.042999    -100.803001
25%         3.228720     -20.247601     -32.660400
50%        22.786501      -7.290180     -21.442600
75%        40.156399      12.527900     -13.194400
max       102.622002      66.647598      91.020699
------------------------------------------------------------------------------------------


Descriptive statistics for ACC channels (DEVICE_1) - training set
                   0              1              2
count  402169.000000  402169.000000  402169.000000
mean       -0.455960       0.211721       0.399383
std         0.616481       0.448060       0.307189
min        -4.749765      -2.592599      -2.712803
25%        -0.939718      -0.047072       0.157592
50%        -0.670512       0.283935       0.354052
75%         0.041061       0.469009       0.677694
max         1.195922       4.529398       4.336269

Descriptive statistics for scaled GYRO channels (DEVICE_1) - training set
                   3              4              5
count  402169.000000  402169.000000  402169.000000
mean       -0.018554       0.017859      -0.006466
std         0.874044       0.615937       1.156125
min       -11.201600      -5.375390      -7.652640
25%        -0.075198      -0.037889      -0.049097
50%        -0.005911       0.003083      -0.006919
75%         0.050174       0.050461       0.032628
max        15.206800       4.933770       6.466060

Descriptive statistics for MAG channels (DEVICE_1) - training set
                   6              7              8
count  402169.000000  402169.000000  402169.000000
mean        0.385956      -0.104535      -0.505564
std         0.520753       0.465289       0.311191
min        -0.995270      -0.999992      -0.998618
25%         0.097332      -0.488024      -0.797664
50%         0.478097      -0.165284      -0.503906
75%         0.857966       0.271176      -0.301818
max         0.999999       0.999163       0.963648
--------------------STRATIY VAL/TEST--------------------
Validation GROUPS
group_id
102    103884
104    105177
Name: count, dtype: int64
Test GROUPS
group_id
101     94637
103    100374
Name: count, dtype: int64 


 Validation Split Label Proportion
27
1.0    0.222313
2.0    0.228818
3.0    0.240514
4.0    0.308355
Name: proportion, dtype: float64
Test Split Label Proportion
27
1.0    0.252452
2.0    0.267887
3.0    0.216654
4.0    0.263006
Name: proportion, dtype: float64

------------------------------ TRAIN ACC/GYRO after StandardScaler ------------------------------
global mean: -0.000000
global std : 1.000000
max |channel mean| : 0.000000
median |channel mean| : 0.000000
channel std range : [1.000000, 1.000000]

------------------------------ VAL ACC/GYRO after StandardScaler ------------------------------
global mean: 0.031551
global std : 1.105216
max |channel mean| : 0.720150
median |channel mean| : 0.032157
channel std range : [0.599716, 1.502193]

------------------------------ TEST ACC/GYRO after StandardScaler ------------------------------
global mean: 0.060568
global std : 1.138100
max |channel mean| : 0.499289
median |channel mean| : 0.026242
channel std range : [0.724615, 1.632424]

TRAIN top channels by |mean|:
channel 11 | mean=0.000000 | std=1.000000
channel 2 | mean=-0.000000 | std=1.000000
channel 1 | mean=-0.000000 | std=1.000000
channel 23 | mean=-0.000000 | std=1.000000
channel 21 | mean=0.000000 | std=1.000000
channel 0 | mean=0.000000 | std=1.000000
channel 14 | mean=0.000000 | std=1.000000
channel 13 | mean=-0.000000 | std=1.000000
channel 9 | mean=0.000000 | std=1.000000
channel 10 | mean=-0.000000 | std=1.000000

TRAIN top channels by std deviation from 1:
channel 11 | mean=0.000000 | std=1.000000
channel 22 | mean=-0.000000 | std=1.000000
channel 1 | mean=-0.000000 | std=1.000000
channel 10 | mean=-0.000000 | std=1.000000
channel 2 | mean=-0.000000 | std=1.000000
channel 9 | mean=0.000000 | std=1.000000
channel 20 | mean=-0.000000 | std=1.000000
channel 19 | mean=0.000000 | std=1.000000
channel 12 | mean=-0.000000 | std=1.000000
channel 18 | mean=0.000000 | std=1.000000

VAL top channels by |mean|:
channel 20 | mean=0.720150 | std=0.959842
channel 11 | mean=-0.532034 | std=1.238754
channel 1 | mean=0.329844 | std=0.599716
channel 18 | mean=0.133423 | std=0.894581
channel 10 | mean=0.081380 | std=0.730443
channel 19 | mean=-0.041182 | std=0.946841
channel 22 | mean=-0.039876 | std=0.762295
channel 13 | mean=-0.038614 | std=1.177285
channel 0 | mean=-0.038017 | std=1.072383
channel 21 | mean=-0.026297 | std=0.982926

VAL top channels by std deviation from 1:
channel 3 | mean=0.012412 | std=1.502193
channel 14 | mean=0.002459 | std=1.498430
channel 1 | mean=0.329844 | std=0.599716
channel 10 | mean=0.081380 | std=0.730443
channel 11 | mean=-0.532034 | std=1.238754
channel 22 | mean=-0.039876 | std=0.762295
channel 5 | mean=-0.001751 | std=1.233308
channel 13 | mean=-0.038614 | std=1.177285
channel 4 | mean=-0.009989 | std=1.167651
channel 12 | mean=0.010194 | std=1.132933

TEST top channels by |mean|:
channel 1 | mean=0.499289 | std=0.764034
channel 20 | mean=0.376054 | std=1.478265
channel 0 | mean=0.298815 | std=1.156521
channel 9 | mean=0.210001 | std=1.632424
channel 11 | mean=-0.078001 | std=1.071991
channel 4 | mean=-0.067040 | std=1.442494
channel 19 | mean=-0.062023 | std=1.030083
channel 10 | mean=-0.028649 | std=0.989262
channel 13 | mean=-0.027041 | std=0.875623
channel 22 | mean=0.025443 | std=0.893150

TEST top channels by std deviation from 1:
channel 9 | mean=0.210001 | std=1.632424
channel 20 | mean=0.376054 | std=1.478265
channel 4 | mean=-0.067040 | std=1.442494
channel 5 | mean=-0.019176 | std=1.353217
channel 21 | mean=-0.014675 | std=0.724615
channel 3 | mean=0.003815 | std=1.240410
channel 1 | mean=0.499289 | std=0.764034
channel 2 | mean=-0.005215 | std=1.161279
channel 0 | mean=0.298815 | std=1.156521
channel 14 | mean=0.003687 | std=1.154837

TRAIN outlier rates |z|>5.0:
channel 12 | rate=0.005853
channel 19 | rate=0.005714
channel 13 | rate=0.004608
channel 3 | rate=0.003981
channel 22 | rate=0.003282
channel 20 | rate=0.003260
channel 21 | rate=0.002250
channel 4 | rate=0.001668
channel 9 | rate=0.000666
channel 14 | rate=0.000602

VAL outlier rates |z|>5.0:
channel 3 | rate=0.019157
channel 14 | rate=0.018315
channel 12 | rate=0.006759
channel 13 | rate=0.006161
channel 20 | rate=0.006017
channel 4 | rate=0.004630
channel 5 | rate=0.004176
channel 19 | rate=0.002167
channel 21 | rate=0.001999
channel 9 | rate=0.001722

TEST outlier rates |z|>5.0:
channel 9 | rate=0.025142
channel 4 | rate=0.024660
channel 5 | rate=0.011979
channel 3 | rate=0.009066
channel 20 | rate=0.006866
channel 19 | rate=0.005897
channel 12 | rate=0.005061
channel 14 | rate=0.002872
channel 13 | rate=0.001800
channel 21 | rate=0.000626

------------------------------ TRAIN MAG after window demeaning ------------------------------
max |window mean|  : 1.486391e-07
mean |window mean| : 1.893170e-08
channel global mean range : [-5.820696e-10, 1.017226e-09]
channel std range         : [0.051236, 0.194402]

------------------------------ VAL MAG after window demeaning ------------------------------
max |window mean|  : 1.568347e-07
mean |window mean| : 1.850703e-08
channel global mean range : [-1.147432e-09, 1.103631e-09]
channel std range         : [0.054411, 0.196744]

------------------------------ TEST MAG after window demeaning ------------------------------
max |window mean|  : 1.445413e-07
mean |window mean| : 1.858077e-08
channel global mean range : [-3.193895e-09, 8.675460e-10]
channel std range         : [0.058013, 0.201229]

TRAIN window label distribution
label 1: 801 (0.2400)
label 2: 708 (0.2122)
label 3: 812 (0.2433)
label 4: 1016 (0.3045)

VAL window label distribution
label 1: 385 (0.2219)
label 2: 398 (0.2294)
label 3: 419 (0.2415)
label 4: 533 (0.3072)

TEST window label distribution
label 1: 407 (0.2515)
label 2: 436 (0.2695)
label 3: 352 (0.2176)
label 4: 423 (0.2614)
------------------------------------------------------------------------------------------
Training (windows): (3337, 160, 27). Training Labels (3337,)
Validation (windows): (1735, 160, 27). Validation Labels (1735,)
Test (windows): (1618, 160, 27). Test Labels (1618,)
------------------------------------------------------------------------------------------
Training set class distribution:--
{'LIE': 801, 'SIT': 708, 'STAND': 812, 'WALK': 1016}
------------------------------------------------------------------------------------------
SSL encoder loaded

Epoch: 1/40 | tr_Loss: 0.6173 | tr_acc: 0.8172 | val_loss: 0.3422 | val_acc: 0.8369 | epoch_time: 26.79s

Epoch: 2/40 | tr_Loss: 0.1890 | tr_acc: 0.9470 | val_loss: 0.6410 | val_acc: 0.7706 | epoch_time: 2.69s

Epoch: 3/40 | tr_Loss: 0.1292 | tr_acc: 0.9616 | val_loss: 0.8290 | val_acc: 0.7556 | epoch_time: 2.68s

Epoch: 4/40 | tr_Loss: 0.0966 | tr_acc: 0.9697 | val_loss: 0.9971 | val_acc: 0.7424 | epoch_time: 2.67s

Epoch: 5/40 | tr_Loss: 0.0810 | tr_acc: 0.9745 | val_loss: 1.1248 | val_acc: 0.7308 | epoch_time: 2.68s

Epoch: 6/40 | tr_Loss: 0.0590 | tr_acc: 0.9823 | val_loss: 1.2966 | val_acc: 0.7262 | epoch_time: 2.69s

Early stopping at epoch 6 | Best Validation Loss: 0.3422
              precision    recall  f1-score   support

         LIE       1.00      0.94      0.97       385
         SIT       0.94      0.40      0.56       398
       STAND       0.61      0.98      0.75       419
        WALK       0.99      0.98      0.98       533

    accuracy                           0.84      1735
   macro avg       0.88      0.82      0.82      1735
weighted avg       0.89      0.84      0.83      1735

------------------------------------------------------------------------------------------
Test Results:
 Accuracy: 0.7929542645241038
 Report:
 {'LIE': {'precision': 1.0, 'recall': 0.8378378378378378, 'f1-score': 0.9117647058823529, 'support': 407.0}, 'SIT': {'precision': 0.6674259681093394, 'recall': 0.6720183486238532, 'f1-score': 0.6697142857142857, 'support': 436.0}, 'STAND': {'precision': 0.6218274111675127, 'recall': 0.6960227272727273, 'f1-score': 0.6568364611260054, 'support': 352.0}, 'WALK': {'precision': 0.9099099099099099, 'recall': 0.9550827423167849, 'f1-score': 0.9319492502883506, 'support': 423.0}, 'accuracy': 0.7929542645241038, 'macro avg': {'precision': 0.7997908222966905, 'recall': 0.7902404140128008, 'f1-score': 0.7925661757527487, 'support': 1618.0}, 'weighted avg': {'precision': 0.8045567754749866, 'recall': 0.7929542645241038, 'f1-score': 0.7963563850765589, 'support': 1618.0}}
 F1: 0.7925661757527487
 Confusion Matrix:
 [[341  21   5  40]
 [  0 293 143   0]
 [  0 107 245   0]
 [  0  18   1 404]]
------------------------------------------------------------------------------------------
Training set class distribution:--
{'LIE': 801, 'SIT': 708, 'STAND': 812, 'WALK': 1016}
------------------------------------------------------------------------------------------
SSL encoder loaded

Epoch: 1/40 | tr_Loss: 0.6018 | tr_acc: 0.8325 | val_loss: 0.4690 | val_acc: 0.7798 | epoch_time: 2.81s

Epoch: 2/40 | tr_Loss: 0.1873 | tr_acc: 0.9482 | val_loss: 0.6780 | val_acc: 0.7573 | epoch_time: 2.69s

Epoch: 3/40 | tr_Loss: 0.1283 | tr_acc: 0.9598 | val_loss: 0.8128 | val_acc: 0.7573 | epoch_time: 2.68s

Epoch: 4/40 | tr_Loss: 0.1030 | tr_acc: 0.9691 | val_loss: 0.9362 | val_acc: 0.7522 | epoch_time: 2.71s

Epoch: 5/40 | tr_Loss: 0.0817 | tr_acc: 0.9745 | val_loss: 1.1258 | val_acc: 0.7562 | epoch_time: 2.67s

Epoch: 6/40 | tr_Loss: 0.0649 | tr_acc: 0.9787 | val_loss: 1.2882 | val_acc: 0.7251 | epoch_time: 2.69s

Early stopping at epoch 6 | Best Validation Loss: 0.4690
              precision    recall  f1-score   support

         LIE       1.00      0.93      0.97       385
         SIT       0.87      0.15      0.26       398
       STAND       0.53      0.99      0.69       419
        WALK       0.99      0.98      0.98       533

    accuracy                           0.78      1735
   macro avg       0.85      0.76      0.72      1735
weighted avg       0.85      0.78      0.74      1735

------------------------------------------------------------------------------------------
Test Results:
 Accuracy: 0.7892459826946848
 Report:
 {'LIE': {'precision': 0.9416666666666667, 'recall': 0.8329238329238329, 'f1-score': 0.8839634941329857, 'support': 407.0}, 'SIT': {'precision': 0.6873449131513648, 'recall': 0.6353211009174312, 'f1-score': 0.6603098927294399, 'support': 436.0}, 'STAND': {'precision': 0.6277915632754343, 'recall': 0.71875, 'f1-score': 0.6701986754966888, 'support': 352.0}, 'WALK': {'precision': 0.9026548672566371, 'recall': 0.9645390070921985, 'f1-score': 0.9325714285714286, 'support': 423.0}, 'accuracy': 0.7892459826946848, 'macro avg': {'precision': 0.7898645025875257, 'recall': 0.7878834852333657, 'f1-score': 0.7867608727326358, 'support': 1618.0}, 'weighted avg': {'precision': 0.7946516406612105, 'recall': 0.7892459826946848, 'f1-score': 0.7898985805949997, 'support': 1618.0}}
 F1: 0.7867608727326358
 Confusion Matrix:
 [[339  18   9  41]
 [ 21 277 135   3]
 [  0  99 253   0]
 [  0   9   6 408]]
------------------------------------------------------------------------------------------
Training set class distribution:--
{'LIE': 801, 'SIT': 708, 'STAND': 812, 'WALK': 1016}
------------------------------------------------------------------------------------------
SSL encoder loaded

Epoch: 1/40 | tr_Loss: 0.5697 | tr_acc: 0.8613 | val_loss: 0.5110 | val_acc: 0.8265 | epoch_time: 2.82s

Epoch: 2/40 | tr_Loss: 0.1805 | tr_acc: 0.9509 | val_loss: 0.6118 | val_acc: 0.7787 | epoch_time: 2.72s

Epoch: 3/40 | tr_Loss: 0.1340 | tr_acc: 0.9598 | val_loss: 0.7228 | val_acc: 0.7614 | epoch_time: 2.72s

Epoch: 4/40 | tr_Loss: 0.1078 | tr_acc: 0.9664 | val_loss: 0.7708 | val_acc: 0.7585 | epoch_time: 2.71s

Epoch: 5/40 | tr_Loss: 0.0857 | tr_acc: 0.9745 | val_loss: 0.8721 | val_acc: 0.7625 | epoch_time: 2.73s

Epoch: 6/40 | tr_Loss: 0.0741 | tr_acc: 0.9775 | val_loss: 0.9390 | val_acc: 0.7620 | epoch_time: 2.72s

Early stopping at epoch 6 | Best Validation Loss: 0.5110
              precision    recall  f1-score   support

         LIE       1.00      0.94      0.97       385
         SIT       0.96      0.34      0.51       398
       STAND       0.59      0.99      0.74       419
        WALK       0.99      0.98      0.98       533

    accuracy                           0.83      1735
   macro avg       0.88      0.81      0.80      1735
weighted avg       0.89      0.83      0.81      1735

------------------------------------------------------------------------------------------
Test Results:
 Accuracy: 0.7762669962917181
 Report:
 {'LIE': {'precision': 0.9711815561959655, 'recall': 0.828009828009828, 'f1-score': 0.8938992042440318, 'support': 407.0}, 'SIT': {'precision': 0.6997084548104956, 'recall': 0.5504587155963303, 'f1-score': 0.6161745827984596, 'support': 436.0}, 'STAND': {'precision': 0.5705394190871369, 'recall': 0.78125, 'f1-score': 0.6594724220623501, 'support': 352.0}, 'WALK': {'precision': 0.905829596412556, 'recall': 0.9550827423167849, 'f1-score': 0.9298043728423475, 'support': 423.0}, 'accuracy': 0.7762669962917181, 'macro avg': {'precision': 0.7868147566265385, 'recall': 0.7787003214807358, 'f1-score': 0.7748376454867972, 'support': 1618.0}, 'weighted avg': {'precision': 0.7937821844686759, 'recall': 0.7762669962917181, 'f1-score': 0.7774478593978428, 'support': 1618.0}}
 F1: 0.7748376454867972
 Confusion Matrix:
 [[337  16  14  40]
 [ 10 240 184   2]
 [  0  77 275   0]
 [  0  10   9 404]]
------------------------------------------------------------------------------------------
Training set class distribution:--
{'LIE': 801, 'SIT': 708, 'STAND': 812, 'WALK': 1016}
------------------------------------------------------------------------------------------
SSL encoder loaded

Epoch: 1/40 | tr_Loss: 0.6318 | tr_acc: 0.8166 | val_loss: 0.4435 | val_acc: 0.8138 | epoch_time: 2.84s

Epoch: 2/40 | tr_Loss: 0.1888 | tr_acc: 0.9500 | val_loss: 0.6295 | val_acc: 0.7689 | epoch_time: 2.71s

Epoch: 3/40 | tr_Loss: 0.1304 | tr_acc: 0.9607 | val_loss: 0.8702 | val_acc: 0.7568 | epoch_time: 2.68s

Epoch: 4/40 | tr_Loss: 0.1043 | tr_acc: 0.9679 | val_loss: 1.0026 | val_acc: 0.7568 | epoch_time: 2.69s

Epoch: 5/40 | tr_Loss: 0.0811 | tr_acc: 0.9745 | val_loss: 1.2409 | val_acc: 0.7487 | epoch_time: 2.67s

Epoch: 6/40 | tr_Loss: 0.0647 | tr_acc: 0.9778 | val_loss: 1.4755 | val_acc: 0.7297 | epoch_time: 2.67s

Early stopping at epoch 6 | Best Validation Loss: 0.4435
              precision    recall  f1-score   support

         LIE       1.00      0.94      0.97       385
         SIT       0.96      0.29      0.44       398
       STAND       0.57      0.99      0.72       419
        WALK       0.99      0.98      0.99       533

    accuracy                           0.81      1735
   macro avg       0.88      0.80      0.78      1735
weighted avg       0.88      0.81      0.79      1735

------------------------------------------------------------------------------------------
Test Results:
 Accuracy: 0.8096415327564895
 Report:
 {'LIE': {'precision': 1.0, 'recall': 0.8427518427518428, 'f1-score': 0.9146666666666666, 'support': 407.0}, 'SIT': {'precision': 0.7384615384615385, 'recall': 0.6605504587155964, 'f1-score': 0.6973365617433414, 'support': 436.0}, 'STAND': {'precision': 0.6164383561643836, 'recall': 0.7670454545454546, 'f1-score': 0.6835443037974683, 'support': 352.0}, 'WALK': {'precision': 0.9149888143176734, 'recall': 0.966903073286052, 'f1-score': 0.9402298850574713, 'support': 423.0}, 'accuracy': 0.8096415327564895, 'macro avg': {'precision': 0.8174721772358989, 'recall': 0.8093127073247364, 'f1-score': 0.8089443543162369, 'support': 1618.0}, 'weighted avg': {'precision': 0.8238540176733433, 'recall': 0.8096415327564895, 'f1-score': 0.8125048891034915, 'support': 1618.0}}
 F1: 0.8089443543162369
 Confusion Matrix:
 [[343  14  13  37]
 [  0 288 147   1]
 [  0  82 270   0]
 [  0   6   8 409]]
------------------------------------------------------------------------------------------
Training set class distribution:--
{'LIE': 801, 'SIT': 708, 'STAND': 812, 'WALK': 1016}
------------------------------------------------------------------------------------------
SSL encoder loaded

Epoch: 1/40 | tr_Loss: 0.5926 | tr_acc: 0.8157 | val_loss: 0.4413 | val_acc: 0.7827 | epoch_time: 2.81s

Epoch: 2/40 | tr_Loss: 0.1726 | tr_acc: 0.9530 | val_loss: 0.6285 | val_acc: 0.7585 | epoch_time: 2.68s

Epoch: 3/40 | tr_Loss: 0.1212 | tr_acc: 0.9643 | val_loss: 0.8049 | val_acc: 0.7585 | epoch_time: 2.68s

Epoch: 4/40 | tr_Loss: 0.0944 | tr_acc: 0.9718 | val_loss: 0.9608 | val_acc: 0.7614 | epoch_time: 2.69s

Epoch: 5/40 | tr_Loss: 0.0750 | tr_acc: 0.9757 | val_loss: 1.1172 | val_acc: 0.7597 | epoch_time: 2.71s

Epoch: 6/40 | tr_Loss: 0.0628 | tr_acc: 0.9781 | val_loss: 1.1996 | val_acc: 0.7585 | epoch_time: 2.68s

Early stopping at epoch 6 | Best Validation Loss: 0.4413
              precision    recall  f1-score   support

         LIE       1.00      0.94      0.97       385
         SIT       0.89      0.16      0.27       398
       STAND       0.53      0.99      0.69       419
        WALK       0.98      0.98      0.98       533

    accuracy                           0.78      1735
   macro avg       0.85      0.76      0.73      1735
weighted avg       0.86      0.78      0.74      1735

------------------------------------------------------------------------------------------
Test Results:
 Accuracy: 0.80778739184178
 Report:
 {'LIE': {'precision': 1.0, 'recall': 0.8378378378378378, 'f1-score': 0.9117647058823529, 'support': 407.0}, 'SIT': {'precision': 0.7142857142857143, 'recall': 0.6880733944954128, 'f1-score': 0.7009345794392523, 'support': 436.0}, 'STAND': {'precision': 0.6365853658536585, 'recall': 0.7414772727272727, 'f1-score': 0.6850393700787402, 'support': 352.0}, 'WALK': {'precision': 0.9060402684563759, 'recall': 0.9574468085106383, 'f1-score': 0.9310344827586207, 'support': 423.0}, 'accuracy': 0.80778739184178, 'macro avg': {'precision': 0.8142278371489372, 'recall': 0.8062088283927905, 'f1-score': 0.8071932845397415, 'support': 1618.0}, 'weighted avg': {'precision': 0.8193829751335638, 'recall': 0.80778739184178, 'f1-score': 0.8106657332535505, 'support': 1618.0}}
 F1: 0.8071932845397415
 Confusion Matrix:
 [[341  16  10  40]
 [  0 300 134   2]
 [  0  91 261   0]
 [  0  13   5 405]]
Total wall time:6min 50s
