Job started on gpu015.orc.gmu.edu
CUDA_VISIBLE_DEVICES=0
Wed Jun 10 16:01:06 2026       
+-----------------------------------------------------------------------------------------+
| NVIDIA-SMI 560.35.05              Driver Version: 560.35.05      CUDA Version: 12.6     |
|-----------------------------------------+------------------------+----------------------+
| GPU  Name                 Persistence-M | Bus-Id          Disp.A | Volatile Uncorr. ECC |
| Fan  Temp   Perf          Pwr:Usage/Cap |           Memory-Usage | GPU-Util  Compute M. |
|                                         |                        |               MIG M. |
|=========================================+========================+======================|
|   0  NVIDIA A100-SXM4-80GB          On  |   00000000:81:00.0 Off |                    0 |
| N/A   25C    P0             67W /  500W |    1709MiB /  81920MiB |      0%      Default |
|                                         |                        |             Disabled |
+-----------------------------------------+------------------------+----------------------+
                                                                                         
+-----------------------------------------------------------------------------------------+
| Processes:                                                                              |
|  GPU   GI   CI        PID   Type   Process name                              GPU Memory |
|        ID   ID                                                               Usage      |
|=========================================================================================|
+-----------------------------------------------------------------------------------------+
Mamba version: 2.3.0
Path: /home/kmercad/myenv/lib/python3.10/site-packages/mamba_ssm/modules/mamba2.py
------------------------------------------------------------------------------------------
Sensor subset training shape: (406737, 29)
Sensor Validation training shape: (198521, 29)
Sensor Test training shape: (201145, 29)
----------------------------------------------------------------------
Rows containing NaNs - training: 5497
Rows containing NaNs - validation: 2391
Rows containing NaNs - test: 2887
------------------------------------------------------------------------------------------
Reindexed training shape: (406737, 29)
Reindexed validation shape: (198521, 29)
Reindexed test shape: (201145, 29)
------------------------------------------------------------------------------------------
After Interpolation. Training shape: (406575, 29)
After Interpolation. Validation shape: (198521, 29)
After Interpolation. Test shape: (201145, 29)


Descriptive statistics for ACC channels (DEVICE_1) - training set
                   0              1              2
count  406575.000000  406575.000000  406575.000000
mean       -3.827294       3.636419       4.363521
std         6.310787       3.263454       3.117056
min       -46.595200     -29.776199     -27.224800
25%        -8.983690       1.772125       2.437135
50%        -3.405350       3.300490       4.341030
75%         0.726166       6.130730       6.763865
max        21.033199      44.433399      42.538799

Descriptive statistics for GYRO channels (DEVICE_1) - training set
                   3              4              5
count  406575.000000  406575.000000  406575.000000
mean       -0.013760      -0.011843      -0.014494
std         1.073794       0.808793       1.230876
min       -19.690500      -7.609010      -9.727150
25%        -0.092129      -0.048373      -0.049837
50%        -0.004342       0.004638      -0.005660
75%         0.069167       0.057477       0.053066
max        16.295200       9.949770       9.010740

Descriptive statistics for MAG channels (DEVICE_1) - training set
                   6              7              8
count  406575.000000  406575.000000  406575.000000
mean       19.873219      -9.115096     -23.528975
std        19.181040      19.477190      15.534224
min       -35.888401    -200.042999    -100.803001
25%         4.475440     -22.078800     -33.724998
50%        17.971300     -13.155900     -23.655399
75%        35.541401       6.443530     -12.927000
max       102.622002      54.329498      91.020699
------------------------------------------------------------------------------------------


Descriptive statistics for ACC channels (DEVICE_1) - training set
                   0              1              2
count  406575.000000  406575.000000  406575.000000
mean       -0.390142       0.370685       0.444803
std         0.643301       0.332666       0.317743
min        -4.749765      -3.035290      -2.775209
25%        -0.915769       0.180645       0.248434
50%        -0.347130       0.336441       0.442511
75%         0.074023       0.624947       0.689487
max         2.144057       4.529398       4.336269

Descriptive statistics for scaled GYRO channels (DEVICE_1) - training set
                   3              4              5
count  406575.000000  406575.000000  406575.000000
mean       -0.013760      -0.011843      -0.014494
std         1.073794       0.808793       1.230876
min       -19.690500      -7.609010      -9.727150
25%        -0.092129      -0.048373      -0.049837
50%        -0.004342       0.004638      -0.005660
75%         0.069167       0.057477       0.053066
max        16.295200       9.949770       9.010740

Descriptive statistics for MAG channels (DEVICE_1) - training set
                   6              7              8
count  406575.000000  406575.000000  406575.000000
mean        0.421319      -0.232595      -0.552334
std         0.402731       0.430319       0.340516
min        -0.975326      -0.999992      -0.998618
25%         0.134558      -0.592650      -0.822622
50%         0.356876      -0.324671      -0.632820
75%         0.803167       0.126091      -0.295326
max         0.999999       0.999163       0.963648
--------------------STRATIY VAL/TEST--------------------
Validation GROUPS
group_id
101    94637
107    97364
Name: count, dtype: int64
Test GROUPS
group_id
102    103884
108    103781
Name: count, dtype: int64 


 Validation Split Label Proportion
27
1.0    0.274988
2.0    0.186259
3.0    0.247228
4.0    0.291525
Name: proportion, dtype: float64
Test Split Label Proportion
27
1.0    0.229191
2.0    0.217986
3.0    0.244317
4.0    0.308506
Name: proportion, dtype: float64

------------------------------ TRAIN ACC/GYRO after StandardScaler ------------------------------
global mean: -0.000000
global std : 1.000000
max |channel mean| : 0.000000
median |channel mean| : 0.000000
channel std range : [1.000000, 1.000000]

------------------------------ VAL ACC/GYRO after StandardScaler ------------------------------
global mean: -0.043285
global std : 1.095798
max |channel mean| : 0.688987
median |channel mean| : 0.026642
channel std range : [0.523086, 1.645483]

------------------------------ TEST ACC/GYRO after StandardScaler ------------------------------
global mean: -0.123235
global std : 1.197249
max |channel mean| : 0.962494
median |channel mean| : 0.021656
channel std range : [0.844463, 1.652085]

TRAIN top channels by |mean|:
channel 10 | mean=-0.000000 | std=1.000000
channel 11 | mean=-0.000000 | std=1.000000
channel 5 | mean=0.000000 | std=1.000000
channel 1 | mean=0.000000 | std=1.000000
channel 13 | mean=-0.000000 | std=1.000000
channel 12 | mean=-0.000000 | std=1.000000
channel 9 | mean=-0.000000 | std=1.000000
channel 19 | mean=0.000000 | std=1.000000
channel 0 | mean=-0.000000 | std=1.000000
channel 22 | mean=0.000000 | std=1.000000

TRAIN top channels by std deviation from 1:
channel 23 | mean=-0.000000 | std=1.000000
channel 18 | mean=0.000000 | std=1.000000
channel 5 | mean=0.000000 | std=1.000000
channel 11 | mean=-0.000000 | std=1.000000
channel 20 | mean=-0.000000 | std=1.000000
channel 1 | mean=0.000000 | std=1.000000
channel 2 | mean=-0.000000 | std=1.000000
channel 10 | mean=-0.000000 | std=1.000000
channel 0 | mean=-0.000000 | std=1.000000
channel 21 | mean=0.000000 | std=1.000000

VAL top channels by |mean|:
channel 20 | mean=-0.688987 | std=1.111634
channel 9 | mean=0.353688 | std=1.489556
channel 11 | mean=-0.234551 | std=1.157194
channel 18 | mean=-0.204107 | std=1.208648
channel 1 | mean=0.201215 | std=0.814287
channel 2 | mean=-0.176226 | std=1.092600
channel 0 | mean=-0.052132 | std=0.959261
channel 4 | mean=0.041643 | std=0.523086
channel 19 | mean=0.035349 | std=1.137477
channel 13 | mean=-0.017936 | std=0.786109

VAL top channels by std deviation from 1:
channel 22 | mean=-0.008448 | std=1.645483
channel 9 | mean=0.353688 | std=1.489556
channel 4 | mean=0.041643 | std=0.523086
channel 3 | mean=-0.005129 | std=0.683142
channel 13 | mean=-0.017936 | std=0.786109
channel 18 | mean=-0.204107 | std=1.208648
channel 1 | mean=0.201215 | std=0.814287
channel 11 | mean=-0.234551 | std=1.157194
channel 19 | mean=0.035349 | std=1.137477
channel 20 | mean=-0.688987 | std=1.111634

TEST top channels by |mean|:
channel 1 | mean=-0.962494 | std=1.452116
channel 11 | mean=-0.495380 | std=1.271867
channel 2 | mean=-0.411876 | std=0.923123
channel 20 | mean=-0.362612 | std=1.006412
channel 19 | mean=0.124184 | std=1.024717
channel 0 | mean=-0.116793 | std=1.114406
channel 18 | mean=-0.053677 | std=1.155525
channel 4 | mean=0.048476 | std=0.917238
channel 9 | mean=0.031376 | std=1.062461
channel 10 | mean=-0.011936 | std=0.928542

TEST top channels by std deviation from 1:
channel 22 | mean=-0.010959 | std=1.652085
channel 14 | mean=0.001063 | std=1.517971
channel 1 | mean=-0.962494 | std=1.452116
channel 5 | mean=-0.002011 | std=1.274950
channel 11 | mean=-0.495380 | std=1.271867
channel 3 | mean=0.000497 | std=1.164617
channel 21 | mean=0.007627 | std=1.156787
channel 13 | mean=-0.005194 | std=0.844463
channel 18 | mean=-0.053677 | std=1.155525
channel 12 | mean=0.011364 | std=1.136324

TRAIN outlier rates |z|>5.0:
channel 12 | rate=0.005423
channel 3 | rate=0.004693
channel 19 | rate=0.004690
channel 21 | rate=0.004447
channel 5 | rate=0.004176
channel 20 | rate=0.003994
channel 13 | rate=0.003084
channel 22 | rate=0.003079
channel 4 | rate=0.002236
channel 14 | rate=0.000967

VAL outlier rates |z|>5.0:
channel 22 | rate=0.033864
channel 9 | rate=0.025109
channel 12 | rate=0.008818
channel 19 | rate=0.008490
channel 21 | rate=0.004089
channel 20 | rate=0.004016
channel 14 | rate=0.002198
channel 13 | rate=0.001307
channel 18 | rate=0.001057
channel 5 | rate=0.000682

TEST outlier rates |z|>5.0:
channel 22 | rate=0.031243
channel 14 | rate=0.017326
channel 3 | rate=0.007998
channel 12 | rate=0.007031
channel 19 | rate=0.006265
channel 20 | rate=0.003275
channel 21 | rate=0.002937
channel 13 | rate=0.002730
channel 5 | rate=0.001883
channel 1 | rate=0.001175

------------------------------ TRAIN MAG after window demeaning ------------------------------
max |window mean|  : 1.456588e-07
mean |window mean| : 1.861353e-08
channel global mean range : [-1.200617e-09, 5.383674e-10]
channel std range         : [0.054501, 0.192207]

------------------------------ VAL MAG after window demeaning ------------------------------
max |window mean|  : 1.486391e-07
mean |window mean| : 1.875210e-08
channel global mean range : [-2.196354e-09, 7.915950e-10]
channel std range         : [0.055690, 0.194879]

------------------------------ TEST MAG after window demeaning ------------------------------
max |window mean|  : 1.568347e-07
mean |window mean| : 1.896361e-08
channel global mean range : [-1.138559e-09, 1.584384e-09]
channel std range         : [0.050416, 0.188828]

TRAIN window label distribution
label 1: 762 (0.2258)
label 2: 867 (0.2570)
label 3: 764 (0.2264)
label 4: 981 (0.2908)

VAL window label distribution
label 1: 437 (0.2743)
label 2: 298 (0.1871)
label 3: 396 (0.2486)
label 4: 462 (0.2900)

TEST window label distribution
label 1: 394 (0.2287)
label 2: 377 (0.2188)
label 3: 423 (0.2455)
label 4: 529 (0.3070)
------------------------------------------------------------------------------------------
Training (windows): (3374, 160, 27). Training Labels (3374,)
Validation (windows): (1593, 160, 27). Validation Labels (1593,)
Test (windows): (1723, 160, 27). Test Labels (1723,)
------------------------------------------------------------------------------------------
Training set class distribution:--
{'LIE': 762, 'SIT': 867, 'STAND': 764, 'WALK': 981}
------------------------------------------------------------------------------------------
SSL encoder loaded

Epoch: 1/40 | tr_Loss: 0.5698 | tr_acc: 0.8402 | val_loss: 0.3937 | val_acc: 0.8713 | epoch_time: 82.09s

Epoch: 2/40 | tr_Loss: 0.2018 | tr_acc: 0.9431 | val_loss: 0.3925 | val_acc: 0.8512 | epoch_time: 2.67s

Epoch: 3/40 | tr_Loss: 0.1424 | tr_acc: 0.9606 | val_loss: 0.4054 | val_acc: 0.8487 | epoch_time: 2.67s

Epoch: 4/40 | tr_Loss: 0.1176 | tr_acc: 0.9692 | val_loss: 0.3876 | val_acc: 0.8770 | epoch_time: 2.65s

Epoch: 5/40 | tr_Loss: 0.0986 | tr_acc: 0.9733 | val_loss: 0.3760 | val_acc: 0.8562 | epoch_time: 2.66s

Epoch: 6/40 | tr_Loss: 0.0834 | tr_acc: 0.9763 | val_loss: 0.3653 | val_acc: 0.8782 | epoch_time: 2.70s

Epoch: 7/40 | tr_Loss: 0.0719 | tr_acc: 0.9793 | val_loss: 0.3698 | val_acc: 0.8763 | epoch_time: 2.68s

Epoch: 8/40 | tr_Loss: 0.0620 | tr_acc: 0.9831 | val_loss: 0.3834 | val_acc: 0.8343 | epoch_time: 2.66s

Epoch: 9/40 | tr_Loss: 0.0542 | tr_acc: 0.9855 | val_loss: 0.4027 | val_acc: 0.8324 | epoch_time: 2.66s

Epoch: 10/40 | tr_Loss: 0.0463 | tr_acc: 0.9864 | val_loss: 0.4342 | val_acc: 0.8198 | epoch_time: 2.65s

Epoch: 11/40 | tr_Loss: 0.0337 | tr_acc: 0.9902 | val_loss: 0.5430 | val_acc: 0.8123 | epoch_time: 2.66s

Early stopping at epoch 11 | Best Validation Loss: 0.3653
              precision    recall  f1-score   support

         LIE       0.99      0.97      0.98       437
         SIT       0.76      0.64      0.70       298
       STAND       0.73      0.85      0.79       396
        WALK       0.98      0.97      0.98       462

    accuracy                           0.88      1593
   macro avg       0.87      0.86      0.86      1593
weighted avg       0.88      0.88      0.88      1593

------------------------------------------------------------------------------------------
Test Results:
 Accuracy: 0.8270458502611724
 Report:
 {'LIE': {'precision': 0.9868766404199475, 'recall': 0.9543147208121827, 'f1-score': 0.9703225806451613, 'support': 394.0}, 'SIT': {'precision': 0.7525773195876289, 'recall': 0.5809018567639257, 'f1-score': 0.655688622754491, 'support': 377.0}, 'STAND': {'precision': 0.6365503080082136, 'recall': 0.7328605200945626, 'f1-score': 0.6813186813186813, 'support': 423.0}, 'WALK': {'precision': 0.9219858156028369, 'recall': 0.9829867674858223, 'f1-score': 0.9515096065873742, 'support': 529.0}, 'accuracy': 0.8270458502611724, 'macro avg': {'precision': 0.8244975209046568, 'recall': 0.8127659662891233, 'f1-score': 0.8147098728264269, 'support': 1723.0}, 'weighted avg': {'precision': 0.8296821372904065, 'recall': 0.8270458502611724, 'f1-score': 0.8247522296199419, 'support': 1723.0}}
 F1: 0.8147098728264269
 Confusion Matrix:
 [[376   1  17   0]
 [  5 219 153   0]
 [  0  69 310  44]
 [  0   2   7 520]]
------------------------------------------------------------------------------------------
Training set class distribution:--
{'LIE': 762, 'SIT': 867, 'STAND': 764, 'WALK': 981}
------------------------------------------------------------------------------------------
SSL encoder loaded

Epoch: 1/40 | tr_Loss: 0.5519 | tr_acc: 0.8554 | val_loss: 0.4142 | val_acc: 0.8562 | epoch_time: 2.80s

Epoch: 2/40 | tr_Loss: 0.1928 | tr_acc: 0.9461 | val_loss: 0.4598 | val_acc: 0.8242 | epoch_time: 2.67s

Epoch: 3/40 | tr_Loss: 0.1409 | tr_acc: 0.9630 | val_loss: 0.4729 | val_acc: 0.8274 | epoch_time: 2.65s

Epoch: 4/40 | tr_Loss: 0.1153 | tr_acc: 0.9689 | val_loss: 0.4669 | val_acc: 0.8380 | epoch_time: 2.66s

Epoch: 5/40 | tr_Loss: 0.0991 | tr_acc: 0.9751 | val_loss: 0.4352 | val_acc: 0.8556 | epoch_time: 2.66s

Epoch: 6/40 | tr_Loss: 0.0864 | tr_acc: 0.9766 | val_loss: 0.3993 | val_acc: 0.8625 | epoch_time: 2.68s

Epoch: 7/40 | tr_Loss: 0.0764 | tr_acc: 0.9787 | val_loss: 0.3887 | val_acc: 0.8663 | epoch_time: 2.66s

Epoch: 8/40 | tr_Loss: 0.0594 | tr_acc: 0.9816 | val_loss: 0.3547 | val_acc: 0.8719 | epoch_time: 2.65s

Epoch: 9/40 | tr_Loss: 0.0490 | tr_acc: 0.9855 | val_loss: 0.4408 | val_acc: 0.8230 | epoch_time: 2.66s

Epoch: 10/40 | tr_Loss: 0.0382 | tr_acc: 0.9890 | val_loss: 0.4098 | val_acc: 0.8751 | epoch_time: 2.65s

Epoch: 11/40 | tr_Loss: 0.0329 | tr_acc: 0.9896 | val_loss: 0.4808 | val_acc: 0.8355 | epoch_time: 2.64s

Epoch: 12/40 | tr_Loss: 0.0268 | tr_acc: 0.9923 | val_loss: 0.5921 | val_acc: 0.7997 | epoch_time: 2.64s

Epoch: 13/40 | tr_Loss: 0.0222 | tr_acc: 0.9938 | val_loss: 0.5189 | val_acc: 0.8424 | epoch_time: 2.65s

Early stopping at epoch 13 | Best Validation Loss: 0.3547
              precision    recall  f1-score   support

         LIE       0.98      0.87      0.92       437
         SIT       0.69      0.73      0.71       298
       STAND       0.78      0.87      0.82       396
        WALK       0.99      0.97      0.98       462

    accuracy                           0.87      1593
   macro avg       0.86      0.86      0.86      1593
weighted avg       0.88      0.87      0.87      1593

------------------------------------------------------------------------------------------
Test Results:
 Accuracy: 0.7486941381311666
 Report:
 {'LIE': {'precision': 0.9973045822102425, 'recall': 0.9390862944162437, 'f1-score': 0.9673202614379085, 'support': 394.0}, 'SIT': {'precision': 0.6395663956639567, 'recall': 0.6259946949602122, 'f1-score': 0.6327077747989276, 'support': 377.0}, 'STAND': {'precision': 0.5266457680250783, 'recall': 0.3971631205673759, 'f1-score': 0.4528301886792453, 'support': 423.0}, 'WALK': {'precision': 0.7771084337349398, 'recall': 0.9754253308128544, 'f1-score': 0.865046102263202, 'support': 529.0}, 'accuracy': 0.7486941381311666, 'macro avg': {'precision': 0.7351562949085543, 'recall': 0.7344173601891716, 'f1-score': 0.7294760817948208, 'support': 1723.0}, 'weighted avg': {'precision': 0.7358769923833655, 'recall': 0.7486941381311666, 'f1-score': 0.7363967336124704, 'support': 1723.0}}
 F1: 0.7294760817948208
 Confusion Matrix:
 [[370  12  12   0]
 [  1 236 137   3]
 [  0 110 168 145]
 [  0  11   2 516]]
------------------------------------------------------------------------------------------
Training set class distribution:--
{'LIE': 762, 'SIT': 867, 'STAND': 764, 'WALK': 981}
------------------------------------------------------------------------------------------
SSL encoder loaded

Epoch: 1/40 | tr_Loss: 0.5554 | tr_acc: 0.8497 | val_loss: 0.4432 | val_acc: 0.8600 | epoch_time: 2.80s

Epoch: 2/40 | tr_Loss: 0.1863 | tr_acc: 0.9469 | val_loss: 0.4939 | val_acc: 0.8230 | epoch_time: 2.68s

Epoch: 3/40 | tr_Loss: 0.1378 | tr_acc: 0.9603 | val_loss: 0.5167 | val_acc: 0.8280 | epoch_time: 2.67s

Epoch: 4/40 | tr_Loss: 0.1130 | tr_acc: 0.9698 | val_loss: 0.4703 | val_acc: 0.8274 | epoch_time: 2.68s

Epoch: 5/40 | tr_Loss: 0.0961 | tr_acc: 0.9736 | val_loss: 0.4185 | val_acc: 0.8406 | epoch_time: 2.68s

Epoch: 6/40 | tr_Loss: 0.0832 | tr_acc: 0.9778 | val_loss: 0.3861 | val_acc: 0.8600 | epoch_time: 2.65s

Epoch: 7/40 | tr_Loss: 0.0706 | tr_acc: 0.9801 | val_loss: 0.3756 | val_acc: 0.8713 | epoch_time: 2.76s

Epoch: 8/40 | tr_Loss: 0.0613 | tr_acc: 0.9825 | val_loss: 0.3759 | val_acc: 0.8757 | epoch_time: 2.74s

Epoch: 9/40 | tr_Loss: 0.0505 | tr_acc: 0.9858 | val_loss: 0.4074 | val_acc: 0.8550 | epoch_time: 2.68s

Epoch: 10/40 | tr_Loss: 0.0413 | tr_acc: 0.9867 | val_loss: 0.4994 | val_acc: 0.8330 | epoch_time: 2.70s

Epoch: 11/40 | tr_Loss: 0.0329 | tr_acc: 0.9896 | val_loss: 0.6389 | val_acc: 0.7954 | epoch_time: 2.68s

Epoch: 12/40 | tr_Loss: 0.0244 | tr_acc: 0.9935 | val_loss: 0.6140 | val_acc: 0.8110 | epoch_time: 3.26s

Early stopping at epoch 12 | Best Validation Loss: 0.3756
              precision    recall  f1-score   support

         LIE       0.99      0.87      0.93       437
         SIT       0.85      0.65      0.73       298
       STAND       0.75      0.92      0.83       396
        WALK       0.91      0.97      0.94       462

    accuracy                           0.87      1593
   macro avg       0.87      0.85      0.86      1593
weighted avg       0.88      0.87      0.87      1593

------------------------------------------------------------------------------------------
Test Results:
 Accuracy: 0.800348229831689
 Report:
 {'LIE': {'precision': 0.9920212765957447, 'recall': 0.9467005076142132, 'f1-score': 0.9688311688311688, 'support': 394.0}, 'SIT': {'precision': 0.7433155080213903, 'recall': 0.7374005305039788, 'f1-score': 0.7403462050599201, 'support': 377.0}, 'STAND': {'precision': 0.6645367412140575, 'recall': 0.491725768321513, 'f1-score': 0.5652173913043478, 'support': 423.0}, 'WALK': {'precision': 0.7878787878787878, 'recall': 0.9829867674858223, 'f1-score': 0.8746846089150546, 'support': 529.0}, 'accuracy': 0.800348229831689, 'macro avg': {'precision': 0.7969380784274951, 'recall': 0.7897033934813819, 'f1-score': 0.7872698435276229, 'support': 1723.0}, 'weighted avg': {'precision': 0.7945288739548535, 'recall': 0.800348229831689, 'f1-score': 0.7908445237753182, 'support': 1723.0}}
 F1: 0.7872698435276229
 Confusion Matrix:
 [[373   9  11   1]
 [  3 278  92   4]
 [  0  80 208 135]
 [  0   7   2 520]]
------------------------------------------------------------------------------------------
Training set class distribution:--
{'LIE': 762, 'SIT': 867, 'STAND': 764, 'WALK': 981}
------------------------------------------------------------------------------------------
SSL encoder loaded

Epoch: 1/40 | tr_Loss: 0.5704 | tr_acc: 0.8388 | val_loss: 0.4011 | val_acc: 0.8719 | epoch_time: 2.83s

Epoch: 2/40 | tr_Loss: 0.2018 | tr_acc: 0.9413 | val_loss: 0.4183 | val_acc: 0.8550 | epoch_time: 2.68s

Epoch: 3/40 | tr_Loss: 0.1430 | tr_acc: 0.9624 | val_loss: 0.4058 | val_acc: 0.8594 | epoch_time: 2.67s

Epoch: 4/40 | tr_Loss: 0.1183 | tr_acc: 0.9674 | val_loss: 0.3565 | val_acc: 0.8606 | epoch_time: 2.65s

Epoch: 5/40 | tr_Loss: 0.0996 | tr_acc: 0.9730 | val_loss: 0.3202 | val_acc: 0.8694 | epoch_time: 2.75s

Epoch: 6/40 | tr_Loss: 0.0872 | tr_acc: 0.9772 | val_loss: 0.3070 | val_acc: 0.8788 | epoch_time: 2.73s

Epoch: 7/40 | tr_Loss: 0.0769 | tr_acc: 0.9793 | val_loss: 0.2870 | val_acc: 0.8820 | epoch_time: 2.70s

Epoch: 8/40 | tr_Loss: 0.0665 | tr_acc: 0.9804 | val_loss: 0.3171 | val_acc: 0.9146 | epoch_time: 2.69s

Epoch: 9/40 | tr_Loss: 0.0553 | tr_acc: 0.9840 | val_loss: 0.3113 | val_acc: 0.8945 | epoch_time: 2.68s

Epoch: 10/40 | tr_Loss: 0.0440 | tr_acc: 0.9878 | val_loss: 0.3241 | val_acc: 0.8952 | epoch_time: 2.71s

Epoch: 11/40 | tr_Loss: 0.0349 | tr_acc: 0.9905 | val_loss: 0.3923 | val_acc: 0.8788 | epoch_time: 2.69s

Epoch: 12/40 | tr_Loss: 0.0274 | tr_acc: 0.9920 | val_loss: 0.4187 | val_acc: 0.8983 | epoch_time: 2.68s

Early stopping at epoch 12 | Best Validation Loss: 0.2870
              precision    recall  f1-score   support

         LIE       0.99      0.87      0.93       437
         SIT       0.74      0.73      0.74       298
       STAND       0.78      0.91      0.84       396
        WALK       0.99      0.97      0.98       462

    accuracy                           0.88      1593
   macro avg       0.87      0.87      0.87      1593
weighted avg       0.89      0.88      0.88      1593

------------------------------------------------------------------------------------------
Test Results:
 Accuracy: 0.7655252466627974
 Report:
 {'LIE': {'precision': 1.0, 'recall': 0.934010152284264, 'f1-score': 0.9658792650918635, 'support': 394.0}, 'SIT': {'precision': 0.8446969696969697, 'recall': 0.5915119363395226, 'f1-score': 0.6957878315132605, 'support': 377.0}, 'STAND': {'precision': 0.5603217158176944, 'recall': 0.4940898345153664, 'f1-score': 0.5251256281407035, 'support': 423.0}, 'WALK': {'precision': 0.7228412256267409, 'recall': 0.9810964083175804, 'f1-score': 0.8323977546110666, 'support': 529.0}, 'accuracy': 0.7655252466627974, 'macro avg': {'precision': 0.7819649777853512, 'recall': 0.7501770828641834, 'f1-score': 0.7547976198392234, 'support': 1723.0}, 'weighted avg': {'precision': 0.7729830828341198, 'recall': 0.7655252466627974, 'f1-score': 0.7575943098197709, 'support': 1723.0}}
 F1: 0.7547976198392234
 Confusion Matrix:
 [[368  14  12   0]
 [  0 223 149   5]
 [  0  20 209 194]
 [  0   7   3 519]]
------------------------------------------------------------------------------------------
Training set class distribution:--
{'LIE': 762, 'SIT': 867, 'STAND': 764, 'WALK': 981}
------------------------------------------------------------------------------------------
SSL encoder loaded

Epoch: 1/40 | tr_Loss: 0.5393 | tr_acc: 0.8518 | val_loss: 0.4124 | val_acc: 0.8682 | epoch_time: 2.80s

Epoch: 2/40 | tr_Loss: 0.1915 | tr_acc: 0.9449 | val_loss: 0.4181 | val_acc: 0.8355 | epoch_time: 2.69s

Epoch: 3/40 | tr_Loss: 0.1455 | tr_acc: 0.9624 | val_loss: 0.3909 | val_acc: 0.8569 | epoch_time: 2.69s

Epoch: 4/40 | tr_Loss: 0.1185 | tr_acc: 0.9683 | val_loss: 0.3810 | val_acc: 0.8544 | epoch_time: 2.69s

Epoch: 5/40 | tr_Loss: 0.1066 | tr_acc: 0.9727 | val_loss: 0.3617 | val_acc: 0.8588 | epoch_time: 2.68s

Epoch: 6/40 | tr_Loss: 0.0951 | tr_acc: 0.9757 | val_loss: 0.3157 | val_acc: 0.8669 | epoch_time: 3.05s

Epoch: 7/40 | tr_Loss: 0.0823 | tr_acc: 0.9748 | val_loss: 0.2913 | val_acc: 0.8889 | epoch_time: 2.67s

Epoch: 8/40 | tr_Loss: 0.0704 | tr_acc: 0.9781 | val_loss: 0.2707 | val_acc: 0.9228 | epoch_time: 2.67s

Epoch: 9/40 | tr_Loss: 0.0578 | tr_acc: 0.9843 | val_loss: 0.2724 | val_acc: 0.9278 | epoch_time: 2.67s

Epoch: 10/40 | tr_Loss: 0.0520 | tr_acc: 0.9849 | val_loss: 0.2682 | val_acc: 0.9266 | epoch_time: 3.33s

Epoch: 11/40 | tr_Loss: 0.0439 | tr_acc: 0.9861 | val_loss: 0.3062 | val_acc: 0.9253 | epoch_time: 3.23s

Epoch: 12/40 | tr_Loss: 0.0380 | tr_acc: 0.9881 | val_loss: 0.3317 | val_acc: 0.9140 | epoch_time: 2.65s

Epoch: 13/40 | tr_Loss: 0.0300 | tr_acc: 0.9902 | val_loss: 0.3747 | val_acc: 0.9021 | epoch_time: 2.67s

Epoch: 14/40 | tr_Loss: 0.0246 | tr_acc: 0.9917 | val_loss: 0.3589 | val_acc: 0.9253 | epoch_time: 2.65s

Epoch: 15/40 | tr_Loss: 0.0261 | tr_acc: 0.9923 | val_loss: 0.3601 | val_acc: 0.9096 | epoch_time: 2.65s

Early stopping at epoch 15 | Best Validation Loss: 0.2682
              precision    recall  f1-score   support

         LIE       0.99      0.97      0.98       437
         SIT       0.98      0.76      0.86       298
       STAND       0.84      0.95      0.89       396
        WALK       0.93      0.97      0.95       462

    accuracy                           0.93      1593
   macro avg       0.93      0.91      0.92      1593
weighted avg       0.93      0.93      0.93      1593

------------------------------------------------------------------------------------------
Test Results:
 Accuracy: 0.7521764364480558
 Report:
 {'LIE': {'precision': 0.9973474801061007, 'recall': 0.9543147208121827, 'f1-score': 0.9753566796368353, 'support': 394.0}, 'SIT': {'precision': 0.8194945848375451, 'recall': 0.6021220159151194, 'f1-score': 0.6941896024464832, 'support': 377.0}, 'STAND': {'precision': 0.5245398773006135, 'recall': 0.40425531914893614, 'f1-score': 0.45660881174899864, 'support': 423.0}, 'WALK': {'precision': 0.702557200538358, 'recall': 0.9867674858223062, 'f1-score': 0.8207547169811321, 'support': 529.0}, 'accuracy': 0.7521764364480558, 'macro avg': {'precision': 0.7609847856956543, 'recall': 0.7368648854246361, 'f1-score': 0.7367274527033624, 'support': 1723.0}, 'weighted avg': {'precision': 0.7518499668186355, 'recall': 0.7521764364480558, 'f1-score': 0.7390161256831588, 'support': 1723.0}}
 F1: 0.7367274527033624
 Confusion Matrix:
 [[376   4  12   2]
 [  1 227 141   8]
 [  0  41 171 211]
 [  0   5   2 522]]
Total wall time:9min 37s
