Job started on gpu011.orc.gmu.edu
CUDA_VISIBLE_DEVICES=0
Wed Jun 10 15:39:29 2026       
+-----------------------------------------------------------------------------------------+
| NVIDIA-SMI 560.35.05              Driver Version: 560.35.05      CUDA Version: 12.6     |
|-----------------------------------------+------------------------+----------------------+
| GPU  Name                 Persistence-M | Bus-Id          Disp.A | Volatile Uncorr. ECC |
| Fan  Temp   Perf          Pwr:Usage/Cap |           Memory-Usage | GPU-Util  Compute M. |
|                                         |                        |               MIG M. |
|=========================================+========================+======================|
|   0  NVIDIA A100-SXM4-80GB          On  |   00000000:01:00.0 Off |                    0 |
| N/A   30C    P0             91W /  500W |       1MiB /  81920MiB |      0%      Default |
|                                         |                        |             Disabled |
+-----------------------------------------+------------------------+----------------------+
                                                                                         
+-----------------------------------------------------------------------------------------+
| Processes:                                                                              |
|  GPU   GI   CI        PID   Type   Process name                              GPU Memory |
|        ID   ID                                                               Usage      |
|=========================================================================================|
|  No running processes found                                                             |
+-----------------------------------------------------------------------------------------+
Mamba version: 2.3.0
Path: /home/kmercad/myenv/lib/python3.10/site-packages/mamba_ssm/modules/mamba2.py
------------------------------------------------------------------------------------------
Sensor subset training shape: (399666, 29)
Sensor Validation training shape: (201186, 29)
Sensor Test training shape: (205551, 29)
----------------------------------------------------------------------
Rows containing NaNs - training: 5278
Rows containing NaNs - validation: 2614
Rows containing NaNs - test: 2883
------------------------------------------------------------------------------------------
Reindexed training shape: (399666, 29)
Reindexed validation shape: (201186, 29)
Reindexed test shape: (205551, 29)
------------------------------------------------------------------------------------------
After Interpolation. Training shape: (399666, 29)
After Interpolation. Validation shape: (201024, 29)
After Interpolation. Test shape: (205551, 29)


Descriptive statistics for ACC channels (DEVICE_1) - training set
                   0              1              2
count  399666.000000  399666.000000  399666.000000
mean       -4.368315       2.319802       3.432555
std         6.583784       4.319875       3.163669
min       -70.948402     -37.467999     -26.612600
25%        -9.205060      -0.243436       0.936807
50%        -6.932015       3.014480       2.938830
75%         0.448200       4.948655       6.380403
max        62.859600      85.716904     108.996002

Descriptive statistics for GYRO channels (DEVICE_1) - training set
                   3              4              5
count  399666.000000  399666.000000  399666.000000
mean       -0.016129       0.024709      -0.010176
std         1.034944       0.609880       1.435853
min       -14.694800      -6.069340      -8.322350
25%        -0.052935      -0.032684      -0.039892
50%        -0.004199       0.003479      -0.006135
75%         0.044122       0.040039       0.024614
max        15.206800      10.014400       8.790660

Descriptive statistics for MAG channels (DEVICE_1) - training set
                   6              7              8
count  399666.000000  399666.000000  399666.000000
mean       17.090231      -8.144546     -20.826458
std        28.108200      22.828510      18.736107
min       -59.360699    -102.775002     -99.330200
25%        -1.819380     -24.043750     -33.235899
50%        22.039300      -7.971200     -20.214701
75%        39.309374      11.693500      -8.846955
max       123.511002      94.127403      71.691299
------------------------------------------------------------------------------------------


Descriptive statistics for ACC channels (DEVICE_1) - training set
                   0              1              2
count  399666.000000  399666.000000  399666.000000
mean       -0.445292       0.236473       0.349904
std         0.671130       0.440354       0.322494
min        -7.232253      -3.819368      -2.712803
25%        -0.938334      -0.024815       0.095495
50%        -0.706627       0.307286       0.299575
75%         0.045688       0.504450       0.650398
max         6.407706       8.737706      11.110703

Descriptive statistics for scaled GYRO channels (DEVICE_1) - training set
                   3              4              5
count  399666.000000  399666.000000  399666.000000
mean       -0.016129       0.024709      -0.010176
std         1.034944       0.609880       1.435853
min       -14.694800      -6.069340      -8.322350
25%        -0.052935      -0.032684      -0.039892
50%        -0.004199       0.003479      -0.006135
75%         0.044122       0.040039       0.024614
max        15.206800      10.014400       8.790660

Descriptive statistics for MAG channels (DEVICE_1) - training set
                   6              7              8
count  399666.000000  399666.000000  399666.000000
mean        0.349341      -0.166025      -0.447368
std         0.542618       0.475755       0.359837
min        -0.996575      -0.999826      -0.999983
25%        -0.043910      -0.567155      -0.762978
50%         0.457839      -0.177071      -0.445402
75%         0.841957       0.227892      -0.204597
max         0.999999       0.995506       0.856726
--------------------STRATIY VAL/TEST--------------------
Validation GROUPS
group_id
104    105177
106     96334
Name: count, dtype: int64
Test GROUPS
group_id
103    100374
105    104690
Name: count, dtype: int64 


 Validation Split Label Proportion
27
1.0    0.230196
2.0    0.240404
3.0    0.243297
4.0    0.286103
Name: proportion, dtype: float64
Test Split Label Proportion
27
1.0    0.223067
2.0    0.271071
3.0    0.208057
4.0    0.297805
Name: proportion, dtype: float64

------------------------------ TRAIN ACC/GYRO after StandardScaler ------------------------------
global mean: -0.000000
global std : 1.000000
max |channel mean| : 0.000000
median |channel mean| : 0.000000
channel std range : [1.000000, 1.000000]

------------------------------ VAL ACC/GYRO after StandardScaler ------------------------------
global mean: 0.077181
global std : 0.917879
max |channel mean| : 0.549014
median |channel mean| : 0.014536
channel std range : [0.407733, 1.270726]

------------------------------ TEST ACC/GYRO after StandardScaler ------------------------------
global mean: 0.070968
global std : 0.983206
max |channel mean| : 0.424666
median |channel mean| : 0.056655
channel std range : [0.752121, 1.394102]

TRAIN top channels by |mean|:
channel 11 | mean=-0.000000 | std=1.000000
channel 22 | mean=0.000000 | std=1.000000
channel 23 | mean=-0.000000 | std=1.000000
channel 3 | mean=0.000000 | std=1.000000
channel 12 | mean=-0.000000 | std=1.000000
channel 4 | mean=-0.000000 | std=1.000000
channel 21 | mean=-0.000000 | std=1.000000
channel 18 | mean=0.000000 | std=1.000000
channel 19 | mean=-0.000000 | std=1.000000
channel 2 | mean=-0.000000 | std=1.000000

TRAIN top channels by std deviation from 1:
channel 11 | mean=-0.000000 | std=1.000000
channel 22 | mean=0.000000 | std=1.000000
channel 9 | mean=-0.000000 | std=1.000000
channel 0 | mean=0.000000 | std=1.000000
channel 3 | mean=0.000000 | std=1.000000
channel 2 | mean=-0.000000 | std=1.000000
channel 4 | mean=-0.000000 | std=1.000000
channel 21 | mean=-0.000000 | std=1.000000
channel 19 | mean=-0.000000 | std=1.000000
channel 20 | mean=-0.000000 | std=1.000000

VAL top channels by |mean|:
channel 20 | mean=0.549014 | std=0.752025
channel 2 | mean=0.414856 | std=0.990552
channel 11 | mean=0.227395 | std=0.842618
channel 1 | mean=0.182784 | std=0.672811
channel 9 | mean=-0.137451 | std=0.705682
channel 18 | mean=0.102855 | std=0.783386
channel 0 | mean=0.041324 | std=0.927534
channel 4 | mean=-0.030888 | std=1.252559
channel 22 | mean=0.014971 | std=0.407733
channel 13 | mean=0.014101 | std=1.270726

VAL top channels by std deviation from 1:
channel 22 | mean=0.014971 | std=0.407733
channel 1 | mean=0.182784 | std=0.672811
channel 9 | mean=-0.137451 | std=0.705682
channel 5 | mean=0.008027 | std=0.707098
channel 13 | mean=0.014101 | std=1.270726
channel 14 | mean=-0.007931 | std=0.734037
channel 4 | mean=-0.030888 | std=1.252559
channel 20 | mean=0.549014 | std=0.752025
channel 18 | mean=0.102855 | std=0.783386
channel 11 | mean=0.227395 | std=0.842618

TEST top channels by |mean|:
channel 1 | mean=0.424666 | std=0.810984
channel 20 | mean=0.422256 | std=1.079625
channel 11 | mean=0.375480 | std=0.782620
channel 2 | mean=0.175770 | std=0.965482
channel 9 | mean=-0.149917 | std=0.831788
channel 19 | mean=-0.144676 | std=0.934986
channel 0 | mean=0.122318 | std=0.986405
channel 18 | mean=0.109876 | std=0.901041
channel 4 | mean=-0.088476 | std=1.394102
channel 10 | mean=0.024835 | std=1.053549

TEST top channels by std deviation from 1:
channel 4 | mean=-0.088476 | std=1.394102
channel 22 | mean=-0.002984 | std=0.752121
channel 12 | mean=-0.011806 | std=0.770457
channel 14 | mean=0.010206 | std=0.776055
channel 11 | mean=0.375480 | std=0.782620
channel 1 | mean=0.424666 | std=0.810984
channel 13 | mean=0.013604 | std=1.176334
channel 9 | mean=-0.149917 | std=0.831788
channel 21 | mean=-0.004489 | std=0.867703
channel 18 | mean=0.109876 | std=0.901041

TRAIN outlier rates |z|>5.0:
channel 9 | rate=0.011487
channel 12 | rate=0.005747
channel 19 | rate=0.005527
channel 3 | rate=0.004977
channel 13 | rate=0.004051
channel 20 | rate=0.003105
channel 14 | rate=0.002217
channel 4 | rate=0.002167
channel 21 | rate=0.001431
channel 5 | rate=0.000303

VAL outlier rates |z|>5.0:
channel 13 | rate=0.010808
channel 12 | rate=0.005404
channel 3 | rate=0.004605
channel 4 | rate=0.004377
channel 21 | rate=0.002402
channel 20 | rate=0.001950
channel 19 | rate=0.001429
channel 5 | rate=0.000357
channel 14 | rate=0.000308
channel 2 | rate=0.000218

TEST outlier rates |z|>5.0:
channel 4 | rate=0.024207
channel 13 | rate=0.007008
channel 3 | rate=0.005715
channel 19 | rate=0.004594
channel 20 | rate=0.003818
channel 12 | rate=0.002760
channel 21 | rate=0.002409
channel 5 | rate=0.001877
channel 1 | rate=0.000273
channel 2 | rate=0.000107

------------------------------ TRAIN MAG after window demeaning ------------------------------
max |window mean|  : 1.568347e-07
mean |window mean| : 1.886200e-08
channel global mean range : [-1.166456e-09, 6.297943e-10]
channel std range         : [0.053015, 0.191759]

------------------------------ VAL MAG after window demeaning ------------------------------
max |window mean|  : 1.456588e-07
mean |window mean| : 1.859224e-08
channel global mean range : [-8.176923e-10, 6.309822e-10]
channel std range         : [0.055690, 0.191916]

------------------------------ TEST MAG after window demeaning ------------------------------
max |window mean|  : 1.337379e-07
mean |window mean| : 1.863445e-08
channel global mean range : [-1.538269e-09, 7.844559e-10]
channel std range         : [0.053308, 0.194929]

TRAIN window label distribution
label 1: 831 (0.2506)
label 2: 675 (0.2036)
label 3: 819 (0.2470)
label 4: 991 (0.2989)

VAL window label distribution
label 1: 384 (0.2297)
label 2: 403 (0.2410)
label 3: 409 (0.2446)
label 4: 476 (0.2847)

TEST window label distribution
label 1: 378 (0.2221)
label 2: 464 (0.2726)
label 3: 355 (0.2086)
label 4: 505 (0.2967)
------------------------------------------------------------------------------------------
Training (windows): (3316, 160, 27). Training Labels (3316,)
Validation (windows): (1672, 160, 27). Validation Labels (1672,)
Test (windows): (1702, 160, 27). Test Labels (1702,)
------------------------------------------------------------------------------------------
Training set class distribution:--
{'LIE': 831, 'SIT': 675, 'STAND': 819, 'WALK': 991}
------------------------------------------------------------------------------------------
SSL encoder loaded

Epoch: 1/40 | tr_Loss: 0.6365 | tr_acc: 0.8019 | val_loss: 0.2979 | val_acc: 0.9145 | epoch_time: 26.72s

Epoch: 2/40 | tr_Loss: 0.1901 | tr_acc: 0.9505 | val_loss: 0.3336 | val_acc: 0.9097 | epoch_time: 2.64s

Epoch: 3/40 | tr_Loss: 0.1364 | tr_acc: 0.9575 | val_loss: 0.3454 | val_acc: 0.9091 | epoch_time: 2.62s

Epoch: 4/40 | tr_Loss: 0.1077 | tr_acc: 0.9698 | val_loss: 0.3618 | val_acc: 0.9115 | epoch_time: 2.63s

Epoch: 5/40 | tr_Loss: 0.0914 | tr_acc: 0.9720 | val_loss: 0.4331 | val_acc: 0.8947 | epoch_time: 2.62s

Epoch: 6/40 | tr_Loss: 0.0772 | tr_acc: 0.9747 | val_loss: 0.4315 | val_acc: 0.9055 | epoch_time: 2.63s

Early stopping at epoch 6 | Best Validation Loss: 0.2979
              precision    recall  f1-score   support

         LIE       1.00      0.94      0.97       384
         SIT       0.80      0.96      0.88       403
       STAND       0.88      0.77      0.82       409
        WALK       0.99      0.98      0.98       476

    accuracy                           0.91      1672
   macro avg       0.92      0.91      0.91      1672
weighted avg       0.92      0.91      0.91      1672

------------------------------------------------------------------------------------------
Test Results:
 Accuracy: 0.8907168037602821
 Report:
 {'LIE': {'precision': 0.958904109589041, 'recall': 0.9259259259259259, 'f1-score': 0.9421265141318977, 'support': 378.0}, 'SIT': {'precision': 0.8126272912423625, 'recall': 0.8599137931034483, 'f1-score': 0.8356020942408376, 'support': 464.0}, 'STAND': {'precision': 0.7840909090909091, 'recall': 0.7774647887323943, 'f1-score': 0.7807637906647807, 'support': 355.0}, 'WALK': {'precision': 0.9939271255060729, 'recall': 0.9722772277227723, 'f1-score': 0.982982982982983, 'support': 505.0}, 'accuracy': 0.8907168037602821, 'macro avg': {'precision': 0.8873873588570964, 'recall': 0.8838954338711352, 'f1-score': 0.8853688455051247, 'support': 1702.0}, 'weighted avg': {'precision': 0.8929555156691853, 'recall': 0.8907168037602821, 'f1-score': 0.8915515547367859, 'support': 1702.0}}
 F1: 0.8853688455051247
 Confusion Matrix:
 [[350   9  19   0]
 [ 15 399  49   1]
 [  0  77 276   2]
 [  0   6   8 491]]
------------------------------------------------------------------------------------------
Training set class distribution:--
{'LIE': 831, 'SIT': 675, 'STAND': 819, 'WALK': 991}
------------------------------------------------------------------------------------------
SSL encoder loaded

Epoch: 1/40 | tr_Loss: 0.6325 | tr_acc: 0.8166 | val_loss: 0.3182 | val_acc: 0.9055 | epoch_time: 2.79s

Epoch: 2/40 | tr_Loss: 0.1888 | tr_acc: 0.9502 | val_loss: 0.3386 | val_acc: 0.9031 | epoch_time: 2.65s

Epoch: 3/40 | tr_Loss: 0.1317 | tr_acc: 0.9638 | val_loss: 0.3982 | val_acc: 0.8816 | epoch_time: 2.65s

Epoch: 4/40 | tr_Loss: 0.1033 | tr_acc: 0.9683 | val_loss: 0.4016 | val_acc: 0.8852 | epoch_time: 2.66s

Epoch: 5/40 | tr_Loss: 0.0848 | tr_acc: 0.9732 | val_loss: 0.4035 | val_acc: 0.8923 | epoch_time: 2.65s

Epoch: 6/40 | tr_Loss: 0.0763 | tr_acc: 0.9771 | val_loss: 0.4190 | val_acc: 0.8935 | epoch_time: 2.67s

Early stopping at epoch 6 | Best Validation Loss: 0.3182
              precision    recall  f1-score   support

         LIE       1.00      0.94      0.97       384
         SIT       0.78      0.96      0.86       403
       STAND       0.87      0.73      0.80       409
        WALK       0.99      0.97      0.98       476

    accuracy                           0.91      1672
   macro avg       0.91      0.90      0.90      1672
weighted avg       0.91      0.91      0.91      1672

------------------------------------------------------------------------------------------
Test Results:
 Accuracy: 0.9030552291421856
 Report:
 {'LIE': {'precision': 0.997134670487106, 'recall': 0.9206349206349206, 'f1-score': 0.9573590096286108, 'support': 378.0}, 'SIT': {'precision': 0.7934782608695652, 'recall': 0.9439655172413793, 'f1-score': 0.8622047244094488, 'support': 464.0}, 'STAND': {'precision': 0.8501628664495114, 'recall': 0.7352112676056338, 'f1-score': 0.7885196374622356, 'support': 355.0}, 'WALK': {'precision': 0.9919028340080972, 'recall': 0.9702970297029703, 'f1-score': 0.980980980980981, 'support': 505.0}, 'accuracy': 0.9030552291421856, 'macro avg': {'precision': 0.90816965795357, 'recall': 0.892527183796226, 'f1-score': 0.897266088120319, 'support': 1702.0}, 'weighted avg': {'precision': 0.9094063262345887, 'recall': 0.9030552291421856, 'f1-score': 0.9032106724207334, 'support': 1702.0}}
 F1: 0.897266088120319
 Confusion Matrix:
 [[348  17  13   0]
 [  1 438  25   0]
 [  0  90 261   4]
 [  0   7   8 490]]
------------------------------------------------------------------------------------------
Training set class distribution:--
{'LIE': 831, 'SIT': 675, 'STAND': 819, 'WALK': 991}
------------------------------------------------------------------------------------------
SSL encoder loaded

Epoch: 1/40 | tr_Loss: 0.5918 | tr_acc: 0.8417 | val_loss: 0.3033 | val_acc: 0.9073 | epoch_time: 2.81s

Epoch: 2/40 | tr_Loss: 0.1804 | tr_acc: 0.9478 | val_loss: 0.3442 | val_acc: 0.9019 | epoch_time: 2.67s

Epoch: 3/40 | tr_Loss: 0.1336 | tr_acc: 0.9599 | val_loss: 0.3692 | val_acc: 0.8941 | epoch_time: 2.65s

Epoch: 4/40 | tr_Loss: 0.1079 | tr_acc: 0.9680 | val_loss: 0.3752 | val_acc: 0.8953 | epoch_time: 2.65s

Epoch: 5/40 | tr_Loss: 0.0927 | tr_acc: 0.9707 | val_loss: 0.3677 | val_acc: 0.8959 | epoch_time: 2.66s

Epoch: 6/40 | tr_Loss: 0.0789 | tr_acc: 0.9768 | val_loss: 0.4020 | val_acc: 0.8971 | epoch_time: 2.64s

Early stopping at epoch 6 | Best Validation Loss: 0.3033
              precision    recall  f1-score   support

         LIE       1.00      0.94      0.97       384
         SIT       0.79      0.96      0.87       403
       STAND       0.88      0.74      0.80       409
        WALK       0.99      0.97      0.98       476

    accuracy                           0.91      1672
   macro avg       0.91      0.91      0.90      1672
weighted avg       0.91      0.91      0.91      1672

------------------------------------------------------------------------------------------
Test Results:
 Accuracy: 0.899529964747356
 Report:
 {'LIE': {'precision': 1.0, 'recall': 0.9259259259259259, 'f1-score': 0.9615384615384616, 'support': 378.0}, 'SIT': {'precision': 0.7977941176470589, 'recall': 0.9353448275862069, 'f1-score': 0.8611111111111112, 'support': 464.0}, 'STAND': {'precision': 0.8317152103559871, 'recall': 0.723943661971831, 'f1-score': 0.7740963855421686, 'support': 355.0}, 'WALK': {'precision': 0.9819639278557114, 'recall': 0.9702970297029703, 'f1-score': 0.9760956175298805, 'support': 505.0}, 'accuracy': 0.899529964747356, 'macro avg': {'precision': 0.9028683139646893, 'recall': 0.8888778612967335, 'f1-score': 0.8932103939304055, 'support': 1702.0}, 'weighted avg': {'precision': 0.9044225345662428, 'recall': 0.899529964747356, 'f1-score': 0.8993828423837565, 'support': 1702.0}}
 F1: 0.8932103939304055
 Confusion Matrix:
 [[350  10  16   2]
 [  0 434  29   1]
 [  0  92 257   6]
 [  0   8   7 490]]
------------------------------------------------------------------------------------------
Training set class distribution:--
{'LIE': 831, 'SIT': 675, 'STAND': 819, 'WALK': 991}
------------------------------------------------------------------------------------------
SSL encoder loaded

Epoch: 1/40 | tr_Loss: 0.6400 | tr_acc: 0.7949 | val_loss: 0.3035 | val_acc: 0.9181 | epoch_time: 2.80s

Epoch: 2/40 | tr_Loss: 0.2024 | tr_acc: 0.9472 | val_loss: 0.3203 | val_acc: 0.9019 | epoch_time: 2.65s

Epoch: 3/40 | tr_Loss: 0.1342 | tr_acc: 0.9605 | val_loss: 0.3618 | val_acc: 0.8947 | epoch_time: 2.64s

Epoch: 4/40 | tr_Loss: 0.1039 | tr_acc: 0.9692 | val_loss: 0.3831 | val_acc: 0.8870 | epoch_time: 2.65s

Epoch: 5/40 | tr_Loss: 0.0830 | tr_acc: 0.9741 | val_loss: 0.4038 | val_acc: 0.8840 | epoch_time: 2.64s

Epoch: 6/40 | tr_Loss: 0.0708 | tr_acc: 0.9768 | val_loss: 0.4266 | val_acc: 0.8810 | epoch_time: 2.66s

Early stopping at epoch 6 | Best Validation Loss: 0.3035
              precision    recall  f1-score   support

         LIE       1.00      0.94      0.97       384
         SIT       0.82      0.96      0.89       403
       STAND       0.88      0.80      0.83       409
        WALK       0.98      0.97      0.98       476

    accuracy                           0.92      1672
   macro avg       0.92      0.92      0.92      1672
weighted avg       0.92      0.92      0.92      1672

------------------------------------------------------------------------------------------
Test Results:
 Accuracy: 0.8918918918918919
 Report:
 {'LIE': {'precision': 0.9915014164305949, 'recall': 0.9259259259259259, 'f1-score': 0.957592339261286, 'support': 378.0}, 'SIT': {'precision': 0.8219461697722568, 'recall': 0.8556034482758621, 'f1-score': 0.8384371700105596, 'support': 464.0}, 'STAND': {'precision': 0.7768595041322314, 'recall': 0.7943661971830986, 'f1-score': 0.7855153203342619, 'support': 355.0}, 'WALK': {'precision': 0.9721669980119284, 'recall': 0.9683168316831683, 'f1-score': 0.9702380952380952, 'support': 505.0}, 'accuracy': 0.8918918918918919, 'macro avg': {'precision': 0.8906185220867529, 'recall': 0.8860531007670138, 'f1-score': 0.8879457312110507, 'support': 1702.0}, 'weighted avg': {'precision': 0.8947708673020318, 'recall': 0.8918918918918919, 'f1-score': 0.8929688178258325, 'support': 1702.0}}
 F1: 0.8879457312110507
 Confusion Matrix:
 [[350   9  18   1]
 [  3 397  51  13]
 [  0  73 282   0]
 [  0   4  12 489]]
------------------------------------------------------------------------------------------
Training set class distribution:--
{'LIE': 831, 'SIT': 675, 'STAND': 819, 'WALK': 991}
------------------------------------------------------------------------------------------
SSL encoder loaded

Epoch: 1/40 | tr_Loss: 0.6399 | tr_acc: 0.8082 | val_loss: 0.2917 | val_acc: 0.9276 | epoch_time: 2.81s

Epoch: 2/40 | tr_Loss: 0.1928 | tr_acc: 0.9484 | val_loss: 0.3093 | val_acc: 0.9091 | epoch_time: 2.66s

Epoch: 3/40 | tr_Loss: 0.1257 | tr_acc: 0.9617 | val_loss: 0.3548 | val_acc: 0.9049 | epoch_time: 2.65s

Epoch: 4/40 | tr_Loss: 0.1011 | tr_acc: 0.9689 | val_loss: 0.3389 | val_acc: 0.9115 | epoch_time: 2.66s

Epoch: 5/40 | tr_Loss: 0.0867 | tr_acc: 0.9720 | val_loss: 0.3881 | val_acc: 0.9007 | epoch_time: 2.65s

Epoch: 6/40 | tr_Loss: 0.0730 | tr_acc: 0.9771 | val_loss: 0.3678 | val_acc: 0.9097 | epoch_time: 2.65s

Early stopping at epoch 6 | Best Validation Loss: 0.2917
              precision    recall  f1-score   support

         LIE       1.00      0.94      0.97       384
         SIT       0.85      0.96      0.90       403
       STAND       0.88      0.83      0.86       409
        WALK       0.99      0.97      0.98       476

    accuracy                           0.93      1672
   macro avg       0.93      0.93      0.93      1672
weighted avg       0.93      0.93      0.93      1672

------------------------------------------------------------------------------------------
Test Results:
 Accuracy: 0.8877790834312573
 Report:
 {'LIE': {'precision': 0.9667590027700831, 'recall': 0.9232804232804233, 'f1-score': 0.9445196211096076, 'support': 378.0}, 'SIT': {'precision': 0.8161157024793388, 'recall': 0.8512931034482759, 'f1-score': 0.8333333333333334, 'support': 464.0}, 'STAND': {'precision': 0.7796610169491526, 'recall': 0.7774647887323943, 'f1-score': 0.7785613540197461, 'support': 355.0}, 'WALK': {'precision': 0.9761431411530815, 'recall': 0.9722772277227723, 'f1-score': 0.9742063492063492, 'support': 505.0}, 'accuracy': 0.8877790834312573, 'macro avg': {'precision': 0.8846697158379141, 'recall': 0.8810788857959664, 'f1-score': 0.8826551644172591, 'support': 1702.0}, 'weighted avg': {'precision': 0.8894503738523855, 'recall': 0.8877790834312573, 'f1-score': 0.8884010402305021, 'support': 1702.0}}
 F1: 0.8826551644172591
 Confusion Matrix:
 [[349   8  20   1]
 [ 12 395  50   7]
 [  0  75 276   4]
 [  0   6   8 491]]
Total wall time:6min 49s
