Job started on gpu032.orc.gmu.edu
CUDA_VISIBLE_DEVICES=0
Sun May 31 12:19:54 2026       
+-----------------------------------------------------------------------------------------+
| NVIDIA-SMI 590.48.01              Driver Version: 590.48.01      CUDA Version: 13.1     |
+-----------------------------------------+------------------------+----------------------+
| GPU  Name                 Persistence-M | Bus-Id          Disp.A | Volatile Uncorr. ECC |
| Fan  Temp   Perf          Pwr:Usage/Cap |           Memory-Usage | GPU-Util  Compute M. |
|                                         |                        |               MIG M. |
|=========================================+========================+======================|
|   0  NVIDIA H100 80GB HBM3          On  |   00000000:DB:00.0 Off |                    0 |
| N/A   22C    P0             67W /  700W |       0MiB /  81559MiB |      0%      Default |
|                                         |                        |             Disabled |
+-----------------------------------------+------------------------+----------------------+

+-----------------------------------------------------------------------------------------+
| Processes:                                                                              |
|  GPU   GI   CI              PID   Type   Process name                        GPU Memory |
|        ID   ID                                                               Usage      |
|=========================================================================================|
|  No running processes found                                                             |
+-----------------------------------------------------------------------------------------+
Mamba version: 2.3.0
Path: /home/kmercad/myenv/lib/python3.10/site-packages/mamba_ssm/modules/mamba2.py
------------------------------------------------------------------------------------------
Raw training set shape: (408973, 251)
Validation training set shape: (88448, 251)
Raw test set shape: (147214, 251)
------------------------------------------------------------------------------------------
Sensor subset training shape: (326057, 47)
Sensor Validation training shape: (66057, 47)
Sensor Test training shape: (105082, 47)
----------------------------------------------------------------------
Rows containing NaNs - training: 4953
Rows containing NaNs - validation: 0
Rows containing NaNs - test: 0
------------------------------------------------------------------------------------------
Training shape after NaN removal: (321104, 47)
Validation shape after NaN removal: (66057, 47)
Test shape after NaN removal: (105082, 47)
------------------------------------------------------------------------------------------
Reindexed training shape: (321104, 47)
Reindexed validation shape: (66057, 47)
Reindexed test shape: (105082, 47)


Descriptive statistics for ACC channels (DEVICE_1) - training set
                   0              1              2
count  321104.000000  321104.000000  321104.000000
mean     -851.139811    -144.929213     254.296630
std       241.463564     261.658177     285.175266
min     -1896.000000   -1283.000000   -1067.000000
25%      -978.000000    -260.000000      66.000000
50%      -938.000000    -160.000000     208.000000
75%      -824.000000     -46.000000     401.000000
max       393.000000    1815.000000    1417.000000

Descriptive statistics for GYRO channels (DEVICE_1) - training set
                   3              4              5
count  321104.000000  321104.000000  321104.000000
mean      -42.383387     -15.661913       6.177921
std       588.955537     296.328263     239.577446
min     -4818.000000   -3092.000000   -2293.000000
25%      -217.000000    -104.000000     -72.000000
50%       -17.000000      -9.000000       1.000000
75%       135.000000      71.000000      80.000000
max      4504.000000    2847.000000    2231.000000

Descriptive statistics for MAG channels (DEVICE_1) - training set
                   6              7              8
count  321104.000000  321104.000000  321104.000000
mean      426.247147      65.877401      80.543522
std       335.424071     348.043402     513.991893
min      -852.000000   -1038.000000   -1246.000000
25%       347.000000    -173.000000    -428.000000
50%       491.000000      93.000000     176.000000
75%       595.000000     271.000000     549.000000
max      1531.000000    1162.000000    1369.000000
------------------------------------------------------------------------------------------


Descriptive statistics for ACC channels (DEVICE_1) - training set
                   0              1              2
count  321104.000000  321104.000000  321104.000000
mean       -0.851140      -0.144929       0.254297
std         0.241464       0.261658       0.285175
min        -1.896000      -1.283000      -1.067000
25%        -0.978000      -0.260000       0.066000
50%        -0.938000      -0.160000       0.208000
75%        -0.824000      -0.046000       0.401000
max         0.393000       1.815000       1.417000

Descriptive statistics for scaled GYRO channels (DEVICE_1) - training set
                   3              4              5
count  321104.000000  321104.000000  321104.000000
mean       -0.042383      -0.015662       0.006178
std         0.588956       0.296328       0.239577
min        -4.818000      -3.092000      -2.293000
25%        -0.217000      -0.104000      -0.072000
50%        -0.017000      -0.009000       0.001000
75%         0.135000       0.071000       0.080000
max         4.504000       2.847000       2.231000

Descriptive statistics for normalized MAG channels (DEVICE_1) - training set
                   6              7              8
count  321104.000000  321104.000000  321104.000000
mean        0.528444       0.074936       0.094922
std         0.374695       0.422486       0.622281
min        -0.941527      -0.991281      -0.999993
25%         0.453758      -0.225634      -0.530467
50%         0.633047       0.112509       0.230014
75%         0.754779       0.326759       0.692796
max         0.999999       0.999708       0.937748
--------------------STRATIY VAL/TEST--------------------
Validation GROUPS
group_id
S2-ADL5    22969
S3-ADL5    20648
S4-ADL1    28905
S4-ADL2    19679
Name: count, dtype: int64
Test GROUPS
group_id
S1-ADL5    22440
S4-ADL3    17621
S4-ADL4    15060
S4-ADL5    23817
Name: count, dtype: int64 


 Validation Split Label Proportion
45
1    0.482468
2    0.242416
4    0.219412
5    0.055704
Name: proportion, dtype: float64
Test Split Label Proportion
45
1    0.443652
2    0.293040
4    0.212014
5    0.051293
Name: proportion, dtype: float64

------------------------------ TRAIN ACC/GYRO after StandardScaler ------------------------------
global mean: -0.000000
global std : 1.000000
max |channel mean| : 0.000000
median |channel mean| : 0.000000
channel std range : [1.000000, 1.000000]

------------------------------ VAL ACC/GYRO after StandardScaler ------------------------------
global mean: 0.022184
global std : 1.109163
max |channel mean| : 0.320886
median |channel mean| : 0.019642
channel std range : [0.906077, 1.192128]

------------------------------ TEST ACC/GYRO after StandardScaler ------------------------------
global mean: 0.041351
global std : 1.147747
max |channel mean| : 0.986995
median |channel mean| : 0.031163
channel std range : [0.773088, 1.376504]
------------------------------------------------------------------------------------------
Training features: (321104, 46) | Training labels: (321104,)
Validation features: (92201, 46) | Validation labels: (92201,)
Test features: (78938, 46), Test labels: (78938,)

------------------------------ TRAIN MAG after window demeaning ------------------------------
max |window mean|  : 2.072917e-07
mean |window mean| : 2.329116e-08
channel global mean range : [-5.052513e-10, 1.604967e-10]
channel std range         : [0.118775, 0.221537]

------------------------------ VAL MAG after window demeaning ------------------------------
max |window mean|  : 2.112654e-07
mean |window mean| : 2.301904e-08
channel global mean range : [-1.111357e-09, 6.434629e-10]
channel std range         : [0.140005, 0.237182]

------------------------------ TEST MAG after window demeaning ------------------------------
max |window mean|  : 1.867612e-07
mean |window mean| : 2.268141e-08
channel global mean range : [-3.475548e-10, 1.060851e-09]
channel std range         : [0.145329, 0.274026]

TRAIN window label distribution
label 1: 4652 (0.4358)
label 2: 2791 (0.2615)
label 4: 2704 (0.2533)
label 5: 528 (0.0495)

VAL window label distribution
label 1: 1452 (0.4740)
label 2: 766 (0.2501)
label 4: 675 (0.2204)
label 5: 170 (0.0555)

TEST window label distribution
label 1: 1139 (0.4344)
label 2: 786 (0.2998)
label 4: 560 (0.2136)
label 5: 137 (0.0523)
------------------------------------------------------------------------------------------
Training (windows): (10675, 90, 45). Training Labels: (10675,)
Validation (windows): (3063, 90, 45). Validation Labels: (3063,)
Test (windows): (2622, 90, 45). Test Labels: (2622,)
------------------------------------------------------------------------------------------
Training set class distribution:
{'STAND': 4652, 'WALK': 2791, 'SIT': 2704, 'LIE': 528}
------------------------------------------------------------------------------------------

Epoch: 1/50 | tr_Loss: 0.2089 | val_loss: 0.1938 | epoch_time: 39.55s

Epoch: 2/50 | tr_Loss: 0.1181 | val_loss: 0.1561 | epoch_time: 10.06s

Epoch: 3/50 | tr_Loss: 0.1006 | val_loss: 0.1398 | epoch_time: 10.08s

Epoch: 4/50 | tr_Loss: 0.0891 | val_loss: 0.1266 | epoch_time: 10.05s

Epoch: 5/50 | tr_Loss: 0.0829 | val_loss: 0.1192 | epoch_time: 10.07s

Epoch: 6/50 | tr_Loss: 0.0789 | val_loss: 0.1162 | epoch_time: 10.04s

Epoch: 7/50 | tr_Loss: 0.0733 | val_loss: 0.1101 | epoch_time: 10.04s

Epoch: 8/50 | tr_Loss: 0.0720 | val_loss: 0.1065 | epoch_time: 10.05s

Epoch: 9/50 | tr_Loss: 0.0674 | val_loss: 0.1052 | epoch_time: 10.06s

Epoch: 10/50 | tr_Loss: 0.0661 | val_loss: 0.1037 | epoch_time: 10.08s

Epoch: 11/50 | tr_Loss: 0.0655 | val_loss: 0.1016 | epoch_time: 10.06s

Epoch: 12/50 | tr_Loss: 0.0612 | val_loss: 0.0984 | epoch_time: 10.07s

Epoch: 13/50 | tr_Loss: 0.0603 | val_loss: 0.0946 | epoch_time: 10.06s

Epoch: 14/50 | tr_Loss: 0.0580 | val_loss: 0.0934 | epoch_time: 10.06s

Epoch: 15/50 | tr_Loss: 0.0568 | val_loss: 0.0918 | epoch_time: 10.05s

Epoch: 16/50 | tr_Loss: 0.0567 | val_loss: 0.0908 | epoch_time: 10.04s

Epoch: 17/50 | tr_Loss: 0.0555 | val_loss: 0.0910 | epoch_time: 10.08s

Epoch: 18/50 | tr_Loss: 0.0554 | val_loss: 0.0883 | epoch_time: 10.06s

Epoch: 19/50 | tr_Loss: 0.0534 | val_loss: 0.0880 | epoch_time: 10.05s

Epoch: 20/50 | tr_Loss: 0.0524 | val_loss: 0.0870 | epoch_time: 10.05s

Epoch: 21/50 | tr_Loss: 0.0514 | val_loss: 0.0854 | epoch_time: 10.05s

Epoch: 22/50 | tr_Loss: 0.0511 | val_loss: 0.0843 | epoch_time: 10.05s

Epoch: 23/50 | tr_Loss: 0.0492 | val_loss: 0.0843 | epoch_time: 10.06s

Epoch: 24/50 | tr_Loss: 0.0501 | val_loss: 0.0863 | epoch_time: 10.03s

Epoch: 25/50 | tr_Loss: 0.0490 | val_loss: 0.0863 | epoch_time: 10.06s

Epoch: 26/50 | tr_Loss: 0.0486 | val_loss: 0.0818 | epoch_time: 10.06s

Epoch: 27/50 | tr_Loss: 0.0471 | val_loss: 0.0837 | epoch_time: 10.05s

Epoch: 28/50 | tr_Loss: 0.0487 | val_loss: 0.0828 | epoch_time: 10.06s

Epoch: 29/50 | tr_Loss: 0.0471 | val_loss: 0.0820 | epoch_time: 10.06s

Epoch: 30/50 | tr_Loss: 0.0464 | val_loss: 0.0827 | epoch_time: 10.06s

Epoch: 31/50 | tr_Loss: 0.0445 | val_loss: 0.0817 | epoch_time: 10.05s

Epoch: 32/50 | tr_Loss: 0.0456 | val_loss: 0.0812 | epoch_time: 10.06s

Epoch: 33/50 | tr_Loss: 0.0445 | val_loss: 0.0787 | epoch_time: 10.05s

Epoch: 34/50 | tr_Loss: 0.0449 | val_loss: 0.0790 | epoch_time: 10.07s

Epoch: 35/50 | tr_Loss: 0.0440 | val_loss: 0.0785 | epoch_time: 10.06s

Epoch: 36/50 | tr_Loss: 0.0436 | val_loss: 0.0780 | epoch_time: 10.04s

Epoch: 37/50 | tr_Loss: 0.0425 | val_loss: 0.0787 | epoch_time: 10.08s

Epoch: 38/50 | tr_Loss: 0.0431 | val_loss: 0.0792 | epoch_time: 10.06s

Epoch: 39/50 | tr_Loss: 0.0434 | val_loss: 0.0761 | epoch_time: 10.05s

Epoch: 40/50 | tr_Loss: 0.0423 | val_loss: 0.0756 | epoch_time: 10.05s

Epoch: 41/50 | tr_Loss: 0.0426 | val_loss: 0.0775 | epoch_time: 10.04s

Epoch: 42/50 | tr_Loss: 0.0420 | val_loss: 0.0771 | epoch_time: 10.03s

Epoch: 43/50 | tr_Loss: 0.0407 | val_loss: 0.0791 | epoch_time: 10.05s

Epoch: 44/50 | tr_Loss: 0.0408 | val_loss: 0.0799 | epoch_time: 10.04s

Epoch: 45/50 | tr_Loss: 0.0413 | val_loss: 0.0767 | epoch_time: 10.05s

Early stopping at epoch 45 | Best Validation Loss: 0.0756
------------------------------------------------------------------------------------------
Training set class distribution:
{'STAND': 4652, 'WALK': 2791, 'SIT': 2704, 'LIE': 528}
------------------------------------------------------------------------------------------

Epoch: 1/50 | tr_Loss: 0.2162 | val_loss: 0.1847 | epoch_time: 10.15s

Epoch: 2/50 | tr_Loss: 0.1167 | val_loss: 0.1591 | epoch_time: 10.07s

Epoch: 3/50 | tr_Loss: 0.0999 | val_loss: 0.1344 | epoch_time: 10.07s

Epoch: 4/50 | tr_Loss: 0.0885 | val_loss: 0.1257 | epoch_time: 10.09s

Epoch: 5/50 | tr_Loss: 0.0839 | val_loss: 0.1192 | epoch_time: 10.07s

Epoch: 6/50 | tr_Loss: 0.0791 | val_loss: 0.1208 | epoch_time: 10.06s

Epoch: 7/50 | tr_Loss: 0.0739 | val_loss: 0.1155 | epoch_time: 10.07s

Epoch: 8/50 | tr_Loss: 0.0730 | val_loss: 0.1110 | epoch_time: 10.05s

Epoch: 9/50 | tr_Loss: 0.0679 | val_loss: 0.1037 | epoch_time: 10.06s

Epoch: 10/50 | tr_Loss: 0.0666 | val_loss: 0.1040 | epoch_time: 10.05s

Epoch: 11/50 | tr_Loss: 0.0648 | val_loss: 0.0998 | epoch_time: 10.07s

Epoch: 12/50 | tr_Loss: 0.0631 | val_loss: 0.0959 | epoch_time: 10.07s

Epoch: 13/50 | tr_Loss: 0.0618 | val_loss: 0.1006 | epoch_time: 10.06s

Epoch: 14/50 | tr_Loss: 0.0586 | val_loss: 0.0952 | epoch_time: 10.05s

Epoch: 15/50 | tr_Loss: 0.0588 | val_loss: 0.0917 | epoch_time: 10.07s

Epoch: 16/50 | tr_Loss: 0.0569 | val_loss: 0.0897 | epoch_time: 10.06s

Epoch: 17/50 | tr_Loss: 0.0552 | val_loss: 0.0881 | epoch_time: 10.08s

Epoch: 18/50 | tr_Loss: 0.0537 | val_loss: 0.0918 | epoch_time: 10.07s

Epoch: 19/50 | tr_Loss: 0.0538 | val_loss: 0.0863 | epoch_time: 10.06s

Epoch: 20/50 | tr_Loss: 0.0524 | val_loss: 0.0855 | epoch_time: 10.06s

Epoch: 21/50 | tr_Loss: 0.0519 | val_loss: 0.0876 | epoch_time: 10.07s

Epoch: 22/50 | tr_Loss: 0.0502 | val_loss: 0.0850 | epoch_time: 10.05s

Epoch: 23/50 | tr_Loss: 0.0505 | val_loss: 0.0811 | epoch_time: 10.06s

Epoch: 24/50 | tr_Loss: 0.0486 | val_loss: 0.0836 | epoch_time: 10.08s

Epoch: 25/50 | tr_Loss: 0.0492 | val_loss: 0.0849 | epoch_time: 10.06s

Epoch: 26/50 | tr_Loss: 0.0481 | val_loss: 0.0803 | epoch_time: 10.06s

Epoch: 27/50 | tr_Loss: 0.0464 | val_loss: 0.0815 | epoch_time: 10.07s

Epoch: 28/50 | tr_Loss: 0.0477 | val_loss: 0.0840 | epoch_time: 10.09s

Epoch: 29/50 | tr_Loss: 0.0477 | val_loss: 0.0822 | epoch_time: 10.07s

Epoch: 30/50 | tr_Loss: 0.0474 | val_loss: 0.0840 | epoch_time: 10.06s

Epoch: 31/50 | tr_Loss: 0.0447 | val_loss: 0.0839 | epoch_time: 10.05s

Early stopping at epoch 31 | Best Validation Loss: 0.0803
------------------------------------------------------------------------------------------
Training set class distribution:
{'STAND': 4652, 'WALK': 2791, 'SIT': 2704, 'LIE': 528}
------------------------------------------------------------------------------------------

Epoch: 1/50 | tr_Loss: 0.2118 | val_loss: 0.1933 | epoch_time: 10.16s

Epoch: 2/50 | tr_Loss: 0.1178 | val_loss: 0.1567 | epoch_time: 10.07s

Epoch: 3/50 | tr_Loss: 0.1002 | val_loss: 0.1385 | epoch_time: 10.08s

Epoch: 4/50 | tr_Loss: 0.0897 | val_loss: 0.1290 | epoch_time: 10.07s

Epoch: 5/50 | tr_Loss: 0.0835 | val_loss: 0.1266 | epoch_time: 10.05s

Epoch: 6/50 | tr_Loss: 0.0787 | val_loss: 0.1179 | epoch_time: 10.08s

Epoch: 7/50 | tr_Loss: 0.0747 | val_loss: 0.1096 | epoch_time: 10.08s

Epoch: 8/50 | tr_Loss: 0.0716 | val_loss: 0.1069 | epoch_time: 10.07s

Epoch: 9/50 | tr_Loss: 0.0679 | val_loss: 0.1068 | epoch_time: 10.07s

Epoch: 10/50 | tr_Loss: 0.0670 | val_loss: 0.1046 | epoch_time: 10.08s

Epoch: 11/50 | tr_Loss: 0.0641 | val_loss: 0.0996 | epoch_time: 10.07s

Epoch: 12/50 | tr_Loss: 0.0633 | val_loss: 0.0994 | epoch_time: 10.08s

Epoch: 13/50 | tr_Loss: 0.0605 | val_loss: 0.0964 | epoch_time: 10.06s

Epoch: 14/50 | tr_Loss: 0.0591 | val_loss: 0.0941 | epoch_time: 10.07s

Epoch: 15/50 | tr_Loss: 0.0574 | val_loss: 0.0912 | epoch_time: 10.07s

Epoch: 16/50 | tr_Loss: 0.0574 | val_loss: 0.0911 | epoch_time: 10.06s

Epoch: 17/50 | tr_Loss: 0.0552 | val_loss: 0.0934 | epoch_time: 10.06s

Epoch: 18/50 | tr_Loss: 0.0546 | val_loss: 0.0911 | epoch_time: 10.06s

Epoch: 19/50 | tr_Loss: 0.0538 | val_loss: 0.0897 | epoch_time: 10.07s

Epoch: 20/50 | tr_Loss: 0.0535 | val_loss: 0.0892 | epoch_time: 10.08s

Epoch: 21/50 | tr_Loss: 0.0519 | val_loss: 0.0882 | epoch_time: 10.05s

Epoch: 22/50 | tr_Loss: 0.0504 | val_loss: 0.0834 | epoch_time: 10.06s

Epoch: 23/50 | tr_Loss: 0.0494 | val_loss: 0.0815 | epoch_time: 10.08s

Epoch: 24/50 | tr_Loss: 0.0492 | val_loss: 0.0827 | epoch_time: 10.07s

Epoch: 25/50 | tr_Loss: 0.0490 | val_loss: 0.0848 | epoch_time: 10.08s

Epoch: 26/50 | tr_Loss: 0.0485 | val_loss: 0.0846 | epoch_time: 10.07s

Epoch: 27/50 | tr_Loss: 0.0483 | val_loss: 0.0857 | epoch_time: 10.06s

Epoch: 28/50 | tr_Loss: 0.0462 | val_loss: 0.0828 | epoch_time: 10.08s

Early stopping at epoch 28 | Best Validation Loss: 0.0815
------------------------------------------------------------------------------------------
Training set class distribution:
{'STAND': 4652, 'WALK': 2791, 'SIT': 2704, 'LIE': 528}
------------------------------------------------------------------------------------------

Epoch: 1/50 | tr_Loss: 0.2156 | val_loss: 0.1873 | epoch_time: 10.15s

Epoch: 2/50 | tr_Loss: 0.1175 | val_loss: 0.1626 | epoch_time: 10.08s

Epoch: 3/50 | tr_Loss: 0.1010 | val_loss: 0.1400 | epoch_time: 10.06s

Epoch: 4/50 | tr_Loss: 0.0896 | val_loss: 0.1279 | epoch_time: 10.08s

Epoch: 5/50 | tr_Loss: 0.0830 | val_loss: 0.1205 | epoch_time: 10.07s

Epoch: 6/50 | tr_Loss: 0.0780 | val_loss: 0.1171 | epoch_time: 10.09s

Epoch: 7/50 | tr_Loss: 0.0765 | val_loss: 0.1162 | epoch_time: 10.06s

Epoch: 8/50 | tr_Loss: 0.0709 | val_loss: 0.1106 | epoch_time: 10.05s

Epoch: 9/50 | tr_Loss: 0.0683 | val_loss: 0.1036 | epoch_time: 10.07s

Epoch: 10/50 | tr_Loss: 0.0661 | val_loss: 0.0997 | epoch_time: 10.05s

Epoch: 11/50 | tr_Loss: 0.0626 | val_loss: 0.0972 | epoch_time: 10.08s

Epoch: 12/50 | tr_Loss: 0.0617 | val_loss: 0.1001 | epoch_time: 10.08s

Epoch: 13/50 | tr_Loss: 0.0595 | val_loss: 0.0951 | epoch_time: 10.06s

Epoch: 14/50 | tr_Loss: 0.0588 | val_loss: 0.0921 | epoch_time: 10.09s

Epoch: 15/50 | tr_Loss: 0.0576 | val_loss: 0.0938 | epoch_time: 10.07s

Epoch: 16/50 | tr_Loss: 0.0568 | val_loss: 0.0904 | epoch_time: 10.06s

Epoch: 17/50 | tr_Loss: 0.0550 | val_loss: 0.0883 | epoch_time: 10.07s

Epoch: 18/50 | tr_Loss: 0.0549 | val_loss: 0.0894 | epoch_time: 10.07s

Epoch: 19/50 | tr_Loss: 0.0538 | val_loss: 0.0884 | epoch_time: 10.07s

Epoch: 20/50 | tr_Loss: 0.0518 | val_loss: 0.0875 | epoch_time: 10.07s

Epoch: 21/50 | tr_Loss: 0.0510 | val_loss: 0.0873 | epoch_time: 10.07s

Epoch: 22/50 | tr_Loss: 0.0502 | val_loss: 0.0864 | epoch_time: 10.05s

Epoch: 23/50 | tr_Loss: 0.0491 | val_loss: 0.0855 | epoch_time: 10.07s

Epoch: 24/50 | tr_Loss: 0.0489 | val_loss: 0.0836 | epoch_time: 10.07s

Epoch: 25/50 | tr_Loss: 0.0485 | val_loss: 0.0846 | epoch_time: 10.05s

Epoch: 26/50 | tr_Loss: 0.0491 | val_loss: 0.0815 | epoch_time: 10.05s

Epoch: 27/50 | tr_Loss: 0.0482 | val_loss: 0.0818 | epoch_time: 10.06s

Epoch: 28/50 | tr_Loss: 0.0476 | val_loss: 0.0840 | epoch_time: 10.06s

Epoch: 29/50 | tr_Loss: 0.0462 | val_loss: 0.0795 | epoch_time: 10.06s

Epoch: 30/50 | tr_Loss: 0.0462 | val_loss: 0.0816 | epoch_time: 10.06s

Epoch: 31/50 | tr_Loss: 0.0446 | val_loss: 0.0794 | epoch_time: 10.05s

Epoch: 32/50 | tr_Loss: 0.0441 | val_loss: 0.0790 | epoch_time: 10.09s

Epoch: 33/50 | tr_Loss: 0.0445 | val_loss: 0.0793 | epoch_time: 10.05s

Epoch: 34/50 | tr_Loss: 0.0454 | val_loss: 0.0772 | epoch_time: 10.06s

Epoch: 35/50 | tr_Loss: 0.0445 | val_loss: 0.0780 | epoch_time: 10.08s

Epoch: 36/50 | tr_Loss: 0.0431 | val_loss: 0.0789 | epoch_time: 10.07s

Epoch: 37/50 | tr_Loss: 0.0432 | val_loss: 0.0780 | epoch_time: 10.06s

Epoch: 38/50 | tr_Loss: 0.0439 | val_loss: 0.0781 | epoch_time: 10.07s

Epoch: 39/50 | tr_Loss: 0.0421 | val_loss: 0.0761 | epoch_time: 10.06s

Epoch: 40/50 | tr_Loss: 0.0431 | val_loss: 0.0772 | epoch_time: 10.07s

Epoch: 41/50 | tr_Loss: 0.0414 | val_loss: 0.0765 | epoch_time: 10.06s

Epoch: 42/50 | tr_Loss: 0.0423 | val_loss: 0.0761 | epoch_time: 10.07s

Epoch: 43/50 | tr_Loss: 0.0414 | val_loss: 0.0760 | epoch_time: 10.06s

Epoch: 44/50 | tr_Loss: 0.0419 | val_loss: 0.0772 | epoch_time: 10.06s

Epoch: 45/50 | tr_Loss: 0.0399 | val_loss: 0.0740 | epoch_time: 10.06s

Epoch: 46/50 | tr_Loss: 0.0405 | val_loss: 0.0740 | epoch_time: 10.05s

Epoch: 47/50 | tr_Loss: 0.0396 | val_loss: 0.0768 | epoch_time: 10.09s

Epoch: 48/50 | tr_Loss: 0.0394 | val_loss: 0.0730 | epoch_time: 10.07s

Epoch: 49/50 | tr_Loss: 0.0392 | val_loss: 0.0746 | epoch_time: 10.08s

Epoch: 50/50 | tr_Loss: 0.0385 | val_loss: 0.0754 | epoch_time: 10.06s
------------------------------------------------------------------------------------------
Training set class distribution:
{'STAND': 4652, 'WALK': 2791, 'SIT': 2704, 'LIE': 528}
------------------------------------------------------------------------------------------

Epoch: 1/50 | tr_Loss: 0.2092 | val_loss: 0.1926 | epoch_time: 10.16s

Epoch: 2/50 | tr_Loss: 0.1171 | val_loss: 0.1539 | epoch_time: 10.08s

Epoch: 3/50 | tr_Loss: 0.0997 | val_loss: 0.1388 | epoch_time: 10.08s

Epoch: 4/50 | tr_Loss: 0.0880 | val_loss: 0.1289 | epoch_time: 10.06s

Epoch: 5/50 | tr_Loss: 0.0840 | val_loss: 0.1242 | epoch_time: 10.09s

Epoch: 6/50 | tr_Loss: 0.0774 | val_loss: 0.1114 | epoch_time: 10.07s

Epoch: 7/50 | tr_Loss: 0.0729 | val_loss: 0.1123 | epoch_time: 10.06s

Epoch: 8/50 | tr_Loss: 0.0709 | val_loss: 0.1075 | epoch_time: 10.07s

Epoch: 9/50 | tr_Loss: 0.0687 | val_loss: 0.1064 | epoch_time: 10.06s

Epoch: 10/50 | tr_Loss: 0.0657 | val_loss: 0.1018 | epoch_time: 10.06s

Epoch: 11/50 | tr_Loss: 0.0636 | val_loss: 0.0975 | epoch_time: 10.06s

Epoch: 12/50 | tr_Loss: 0.0619 | val_loss: 0.0974 | epoch_time: 10.07s

Epoch: 13/50 | tr_Loss: 0.0606 | val_loss: 0.0994 | epoch_time: 10.08s

Epoch: 14/50 | tr_Loss: 0.0586 | val_loss: 0.0933 | epoch_time: 10.09s

Epoch: 15/50 | tr_Loss: 0.0580 | val_loss: 0.0914 | epoch_time: 10.06s

Epoch: 16/50 | tr_Loss: 0.0560 | val_loss: 0.0878 | epoch_time: 10.07s

Epoch: 17/50 | tr_Loss: 0.0545 | val_loss: 0.0920 | epoch_time: 10.06s

Epoch: 18/50 | tr_Loss: 0.0556 | val_loss: 0.0904 | epoch_time: 10.04s

Epoch: 19/50 | tr_Loss: 0.0538 | val_loss: 0.0932 | epoch_time: 10.07s

Epoch: 20/50 | tr_Loss: 0.0523 | val_loss: 0.0861 | epoch_time: 10.06s

Epoch: 21/50 | tr_Loss: 0.0505 | val_loss: 0.0855 | epoch_time: 10.08s

Epoch: 22/50 | tr_Loss: 0.0512 | val_loss: 0.0853 | epoch_time: 10.07s

Epoch: 23/50 | tr_Loss: 0.0509 | val_loss: 0.0861 | epoch_time: 10.05s

Epoch: 24/50 | tr_Loss: 0.0496 | val_loss: 0.0816 | epoch_time: 10.06s

Epoch: 25/50 | tr_Loss: 0.0499 | val_loss: 0.0835 | epoch_time: 10.07s

Epoch: 26/50 | tr_Loss: 0.0482 | val_loss: 0.0829 | epoch_time: 10.05s

Epoch: 27/50 | tr_Loss: 0.0477 | val_loss: 0.0829 | epoch_time: 10.07s

Epoch: 28/50 | tr_Loss: 0.0465 | val_loss: 0.0823 | epoch_time: 10.05s

Epoch: 29/50 | tr_Loss: 0.0466 | val_loss: 0.0817 | epoch_time: 10.06s

Early stopping at epoch 29 | Best Validation Loss: 0.0816
Total wall time:33min 51s
