Job started on gpu032.orc.gmu.edu
CUDA_VISIBLE_DEVICES=0
Sun May 31 12:19:54 2026       
+-----------------------------------------------------------------------------------------+
| NVIDIA-SMI 590.48.01              Driver Version: 590.48.01      CUDA Version: 13.1     |
+-----------------------------------------+------------------------+----------------------+
| GPU  Name                 Persistence-M | Bus-Id          Disp.A | Volatile Uncorr. ECC |
| Fan  Temp   Perf          Pwr:Usage/Cap |           Memory-Usage | GPU-Util  Compute M. |
|                                         |                        |               MIG M. |
|=========================================+========================+======================|
|   0  NVIDIA H100 80GB HBM3          On  |   00000000:CB:00.0 Off |                    0 |
| N/A   23C    P0             69W /  700W |       0MiB /  81559MiB |      0%      Default |
|                                         |                        |             Disabled |
+-----------------------------------------+------------------------+----------------------+

+-----------------------------------------------------------------------------------------+
| Processes:                                                                              |
|  GPU   GI   CI              PID   Type   Process name                        GPU Memory |
|        ID   ID                                                               Usage      |
|=========================================================================================|
|  No running processes found                                                             |
+-----------------------------------------------------------------------------------------+
Mamba version: 2.3.0
Path: /home/kmercad/myenv/lib/python3.10/site-packages/mamba_ssm/modules/mamba2.py
------------------------------------------------------------------------------------------
Raw training set shape: (406214, 251)
Validation training set shape: (92480, 251)
Raw test set shape: (145941, 251)
------------------------------------------------------------------------------------------
Sensor subset training shape: (303650, 47)
Sensor Validation training shape: (69226, 47)
Sensor Test training shape: (124320, 47)
----------------------------------------------------------------------
Rows containing NaNs - training: 4953
Rows containing NaNs - validation: 0
Rows containing NaNs - test: 0
------------------------------------------------------------------------------------------
Training shape after NaN removal: (298697, 47)
Validation shape after NaN removal: (69226, 47)
Test shape after NaN removal: (124320, 47)
------------------------------------------------------------------------------------------
Reindexed training shape: (298697, 47)
Reindexed validation shape: (69226, 47)
Reindexed test shape: (124320, 47)


Descriptive statistics for ACC channels (DEVICE_1) - training set
                   0              1              2
count  298697.000000  298697.000000  298697.000000
mean     -856.989129    -147.138863     232.103958
std       241.489617     247.763570     298.818082
min     -1850.000000   -1283.000000   -1198.000000
25%      -981.000000    -272.000000      61.000000
50%      -943.000000    -179.000000     175.000000
75%      -838.000000     -80.000000     364.000000
max       614.000000    1815.000000    1360.000000

Descriptive statistics for GYRO channels (DEVICE_1) - training set
                   3              4              5
count  298697.000000  298697.000000  298697.000000
mean      -45.319417     -18.770356       3.732532
std       598.715854     321.549707     239.497658
min     -4818.000000   -3092.000000   -2273.000000
25%      -219.000000    -106.000000     -74.000000
50%       -17.000000      -7.000000       0.000000
75%       134.000000      73.000000      79.000000
max      4504.000000    3370.000000    2231.000000

Descriptive statistics for MAG channels (DEVICE_1) - training set
                   6              7              8
count  298697.000000  298697.000000  298697.000000
mean      434.732193      64.025718     137.494538
std       304.499040     351.748187     514.189703
min      -929.000000   -1038.000000   -1135.000000
25%       365.000000    -182.000000    -384.000000
50%       489.000000      98.000000     278.000000
75%       600.000000     272.000000     588.000000
max      1466.000000    1162.000000    1369.000000
------------------------------------------------------------------------------------------


Descriptive statistics for ACC channels (DEVICE_1) - training set
                   0              1              2
count  298697.000000  298697.000000  298697.000000
mean       -0.856989      -0.147139       0.232104
std         0.241490       0.247764       0.298818
min        -1.850000      -1.283000      -1.198000
25%        -0.981000      -0.272000       0.061000
50%        -0.943000      -0.179000       0.175000
75%        -0.838000      -0.080000       0.364000
max         0.614000       1.815000       1.360000

Descriptive statistics for scaled GYRO channels (DEVICE_1) - training set
                   3             4              5
count  298697.000000  298697.00000  298697.000000
mean       -0.045319      -0.01877       0.003733
std         0.598716       0.32155       0.239498
min        -4.818000      -3.09200      -2.273000
25%        -0.219000      -0.10600      -0.074000
50%        -0.017000      -0.00700       0.000000
75%         0.134000       0.07300       0.079000
max         4.504000       3.37000       2.231000

Descriptive statistics for normalized MAG channels (DEVICE_1) - training set
                   6              7              8
count  298697.000000  298697.000000  298697.000000
mean        0.547496       0.070568       0.152425
std         0.332584       0.426307       0.616187
min        -0.843382      -0.991281      -0.999988
25%         0.473550      -0.240282      -0.478054
50%         0.630226       0.115992       0.375305
75%         0.748007       0.319388       0.718015
max         0.999999       0.999708       0.999770
--------------------STRATIY VAL/TEST--------------------
Validation GROUPS
group_id
S3-ADL1    32319
S3-ADL2    24902
S3-ADL5    20648
S4-ADL5    23817
Name: count, dtype: int64
Test GROUPS
group_id
S1-ADL5    22440
S2-ADL5    22969
S3-ADL3    21325
S3-ADL4    25126
Name: count, dtype: int64 


 Validation Split Label Proportion
45
1    0.459572
2    0.309502
4    0.168057
5    0.062870
Name: proportion, dtype: float64
Test Split Label Proportion
45
1    0.412094
2    0.273285
4    0.248759
5    0.065861
Name: proportion, dtype: float64

------------------------------ TRAIN ACC/GYRO after StandardScaler ------------------------------
global mean: 0.000000
global std : 1.000000
max |channel mean| : 0.000000
median |channel mean| : 0.000000
channel std range : [1.000000, 1.000000]

------------------------------ VAL ACC/GYRO after StandardScaler ------------------------------
global mean: -0.018828
global std : 1.029823
max |channel mean| : 0.571034
median |channel mean| : 0.035000
channel std range : [0.789396, 1.282089]

------------------------------ TEST ACC/GYRO after StandardScaler ------------------------------
global mean: -0.026641
global std : 1.016736
max |channel mean| : 0.360631
median |channel mean| : 0.015682
channel std range : [0.916675, 1.271960]
------------------------------------------------------------------------------------------
Training features: (298697, 46) | Training labels: (298697,)
Validation features: (101686, 46) | Validation labels: (101686,)
Test features: (91860, 46), Test labels: (91860,)

------------------------------ TRAIN MAG after window demeaning ------------------------------
max |window mean|  : 2.072917e-07
mean |window mean| : 2.314282e-08
channel global mean range : [-5.163174e-10, 3.394087e-10]
channel std range         : [0.123620, 0.237807]

------------------------------ VAL MAG after window demeaning ------------------------------
max |window mean|  : 2.072917e-07
mean |window mean| : 2.311541e-08
channel global mean range : [-8.879956e-10, 1.000856e-09]
channel std range         : [0.139015, 0.235645]

------------------------------ TEST MAG after window demeaning ------------------------------
max |window mean|  : 2.112654e-07
mean |window mean| : 2.317139e-08
channel global mean range : [-9.478415e-10, 4.257475e-10]
channel std range         : [0.126678, 0.220654]

TRAIN window label distribution
label 1: 4469 (0.4501)
label 2: 2437 (0.2455)
label 4: 2601 (0.2620)
label 5: 421 (0.0424)

VAL window label distribution
label 1: 1533 (0.4536)
label 2: 1063 (0.3145)
label 4: 571 (0.1689)
label 5: 213 (0.0630)

TEST window label distribution
label 1: 1241 (0.4066)
label 2: 843 (0.2762)
label 4: 767 (0.2513)
label 5: 201 (0.0659)
------------------------------------------------------------------------------------------
Training (windows): (9928, 90, 45). Training Labels: (9928,)
Validation (windows): (3380, 90, 45). Validation Labels: (3380,)
Test (windows): (3052, 90, 45). Test Labels: (3052,)
------------------------------------------------------------------------------------------
Training set class distribution:
{'STAND': 4469, 'WALK': 2437, 'SIT': 2601, 'LIE': 421}
------------------------------------------------------------------------------------------

Epoch: 1/50 | tr_Loss: 0.2232 | val_loss: 0.1531 | epoch_time: 39.18s

Epoch: 2/50 | tr_Loss: 0.1242 | val_loss: 0.1324 | epoch_time: 9.49s

Epoch: 3/50 | tr_Loss: 0.1043 | val_loss: 0.1146 | epoch_time: 9.50s

Epoch: 4/50 | tr_Loss: 0.0954 | val_loss: 0.1040 | epoch_time: 9.49s

Epoch: 5/50 | tr_Loss: 0.0869 | val_loss: 0.0990 | epoch_time: 9.50s

Epoch: 6/50 | tr_Loss: 0.0829 | val_loss: 0.0956 | epoch_time: 9.50s

Epoch: 7/50 | tr_Loss: 0.0783 | val_loss: 0.0879 | epoch_time: 9.50s

Epoch: 8/50 | tr_Loss: 0.0750 | val_loss: 0.0860 | epoch_time: 9.48s

Epoch: 9/50 | tr_Loss: 0.0714 | val_loss: 0.0835 | epoch_time: 9.50s

Epoch: 10/50 | tr_Loss: 0.0696 | val_loss: 0.0781 | epoch_time: 9.48s

Epoch: 11/50 | tr_Loss: 0.0668 | val_loss: 0.0827 | epoch_time: 9.49s

Epoch: 12/50 | tr_Loss: 0.0659 | val_loss: 0.0794 | epoch_time: 9.46s

Epoch: 13/50 | tr_Loss: 0.0634 | val_loss: 0.0789 | epoch_time: 9.45s

Epoch: 14/50 | tr_Loss: 0.0633 | val_loss: 0.0729 | epoch_time: 9.46s

Epoch: 15/50 | tr_Loss: 0.0601 | val_loss: 0.0745 | epoch_time: 9.46s

Epoch: 16/50 | tr_Loss: 0.0589 | val_loss: 0.0704 | epoch_time: 9.46s

Epoch: 17/50 | tr_Loss: 0.0572 | val_loss: 0.0696 | epoch_time: 9.46s

Epoch: 18/50 | tr_Loss: 0.0562 | val_loss: 0.0683 | epoch_time: 9.46s

Epoch: 19/50 | tr_Loss: 0.0566 | val_loss: 0.0696 | epoch_time: 9.46s

Epoch: 20/50 | tr_Loss: 0.0552 | val_loss: 0.0668 | epoch_time: 9.45s

Epoch: 21/50 | tr_Loss: 0.0540 | val_loss: 0.0677 | epoch_time: 9.45s

Epoch: 22/50 | tr_Loss: 0.0558 | val_loss: 0.0687 | epoch_time: 9.47s

Epoch: 23/50 | tr_Loss: 0.0535 | val_loss: 0.0639 | epoch_time: 9.46s

Epoch: 24/50 | tr_Loss: 0.0542 | val_loss: 0.0675 | epoch_time: 9.47s

Epoch: 25/50 | tr_Loss: 0.0525 | val_loss: 0.0648 | epoch_time: 9.44s

Epoch: 26/50 | tr_Loss: 0.0497 | val_loss: 0.0662 | epoch_time: 9.45s

Epoch: 27/50 | tr_Loss: 0.0509 | val_loss: 0.0643 | epoch_time: 9.46s

Epoch: 28/50 | tr_Loss: 0.0501 | val_loss: 0.0616 | epoch_time: 9.45s

Epoch: 29/50 | tr_Loss: 0.0493 | val_loss: 0.0607 | epoch_time: 9.45s

Epoch: 30/50 | tr_Loss: 0.0485 | val_loss: 0.0639 | epoch_time: 9.46s

Epoch: 31/50 | tr_Loss: 0.0493 | val_loss: 0.0620 | epoch_time: 9.46s

Epoch: 32/50 | tr_Loss: 0.0478 | val_loss: 0.0590 | epoch_time: 9.45s

Epoch: 33/50 | tr_Loss: 0.0457 | val_loss: 0.0605 | epoch_time: 9.47s

Epoch: 34/50 | tr_Loss: 0.0452 | val_loss: 0.0629 | epoch_time: 9.45s

Epoch: 35/50 | tr_Loss: 0.0473 | val_loss: 0.0587 | epoch_time: 9.46s

Epoch: 36/50 | tr_Loss: 0.0467 | val_loss: 0.0606 | epoch_time: 9.46s

Epoch: 37/50 | tr_Loss: 0.0473 | val_loss: 0.0594 | epoch_time: 9.44s

Epoch: 38/50 | tr_Loss: 0.0463 | val_loss: 0.0611 | epoch_time: 9.45s

Epoch: 39/50 | tr_Loss: 0.0459 | val_loss: 0.0568 | epoch_time: 9.47s

Epoch: 40/50 | tr_Loss: 0.0446 | val_loss: 0.0590 | epoch_time: 9.46s

Epoch: 41/50 | tr_Loss: 0.0436 | val_loss: 0.0588 | epoch_time: 9.46s

Epoch: 42/50 | tr_Loss: 0.0435 | val_loss: 0.0584 | epoch_time: 9.45s

Epoch: 43/50 | tr_Loss: 0.0438 | val_loss: 0.0584 | epoch_time: 9.45s

Epoch: 44/50 | tr_Loss: 0.0432 | val_loss: 0.0589 | epoch_time: 9.44s

Early stopping at epoch 44 | Best Validation Loss: 0.0568
------------------------------------------------------------------------------------------
Training set class distribution:
{'STAND': 4469, 'WALK': 2437, 'SIT': 2601, 'LIE': 421}
------------------------------------------------------------------------------------------

Epoch: 1/50 | tr_Loss: 0.2276 | val_loss: 0.1606 | epoch_time: 9.54s

Epoch: 2/50 | tr_Loss: 0.1259 | val_loss: 0.1332 | epoch_time: 9.45s

Epoch: 3/50 | tr_Loss: 0.1047 | val_loss: 0.1099 | epoch_time: 9.48s

Epoch: 4/50 | tr_Loss: 0.0961 | val_loss: 0.1076 | epoch_time: 9.46s

Epoch: 5/50 | tr_Loss: 0.0890 | val_loss: 0.0945 | epoch_time: 9.48s

Epoch: 6/50 | tr_Loss: 0.0857 | val_loss: 0.0904 | epoch_time: 9.46s

Epoch: 7/50 | tr_Loss: 0.0788 | val_loss: 0.0865 | epoch_time: 9.46s

Epoch: 8/50 | tr_Loss: 0.0755 | val_loss: 0.0863 | epoch_time: 9.47s

Epoch: 9/50 | tr_Loss: 0.0723 | val_loss: 0.0784 | epoch_time: 9.46s

Epoch: 10/50 | tr_Loss: 0.0692 | val_loss: 0.0781 | epoch_time: 9.46s

Epoch: 11/50 | tr_Loss: 0.0680 | val_loss: 0.0785 | epoch_time: 9.43s

Epoch: 12/50 | tr_Loss: 0.0665 | val_loss: 0.0755 | epoch_time: 9.45s

Epoch: 13/50 | tr_Loss: 0.0638 | val_loss: 0.0770 | epoch_time: 9.47s

Epoch: 14/50 | tr_Loss: 0.0622 | val_loss: 0.0754 | epoch_time: 9.45s

Epoch: 15/50 | tr_Loss: 0.0618 | val_loss: 0.0723 | epoch_time: 9.47s

Epoch: 16/50 | tr_Loss: 0.0607 | val_loss: 0.0731 | epoch_time: 9.47s

Epoch: 17/50 | tr_Loss: 0.0595 | val_loss: 0.0711 | epoch_time: 9.44s

Epoch: 18/50 | tr_Loss: 0.0576 | val_loss: 0.0710 | epoch_time: 9.47s

Epoch: 19/50 | tr_Loss: 0.0572 | val_loss: 0.0663 | epoch_time: 9.47s

Epoch: 20/50 | tr_Loss: 0.0555 | val_loss: 0.0672 | epoch_time: 9.48s

Epoch: 21/50 | tr_Loss: 0.0543 | val_loss: 0.0637 | epoch_time: 9.45s

Epoch: 22/50 | tr_Loss: 0.0548 | val_loss: 0.0666 | epoch_time: 9.46s

Epoch: 23/50 | tr_Loss: 0.0543 | val_loss: 0.0668 | epoch_time: 9.46s

Epoch: 24/50 | tr_Loss: 0.0530 | val_loss: 0.0662 | epoch_time: 9.45s

Epoch: 25/50 | tr_Loss: 0.0519 | val_loss: 0.0611 | epoch_time: 9.46s

Epoch: 26/50 | tr_Loss: 0.0512 | val_loss: 0.0622 | epoch_time: 9.46s

Epoch: 27/50 | tr_Loss: 0.0509 | val_loss: 0.0631 | epoch_time: 9.45s

Epoch: 28/50 | tr_Loss: 0.0500 | val_loss: 0.0597 | epoch_time: 9.45s

Epoch: 29/50 | tr_Loss: 0.0481 | val_loss: 0.0604 | epoch_time: 9.45s

Epoch: 30/50 | tr_Loss: 0.0495 | val_loss: 0.0630 | epoch_time: 9.47s

Epoch: 31/50 | tr_Loss: 0.0494 | val_loss: 0.0642 | epoch_time: 9.46s

Epoch: 32/50 | tr_Loss: 0.0488 | val_loss: 0.0610 | epoch_time: 9.45s

Epoch: 33/50 | tr_Loss: 0.0478 | val_loss: 0.0614 | epoch_time: 9.47s

Early stopping at epoch 33 | Best Validation Loss: 0.0597
------------------------------------------------------------------------------------------
Training set class distribution:
{'STAND': 4469, 'WALK': 2437, 'SIT': 2601, 'LIE': 421}
------------------------------------------------------------------------------------------

Epoch: 1/50 | tr_Loss: 0.2255 | val_loss: 0.1532 | epoch_time: 9.56s

Epoch: 2/50 | tr_Loss: 0.1230 | val_loss: 0.1220 | epoch_time: 9.47s

Epoch: 3/50 | tr_Loss: 0.1067 | val_loss: 0.1112 | epoch_time: 9.46s

Epoch: 4/50 | tr_Loss: 0.0940 | val_loss: 0.1038 | epoch_time: 9.45s

Epoch: 5/50 | tr_Loss: 0.0876 | val_loss: 0.0919 | epoch_time: 9.46s

Epoch: 6/50 | tr_Loss: 0.0817 | val_loss: 0.0944 | epoch_time: 9.46s

Epoch: 7/50 | tr_Loss: 0.0790 | val_loss: 0.0855 | epoch_time: 9.47s

Epoch: 8/50 | tr_Loss: 0.0768 | val_loss: 0.0842 | epoch_time: 9.47s

Epoch: 9/50 | tr_Loss: 0.0726 | val_loss: 0.0839 | epoch_time: 9.46s

Epoch: 10/50 | tr_Loss: 0.0693 | val_loss: 0.0836 | epoch_time: 9.49s

Epoch: 11/50 | tr_Loss: 0.0680 | val_loss: 0.0771 | epoch_time: 9.47s

Epoch: 12/50 | tr_Loss: 0.0655 | val_loss: 0.0748 | epoch_time: 9.48s

Epoch: 13/50 | tr_Loss: 0.0646 | val_loss: 0.0747 | epoch_time: 9.48s

Epoch: 14/50 | tr_Loss: 0.0636 | val_loss: 0.0739 | epoch_time: 9.47s

Epoch: 15/50 | tr_Loss: 0.0612 | val_loss: 0.0711 | epoch_time: 9.48s

Epoch: 16/50 | tr_Loss: 0.0605 | val_loss: 0.0721 | epoch_time: 9.48s

Epoch: 17/50 | tr_Loss: 0.0591 | val_loss: 0.0675 | epoch_time: 9.48s

Epoch: 18/50 | tr_Loss: 0.0579 | val_loss: 0.0705 | epoch_time: 9.46s

Epoch: 19/50 | tr_Loss: 0.0557 | val_loss: 0.0698 | epoch_time: 9.48s

Epoch: 20/50 | tr_Loss: 0.0561 | val_loss: 0.0664 | epoch_time: 9.49s

Epoch: 21/50 | tr_Loss: 0.0538 | val_loss: 0.0647 | epoch_time: 9.47s

Epoch: 22/50 | tr_Loss: 0.0534 | val_loss: 0.0664 | epoch_time: 9.46s

Epoch: 23/50 | tr_Loss: 0.0541 | val_loss: 0.0683 | epoch_time: 9.47s

Epoch: 24/50 | tr_Loss: 0.0533 | val_loss: 0.0642 | epoch_time: 9.48s

Epoch: 25/50 | tr_Loss: 0.0528 | val_loss: 0.0647 | epoch_time: 9.48s

Epoch: 26/50 | tr_Loss: 0.0516 | val_loss: 0.0656 | epoch_time: 9.47s

Epoch: 27/50 | tr_Loss: 0.0504 | val_loss: 0.0635 | epoch_time: 9.45s

Epoch: 28/50 | tr_Loss: 0.0493 | val_loss: 0.0619 | epoch_time: 9.48s

Epoch: 29/50 | tr_Loss: 0.0492 | val_loss: 0.0631 | epoch_time: 9.46s

Epoch: 30/50 | tr_Loss: 0.0488 | val_loss: 0.0618 | epoch_time: 9.48s

Epoch: 31/50 | tr_Loss: 0.0484 | val_loss: 0.0616 | epoch_time: 9.47s

Epoch: 32/50 | tr_Loss: 0.0486 | val_loss: 0.0632 | epoch_time: 9.46s

Epoch: 33/50 | tr_Loss: 0.0462 | val_loss: 0.0606 | epoch_time: 9.47s

Epoch: 34/50 | tr_Loss: 0.0467 | val_loss: 0.0608 | epoch_time: 9.47s

Epoch: 35/50 | tr_Loss: 0.0465 | val_loss: 0.0609 | epoch_time: 9.47s

Epoch: 36/50 | tr_Loss: 0.0465 | val_loss: 0.0618 | epoch_time: 9.46s

Epoch: 37/50 | tr_Loss: 0.0461 | val_loss: 0.0595 | epoch_time: 9.47s

Epoch: 38/50 | tr_Loss: 0.0453 | val_loss: 0.0618 | epoch_time: 9.49s

Epoch: 39/50 | tr_Loss: 0.0458 | val_loss: 0.0610 | epoch_time: 9.46s

Epoch: 40/50 | tr_Loss: 0.0461 | val_loss: 0.0603 | epoch_time: 9.49s

Epoch: 41/50 | tr_Loss: 0.0458 | val_loss: 0.0622 | epoch_time: 9.47s

Epoch: 42/50 | tr_Loss: 0.0445 | val_loss: 0.0612 | epoch_time: 9.47s

Early stopping at epoch 42 | Best Validation Loss: 0.0595
------------------------------------------------------------------------------------------
Training set class distribution:
{'STAND': 4469, 'WALK': 2437, 'SIT': 2601, 'LIE': 421}
------------------------------------------------------------------------------------------

Epoch: 1/50 | tr_Loss: 0.2205 | val_loss: 0.1643 | epoch_time: 9.55s

Epoch: 2/50 | tr_Loss: 0.1236 | val_loss: 0.1282 | epoch_time: 9.46s

Epoch: 3/50 | tr_Loss: 0.1039 | val_loss: 0.1093 | epoch_time: 9.48s

Epoch: 4/50 | tr_Loss: 0.0933 | val_loss: 0.1066 | epoch_time: 9.47s

Epoch: 5/50 | tr_Loss: 0.0865 | val_loss: 0.1008 | epoch_time: 9.49s

Epoch: 6/50 | tr_Loss: 0.0818 | val_loss: 0.0922 | epoch_time: 9.48s

Epoch: 7/50 | tr_Loss: 0.0782 | val_loss: 0.0860 | epoch_time: 9.48s

Epoch: 8/50 | tr_Loss: 0.0753 | val_loss: 0.0896 | epoch_time: 9.47s

Epoch: 9/50 | tr_Loss: 0.0727 | val_loss: 0.0819 | epoch_time: 9.48s

Epoch: 10/50 | tr_Loss: 0.0708 | val_loss: 0.0838 | epoch_time: 9.47s

Epoch: 11/50 | tr_Loss: 0.0666 | val_loss: 0.0776 | epoch_time: 9.46s

Epoch: 12/50 | tr_Loss: 0.0643 | val_loss: 0.0748 | epoch_time: 9.48s

Epoch: 13/50 | tr_Loss: 0.0632 | val_loss: 0.0743 | epoch_time: 9.48s

Epoch: 14/50 | tr_Loss: 0.0620 | val_loss: 0.0729 | epoch_time: 9.49s

Epoch: 15/50 | tr_Loss: 0.0603 | val_loss: 0.0713 | epoch_time: 9.46s

Epoch: 16/50 | tr_Loss: 0.0612 | val_loss: 0.0699 | epoch_time: 9.48s

Epoch: 17/50 | tr_Loss: 0.0586 | val_loss: 0.0685 | epoch_time: 9.47s

Epoch: 18/50 | tr_Loss: 0.0577 | val_loss: 0.0693 | epoch_time: 9.46s

Epoch: 19/50 | tr_Loss: 0.0574 | val_loss: 0.0687 | epoch_time: 9.45s

Epoch: 20/50 | tr_Loss: 0.0566 | val_loss: 0.0699 | epoch_time: 9.47s

Epoch: 21/50 | tr_Loss: 0.0550 | val_loss: 0.0673 | epoch_time: 9.46s

Epoch: 22/50 | tr_Loss: 0.0538 | val_loss: 0.0679 | epoch_time: 9.47s

Epoch: 23/50 | tr_Loss: 0.0528 | val_loss: 0.0646 | epoch_time: 9.47s

Epoch: 24/50 | tr_Loss: 0.0516 | val_loss: 0.0652 | epoch_time: 9.48s

Epoch: 25/50 | tr_Loss: 0.0512 | val_loss: 0.0630 | epoch_time: 9.47s

Epoch: 26/50 | tr_Loss: 0.0512 | val_loss: 0.0633 | epoch_time: 9.47s

Epoch: 27/50 | tr_Loss: 0.0505 | val_loss: 0.0639 | epoch_time: 9.46s

Epoch: 28/50 | tr_Loss: 0.0500 | val_loss: 0.0657 | epoch_time: 9.48s

Epoch: 29/50 | tr_Loss: 0.0499 | val_loss: 0.0623 | epoch_time: 9.47s

Epoch: 30/50 | tr_Loss: 0.0484 | val_loss: 0.0620 | epoch_time: 9.47s

Epoch: 31/50 | tr_Loss: 0.0484 | val_loss: 0.0624 | epoch_time: 9.46s

Epoch: 32/50 | tr_Loss: 0.0475 | val_loss: 0.0633 | epoch_time: 9.49s

Epoch: 33/50 | tr_Loss: 0.0473 | val_loss: 0.0602 | epoch_time: 9.46s

Epoch: 34/50 | tr_Loss: 0.0458 | val_loss: 0.0588 | epoch_time: 9.47s

Epoch: 35/50 | tr_Loss: 0.0476 | val_loss: 0.0623 | epoch_time: 9.47s

Epoch: 36/50 | tr_Loss: 0.0464 | val_loss: 0.0610 | epoch_time: 9.48s

Epoch: 37/50 | tr_Loss: 0.0451 | val_loss: 0.0604 | epoch_time: 9.46s

Epoch: 38/50 | tr_Loss: 0.0448 | val_loss: 0.0616 | epoch_time: 9.46s

Epoch: 39/50 | tr_Loss: 0.0447 | val_loss: 0.0605 | epoch_time: 9.46s

Early stopping at epoch 39 | Best Validation Loss: 0.0588
------------------------------------------------------------------------------------------
Training set class distribution:
{'STAND': 4469, 'WALK': 2437, 'SIT': 2601, 'LIE': 421}
------------------------------------------------------------------------------------------

Epoch: 1/50 | tr_Loss: 0.2302 | val_loss: 0.1552 | epoch_time: 9.55s

Epoch: 2/50 | tr_Loss: 0.1252 | val_loss: 0.1294 | epoch_time: 9.47s

Epoch: 3/50 | tr_Loss: 0.1060 | val_loss: 0.1163 | epoch_time: 9.49s

Epoch: 4/50 | tr_Loss: 0.0954 | val_loss: 0.1049 | epoch_time: 9.48s

Epoch: 5/50 | tr_Loss: 0.0864 | val_loss: 0.0977 | epoch_time: 9.47s

Epoch: 6/50 | tr_Loss: 0.0861 | val_loss: 0.0884 | epoch_time: 9.46s

Epoch: 7/50 | tr_Loss: 0.0765 | val_loss: 0.0886 | epoch_time: 9.45s

Epoch: 8/50 | tr_Loss: 0.0751 | val_loss: 0.0825 | epoch_time: 9.46s

Epoch: 9/50 | tr_Loss: 0.0715 | val_loss: 0.0780 | epoch_time: 9.47s

Epoch: 10/50 | tr_Loss: 0.0700 | val_loss: 0.0806 | epoch_time: 9.48s

Epoch: 11/50 | tr_Loss: 0.0672 | val_loss: 0.0754 | epoch_time: 9.47s

Epoch: 12/50 | tr_Loss: 0.0650 | val_loss: 0.0765 | epoch_time: 9.47s

Epoch: 13/50 | tr_Loss: 0.0661 | val_loss: 0.0729 | epoch_time: 9.46s

Epoch: 14/50 | tr_Loss: 0.0617 | val_loss: 0.0730 | epoch_time: 9.45s

Epoch: 15/50 | tr_Loss: 0.0605 | val_loss: 0.0694 | epoch_time: 9.47s

Epoch: 16/50 | tr_Loss: 0.0609 | val_loss: 0.0723 | epoch_time: 9.46s

Epoch: 17/50 | tr_Loss: 0.0587 | val_loss: 0.0696 | epoch_time: 9.45s

Epoch: 18/50 | tr_Loss: 0.0584 | val_loss: 0.0680 | epoch_time: 9.48s

Epoch: 19/50 | tr_Loss: 0.0565 | val_loss: 0.0684 | epoch_time: 9.47s

Epoch: 20/50 | tr_Loss: 0.0548 | val_loss: 0.0642 | epoch_time: 9.47s

Epoch: 21/50 | tr_Loss: 0.0543 | val_loss: 0.0657 | epoch_time: 9.48s

Epoch: 22/50 | tr_Loss: 0.0537 | val_loss: 0.0650 | epoch_time: 9.48s

Epoch: 23/50 | tr_Loss: 0.0542 | val_loss: 0.0658 | epoch_time: 9.46s

Epoch: 24/50 | tr_Loss: 0.0523 | val_loss: 0.0642 | epoch_time: 9.46s

Epoch: 25/50 | tr_Loss: 0.0521 | val_loss: 0.0628 | epoch_time: 9.47s

Epoch: 26/50 | tr_Loss: 0.0516 | val_loss: 0.0642 | epoch_time: 9.46s

Epoch: 27/50 | tr_Loss: 0.0515 | val_loss: 0.0656 | epoch_time: 9.46s

Epoch: 28/50 | tr_Loss: 0.0507 | val_loss: 0.0632 | epoch_time: 9.48s

Epoch: 29/50 | tr_Loss: 0.0492 | val_loss: 0.0629 | epoch_time: 9.45s

Epoch: 30/50 | tr_Loss: 0.0488 | val_loss: 0.0602 | epoch_time: 9.48s

Epoch: 31/50 | tr_Loss: 0.0485 | val_loss: 0.0636 | epoch_time: 9.47s

Epoch: 32/50 | tr_Loss: 0.0478 | val_loss: 0.0592 | epoch_time: 9.47s

Epoch: 33/50 | tr_Loss: 0.0487 | val_loss: 0.0600 | epoch_time: 9.48s

Epoch: 34/50 | tr_Loss: 0.0465 | val_loss: 0.0612 | epoch_time: 9.48s

Epoch: 35/50 | tr_Loss: 0.0461 | val_loss: 0.0603 | epoch_time: 9.47s

Epoch: 36/50 | tr_Loss: 0.0451 | val_loss: 0.0586 | epoch_time: 9.45s

Epoch: 37/50 | tr_Loss: 0.0454 | val_loss: 0.0589 | epoch_time: 9.47s

Epoch: 38/50 | tr_Loss: 0.0454 | val_loss: 0.0612 | epoch_time: 9.46s

Epoch: 39/50 | tr_Loss: 0.0452 | val_loss: 0.0608 | epoch_time: 9.46s

Epoch: 40/50 | tr_Loss: 0.0448 | val_loss: 0.0590 | epoch_time: 9.44s

Epoch: 41/50 | tr_Loss: 0.0447 | val_loss: 0.0584 | epoch_time: 9.47s

Epoch: 42/50 | tr_Loss: 0.0442 | val_loss: 0.0578 | epoch_time: 9.47s

Epoch: 43/50 | tr_Loss: 0.0434 | val_loss: 0.0589 | epoch_time: 9.46s

Epoch: 44/50 | tr_Loss: 0.0439 | val_loss: 0.0568 | epoch_time: 9.46s

Epoch: 45/50 | tr_Loss: 0.0443 | val_loss: 0.0565 | epoch_time: 9.47s

Epoch: 46/50 | tr_Loss: 0.0435 | val_loss: 0.0578 | epoch_time: 9.48s

Epoch: 47/50 | tr_Loss: 0.0434 | val_loss: 0.0567 | epoch_time: 9.46s

Epoch: 48/50 | tr_Loss: 0.0435 | val_loss: 0.0585 | epoch_time: 9.46s

Epoch: 49/50 | tr_Loss: 0.0409 | val_loss: 0.0576 | epoch_time: 9.46s

Epoch: 50/50 | tr_Loss: 0.0408 | val_loss: 0.0565 | epoch_time: 9.46s

Early stopping at epoch 50 | Best Validation Loss: 0.0565
Total wall time:35min 57s
