Job started on gpu032.orc.gmu.edu
CUDA_VISIBLE_DEVICES=0
Sun May 31 14:11:18 2026       
+-----------------------------------------------------------------------------------------+
| NVIDIA-SMI 590.48.01              Driver Version: 590.48.01      CUDA Version: 13.1     |
+-----------------------------------------+------------------------+----------------------+
| GPU  Name                 Persistence-M | Bus-Id          Disp.A | Volatile Uncorr. ECC |
| Fan  Temp   Perf          Pwr:Usage/Cap |           Memory-Usage | GPU-Util  Compute M. |
|                                         |                        |               MIG M. |
|=========================================+========================+======================|
|   0  NVIDIA H100 80GB HBM3          On  |   00000000:DB:00.0 Off |                    0 |
| N/A   22C    P0             67W /  700W |       0MiB /  81559MiB |      0%      Default |
|                                         |                        |             Disabled |
+-----------------------------------------+------------------------+----------------------+

+-----------------------------------------------------------------------------------------+
| Processes:                                                                              |
|  GPU   GI   CI              PID   Type   Process name                        GPU Memory |
|        ID   ID                                                               Usage      |
|=========================================================================================|
|  No running processes found                                                             |
+-----------------------------------------------------------------------------------------+
Mamba version: 2.3.0
Path: /home/kmercad/myenv/lib/python3.10/site-packages/mamba_ssm/modules/mamba2.py
------------------------------------------------------------------------------------------
Raw training set shape: (408973, 251)
Validation training set shape: (88448, 251)
Raw test set shape: (147214, 251)
------------------------------------------------------------------------------------------
Sensor subset training shape: (326057, 47)
Sensor Validation training shape: (66057, 47)
Sensor Test training shape: (105082, 47)
----------------------------------------------------------------------
Rows containing NaNs - training: 4953
Rows containing NaNs - validation: 0
Rows containing NaNs - test: 0
------------------------------------------------------------------------------------------
Training shape after NaN removal: (321104, 47)
Validation shape after NaN removal: (66057, 47)
Test shape after NaN removal: (105082, 47)
------------------------------------------------------------------------------------------
Reindexed training shape: (321104, 47)
Reindexed validation shape: (66057, 47)
Reindexed test shape: (105082, 47)


Descriptive statistics for ACC channels (DEVICE_1) - training set
                   0              1              2
count  321104.000000  321104.000000  321104.000000
mean     -851.139811    -144.929213     254.296630
std       241.463564     261.658177     285.175266
min     -1896.000000   -1283.000000   -1067.000000
25%      -978.000000    -260.000000      66.000000
50%      -938.000000    -160.000000     208.000000
75%      -824.000000     -46.000000     401.000000
max       393.000000    1815.000000    1417.000000

Descriptive statistics for GYRO channels (DEVICE_1) - training set
                   3              4              5
count  321104.000000  321104.000000  321104.000000
mean      -42.383387     -15.661913       6.177921
std       588.955537     296.328263     239.577446
min     -4818.000000   -3092.000000   -2293.000000
25%      -217.000000    -104.000000     -72.000000
50%       -17.000000      -9.000000       1.000000
75%       135.000000      71.000000      80.000000
max      4504.000000    2847.000000    2231.000000

Descriptive statistics for MAG channels (DEVICE_1) - training set
                   6              7              8
count  321104.000000  321104.000000  321104.000000
mean      426.247147      65.877401      80.543522
std       335.424071     348.043402     513.991893
min      -852.000000   -1038.000000   -1246.000000
25%       347.000000    -173.000000    -428.000000
50%       491.000000      93.000000     176.000000
75%       595.000000     271.000000     549.000000
max      1531.000000    1162.000000    1369.000000
------------------------------------------------------------------------------------------


Descriptive statistics for ACC channels (DEVICE_1) - training set
                   0              1              2
count  321104.000000  321104.000000  321104.000000
mean       -0.851140      -0.144929       0.254297
std         0.241464       0.261658       0.285175
min        -1.896000      -1.283000      -1.067000
25%        -0.978000      -0.260000       0.066000
50%        -0.938000      -0.160000       0.208000
75%        -0.824000      -0.046000       0.401000
max         0.393000       1.815000       1.417000

Descriptive statistics for scaled GYRO channels (DEVICE_1) - training set
                   3              4              5
count  321104.000000  321104.000000  321104.000000
mean       -0.042383      -0.015662       0.006178
std         0.588956       0.296328       0.239577
min        -4.818000      -3.092000      -2.293000
25%        -0.217000      -0.104000      -0.072000
50%        -0.017000      -0.009000       0.001000
75%         0.135000       0.071000       0.080000
max         4.504000       2.847000       2.231000

Descriptive statistics for normalized MAG channels (DEVICE_1) - training set
                   6              7              8
count  321104.000000  321104.000000  321104.000000
mean        0.528444       0.074936       0.094922
std         0.374695       0.422486       0.622281
min        -0.941527      -0.991281      -0.999993
25%         0.453758      -0.225634      -0.530467
50%         0.633047       0.112509       0.230014
75%         0.754779       0.326759       0.692796
max         0.999999       0.999708       0.937748
--------------------STRATIY VAL/TEST--------------------
Validation GROUPS
group_id
S2-ADL5    22969
S3-ADL5    20648
S4-ADL1    28905
S4-ADL2    19679
Name: count, dtype: int64
Test GROUPS
group_id
S1-ADL5    22440
S4-ADL3    17621
S4-ADL4    15060
S4-ADL5    23817
Name: count, dtype: int64 


 Validation Split Label Proportion
45
1    0.482468
2    0.242416
4    0.219412
5    0.055704
Name: proportion, dtype: float64
Test Split Label Proportion
45
1    0.443652
2    0.293040
4    0.212014
5    0.051293
Name: proportion, dtype: float64

------------------------------ TRAIN ACC/GYRO after StandardScaler ------------------------------
global mean: -0.000000
global std : 1.000000
max |channel mean| : 0.000000
median |channel mean| : 0.000000
channel std range : [1.000000, 1.000000]

------------------------------ VAL ACC/GYRO after StandardScaler ------------------------------
global mean: 0.022184
global std : 1.109163
max |channel mean| : 0.320886
median |channel mean| : 0.019642
channel std range : [0.906077, 1.192128]

------------------------------ TEST ACC/GYRO after StandardScaler ------------------------------
global mean: 0.041351
global std : 1.147747
max |channel mean| : 0.986995
median |channel mean| : 0.031163
channel std range : [0.773088, 1.376504]
------------------------------------------------------------------------------------------
Training features: (321104, 46) | Training labels: (321104,)
Validation features: (92201, 46) | Validation labels: (92201,)
Test features: (78938, 46), Test labels: (78938,)

------------------------------ TRAIN MAG after window demeaning ------------------------------
max |window mean|  : 2.072917e-07
mean |window mean| : 2.329116e-08
channel global mean range : [-5.052513e-10, 1.604967e-10]
channel std range         : [0.118775, 0.221537]

------------------------------ VAL MAG after window demeaning ------------------------------
max |window mean|  : 2.112654e-07
mean |window mean| : 2.301904e-08
channel global mean range : [-1.111357e-09, 6.434629e-10]
channel std range         : [0.140005, 0.237182]

------------------------------ TEST MAG after window demeaning ------------------------------
max |window mean|  : 1.867612e-07
mean |window mean| : 2.268141e-08
channel global mean range : [-3.475548e-10, 1.060851e-09]
channel std range         : [0.145329, 0.274026]

TRAIN window label distribution
label 1: 4652 (0.4358)
label 2: 2791 (0.2615)
label 4: 2704 (0.2533)
label 5: 528 (0.0495)

VAL window label distribution
label 1: 1452 (0.4740)
label 2: 766 (0.2501)
label 4: 675 (0.2204)
label 5: 170 (0.0555)

TEST window label distribution
label 1: 1139 (0.4344)
label 2: 786 (0.2998)
label 4: 560 (0.2136)
label 5: 137 (0.0523)
------------------------------------------------------------------------------------------
Training (windows): (10675, 90, 45). Training Labels: (10675,)
Validation (windows): (3063, 90, 45). Validation Labels: (3063,)
Test (windows): (2622, 90, 45). Test Labels: (2622,)
------------------------------------------------------------------------------------------
Training set class distribution:
{'STAND': 4652, 'WALK': 2791, 'SIT': 2704, 'LIE': 528}
------------------------------------------------------------------------------------------
SSL encoder loaded

Epoch: 1/30 | tr_Loss: 0.4601 | tr_acc: 0.8199 | val_loss: 0.3103 | val_acc: 0.8681 | epoch_time: 3.60s

Epoch: 2/30 | tr_Loss: 0.2578 | tr_acc: 0.8959 | val_loss: 0.2899 | val_acc: 0.8792 | epoch_time: 2.75s

Epoch: 3/30 | tr_Loss: 0.2338 | tr_acc: 0.9065 | val_loss: 0.2876 | val_acc: 0.8733 | epoch_time: 2.75s

Epoch: 4/30 | tr_Loss: 0.2185 | tr_acc: 0.9110 | val_loss: 0.2671 | val_acc: 0.8857 | epoch_time: 2.75s

Epoch: 5/30 | tr_Loss: 0.2065 | tr_acc: 0.9146 | val_loss: 0.2672 | val_acc: 0.8867 | epoch_time: 2.74s

Epoch: 6/30 | tr_Loss: 0.1993 | tr_acc: 0.9166 | val_loss: 0.2751 | val_acc: 0.8828 | epoch_time: 2.74s

Epoch: 7/30 | tr_Loss: 0.1914 | tr_acc: 0.9214 | val_loss: 0.2568 | val_acc: 0.8923 | epoch_time: 2.73s

Epoch: 8/30 | tr_Loss: 0.1855 | tr_acc: 0.9252 | val_loss: 0.2567 | val_acc: 0.8906 | epoch_time: 2.74s

Epoch: 9/30 | tr_Loss: 0.1765 | tr_acc: 0.9268 | val_loss: 0.2530 | val_acc: 0.8916 | epoch_time: 2.74s

Epoch: 10/30 | tr_Loss: 0.1754 | tr_acc: 0.9287 | val_loss: 0.2710 | val_acc: 0.8897 | epoch_time: 2.74s

Epoch: 11/30 | tr_Loss: 0.1699 | tr_acc: 0.9317 | val_loss: 0.2508 | val_acc: 0.8945 | epoch_time: 2.73s

Epoch: 12/30 | tr_Loss: 0.1671 | tr_acc: 0.9306 | val_loss: 0.2481 | val_acc: 0.8978 | epoch_time: 2.74s

Epoch: 13/30 | tr_Loss: 0.1621 | tr_acc: 0.9329 | val_loss: 0.2487 | val_acc: 0.8932 | epoch_time: 2.74s

Epoch: 14/30 | tr_Loss: 0.1617 | tr_acc: 0.9331 | val_loss: 0.2550 | val_acc: 0.8923 | epoch_time: 2.74s

Epoch: 15/30 | tr_Loss: 0.1565 | tr_acc: 0.9336 | val_loss: 0.2575 | val_acc: 0.8906 | epoch_time: 2.74s

Epoch: 16/30 | tr_Loss: 0.1544 | tr_acc: 0.9372 | val_loss: 0.2632 | val_acc: 0.8919 | epoch_time: 2.75s

Epoch: 17/30 | tr_Loss: 0.1537 | tr_acc: 0.9364 | val_loss: 0.2464 | val_acc: 0.8998 | epoch_time: 2.74s

Epoch: 18/30 | tr_Loss: 0.1489 | tr_acc: 0.9380 | val_loss: 0.2627 | val_acc: 0.8913 | epoch_time: 2.73s

Epoch: 19/30 | tr_Loss: 0.1452 | tr_acc: 0.9403 | val_loss: 0.2481 | val_acc: 0.8962 | epoch_time: 2.74s

Epoch: 20/30 | tr_Loss: 0.1437 | tr_acc: 0.9399 | val_loss: 0.2417 | val_acc: 0.9040 | epoch_time: 2.74s

Epoch: 21/30 | tr_Loss: 0.1414 | tr_acc: 0.9419 | val_loss: 0.2596 | val_acc: 0.8936 | epoch_time: 2.75s

Epoch: 22/30 | tr_Loss: 0.1392 | tr_acc: 0.9405 | val_loss: 0.2537 | val_acc: 0.8936 | epoch_time: 2.74s

Epoch: 23/30 | tr_Loss: 0.1384 | tr_acc: 0.9419 | val_loss: 0.2667 | val_acc: 0.8919 | epoch_time: 2.75s

Epoch: 24/30 | tr_Loss: 0.1381 | tr_acc: 0.9425 | val_loss: 0.2678 | val_acc: 0.8910 | epoch_time: 2.75s

Epoch: 25/30 | tr_Loss: 0.1370 | tr_acc: 0.9453 | val_loss: 0.2539 | val_acc: 0.8932 | epoch_time: 2.74s

Early stopping at epoch 25 | Best Validation Loss: 0.2417
              precision    recall  f1-score   support

       STAND       0.90      0.91      0.90      1452
        WALK       0.84      0.81      0.83       766
         SIT       0.97      0.97      0.97       675
         LIE       0.97      0.99      0.98       170

    accuracy                           0.90      3063
   macro avg       0.92      0.92      0.92      3063
weighted avg       0.90      0.90      0.90      3063

------------------------------------------------------------------------------------------
Test Results:
 Accuracy: 0.8886346300533944
 Report:
 {'STAND': {'precision': 0.834755624515128, 'recall': 0.9446883230904302, 'f1-score': 0.886326194398682, 'support': 1139.0}, 'WALK': {'precision': 0.9204368174726989, 'recall': 0.7506361323155216, 'f1-score': 0.8269096005606167, 'support': 786.0}, 'SIT': {'precision': 0.9725274725274725, 'recall': 0.9482142857142857, 'f1-score': 0.9602169981916817, 'support': 560.0}, 'LIE': {'precision': 0.910958904109589, 'recall': 0.9708029197080292, 'f1-score': 0.9399293286219081, 'support': 137.0}, 'accuracy': 0.8886346300533944, 'macro avg': {'precision': 0.9096697046562221, 'recall': 0.9035854152070667, 'f1-score': 0.9033455304432222, 'support': 2622.0}, 'weighted avg': {'precision': 0.893846967709638, 'recall': 0.8886346300533944, 'f1-score': 0.8870969940767683, 'support': 2622.0}}
 F1: 0.9033455304432222
 Confusion Matrix:
 [[1076   48   14    1]
 [ 196  590    0    0]
 [  14    3  531   12]
 [   3    0    1  133]]
------------------------------------------------------------------------------------------
Training set class distribution:
{'STAND': 4652, 'WALK': 2791, 'SIT': 2704, 'LIE': 528}
------------------------------------------------------------------------------------------
SSL encoder loaded

Epoch: 1/30 | tr_Loss: 0.4292 | tr_acc: 0.8333 | val_loss: 0.3234 | val_acc: 0.8655 | epoch_time: 2.92s

Epoch: 2/30 | tr_Loss: 0.2612 | tr_acc: 0.8934 | val_loss: 0.2924 | val_acc: 0.8766 | epoch_time: 2.75s

Epoch: 3/30 | tr_Loss: 0.2353 | tr_acc: 0.9042 | val_loss: 0.2847 | val_acc: 0.8756 | epoch_time: 2.74s

Epoch: 4/30 | tr_Loss: 0.2214 | tr_acc: 0.9093 | val_loss: 0.3006 | val_acc: 0.8714 | epoch_time: 2.75s

Epoch: 5/30 | tr_Loss: 0.2108 | tr_acc: 0.9128 | val_loss: 0.2963 | val_acc: 0.8737 | epoch_time: 2.75s

Epoch: 6/30 | tr_Loss: 0.2018 | tr_acc: 0.9193 | val_loss: 0.2981 | val_acc: 0.8730 | epoch_time: 2.74s

Epoch: 7/30 | tr_Loss: 0.1977 | tr_acc: 0.9189 | val_loss: 0.2999 | val_acc: 0.8756 | epoch_time: 2.74s

Epoch: 8/30 | tr_Loss: 0.1911 | tr_acc: 0.9215 | val_loss: 0.2905 | val_acc: 0.8753 | epoch_time: 2.75s

Early stopping at epoch 8 | Best Validation Loss: 0.2847
              precision    recall  f1-score   support

       STAND       0.88      0.86      0.87      1452
        WALK       0.77      0.81      0.79       766
         SIT       0.96      0.96      0.96       675
         LIE       0.98      0.99      0.99       170

    accuracy                           0.88      3063
   macro avg       0.90      0.91      0.90      3063
weighted avg       0.88      0.88      0.88      3063

------------------------------------------------------------------------------------------
Test Results:
 Accuracy: 0.8935926773455377
 Report:
 {'STAND': {'precision': 0.8562037797863599, 'recall': 0.9148375768217735, 'f1-score': 0.8845500848896435, 'support': 1139.0}, 'WALK': {'precision': 0.8716875871687587, 'recall': 0.7951653944020356, 'f1-score': 0.83166999334664, 'support': 786.0}, 'SIT': {'precision': 0.9818840579710145, 'recall': 0.9678571428571429, 'f1-score': 0.9748201438848921, 'support': 560.0}, 'LIE': {'precision': 0.9852941176470589, 'recall': 0.9781021897810219, 'f1-score': 0.9816849816849816, 'support': 137.0}, 'accuracy': 0.8935926773455377, 'macro avg': {'precision': 0.923767385643298, 'recall': 0.9139905759654935, 'f1-score': 0.9181813009515394, 'support': 2622.0}, 'weighted avg': {'precision': 0.8944328433534415, 'recall': 0.8935926773455377, 'f1-score': 0.8930531214821301, 'support': 2622.0}}
 F1: 0.9181813009515394
 Confusion Matrix:
 [[1042   88    9    0]
 [ 160  625    1    0]
 [  13    3  542    2]
 [   2    1    0  134]]
------------------------------------------------------------------------------------------
Training set class distribution:
{'STAND': 4652, 'WALK': 2791, 'SIT': 2704, 'LIE': 528}
------------------------------------------------------------------------------------------
SSL encoder loaded

Epoch: 1/30 | tr_Loss: 0.4680 | tr_acc: 0.8158 | val_loss: 0.3316 | val_acc: 0.8603 | epoch_time: 2.92s

Epoch: 2/30 | tr_Loss: 0.2681 | tr_acc: 0.8912 | val_loss: 0.3133 | val_acc: 0.8619 | epoch_time: 2.75s

Epoch: 3/30 | tr_Loss: 0.2402 | tr_acc: 0.9030 | val_loss: 0.2908 | val_acc: 0.8759 | epoch_time: 2.75s

Epoch: 4/30 | tr_Loss: 0.2324 | tr_acc: 0.9060 | val_loss: 0.2887 | val_acc: 0.8756 | epoch_time: 2.75s

Epoch: 5/30 | tr_Loss: 0.2145 | tr_acc: 0.9128 | val_loss: 0.2904 | val_acc: 0.8756 | epoch_time: 2.75s

Epoch: 6/30 | tr_Loss: 0.2070 | tr_acc: 0.9147 | val_loss: 0.2759 | val_acc: 0.8848 | epoch_time: 2.74s

Epoch: 7/30 | tr_Loss: 0.2010 | tr_acc: 0.9165 | val_loss: 0.3190 | val_acc: 0.8661 | epoch_time: 2.75s

Epoch: 8/30 | tr_Loss: 0.1934 | tr_acc: 0.9215 | val_loss: 0.2734 | val_acc: 0.8821 | epoch_time: 2.75s

Epoch: 9/30 | tr_Loss: 0.1877 | tr_acc: 0.9225 | val_loss: 0.2668 | val_acc: 0.8841 | epoch_time: 2.75s

Epoch: 10/30 | tr_Loss: 0.1820 | tr_acc: 0.9259 | val_loss: 0.2896 | val_acc: 0.8776 | epoch_time: 2.74s

Epoch: 11/30 | tr_Loss: 0.1771 | tr_acc: 0.9294 | val_loss: 0.2562 | val_acc: 0.8981 | epoch_time: 2.75s

Epoch: 12/30 | tr_Loss: 0.1723 | tr_acc: 0.9279 | val_loss: 0.2644 | val_acc: 0.8870 | epoch_time: 2.75s

Epoch: 13/30 | tr_Loss: 0.1684 | tr_acc: 0.9330 | val_loss: 0.2739 | val_acc: 0.8834 | epoch_time: 2.74s

Epoch: 14/30 | tr_Loss: 0.1646 | tr_acc: 0.9329 | val_loss: 0.2624 | val_acc: 0.8880 | epoch_time: 2.74s

Epoch: 15/30 | tr_Loss: 0.1640 | tr_acc: 0.9318 | val_loss: 0.2623 | val_acc: 0.8864 | epoch_time: 2.74s

Epoch: 16/30 | tr_Loss: 0.1580 | tr_acc: 0.9358 | val_loss: 0.2533 | val_acc: 0.8945 | epoch_time: 2.75s

Epoch: 17/30 | tr_Loss: 0.1565 | tr_acc: 0.9365 | val_loss: 0.2688 | val_acc: 0.8854 | epoch_time: 2.74s

Epoch: 18/30 | tr_Loss: 0.1541 | tr_acc: 0.9372 | val_loss: 0.2530 | val_acc: 0.8910 | epoch_time: 2.75s

Epoch: 19/30 | tr_Loss: 0.1494 | tr_acc: 0.9395 | val_loss: 0.2552 | val_acc: 0.8942 | epoch_time: 2.75s

Epoch: 20/30 | tr_Loss: 0.1496 | tr_acc: 0.9391 | val_loss: 0.2535 | val_acc: 0.8923 | epoch_time: 2.74s

Epoch: 21/30 | tr_Loss: 0.1479 | tr_acc: 0.9393 | val_loss: 0.2480 | val_acc: 0.8949 | epoch_time: 2.75s

Epoch: 22/30 | tr_Loss: 0.1448 | tr_acc: 0.9424 | val_loss: 0.2523 | val_acc: 0.8919 | epoch_time: 2.75s

Epoch: 23/30 | tr_Loss: 0.1389 | tr_acc: 0.9443 | val_loss: 0.2794 | val_acc: 0.8799 | epoch_time: 2.75s

Epoch: 24/30 | tr_Loss: 0.1404 | tr_acc: 0.9436 | val_loss: 0.2560 | val_acc: 0.8903 | epoch_time: 2.74s

Epoch: 25/30 | tr_Loss: 0.1368 | tr_acc: 0.9455 | val_loss: 0.2667 | val_acc: 0.8838 | epoch_time: 2.75s

Epoch: 26/30 | tr_Loss: 0.1342 | tr_acc: 0.9459 | val_loss: 0.2502 | val_acc: 0.8945 | epoch_time: 2.74s

Early stopping at epoch 26 | Best Validation Loss: 0.2480
              precision    recall  f1-score   support

       STAND       0.89      0.90      0.89      1452
        WALK       0.82      0.81      0.81       766
         SIT       0.98      0.96      0.97       675
         LIE       0.98      0.99      0.98       170

    accuracy                           0.89      3063
   macro avg       0.91      0.91      0.91      3063
weighted avg       0.89      0.89      0.89      3063

------------------------------------------------------------------------------------------
Test Results:
 Accuracy: 0.8996948893974066
 Report:
 {'STAND': {'precision': 0.8482704402515723, 'recall': 0.9473222124670764, 'f1-score': 0.8950642886768976, 'support': 1139.0}, 'WALK': {'precision': 0.9125188536953243, 'recall': 0.7697201017811705, 'f1-score': 0.8350586611456177, 'support': 786.0}, 'SIT': {'precision': 0.9908424908424909, 'recall': 0.9660714285714286, 'f1-score': 0.9783001808318263, 'support': 560.0}, 'LIE': {'precision': 0.950354609929078, 'recall': 0.9781021897810219, 'f1-score': 0.9640287769784173, 'support': 137.0}, 'accuracy': 0.8996948893974066, 'macro avg': {'precision': 0.9254965986796164, 'recall': 0.9153039831501742, 'f1-score': 0.9181129769081897, 'support': 2622.0}, 'weighted avg': {'precision': 0.9033143504512375, 'recall': 0.8996948893974066, 'f1-score': 0.8984570465962272, 'support': 2622.0}}
 F1: 0.9181129769081897
 Confusion Matrix:
 [[1079   55    5    0]
 [ 181  605    0    0]
 [  10    2  541    7]
 [   2    1    0  134]]
------------------------------------------------------------------------------------------
Training set class distribution:
{'STAND': 4652, 'WALK': 2791, 'SIT': 2704, 'LIE': 528}
------------------------------------------------------------------------------------------
SSL encoder loaded

Epoch: 1/30 | tr_Loss: 0.4639 | tr_acc: 0.8190 | val_loss: 0.3227 | val_acc: 0.8675 | epoch_time: 2.92s

Epoch: 2/30 | tr_Loss: 0.2640 | tr_acc: 0.8914 | val_loss: 0.3010 | val_acc: 0.8675 | epoch_time: 2.75s

Epoch: 3/30 | tr_Loss: 0.2382 | tr_acc: 0.9046 | val_loss: 0.3025 | val_acc: 0.8678 | epoch_time: 2.74s

Epoch: 4/30 | tr_Loss: 0.2193 | tr_acc: 0.9113 | val_loss: 0.2769 | val_acc: 0.8802 | epoch_time: 2.75s

Epoch: 5/30 | tr_Loss: 0.2079 | tr_acc: 0.9150 | val_loss: 0.2655 | val_acc: 0.8880 | epoch_time: 2.75s

Epoch: 6/30 | tr_Loss: 0.1987 | tr_acc: 0.9193 | val_loss: 0.2864 | val_acc: 0.8733 | epoch_time: 2.75s

Epoch: 7/30 | tr_Loss: 0.1935 | tr_acc: 0.9201 | val_loss: 0.2818 | val_acc: 0.8766 | epoch_time: 2.74s

Epoch: 8/30 | tr_Loss: 0.1865 | tr_acc: 0.9246 | val_loss: 0.2626 | val_acc: 0.8883 | epoch_time: 2.74s

Epoch: 9/30 | tr_Loss: 0.1796 | tr_acc: 0.9247 | val_loss: 0.2579 | val_acc: 0.8942 | epoch_time: 2.74s

Epoch: 10/30 | tr_Loss: 0.1770 | tr_acc: 0.9262 | val_loss: 0.2528 | val_acc: 0.8932 | epoch_time: 2.75s

Epoch: 11/30 | tr_Loss: 0.1730 | tr_acc: 0.9275 | val_loss: 0.2474 | val_acc: 0.8955 | epoch_time: 2.74s

Epoch: 12/30 | tr_Loss: 0.1676 | tr_acc: 0.9300 | val_loss: 0.2506 | val_acc: 0.8942 | epoch_time: 2.75s

Epoch: 13/30 | tr_Loss: 0.1678 | tr_acc: 0.9319 | val_loss: 0.2564 | val_acc: 0.8900 | epoch_time: 2.75s

Epoch: 14/30 | tr_Loss: 0.1604 | tr_acc: 0.9353 | val_loss: 0.2404 | val_acc: 0.8978 | epoch_time: 2.75s

Epoch: 15/30 | tr_Loss: 0.1570 | tr_acc: 0.9356 | val_loss: 0.2454 | val_acc: 0.8936 | epoch_time: 2.74s

Epoch: 16/30 | tr_Loss: 0.1547 | tr_acc: 0.9370 | val_loss: 0.2403 | val_acc: 0.8962 | epoch_time: 2.74s

Epoch: 17/30 | tr_Loss: 0.1527 | tr_acc: 0.9360 | val_loss: 0.2468 | val_acc: 0.9004 | epoch_time: 2.75s

Epoch: 18/30 | tr_Loss: 0.1514 | tr_acc: 0.9379 | val_loss: 0.2551 | val_acc: 0.8936 | epoch_time: 2.74s

Epoch: 19/30 | tr_Loss: 0.1467 | tr_acc: 0.9406 | val_loss: 0.2472 | val_acc: 0.8955 | epoch_time: 2.74s

Epoch: 20/30 | tr_Loss: 0.1462 | tr_acc: 0.9418 | val_loss: 0.2408 | val_acc: 0.8981 | epoch_time: 2.74s

Epoch: 21/30 | tr_Loss: 0.1416 | tr_acc: 0.9405 | val_loss: 0.2417 | val_acc: 0.9001 | epoch_time: 2.75s

Early stopping at epoch 21 | Best Validation Loss: 0.2403
              precision    recall  f1-score   support

       STAND       0.91      0.88      0.89      1452
        WALK       0.80      0.84      0.82       766
         SIT       0.97      0.98      0.97       675
         LIE       0.98      0.99      0.98       170

    accuracy                           0.90      3063
   macro avg       0.91      0.92      0.92      3063
weighted avg       0.90      0.90      0.90      3063

------------------------------------------------------------------------------------------
Test Results:
 Accuracy: 0.9061784897025171
 Report:
 {'STAND': {'precision': 0.8638573743922204, 'recall': 0.935908691834943, 'f1-score': 0.898440792246102, 'support': 1139.0}, 'WALK': {'precision': 0.9037356321839081, 'recall': 0.8002544529262087, 'f1-score': 0.8488529014844804, 'support': 786.0}, 'SIT': {'precision': 0.9838129496402878, 'recall': 0.9767857142857143, 'f1-score': 0.9802867383512545, 'support': 560.0}, 'LIE': {'precision': 0.9852941176470589, 'recall': 0.9781021897810219, 'f1-score': 0.9816849816849816, 'support': 137.0}, 'accuracy': 0.9061784897025171, 'macro avg': {'precision': 0.9341750184658688, 'recall': 0.922762762206972, 'f1-score': 0.9273163534417046, 'support': 2622.0}, 'weighted avg': {'precision': 0.9077766217564832, 'recall': 0.9061784897025171, 'f1-score': 0.90540574328858, 'support': 2622.0}}
 F1: 0.9273163534417046
 Confusion Matrix:
 [[1066   64    9    0]
 [ 157  629    0    0]
 [   8    3  547    2]
 [   3    0    0  134]]
------------------------------------------------------------------------------------------
Training set class distribution:
{'STAND': 4652, 'WALK': 2791, 'SIT': 2704, 'LIE': 528}
------------------------------------------------------------------------------------------
SSL encoder loaded

Epoch: 1/30 | tr_Loss: 0.4392 | tr_acc: 0.8257 | val_loss: 0.3483 | val_acc: 0.8498 | epoch_time: 2.92s

Epoch: 2/30 | tr_Loss: 0.2603 | tr_acc: 0.8941 | val_loss: 0.3081 | val_acc: 0.8642 | epoch_time: 2.74s

Epoch: 3/30 | tr_Loss: 0.2343 | tr_acc: 0.9041 | val_loss: 0.3119 | val_acc: 0.8661 | epoch_time: 2.74s

Epoch: 4/30 | tr_Loss: 0.2204 | tr_acc: 0.9102 | val_loss: 0.2850 | val_acc: 0.8795 | epoch_time: 2.75s

Epoch: 5/30 | tr_Loss: 0.2098 | tr_acc: 0.9137 | val_loss: 0.2919 | val_acc: 0.8766 | epoch_time: 2.75s

Epoch: 6/30 | tr_Loss: 0.2016 | tr_acc: 0.9181 | val_loss: 0.2822 | val_acc: 0.8802 | epoch_time: 2.74s

Epoch: 7/30 | tr_Loss: 0.1958 | tr_acc: 0.9191 | val_loss: 0.2772 | val_acc: 0.8831 | epoch_time: 2.75s

Epoch: 8/30 | tr_Loss: 0.1886 | tr_acc: 0.9220 | val_loss: 0.2874 | val_acc: 0.8805 | epoch_time: 2.74s

Epoch: 9/30 | tr_Loss: 0.1823 | tr_acc: 0.9252 | val_loss: 0.2721 | val_acc: 0.8815 | epoch_time: 2.75s

Epoch: 10/30 | tr_Loss: 0.1800 | tr_acc: 0.9260 | val_loss: 0.2727 | val_acc: 0.8854 | epoch_time: 2.75s

Epoch: 11/30 | tr_Loss: 0.1735 | tr_acc: 0.9282 | val_loss: 0.2660 | val_acc: 0.8848 | epoch_time: 2.74s

Epoch: 12/30 | tr_Loss: 0.1708 | tr_acc: 0.9296 | val_loss: 0.2849 | val_acc: 0.8831 | epoch_time: 2.75s

Epoch: 13/30 | tr_Loss: 0.1663 | tr_acc: 0.9305 | val_loss: 0.2566 | val_acc: 0.8926 | epoch_time: 2.74s

Epoch: 14/30 | tr_Loss: 0.1635 | tr_acc: 0.9326 | val_loss: 0.2549 | val_acc: 0.8890 | epoch_time: 2.75s

Epoch: 15/30 | tr_Loss: 0.1593 | tr_acc: 0.9342 | val_loss: 0.2767 | val_acc: 0.8844 | epoch_time: 2.75s

Epoch: 16/30 | tr_Loss: 0.1574 | tr_acc: 0.9368 | val_loss: 0.2565 | val_acc: 0.8932 | epoch_time: 2.74s

Epoch: 17/30 | tr_Loss: 0.1544 | tr_acc: 0.9369 | val_loss: 0.2527 | val_acc: 0.8965 | epoch_time: 2.74s

Epoch: 18/30 | tr_Loss: 0.1530 | tr_acc: 0.9370 | val_loss: 0.2431 | val_acc: 0.8994 | epoch_time: 2.74s

Epoch: 19/30 | tr_Loss: 0.1478 | tr_acc: 0.9382 | val_loss: 0.2552 | val_acc: 0.8936 | epoch_time: 2.74s

Epoch: 20/30 | tr_Loss: 0.1481 | tr_acc: 0.9383 | val_loss: 0.2487 | val_acc: 0.8959 | epoch_time: 2.74s

Epoch: 21/30 | tr_Loss: 0.1443 | tr_acc: 0.9416 | val_loss: 0.2557 | val_acc: 0.8887 | epoch_time: 2.74s

Epoch: 22/30 | tr_Loss: 0.1443 | tr_acc: 0.9417 | val_loss: 0.2707 | val_acc: 0.8789 | epoch_time: 2.74s

Epoch: 23/30 | tr_Loss: 0.1393 | tr_acc: 0.9440 | val_loss: 0.2934 | val_acc: 0.8795 | epoch_time: 2.74s

Early stopping at epoch 23 | Best Validation Loss: 0.2431
              precision    recall  f1-score   support

       STAND       0.89      0.90      0.90      1452
        WALK       0.84      0.80      0.82       766
         SIT       0.97      0.98      0.97       675
         LIE       0.97      1.00      0.99       170

    accuracy                           0.90      3063
   macro avg       0.92      0.92      0.92      3063
weighted avg       0.90      0.90      0.90      3063

------------------------------------------------------------------------------------------
Test Results:
 Accuracy: 0.8966437833714722
 Report:
 {'STAND': {'precision': 0.8461538461538461, 'recall': 0.9464442493415277, 'f1-score': 0.8934935764608372, 'support': 1139.0}, 'WALK': {'precision': 0.9165402124430956, 'recall': 0.7684478371501272, 'f1-score': 0.8359861591695502, 'support': 786.0}, 'SIT': {'precision': 0.985239852398524, 'recall': 0.9535714285714286, 'f1-score': 0.969147005444646, 'support': 560.0}, 'LIE': {'precision': 0.9183673469387755, 'recall': 0.9854014598540146, 'f1-score': 0.9507042253521126, 'support': 137.0}, 'accuracy': 0.8966437833714722, 'macro avg': {'precision': 0.9165753144835602, 'recall': 0.9134662437292747, 'f1-score': 0.9123327416067865, 'support': 2622.0}, 'weighted avg': {'precision': 0.9007324491316893, 'recall': 0.8966437833714722, 'f1-score': 0.8954016424936695, 'support': 2622.0}}
 F1: 0.9123327416067865
 Confusion Matrix:
 [[1078   53    8    0]
 [ 182  604    0    0]
 [  12    2  534   12]
 [   2    0    0  135]]
Total wall time:8min 21s
