Job started on gpu032.orc.gmu.edu
CUDA_VISIBLE_DEVICES=0
Sun May 31 14:11:12 2026       
+-----------------------------------------------------------------------------------------+
| NVIDIA-SMI 590.48.01              Driver Version: 590.48.01      CUDA Version: 13.1     |
+-----------------------------------------+------------------------+----------------------+
| GPU  Name                 Persistence-M | Bus-Id          Disp.A | Volatile Uncorr. ECC |
| Fan  Temp   Perf          Pwr:Usage/Cap |           Memory-Usage | GPU-Util  Compute M. |
|                                         |                        |               MIG M. |
|=========================================+========================+======================|
|   0  NVIDIA H100 80GB HBM3          On  |   00000000:4E:00.0 Off |                    0 |
| N/A   22C    P0             67W /  700W |       0MiB /  81559MiB |      0%      Default |
|                                         |                        |             Disabled |
+-----------------------------------------+------------------------+----------------------+

+-----------------------------------------------------------------------------------------+
| Processes:                                                                              |
|  GPU   GI   CI              PID   Type   Process name                        GPU Memory |
|        ID   ID                                                               Usage      |
|=========================================================================================|
|  No running processes found                                                             |
+-----------------------------------------------------------------------------------------+
Mamba version: 2.3.0
Path: /home/kmercad/myenv/lib/python3.10/site-packages/mamba_ssm/modules/mamba2.py
------------------------------------------------------------------------------------------
Raw training set shape: (376092, 251)
Validation training set shape: (88848, 251)
Raw test set shape: (179695, 251)
------------------------------------------------------------------------------------------
Sensor subset training shape: (295149, 47)
Sensor Validation training shape: (67434, 47)
Sensor Test training shape: (134613, 47)
----------------------------------------------------------------------
Rows containing NaNs - training: 4953
Rows containing NaNs - validation: 0
Rows containing NaNs - test: 0
------------------------------------------------------------------------------------------
Training shape after NaN removal: (290196, 47)
Validation shape after NaN removal: (67434, 47)
Test shape after NaN removal: (134613, 47)
------------------------------------------------------------------------------------------
Reindexed training shape: (290196, 47)
Reindexed validation shape: (67434, 47)
Reindexed test shape: (134613, 47)


Descriptive statistics for ACC channels (DEVICE_1) - training set
                   0              1              2
count  290196.000000  290196.000000  290196.000000
mean     -823.016179    -119.869698     304.485627
std       270.438157     249.979563     314.402613
min     -1896.000000   -1271.000000   -1198.000000
25%      -974.000000    -228.000000     116.000000
50%      -923.000000    -122.000000     279.000000
75%      -795.000000     -14.000000     466.000000
max       614.000000    1815.000000    1417.000000

Descriptive statistics for GYRO channels (DEVICE_1) - training set
                   3              4              5
count  290196.000000  290196.000000  290196.000000
mean      -43.163207     -16.201064       8.669899
std       599.759777     322.772360     266.831851
min     -4502.000000   -3092.000000   -2293.000000
25%      -237.000000    -105.000000     -79.000000
50%       -18.000000      -7.000000       1.000000
75%       146.000000      75.000000      94.000000
max      4504.000000    3370.000000    2231.000000

Descriptive statistics for MAG channels (DEVICE_1) - training set
                   6              7              8
count  290196.000000  290196.000000  290196.000000
mean      388.133306      70.751351      45.451071
std       344.236008     327.662515     496.886415
min      -929.000000   -1038.000000   -1246.000000
25%       318.000000    -166.000000    -446.000000
50%       469.000000     101.000000     147.000000
75%       560.000000     268.000000     500.000000
max      1531.000000    1047.000000    1225.000000
------------------------------------------------------------------------------------------


Descriptive statistics for ACC channels (DEVICE_1) - training set
                   0             1              2
count  290196.000000  290196.00000  290196.000000
mean       -0.823016      -0.11987       0.304486
std         0.270438       0.24998       0.314403
min        -1.896000      -1.27100      -1.198000
25%        -0.974000      -0.22800       0.116000
50%        -0.923000      -0.12200       0.279000
75%        -0.795000      -0.01400       0.466000
max         0.614000       1.81500       1.417000

Descriptive statistics for scaled GYRO channels (DEVICE_1) - training set
                   3              4              5
count  290196.000000  290196.000000  290196.000000
mean       -0.043163      -0.016201       0.008670
std         0.599760       0.322772       0.266832
min        -4.502000      -3.092000      -2.293000
25%        -0.237000      -0.105000      -0.079000
50%        -0.018000      -0.007000       0.001000
75%         0.146000       0.075000       0.094000
max         4.504000       3.370000       2.231000

Descriptive statistics for normalized MAG channels (DEVICE_1) - training set
                   6              7              8
count  290196.000000  290196.000000  290196.000000
mean        0.512513       0.078772       0.061891
std         0.401707       0.415946       0.626831
min        -0.941527      -0.991281      -0.999993
25%         0.425456      -0.224111      -0.565882
50%         0.639552       0.129886       0.198900
75%         0.765385       0.330236       0.654344
max         0.999999       0.990997       0.999770
--------------------STRATIY VAL/TEST--------------------
Validation GROUPS
group_id
S1-ADL4    24851
S2-ADL5    22969
S3-ADL5    20648
S4-ADL5    23817
Name: count, dtype: int64
Test GROUPS
group_id
S1-ADL1    37507
S1-ADL2    24510
S1-ADL3    25305
S1-ADL5    22440
Name: count, dtype: int64 


 Validation Split Label Proportion
45
1    0.435575
2    0.285561
4    0.229149
5    0.049716
Name: proportion, dtype: float64
Test Split Label Proportion
45
1    0.476476
2    0.221643
4    0.256008
5    0.045872
Name: proportion, dtype: float64

------------------------------ TRAIN ACC/GYRO after StandardScaler ------------------------------
global mean: -0.000000
global std : 1.000000
max |channel mean| : 0.000000
median |channel mean| : 0.000000
channel std range : [1.000000, 1.000000]

------------------------------ VAL ACC/GYRO after StandardScaler ------------------------------
global mean: -0.004966
global std : 1.020127
max |channel mean| : 0.261901
median |channel mean| : 0.021645
channel std range : [0.918437, 1.136469]

------------------------------ TEST ACC/GYRO after StandardScaler ------------------------------
global mean: 0.015366
global std : 0.964757
max |channel mean| : 0.900994
median |channel mean| : 0.025740
channel std range : [0.678974, 1.129884]
------------------------------------------------------------------------------------------
Training features: (290196, 46) | Training labels: (290196,)
Validation features: (92285, 46) | Validation labels: (92285,)
Test features: (109762, 46), Test labels: (109762,)

------------------------------ TRAIN MAG after window demeaning ------------------------------
max |window mean|  : 2.072917e-07
mean |window mean| : 2.316569e-08
channel global mean range : [-4.493903e-10, 3.340211e-10]
channel std range         : [0.131286, 0.230231]

------------------------------ VAL MAG after window demeaning ------------------------------
max |window mean|  : 2.112654e-07
mean |window mean| : 2.296102e-08
channel global mean range : [-1.295171e-09, 1.012635e-09]
channel std range         : [0.135073, 0.241445]

------------------------------ TEST MAG after window demeaning ------------------------------
max |window mean|  : 1.947085e-07
mean |window mean| : 2.323360e-08
channel global mean range : [-5.950485e-10, 4.664948e-10]
channel std range         : [0.109610, 0.227086]

TRAIN window label distribution
label 1: 4195 (0.4350)
label 2: 2640 (0.2737)
label 4: 2295 (0.2380)
label 5: 514 (0.0533)

VAL window label distribution
label 1: 1304 (0.4253)
label 2: 906 (0.2955)
label 4: 704 (0.2296)
label 5: 152 (0.0496)

TEST window label distribution
label 1: 1744 (0.4778)
label 2: 797 (0.2184)
label 4: 940 (0.2575)
label 5: 169 (0.0463)
------------------------------------------------------------------------------------------
Training (windows): (9644, 90, 45). Training Labels: (9644,)
Validation (windows): (3066, 90, 45). Validation Labels: (3066,)
Test (windows): (3650, 90, 45). Test Labels: (3650,)
------------------------------------------------------------------------------------------
Training set class distribution:
{'STAND': 4195, 'WALK': 2640, 'SIT': 2295, 'LIE': 514}
------------------------------------------------------------------------------------------
SSL encoder loaded

Epoch: 1/30 | tr_Loss: 0.5020 | tr_acc: 0.8042 | val_loss: 0.2980 | val_acc: 0.8832 | epoch_time: 3.41s

Epoch: 2/30 | tr_Loss: 0.2984 | tr_acc: 0.8808 | val_loss: 0.2706 | val_acc: 0.8865 | epoch_time: 2.54s

Epoch: 3/30 | tr_Loss: 0.2755 | tr_acc: 0.8873 | val_loss: 0.2608 | val_acc: 0.8933 | epoch_time: 2.54s

Epoch: 4/30 | tr_Loss: 0.2576 | tr_acc: 0.8948 | val_loss: 0.2557 | val_acc: 0.8898 | epoch_time: 2.54s

Epoch: 5/30 | tr_Loss: 0.2449 | tr_acc: 0.8969 | val_loss: 0.2410 | val_acc: 0.8989 | epoch_time: 2.54s

Epoch: 6/30 | tr_Loss: 0.2358 | tr_acc: 0.9029 | val_loss: 0.2581 | val_acc: 0.8898 | epoch_time: 2.54s

Epoch: 7/30 | tr_Loss: 0.2278 | tr_acc: 0.9064 | val_loss: 0.2630 | val_acc: 0.8907 | epoch_time: 2.54s

Epoch: 8/30 | tr_Loss: 0.2214 | tr_acc: 0.9106 | val_loss: 0.2442 | val_acc: 0.8963 | epoch_time: 2.54s

Epoch: 9/30 | tr_Loss: 0.2159 | tr_acc: 0.9104 | val_loss: 0.2376 | val_acc: 0.8982 | epoch_time: 2.54s

Epoch: 10/30 | tr_Loss: 0.2117 | tr_acc: 0.9148 | val_loss: 0.2264 | val_acc: 0.9044 | epoch_time: 2.54s

Epoch: 11/30 | tr_Loss: 0.2068 | tr_acc: 0.9158 | val_loss: 0.2240 | val_acc: 0.9057 | epoch_time: 2.54s

Epoch: 12/30 | tr_Loss: 0.2043 | tr_acc: 0.9152 | val_loss: 0.2309 | val_acc: 0.9041 | epoch_time: 2.54s

Epoch: 13/30 | tr_Loss: 0.1981 | tr_acc: 0.9167 | val_loss: 0.2343 | val_acc: 0.8995 | epoch_time: 2.54s

Epoch: 14/30 | tr_Loss: 0.1956 | tr_acc: 0.9179 | val_loss: 0.2391 | val_acc: 0.8966 | epoch_time: 2.53s

Epoch: 15/30 | tr_Loss: 0.1902 | tr_acc: 0.9219 | val_loss: 0.2268 | val_acc: 0.9008 | epoch_time: 2.53s

Epoch: 16/30 | tr_Loss: 0.1864 | tr_acc: 0.9233 | val_loss: 0.2231 | val_acc: 0.9057 | epoch_time: 2.54s

Epoch: 17/30 | tr_Loss: 0.1849 | tr_acc: 0.9227 | val_loss: 0.2194 | val_acc: 0.9074 | epoch_time: 2.54s

Epoch: 18/30 | tr_Loss: 0.1815 | tr_acc: 0.9229 | val_loss: 0.2191 | val_acc: 0.9044 | epoch_time: 2.54s

Epoch: 19/30 | tr_Loss: 0.1777 | tr_acc: 0.9243 | val_loss: 0.2775 | val_acc: 0.8829 | epoch_time: 2.53s

Epoch: 20/30 | tr_Loss: 0.1790 | tr_acc: 0.9248 | val_loss: 0.2126 | val_acc: 0.9139 | epoch_time: 2.53s

Epoch: 21/30 | tr_Loss: 0.1739 | tr_acc: 0.9293 | val_loss: 0.2343 | val_acc: 0.8989 | epoch_time: 2.53s

Epoch: 22/30 | tr_Loss: 0.1688 | tr_acc: 0.9317 | val_loss: 0.2293 | val_acc: 0.9041 | epoch_time: 2.53s

Epoch: 23/30 | tr_Loss: 0.1684 | tr_acc: 0.9316 | val_loss: 0.2178 | val_acc: 0.9090 | epoch_time: 2.53s

Epoch: 24/30 | tr_Loss: 0.1679 | tr_acc: 0.9322 | val_loss: 0.2406 | val_acc: 0.8995 | epoch_time: 2.53s

Epoch: 25/30 | tr_Loss: 0.1646 | tr_acc: 0.9319 | val_loss: 0.2318 | val_acc: 0.9028 | epoch_time: 2.54s

Early stopping at epoch 25 | Best Validation Loss: 0.2126
              precision    recall  f1-score   support

       STAND       0.90      0.90      0.90      1304
        WALK       0.88      0.86      0.87       906
         SIT       0.97      0.99      0.98       704
         LIE       0.99      0.99      0.99       152

    accuracy                           0.91      3066
   macro avg       0.93      0.93      0.93      3066
weighted avg       0.91      0.91      0.91      3066

------------------------------------------------------------------------------------------
Test Results:
 Accuracy: 0.8986301369863013
 Report:
 {'STAND': {'precision': 0.8575129533678757, 'recall': 0.9489678899082569, 'f1-score': 0.9009254218835057, 'support': 1744.0}, 'WALK': {'precision': 0.9191919191919192, 'recall': 0.685069008782936, 'f1-score': 0.7850467289719626, 'support': 797.0}, 'SIT': {'precision': 0.9528795811518325, 'recall': 0.9680851063829787, 'f1-score': 0.9604221635883905, 'support': 940.0}, 'LIE': {'precision': 0.9883040935672515, 'recall': 1.0, 'f1-score': 0.9941176470588236, 'support': 169.0}, 'accuracy': 0.8986301369863013, 'macro avg': {'precision': 0.9294721368197197, 'recall': 0.900530501268543, 'f1-score': 0.9101279903756705, 'support': 3650.0}, 'weighted avg': {'precision': 0.9015969173603077, 'recall': 0.8986301369863013, 'f1-score': 0.8952599712004154, 'support': 3650.0}}
 F1: 0.9101279903756705
 Confusion Matrix:
 [[1655   46   43    0]
 [ 247  546    2    2]
 [  28    2  910    0]
 [   0    0    0  169]]
------------------------------------------------------------------------------------------
Training set class distribution:
{'STAND': 4195, 'WALK': 2640, 'SIT': 2295, 'LIE': 514}
------------------------------------------------------------------------------------------
SSL encoder loaded

Epoch: 1/30 | tr_Loss: 0.4832 | tr_acc: 0.8051 | val_loss: 0.2933 | val_acc: 0.8891 | epoch_time: 2.72s

Epoch: 2/30 | tr_Loss: 0.2860 | tr_acc: 0.8850 | val_loss: 0.2664 | val_acc: 0.8924 | epoch_time: 2.54s

Epoch: 3/30 | tr_Loss: 0.2607 | tr_acc: 0.8922 | val_loss: 0.2538 | val_acc: 0.8992 | epoch_time: 2.53s

Epoch: 4/30 | tr_Loss: 0.2438 | tr_acc: 0.9005 | val_loss: 0.2596 | val_acc: 0.8917 | epoch_time: 2.53s

Epoch: 5/30 | tr_Loss: 0.2338 | tr_acc: 0.9040 | val_loss: 0.2338 | val_acc: 0.9044 | epoch_time: 2.53s

Epoch: 6/30 | tr_Loss: 0.2241 | tr_acc: 0.9078 | val_loss: 0.2241 | val_acc: 0.9103 | epoch_time: 2.53s

Epoch: 7/30 | tr_Loss: 0.2187 | tr_acc: 0.9101 | val_loss: 0.2467 | val_acc: 0.8963 | epoch_time: 2.53s

Epoch: 8/30 | tr_Loss: 0.2103 | tr_acc: 0.9111 | val_loss: 0.2268 | val_acc: 0.9067 | epoch_time: 2.54s

Epoch: 9/30 | tr_Loss: 0.2054 | tr_acc: 0.9146 | val_loss: 0.2325 | val_acc: 0.9008 | epoch_time: 2.53s

Epoch: 10/30 | tr_Loss: 0.2013 | tr_acc: 0.9170 | val_loss: 0.2233 | val_acc: 0.9080 | epoch_time: 2.53s

Epoch: 11/30 | tr_Loss: 0.1956 | tr_acc: 0.9189 | val_loss: 0.2198 | val_acc: 0.9074 | epoch_time: 2.54s

Epoch: 12/30 | tr_Loss: 0.1952 | tr_acc: 0.9211 | val_loss: 0.2354 | val_acc: 0.9018 | epoch_time: 2.53s

Epoch: 13/30 | tr_Loss: 0.1865 | tr_acc: 0.9225 | val_loss: 0.2148 | val_acc: 0.9110 | epoch_time: 2.53s

Epoch: 14/30 | tr_Loss: 0.1840 | tr_acc: 0.9238 | val_loss: 0.2173 | val_acc: 0.9139 | epoch_time: 2.54s

Epoch: 15/30 | tr_Loss: 0.1831 | tr_acc: 0.9258 | val_loss: 0.2277 | val_acc: 0.9022 | epoch_time: 2.54s

Epoch: 16/30 | tr_Loss: 0.1789 | tr_acc: 0.9245 | val_loss: 0.2237 | val_acc: 0.9057 | epoch_time: 2.53s

Epoch: 17/30 | tr_Loss: 0.1755 | tr_acc: 0.9251 | val_loss: 0.2910 | val_acc: 0.8770 | epoch_time: 2.53s

Epoch: 18/30 | tr_Loss: 0.1743 | tr_acc: 0.9290 | val_loss: 0.2316 | val_acc: 0.9051 | epoch_time: 2.53s

Early stopping at epoch 18 | Best Validation Loss: 0.2148
              precision    recall  f1-score   support

       STAND       0.89      0.91      0.90      1304
        WALK       0.87      0.85      0.86       906
         SIT       0.97      0.99      0.98       704
         LIE       0.99      0.98      0.99       152

    accuracy                           0.91      3066
   macro avg       0.93      0.93      0.93      3066
weighted avg       0.91      0.91      0.91      3066

------------------------------------------------------------------------------------------
Test Results:
 Accuracy: 0.8928767123287671
 Report:
 {'STAND': {'precision': 0.8510309278350515, 'recall': 0.9466743119266054, 'f1-score': 0.8963083604777415, 'support': 1744.0}, 'WALK': {'precision': 0.9036544850498339, 'recall': 0.6825595984943539, 'f1-score': 0.777698355968549, 'support': 797.0}, 'SIT': {'precision': 0.9531914893617022, 'recall': 0.9531914893617022, 'f1-score': 0.9531914893617022, 'support': 940.0}, 'LIE': {'precision': 1.0, 'recall': 0.9940828402366864, 'f1-score': 0.9970326409495549, 'support': 169.0}, 'accuracy': 0.8928767123287671, 'macro avg': {'precision': 0.9269692255616468, 'recall': 0.894127060004837, 'f1-score': 0.9060577116893869, 'support': 3650.0}, 'weighted avg': {'precision': 0.8957289212956294, 'recall': 0.8928767123287671, 'f1-score': 0.8897221607398875, 'support': 3650.0}}
 F1: 0.9060577116893869
 Confusion Matrix:
 [[1651   53   40    0]
 [ 250  544    3    0]
 [  39    5  896    0]
 [   0    0    1  168]]
------------------------------------------------------------------------------------------
Training set class distribution:
{'STAND': 4195, 'WALK': 2640, 'SIT': 2295, 'LIE': 514}
------------------------------------------------------------------------------------------
SSL encoder loaded

Epoch: 1/30 | tr_Loss: 0.5033 | tr_acc: 0.8111 | val_loss: 0.2939 | val_acc: 0.8767 | epoch_time: 2.72s

Epoch: 2/30 | tr_Loss: 0.2892 | tr_acc: 0.8846 | val_loss: 0.2730 | val_acc: 0.8881 | epoch_time: 2.54s

Epoch: 3/30 | tr_Loss: 0.2607 | tr_acc: 0.8958 | val_loss: 0.2589 | val_acc: 0.8950 | epoch_time: 2.54s

Epoch: 4/30 | tr_Loss: 0.2451 | tr_acc: 0.8995 | val_loss: 0.2415 | val_acc: 0.8973 | epoch_time: 2.53s

Epoch: 5/30 | tr_Loss: 0.2341 | tr_acc: 0.9058 | val_loss: 0.2320 | val_acc: 0.9048 | epoch_time: 2.53s

Epoch: 6/30 | tr_Loss: 0.2261 | tr_acc: 0.9068 | val_loss: 0.2295 | val_acc: 0.9070 | epoch_time: 2.53s

Epoch: 7/30 | tr_Loss: 0.2210 | tr_acc: 0.9067 | val_loss: 0.2401 | val_acc: 0.8989 | epoch_time: 2.54s

Epoch: 8/30 | tr_Loss: 0.2118 | tr_acc: 0.9116 | val_loss: 0.2359 | val_acc: 0.9031 | epoch_time: 2.54s

Epoch: 9/30 | tr_Loss: 0.2059 | tr_acc: 0.9139 | val_loss: 0.2237 | val_acc: 0.9077 | epoch_time: 2.53s

Epoch: 10/30 | tr_Loss: 0.2015 | tr_acc: 0.9144 | val_loss: 0.2220 | val_acc: 0.9083 | epoch_time: 2.54s

Epoch: 11/30 | tr_Loss: 0.1959 | tr_acc: 0.9176 | val_loss: 0.2425 | val_acc: 0.9025 | epoch_time: 2.53s

Epoch: 12/30 | tr_Loss: 0.1941 | tr_acc: 0.9189 | val_loss: 0.2210 | val_acc: 0.9106 | epoch_time: 2.53s

Epoch: 13/30 | tr_Loss: 0.1908 | tr_acc: 0.9193 | val_loss: 0.2301 | val_acc: 0.9061 | epoch_time: 2.53s

Epoch: 14/30 | tr_Loss: 0.1859 | tr_acc: 0.9200 | val_loss: 0.2278 | val_acc: 0.9041 | epoch_time: 2.53s

Epoch: 15/30 | tr_Loss: 0.1831 | tr_acc: 0.9248 | val_loss: 0.2317 | val_acc: 0.9074 | epoch_time: 2.53s

Epoch: 16/30 | tr_Loss: 0.1806 | tr_acc: 0.9258 | val_loss: 0.2241 | val_acc: 0.9070 | epoch_time: 2.53s

Epoch: 17/30 | tr_Loss: 0.1773 | tr_acc: 0.9260 | val_loss: 0.2257 | val_acc: 0.9070 | epoch_time: 2.54s

Early stopping at epoch 17 | Best Validation Loss: 0.2210
              precision    recall  f1-score   support

       STAND       0.88      0.92      0.90      1304
        WALK       0.89      0.83      0.86       906
         SIT       0.97      0.99      0.98       704
         LIE       0.99      0.99      0.99       152

    accuracy                           0.91      3066
   macro avg       0.93      0.93      0.93      3066
weighted avg       0.91      0.91      0.91      3066

------------------------------------------------------------------------------------------
Test Results:
 Accuracy: 0.8917808219178082
 Report:
 {'STAND': {'precision': 0.8494845360824742, 'recall': 0.944954128440367, 'f1-score': 0.8946796959826275, 'support': 1744.0}, 'WALK': {'precision': 0.9079861111111112, 'recall': 0.6562107904642409, 'f1-score': 0.7618353969410051, 'support': 797.0}, 'SIT': {'precision': 0.9501557632398754, 'recall': 0.973404255319149, 'f1-score': 0.9616395165528113, 'support': 940.0}, 'LIE': {'precision': 0.9883040935672515, 'recall': 1.0, 'f1-score': 0.9941176470588236, 'support': 169.0}, 'accuracy': 0.8917808219178082, 'macro avg': {'precision': 0.9239826260001781, 'recall': 0.8936422935559392, 'f1-score': 0.9030680641338169, 'support': 3650.0}, 'weighted avg': {'precision': 0.8946125399292436, 'recall': 0.8917808219178082, 'f1-score': 0.8875208846762377, 'support': 3650.0}}
 F1: 0.9030680641338169
 Confusion Matrix:
 [[1648   50   46    0]
 [ 270  523    2    2]
 [  22    3  915    0]
 [   0    0    0  169]]
------------------------------------------------------------------------------------------
Training set class distribution:
{'STAND': 4195, 'WALK': 2640, 'SIT': 2295, 'LIE': 514}
------------------------------------------------------------------------------------------
SSL encoder loaded

Epoch: 1/30 | tr_Loss: 0.5046 | tr_acc: 0.7991 | val_loss: 0.2949 | val_acc: 0.8780 | epoch_time: 2.72s

Epoch: 2/30 | tr_Loss: 0.2918 | tr_acc: 0.8811 | val_loss: 0.2684 | val_acc: 0.8894 | epoch_time: 2.53s

Epoch: 3/30 | tr_Loss: 0.2660 | tr_acc: 0.8930 | val_loss: 0.2592 | val_acc: 0.8907 | epoch_time: 2.54s

Epoch: 4/30 | tr_Loss: 0.2542 | tr_acc: 0.8961 | val_loss: 0.2516 | val_acc: 0.8950 | epoch_time: 2.53s

Epoch: 5/30 | tr_Loss: 0.2397 | tr_acc: 0.9011 | val_loss: 0.2421 | val_acc: 0.8963 | epoch_time: 2.54s

Epoch: 6/30 | tr_Loss: 0.2338 | tr_acc: 0.9046 | val_loss: 0.2409 | val_acc: 0.8989 | epoch_time: 2.53s

Epoch: 7/30 | tr_Loss: 0.2236 | tr_acc: 0.9097 | val_loss: 0.2416 | val_acc: 0.8992 | epoch_time: 2.54s

Epoch: 8/30 | tr_Loss: 0.2198 | tr_acc: 0.9076 | val_loss: 0.2361 | val_acc: 0.9018 | epoch_time: 2.53s

Epoch: 9/30 | tr_Loss: 0.2147 | tr_acc: 0.9103 | val_loss: 0.2462 | val_acc: 0.8966 | epoch_time: 2.54s

Epoch: 10/30 | tr_Loss: 0.2059 | tr_acc: 0.9126 | val_loss: 0.2558 | val_acc: 0.8920 | epoch_time: 2.55s

Epoch: 11/30 | tr_Loss: 0.2035 | tr_acc: 0.9153 | val_loss: 0.2332 | val_acc: 0.9018 | epoch_time: 2.53s

Epoch: 12/30 | tr_Loss: 0.1977 | tr_acc: 0.9184 | val_loss: 0.2254 | val_acc: 0.9031 | epoch_time: 2.55s

Epoch: 13/30 | tr_Loss: 0.1959 | tr_acc: 0.9172 | val_loss: 0.2344 | val_acc: 0.9005 | epoch_time: 2.53s

Epoch: 14/30 | tr_Loss: 0.1925 | tr_acc: 0.9193 | val_loss: 0.2299 | val_acc: 0.9041 | epoch_time: 2.53s

Epoch: 15/30 | tr_Loss: 0.1894 | tr_acc: 0.9204 | val_loss: 0.2385 | val_acc: 0.8947 | epoch_time: 2.53s

Epoch: 16/30 | tr_Loss: 0.1854 | tr_acc: 0.9233 | val_loss: 0.2572 | val_acc: 0.8950 | epoch_time: 2.53s

Epoch: 17/30 | tr_Loss: 0.1832 | tr_acc: 0.9221 | val_loss: 0.2288 | val_acc: 0.9008 | epoch_time: 2.53s

Early stopping at epoch 17 | Best Validation Loss: 0.2254
              precision    recall  f1-score   support

       STAND       0.88      0.90      0.89      1304
        WALK       0.87      0.82      0.85       906
         SIT       0.97      0.99      0.98       704
         LIE       1.00      0.99      0.99       152

    accuracy                           0.90      3066
   macro avg       0.93      0.93      0.93      3066
weighted avg       0.90      0.90      0.90      3066

------------------------------------------------------------------------------------------
Test Results:
 Accuracy: 0.8928767123287671
 Report:
 {'STAND': {'precision': 0.8524080787156914, 'recall': 0.9438073394495413, 'f1-score': 0.8957823129251701, 'support': 1744.0}, 'WALK': {'precision': 0.9076923076923077, 'recall': 0.6662484316185696, 'f1-score': 0.768451519536903, 'support': 797.0}, 'SIT': {'precision': 0.9480789200415368, 'recall': 0.9712765957446808, 'f1-score': 0.9595375722543352, 'support': 940.0}, 'LIE': {'precision': 0.9883040935672515, 'recall': 1.0, 'f1-score': 0.9941176470588236, 'support': 169.0}, 'accuracy': 0.8928767123287671, 'macro avg': {'precision': 0.9241208500041969, 'recall': 0.895333091703198, 'f1-score': 0.904472262943808, 'support': 3650.0}, 'weighted avg': {'precision': 0.8954104205925603, 'recall': 0.8928767123287671, 'f1-score': 0.8889510726258697, 'support': 3650.0}}
 F1: 0.904472262943808
 Confusion Matrix:
 [[1646   50   48    0]
 [ 262  531    2    2]
 [  23    4  913    0]
 [   0    0    0  169]]
------------------------------------------------------------------------------------------
Training set class distribution:
{'STAND': 4195, 'WALK': 2640, 'SIT': 2295, 'LIE': 514}
------------------------------------------------------------------------------------------
SSL encoder loaded

Epoch: 1/30 | tr_Loss: 0.4817 | tr_acc: 0.8081 | val_loss: 0.2914 | val_acc: 0.8823 | epoch_time: 2.72s

Epoch: 2/30 | tr_Loss: 0.2936 | tr_acc: 0.8794 | val_loss: 0.2644 | val_acc: 0.8852 | epoch_time: 2.53s

Epoch: 3/30 | tr_Loss: 0.2694 | tr_acc: 0.8908 | val_loss: 0.2615 | val_acc: 0.8914 | epoch_time: 2.53s

Epoch: 4/30 | tr_Loss: 0.2542 | tr_acc: 0.8952 | val_loss: 0.2513 | val_acc: 0.8920 | epoch_time: 2.54s

Epoch: 5/30 | tr_Loss: 0.2436 | tr_acc: 0.8968 | val_loss: 0.2460 | val_acc: 0.8992 | epoch_time: 2.54s

Epoch: 6/30 | tr_Loss: 0.2285 | tr_acc: 0.9039 | val_loss: 0.2505 | val_acc: 0.8917 | epoch_time: 2.54s

Epoch: 7/30 | tr_Loss: 0.2247 | tr_acc: 0.9057 | val_loss: 0.2411 | val_acc: 0.8982 | epoch_time: 2.53s

Epoch: 8/30 | tr_Loss: 0.2177 | tr_acc: 0.9057 | val_loss: 0.2403 | val_acc: 0.8999 | epoch_time: 2.54s

Epoch: 9/30 | tr_Loss: 0.2099 | tr_acc: 0.9118 | val_loss: 0.2501 | val_acc: 0.8924 | epoch_time: 2.54s

Epoch: 10/30 | tr_Loss: 0.2067 | tr_acc: 0.9116 | val_loss: 0.2493 | val_acc: 0.8933 | epoch_time: 2.53s

Epoch: 11/30 | tr_Loss: 0.2036 | tr_acc: 0.9140 | val_loss: 0.2460 | val_acc: 0.8920 | epoch_time: 2.53s

Epoch: 12/30 | tr_Loss: 0.1984 | tr_acc: 0.9183 | val_loss: 0.2541 | val_acc: 0.8901 | epoch_time: 2.53s

Epoch: 13/30 | tr_Loss: 0.1959 | tr_acc: 0.9170 | val_loss: 0.2455 | val_acc: 0.8947 | epoch_time: 2.54s

Early stopping at epoch 13 | Best Validation Loss: 0.2403
              precision    recall  f1-score   support

       STAND       0.87      0.91      0.89      1304
        WALK       0.87      0.82      0.84       906
         SIT       0.97      0.98      0.98       704
         LIE       1.00      0.99      0.99       152

    accuracy                           0.90      3066
   macro avg       0.93      0.92      0.92      3066
weighted avg       0.90      0.90      0.90      3066

------------------------------------------------------------------------------------------
Test Results:
 Accuracy: 0.8736986301369863
 Report:
 {'STAND': {'precision': 0.8201189296333002, 'recall': 0.9489678899082569, 'f1-score': 0.8798511430090378, 'support': 1744.0}, 'WALK': {'precision': 0.8893203883495145, 'recall': 0.5746549560853199, 'f1-score': 0.698170731707317, 'support': 797.0}, 'SIT': {'precision': 0.9577613516367476, 'recall': 0.9648936170212766, 'f1-score': 0.9613142554319025, 'support': 940.0}, 'LIE': {'precision': 0.9941176470588236, 'recall': 1.0, 'f1-score': 0.9970501474926253, 'support': 169.0}, 'accuracy': 0.8736986301369863, 'macro avg': {'precision': 0.9153295791695966, 'recall': 0.8721291157537133, 'f1-score': 0.8840965694102206, 'support': 3650.0}, 'weighted avg': {'precision': 0.8787335111469925, 'recall': 0.8736986301369863, 'f1-score': 0.8665861209892427, 'support': 3650.0}}
 F1: 0.8840965694102206
 Confusion Matrix:
 [[1655   50   39    0]
 [ 337  458    1    1]
 [  26    7  907    0]
 [   0    0    0  169]]
Total wall time:7min 33s
