Job started on gpu032.orc.gmu.edu
CUDA_VISIBLE_DEVICES=0
Sat May 30 19:50:40 2026       
+-----------------------------------------------------------------------------------------+
| NVIDIA-SMI 590.48.01              Driver Version: 590.48.01      CUDA Version: 13.1     |
+-----------------------------------------+------------------------+----------------------+
| GPU  Name                 Persistence-M | Bus-Id          Disp.A | Volatile Uncorr. ECC |
| Fan  Temp   Perf          Pwr:Usage/Cap |           Memory-Usage | GPU-Util  Compute M. |
|                                         |                        |               MIG M. |
|=========================================+========================+======================|
|   0  NVIDIA H100 80GB HBM3          On  |   00000000:DB:00.0 Off |                    0 |
| N/A   21C    P0             66W /  700W |       0MiB /  81559MiB |      0%      Default |
|                                         |                        |             Disabled |
+-----------------------------------------+------------------------+----------------------+

+-----------------------------------------------------------------------------------------+
| Processes:                                                                              |
|  GPU   GI   CI              PID   Type   Process name                        GPU Memory |
|        ID   ID                                                               Usage      |
|=========================================================================================|
|  No running processes found                                                             |
+-----------------------------------------------------------------------------------------+
Mamba version: 2.3.0
Path: /home/kmercad/myenv/lib/python3.10/site-packages/mamba_ssm/modules/mamba2.py
------------------------------------------------------------------------------------------
Raw training set shape: (406214, 251)
Validation training set shape: (92480, 251)
Raw test set shape: (145941, 251)
------------------------------------------------------------------------------------------
Sensor subset training shape: (303650, 47)
Sensor Validation training shape: (69226, 47)
Sensor Test training shape: (124320, 47)
----------------------------------------------------------------------
Rows containing NaNs - training: 4953
Rows containing NaNs - validation: 0
Rows containing NaNs - test: 0
------------------------------------------------------------------------------------------
Training shape after NaN removal: (298697, 47)
Validation shape after NaN removal: (69226, 47)
Test shape after NaN removal: (124320, 47)
------------------------------------------------------------------------------------------
Reindexed training shape: (298697, 47)
Reindexed validation shape: (69226, 47)
Reindexed test shape: (124320, 47)


Descriptive statistics for ACC channels (DEVICE_1) - training set
                   0              1              2
count  298697.000000  298697.000000  298697.000000
mean     -856.989129    -147.138863     232.103958
std       241.489617     247.763570     298.818082
min     -1850.000000   -1283.000000   -1198.000000
25%      -981.000000    -272.000000      61.000000
50%      -943.000000    -179.000000     175.000000
75%      -838.000000     -80.000000     364.000000
max       614.000000    1815.000000    1360.000000

Descriptive statistics for GYRO channels (DEVICE_1) - training set
                   3              4              5
count  298697.000000  298697.000000  298697.000000
mean      -45.319417     -18.770356       3.732532
std       598.715854     321.549707     239.497658
min     -4818.000000   -3092.000000   -2273.000000
25%      -219.000000    -106.000000     -74.000000
50%       -17.000000      -7.000000       0.000000
75%       134.000000      73.000000      79.000000
max      4504.000000    3370.000000    2231.000000

Descriptive statistics for MAG channels (DEVICE_1) - training set
                   6              7              8
count  298697.000000  298697.000000  298697.000000
mean      434.732193      64.025718     137.494538
std       304.499040     351.748187     514.189703
min      -929.000000   -1038.000000   -1135.000000
25%       365.000000    -182.000000    -384.000000
50%       489.000000      98.000000     278.000000
75%       600.000000     272.000000     588.000000
max      1466.000000    1162.000000    1369.000000
------------------------------------------------------------------------------------------


Descriptive statistics for ACC channels (DEVICE_1) - training set
                   0              1              2
count  298697.000000  298697.000000  298697.000000
mean       -0.856989      -0.147139       0.232104
std         0.241490       0.247764       0.298818
min        -1.850000      -1.283000      -1.198000
25%        -0.981000      -0.272000       0.061000
50%        -0.943000      -0.179000       0.175000
75%        -0.838000      -0.080000       0.364000
max         0.614000       1.815000       1.360000

Descriptive statistics for scaled GYRO channels (DEVICE_1) - training set
                   3             4              5
count  298697.000000  298697.00000  298697.000000
mean       -0.045319      -0.01877       0.003733
std         0.598716       0.32155       0.239498
min        -4.818000      -3.09200      -2.273000
25%        -0.219000      -0.10600      -0.074000
50%        -0.017000      -0.00700       0.000000
75%         0.134000       0.07300       0.079000
max         4.504000       3.37000       2.231000

Descriptive statistics for normalized MAG channels (DEVICE_1) - training set
                   6              7              8
count  298697.000000  298697.000000  298697.000000
mean        0.547496       0.070568       0.152425
std         0.332584       0.426307       0.616187
min        -0.843382      -0.991281      -0.999988
25%         0.473550      -0.240282      -0.478054
50%         0.630226       0.115992       0.375305
75%         0.748007       0.319388       0.718015
max         0.999999       0.999708       0.999770
--------------------STRATIY VAL/TEST--------------------
Validation GROUPS
group_id
S3-ADL1    32319
S3-ADL2    24902
S3-ADL5    20648
S4-ADL5    23817
Name: count, dtype: int64
Test GROUPS
group_id
S1-ADL5    22440
S2-ADL5    22969
S3-ADL3    21325
S3-ADL4    25126
Name: count, dtype: int64 


 Validation Split Label Proportion
45
1    0.459572
2    0.309502
4    0.168057
5    0.062870
Name: proportion, dtype: float64
Test Split Label Proportion
45
1    0.412094
2    0.273285
4    0.248759
5    0.065861
Name: proportion, dtype: float64

------------------------------ TRAIN ACC/GYRO after StandardScaler ------------------------------
global mean: 0.000000
global std : 1.000000
max |channel mean| : 0.000000
median |channel mean| : 0.000000
channel std range : [1.000000, 1.000000]

------------------------------ VAL ACC/GYRO after StandardScaler ------------------------------
global mean: -0.018828
global std : 1.029823
max |channel mean| : 0.571034
median |channel mean| : 0.035000
channel std range : [0.789396, 1.282089]

------------------------------ TEST ACC/GYRO after StandardScaler ------------------------------
global mean: -0.026641
global std : 1.016736
max |channel mean| : 0.360631
median |channel mean| : 0.015682
channel std range : [0.916675, 1.271960]
------------------------------------------------------------------------------------------
Training features: (298697, 46) | Training labels: (298697,)
Validation features: (101686, 46) | Validation labels: (101686,)
Test features: (91860, 46), Test labels: (91860,)

------------------------------ TRAIN MAG after window demeaning ------------------------------
max |window mean|  : 2.072917e-07
mean |window mean| : 2.314282e-08
channel global mean range : [-5.163174e-10, 3.394087e-10]
channel std range         : [0.123620, 0.237807]

------------------------------ VAL MAG after window demeaning ------------------------------
max |window mean|  : 2.072917e-07
mean |window mean| : 2.311541e-08
channel global mean range : [-8.879956e-10, 1.000856e-09]
channel std range         : [0.139015, 0.235645]

------------------------------ TEST MAG after window demeaning ------------------------------
max |window mean|  : 2.112654e-07
mean |window mean| : 2.317139e-08
channel global mean range : [-9.478415e-10, 4.257475e-10]
channel std range         : [0.126678, 0.220654]

TRAIN window label distribution
label 1: 4469 (0.4501)
label 2: 2437 (0.2455)
label 4: 2601 (0.2620)
label 5: 421 (0.0424)

VAL window label distribution
label 1: 1533 (0.4536)
label 2: 1063 (0.3145)
label 4: 571 (0.1689)
label 5: 213 (0.0630)

TEST window label distribution
label 1: 1241 (0.4066)
label 2: 843 (0.2762)
label 4: 767 (0.2513)
label 5: 201 (0.0659)
------------------------------------------------------------------------------------------
Training (windows): (9928, 90, 45). Training Labels: (9928,)
Validation (windows): (3380, 90, 45). Validation Labels: (3380,)
Test (windows): (3052, 90, 45). Test Labels: (3052,)
------------------------------------------------------------------------------------------
Training set class distribution:
{'STAND': 4469, 'WALK': 2437, 'SIT': 2601, 'LIE': 421}
------------------------------------------------------------------------------------------
AdamW: convolutional_input.weight (384, 45, 9)
AdamW: convolutional_input.bias (384,)
AdamW: batch_layer.weight (384,)
AdamW: batch_layer.bias (384,)
Muon : backbone.input_proj.weight (384, 384)
AdamW: backbone.input_proj.bias (384,)
AdamW: backbone.layers.0.norm.weight (384,)
AdamW: backbone.layers.0.mixer.dt_bias (96,)
AdamW: backbone.layers.0.mixer.A_log (96,)
AdamW: backbone.layers.0.mixer.D (96,)
Muon : backbone.layers.0.mixer.in_proj.weight (3424, 384)
AdamW: backbone.layers.0.mixer.conv1d.weight (1024, 1, 4)
AdamW: backbone.layers.0.mixer.conv1d.bias (1024,)
AdamW: backbone.layers.0.mixer.norm.weight (768,)
Muon : backbone.layers.0.mixer.out_proj.weight (384, 1536)
AdamW: backbone.layers.0.norm2.weight (384,)
Muon : backbone.layers.0.mlp.fc1.weight (1024, 384)
Muon : backbone.layers.0.mlp.fc2.weight (384, 512)
AdamW: backbone.layers.1.norm.weight (384,)
AdamW: backbone.layers.1.mixer.dt_bias (96,)
AdamW: backbone.layers.1.mixer.A_log (96,)
AdamW: backbone.layers.1.mixer.D (96,)
Muon : backbone.layers.1.mixer.in_proj.weight (3424, 384)
AdamW: backbone.layers.1.mixer.conv1d.weight (1024, 1, 4)
AdamW: backbone.layers.1.mixer.conv1d.bias (1024,)
AdamW: backbone.layers.1.mixer.norm.weight (768,)
Muon : backbone.layers.1.mixer.out_proj.weight (384, 1536)
AdamW: backbone.layers.1.norm2.weight (384,)
Muon : backbone.layers.1.mlp.fc1.weight (1024, 384)
Muon : backbone.layers.1.mlp.fc2.weight (384, 512)
AdamW: backbone.layers.2.norm.weight (384,)
AdamW: backbone.layers.2.mixer.dt_bias (96,)
AdamW: backbone.layers.2.mixer.A_log (96,)
AdamW: backbone.layers.2.mixer.D (96,)
Muon : backbone.layers.2.mixer.in_proj.weight (3424, 384)
AdamW: backbone.layers.2.mixer.conv1d.weight (1024, 1, 4)
AdamW: backbone.layers.2.mixer.conv1d.bias (1024,)
AdamW: backbone.layers.2.mixer.norm.weight (768,)
Muon : backbone.layers.2.mixer.out_proj.weight (384, 1536)
AdamW: backbone.layers.2.norm2.weight (384,)
Muon : backbone.layers.2.mlp.fc1.weight (1024, 384)
Muon : backbone.layers.2.mlp.fc2.weight (384, 512)
AdamW: backbone.layers.3.norm.weight (384,)
AdamW: backbone.layers.3.mixer.dt_bias (96,)
AdamW: backbone.layers.3.mixer.A_log (96,)
AdamW: backbone.layers.3.mixer.D (96,)
Muon : backbone.layers.3.mixer.in_proj.weight (3424, 384)
AdamW: backbone.layers.3.mixer.conv1d.weight (1024, 1, 4)
AdamW: backbone.layers.3.mixer.conv1d.bias (1024,)
AdamW: backbone.layers.3.mixer.norm.weight (768,)
Muon : backbone.layers.3.mixer.out_proj.weight (384, 1536)
AdamW: backbone.layers.3.norm2.weight (384,)
Muon : backbone.layers.3.mlp.fc1.weight (1024, 384)
Muon : backbone.layers.3.mlp.fc2.weight (384, 512)
AdamW: backbone.layers.4.norm.weight (384,)
AdamW: backbone.layers.4.mixer.dt_bias (96,)
AdamW: backbone.layers.4.mixer.A_log (96,)
AdamW: backbone.layers.4.mixer.D (96,)
Muon : backbone.layers.4.mixer.in_proj.weight (3424, 384)
AdamW: backbone.layers.4.mixer.conv1d.weight (1024, 1, 4)
AdamW: backbone.layers.4.mixer.conv1d.bias (1024,)
AdamW: backbone.layers.4.mixer.norm.weight (768,)
Muon : backbone.layers.4.mixer.out_proj.weight (384, 1536)
AdamW: backbone.layers.4.norm2.weight (384,)
Muon : backbone.layers.4.mlp.fc1.weight (1024, 384)
Muon : backbone.layers.4.mlp.fc2.weight (384, 512)
AdamW: backbone.layers.5.norm.weight (384,)
AdamW: backbone.layers.5.mixer.dt_bias (96,)
AdamW: backbone.layers.5.mixer.A_log (96,)
AdamW: backbone.layers.5.mixer.D (96,)
Muon : backbone.layers.5.mixer.in_proj.weight (3424, 384)
AdamW: backbone.layers.5.mixer.conv1d.weight (1024, 1, 4)
AdamW: backbone.layers.5.mixer.conv1d.bias (1024,)
AdamW: backbone.layers.5.mixer.norm.weight (768,)
Muon : backbone.layers.5.mixer.out_proj.weight (384, 1536)
AdamW: backbone.layers.5.norm2.weight (384,)
Muon : backbone.layers.5.mlp.fc1.weight (1024, 384)
Muon : backbone.layers.5.mlp.fc2.weight (384, 512)
AdamW: backbone.layers.6.norm.weight (384,)
AdamW: backbone.layers.6.mixer.dt_bias (96,)
AdamW: backbone.layers.6.mixer.A_log (96,)
AdamW: backbone.layers.6.mixer.D (96,)
Muon : backbone.layers.6.mixer.in_proj.weight (3424, 384)
AdamW: backbone.layers.6.mixer.conv1d.weight (1024, 1, 4)
AdamW: backbone.layers.6.mixer.conv1d.bias (1024,)
AdamW: backbone.layers.6.mixer.norm.weight (768,)
Muon : backbone.layers.6.mixer.out_proj.weight (384, 1536)
AdamW: backbone.layers.6.norm2.weight (384,)
Muon : backbone.layers.6.mlp.fc1.weight (1024, 384)
Muon : backbone.layers.6.mlp.fc2.weight (384, 512)
AdamW: backbone.layers.7.norm.weight (384,)
AdamW: backbone.layers.7.mixer.dt_bias (96,)
AdamW: backbone.layers.7.mixer.A_log (96,)
AdamW: backbone.layers.7.mixer.D (96,)
Muon : backbone.layers.7.mixer.in_proj.weight (3424, 384)
AdamW: backbone.layers.7.mixer.conv1d.weight (1024, 1, 4)
AdamW: backbone.layers.7.mixer.conv1d.bias (1024,)
AdamW: backbone.layers.7.mixer.norm.weight (768,)
Muon : backbone.layers.7.mixer.out_proj.weight (384, 1536)
AdamW: backbone.layers.7.norm2.weight (384,)
Muon : backbone.layers.7.mlp.fc1.weight (1024, 384)
Muon : backbone.layers.7.mlp.fc2.weight (384, 512)
AdamW: backbone.norm_f.weight (384,)
AdamW: classifier.0.weight (384, 384)
AdamW: classifier.0.bias (384,)
AdamW: classifier.3.weight (4, 384)
AdamW: classifier.3.bias (4,)

Epoch: 1/30 | tr_Loss: 0.2762 | tr_acc: 0.8872 | val_loss: 0.8212 | val_acc: 0.7911 | epoch_time: 44.65s
--- CUDA PROFILE --- (epoch 1, batch 2)
-------------------------------------------------------  ------------  ------------  ------------  ------------  ------------  ------------  ------------  ------------  ------------  ------------  ------------  ------------  ------------  ------------  
                                                   Name    Self CPU %      Self CPU   CPU total %     CPU total  CPU time avg     Self CUDA   Self CUDA %    CUDA total  CUDA time avg       CPU Mem  Self CPU Mem      CUDA Mem  Self CUDA Mem    # of Calls  
-------------------------------------------------------  ------------  ------------  ------------  ------------  ------------  ------------  ------------  ------------  ------------  ------------  ------------  ------------  ------------  ------------  
                 MambaSplitConv1dScanCombinedFnBackward        14.32%      17.511ms        22.05%      26.967ms       3.371ms      46.909ms        45.06%      54.545ms       6.818ms           0 b           0 b       1.20 Gb      -6.90 Gb             8  
                                               aten::mm         4.54%       5.546ms        12.66%      15.481ms      26.283us      31.987ms        30.73%      31.987ms      54.308us           0 b           0 b       3.13 Gb       3.13 Gb           589  
        Optimizer.step#SingleDeviceMuonWithAuxAdam.step         0.00%       0.000us         0.00%       0.000us       0.000us      14.997ms        14.41%      14.997ms      14.997ms           0 b           0 b           0 b           0 b             1  
                         MambaSplitConv1dScanCombinedFn         4.71%       5.759ms         7.11%       8.694ms       1.087ms      12.042ms        11.57%      15.257ms       1.907ms           0 b           0 b     405.35 Mb      -2.44 Gb             8  
sm80_xmma_gemm_f32f32_f32f32_f32_tn_n_tilesize128x12...         0.00%       0.000us         0.00%       0.000us       0.000us       9.986ms         9.59%       9.986ms     416.079us           0 b           0 b           0 b           0 b            24  
                  _chunk_scan_chunk_state_bwd_dx_kernel         0.00%       0.000us         0.00%       0.000us       0.000us       9.605ms         9.23%       9.605ms       1.201ms           0 b           0 b           0 b           0 b             8  
                    _chunk_scan_bwd_ddAcs_stable_kernel         0.00%       0.000us         0.00%       0.000us       0.000us       8.884ms         8.53%       8.884ms       1.111ms           0 b           0 b           0 b           0 b             8  
                                 _chunk_scan_fwd_kernel         0.00%       0.000us         0.00%       0.000us       0.000us       8.069ms         7.75%       8.069ms       1.009ms           0 b           0 b           0 b           0 b             8  
                             _chunk_state_bwd_db_kernel         0.00%       0.000us         0.00%       0.000us       0.000us       7.502ms         7.21%       7.502ms     937.763us           0 b           0 b           0 b           0 b             8  
                              _chunk_scan_bwd_dc_kernel         0.00%       0.000us         0.00%       0.000us       0.000us       6.844ms         6.57%       6.844ms     855.472us           0 b           0 b           0 b           0 b             8  
-------------------------------------------------------  ------------  ------------  ------------  ------------  ------------  ------------  ------------  ------------  ------------  ------------  ------------  ------------  ------------  ------------  
Self CPU time total: 122.274ms
Self CUDA time total: 104.100ms


Epoch: 2/30 | tr_Loss: 0.2012 | tr_acc: 0.9204 | val_loss: 0.7570 | val_acc: 0.8305 | epoch_time: 9.28s

Epoch: 3/30 | tr_Loss: 0.1803 | tr_acc: 0.9267 | val_loss: 0.7857 | val_acc: 0.8311 | epoch_time: 9.28s

Epoch: 4/30 | tr_Loss: 0.1624 | tr_acc: 0.9341 | val_loss: 0.9552 | val_acc: 0.7962 | epoch_time: 9.28s

Epoch: 5/30 | tr_Loss: 0.1458 | tr_acc: 0.9412 | val_loss: 0.5727 | val_acc: 0.8500 | epoch_time: 9.28s

Epoch: 6/30 | tr_Loss: 0.1418 | tr_acc: 0.9413 | val_loss: 0.7363 | val_acc: 0.8376 | epoch_time: 9.28s

Epoch: 7/30 | tr_Loss: 0.1330 | tr_acc: 0.9466 | val_loss: 0.8653 | val_acc: 0.8444 | epoch_time: 9.28s

Epoch: 8/30 | tr_Loss: 0.1107 | tr_acc: 0.9549 | val_loss: 1.0686 | val_acc: 0.7586 | epoch_time: 9.28s

Epoch: 9/30 | tr_Loss: 0.1103 | tr_acc: 0.9559 | val_loss: 1.2309 | val_acc: 0.8098 | epoch_time: 9.28s

Epoch: 10/30 | tr_Loss: 0.0969 | tr_acc: 0.9628 | val_loss: 1.1556 | val_acc: 0.8086 | epoch_time: 9.28s

Early stopping at epoch 10 | Best Validation Loss: 0.5727
              precision    recall  f1-score   support

       STAND       0.85      0.94      0.89      1533
        WALK       0.89      0.86      0.87      1063
         SIT       0.77      0.86      0.81       571
         LIE       1.00      0.15      0.26       213

    accuracy                           0.85      3380
   macro avg       0.88      0.70      0.71      3380
weighted avg       0.86      0.85      0.83      3380

Peak GPU memory allocatated: 3.79GB

------------------------------------------------------------------------------------------
Test Results:
 Accuracy: 0.8614023591087812
 Report:
 {'STAND': {'precision': 0.8612852664576802, 'recall': 0.8855761482675262, 'f1-score': 0.8732618196265395, 'support': 1241.0}, 'WALK': {'precision': 0.7961579509071505, 'recall': 0.8849347568208779, 'f1-score': 0.8382022471910112, 'support': 843.0}, 'SIT': {'precision': 0.9289473684210526, 'recall': 0.9204693611473272, 'f1-score': 0.9246889325474787, 'support': 767.0}, 'LIE': {'precision': 0.9873417721518988, 'recall': 0.3880597014925373, 'f1-score': 0.5571428571428572, 'support': 201.0}, 'accuracy': 0.8614023591087812, 'macro avg': {'precision': 0.8934330894844456, 'recall': 0.7697599919320672, 'f1-score': 0.7983239641269717, 'support': 3052.0}, 'weighted avg': {'precision': 0.8686023905865623, 'recall': 0.8614023591087812, 'f1-score': 0.8556830072372834, 'support': 3052.0}}
 F1: 0.7983239641269717
 Confusion Matrix:
 [[1099  129   12    1]
 [  97  746    0    0]
 [  52    9  706    0]
 [  28   53   42   78]]
------------------------------------------------------------------------------------------
Training set class distribution:
{'STAND': 4469, 'WALK': 2437, 'SIT': 2601, 'LIE': 421}
------------------------------------------------------------------------------------------
AdamW: convolutional_input.weight (384, 45, 9)
AdamW: convolutional_input.bias (384,)
AdamW: batch_layer.weight (384,)
AdamW: batch_layer.bias (384,)
Muon : backbone.input_proj.weight (384, 384)
AdamW: backbone.input_proj.bias (384,)
AdamW: backbone.layers.0.norm.weight (384,)
AdamW: backbone.layers.0.mixer.dt_bias (96,)
AdamW: backbone.layers.0.mixer.A_log (96,)
AdamW: backbone.layers.0.mixer.D (96,)
Muon : backbone.layers.0.mixer.in_proj.weight (3424, 384)
AdamW: backbone.layers.0.mixer.conv1d.weight (1024, 1, 4)
AdamW: backbone.layers.0.mixer.conv1d.bias (1024,)
AdamW: backbone.layers.0.mixer.norm.weight (768,)
Muon : backbone.layers.0.mixer.out_proj.weight (384, 1536)
AdamW: backbone.layers.0.norm2.weight (384,)
Muon : backbone.layers.0.mlp.fc1.weight (1024, 384)
Muon : backbone.layers.0.mlp.fc2.weight (384, 512)
AdamW: backbone.layers.1.norm.weight (384,)
AdamW: backbone.layers.1.mixer.dt_bias (96,)
AdamW: backbone.layers.1.mixer.A_log (96,)
AdamW: backbone.layers.1.mixer.D (96,)
Muon : backbone.layers.1.mixer.in_proj.weight (3424, 384)
AdamW: backbone.layers.1.mixer.conv1d.weight (1024, 1, 4)
AdamW: backbone.layers.1.mixer.conv1d.bias (1024,)
AdamW: backbone.layers.1.mixer.norm.weight (768,)
Muon : backbone.layers.1.mixer.out_proj.weight (384, 1536)
AdamW: backbone.layers.1.norm2.weight (384,)
Muon : backbone.layers.1.mlp.fc1.weight (1024, 384)
Muon : backbone.layers.1.mlp.fc2.weight (384, 512)
AdamW: backbone.layers.2.norm.weight (384,)
AdamW: backbone.layers.2.mixer.dt_bias (96,)
AdamW: backbone.layers.2.mixer.A_log (96,)
AdamW: backbone.layers.2.mixer.D (96,)
Muon : backbone.layers.2.mixer.in_proj.weight (3424, 384)
AdamW: backbone.layers.2.mixer.conv1d.weight (1024, 1, 4)
AdamW: backbone.layers.2.mixer.conv1d.bias (1024,)
AdamW: backbone.layers.2.mixer.norm.weight (768,)
Muon : backbone.layers.2.mixer.out_proj.weight (384, 1536)
AdamW: backbone.layers.2.norm2.weight (384,)
Muon : backbone.layers.2.mlp.fc1.weight (1024, 384)
Muon : backbone.layers.2.mlp.fc2.weight (384, 512)
AdamW: backbone.layers.3.norm.weight (384,)
AdamW: backbone.layers.3.mixer.dt_bias (96,)
AdamW: backbone.layers.3.mixer.A_log (96,)
AdamW: backbone.layers.3.mixer.D (96,)
Muon : backbone.layers.3.mixer.in_proj.weight (3424, 384)
AdamW: backbone.layers.3.mixer.conv1d.weight (1024, 1, 4)
AdamW: backbone.layers.3.mixer.conv1d.bias (1024,)
AdamW: backbone.layers.3.mixer.norm.weight (768,)
Muon : backbone.layers.3.mixer.out_proj.weight (384, 1536)
AdamW: backbone.layers.3.norm2.weight (384,)
Muon : backbone.layers.3.mlp.fc1.weight (1024, 384)
Muon : backbone.layers.3.mlp.fc2.weight (384, 512)
AdamW: backbone.layers.4.norm.weight (384,)
AdamW: backbone.layers.4.mixer.dt_bias (96,)
AdamW: backbone.layers.4.mixer.A_log (96,)
AdamW: backbone.layers.4.mixer.D (96,)
Muon : backbone.layers.4.mixer.in_proj.weight (3424, 384)
AdamW: backbone.layers.4.mixer.conv1d.weight (1024, 1, 4)
AdamW: backbone.layers.4.mixer.conv1d.bias (1024,)
AdamW: backbone.layers.4.mixer.norm.weight (768,)
Muon : backbone.layers.4.mixer.out_proj.weight (384, 1536)
AdamW: backbone.layers.4.norm2.weight (384,)
Muon : backbone.layers.4.mlp.fc1.weight (1024, 384)
Muon : backbone.layers.4.mlp.fc2.weight (384, 512)
AdamW: backbone.layers.5.norm.weight (384,)
AdamW: backbone.layers.5.mixer.dt_bias (96,)
AdamW: backbone.layers.5.mixer.A_log (96,)
AdamW: backbone.layers.5.mixer.D (96,)
Muon : backbone.layers.5.mixer.in_proj.weight (3424, 384)
AdamW: backbone.layers.5.mixer.conv1d.weight (1024, 1, 4)
AdamW: backbone.layers.5.mixer.conv1d.bias (1024,)
AdamW: backbone.layers.5.mixer.norm.weight (768,)
Muon : backbone.layers.5.mixer.out_proj.weight (384, 1536)
AdamW: backbone.layers.5.norm2.weight (384,)
Muon : backbone.layers.5.mlp.fc1.weight (1024, 384)
Muon : backbone.layers.5.mlp.fc2.weight (384, 512)
AdamW: backbone.layers.6.norm.weight (384,)
AdamW: backbone.layers.6.mixer.dt_bias (96,)
AdamW: backbone.layers.6.mixer.A_log (96,)
AdamW: backbone.layers.6.mixer.D (96,)
Muon : backbone.layers.6.mixer.in_proj.weight (3424, 384)
AdamW: backbone.layers.6.mixer.conv1d.weight (1024, 1, 4)
AdamW: backbone.layers.6.mixer.conv1d.bias (1024,)
AdamW: backbone.layers.6.mixer.norm.weight (768,)
Muon : backbone.layers.6.mixer.out_proj.weight (384, 1536)
AdamW: backbone.layers.6.norm2.weight (384,)
Muon : backbone.layers.6.mlp.fc1.weight (1024, 384)
Muon : backbone.layers.6.mlp.fc2.weight (384, 512)
AdamW: backbone.layers.7.norm.weight (384,)
AdamW: backbone.layers.7.mixer.dt_bias (96,)
AdamW: backbone.layers.7.mixer.A_log (96,)
AdamW: backbone.layers.7.mixer.D (96,)
Muon : backbone.layers.7.mixer.in_proj.weight (3424, 384)
AdamW: backbone.layers.7.mixer.conv1d.weight (1024, 1, 4)
AdamW: backbone.layers.7.mixer.conv1d.bias (1024,)
AdamW: backbone.layers.7.mixer.norm.weight (768,)
Muon : backbone.layers.7.mixer.out_proj.weight (384, 1536)
AdamW: backbone.layers.7.norm2.weight (384,)
Muon : backbone.layers.7.mlp.fc1.weight (1024, 384)
Muon : backbone.layers.7.mlp.fc2.weight (384, 512)
AdamW: backbone.norm_f.weight (384,)
AdamW: classifier.0.weight (384, 384)
AdamW: classifier.0.bias (384,)
AdamW: classifier.3.weight (4, 384)
AdamW: classifier.3.bias (4,)

Epoch: 1/30 | tr_Loss: 0.2680 | tr_acc: 0.8937 | val_loss: 0.7434 | val_acc: 0.7938 | epoch_time: 10.57s
--- CUDA PROFILE --- (epoch 1, batch 2)
-------------------------------------------------------  ------------  ------------  ------------  ------------  ------------  ------------  ------------  ------------  ------------  ------------  ------------  ------------  ------------  ------------  
                                                   Name    Self CPU %      Self CPU   CPU total %     CPU total  CPU time avg     Self CUDA   Self CUDA %    CUDA total  CUDA time avg       CPU Mem  Self CPU Mem      CUDA Mem  Self CUDA Mem    # of Calls  
-------------------------------------------------------  ------------  ------------  ------------  ------------  ------------  ------------  ------------  ------------  ------------  ------------  ------------  ------------  ------------  ------------  
                 MambaSplitConv1dScanCombinedFnBackward        13.09%      14.548ms        21.23%      23.594ms       2.949ms      46.960ms        45.11%      54.626ms       6.828ms           0 b           0 b       1.20 Gb      -6.91 Gb             8  
                                               aten::mm         4.94%       5.485ms        21.06%      23.398ms      39.724us      32.030ms        30.77%      32.030ms      54.380us           0 b           0 b       3.13 Gb       3.13 Gb           589  
        Optimizer.step#SingleDeviceMuonWithAuxAdam.step         0.00%       0.000us         0.00%       0.000us       0.000us      15.106ms        14.51%      15.106ms      15.106ms           0 b           0 b           0 b           0 b             1  
                         MambaSplitConv1dScanCombinedFn         4.90%       5.443ms         7.49%       8.320ms       1.040ms      11.924ms        11.46%      15.130ms       1.891ms           0 b           0 b     405.35 Mb      -2.44 Gb             8  
sm80_xmma_gemm_f32f32_f32f32_f32_tn_n_tilesize128x12...         0.00%       0.000us         0.00%       0.000us       0.000us       9.909ms         9.52%       9.909ms     412.882us           0 b           0 b           0 b           0 b            24  
                  _chunk_scan_chunk_state_bwd_dx_kernel         0.00%       0.000us         0.00%       0.000us       0.000us       9.606ms         9.23%       9.606ms       1.201ms           0 b           0 b           0 b           0 b             8  
                    _chunk_scan_bwd_ddAcs_stable_kernel         0.00%       0.000us         0.00%       0.000us       0.000us       8.895ms         8.54%       8.895ms       1.112ms           0 b           0 b           0 b           0 b             8  
                                 _chunk_scan_fwd_kernel         0.00%       0.000us         0.00%       0.000us       0.000us       7.978ms         7.66%       7.978ms     997.202us           0 b           0 b           0 b           0 b             8  
                             _chunk_state_bwd_db_kernel         0.00%       0.000us         0.00%       0.000us       0.000us       7.531ms         7.23%       7.531ms     941.359us           0 b           0 b           0 b           0 b             8  
                              _chunk_scan_bwd_dc_kernel         0.00%       0.000us         0.00%       0.000us       0.000us       6.837ms         6.57%       6.837ms     854.682us           0 b           0 b           0 b           0 b             8  
-------------------------------------------------------  ------------  ------------  ------------  ------------  ------------  ------------  ------------  ------------  ------------  ------------  ------------  ------------  ------------  ------------  
Self CPU time total: 111.123ms
Self CUDA time total: 104.096ms


Epoch: 2/30 | tr_Loss: 0.1937 | tr_acc: 0.9217 | val_loss: 0.8173 | val_acc: 0.7710 | epoch_time: 9.28s

Epoch: 3/30 | tr_Loss: 0.1774 | tr_acc: 0.9296 | val_loss: 0.9266 | val_acc: 0.8320 | epoch_time: 9.27s

Epoch: 4/30 | tr_Loss: 0.1641 | tr_acc: 0.9341 | val_loss: 0.6829 | val_acc: 0.8299 | epoch_time: 9.29s

Epoch: 5/30 | tr_Loss: 0.1501 | tr_acc: 0.9385 | val_loss: 1.1239 | val_acc: 0.7935 | epoch_time: 9.27s

Epoch: 6/30 | tr_Loss: 0.1276 | tr_acc: 0.9493 | val_loss: 1.3221 | val_acc: 0.8003 | epoch_time: 9.28s

Epoch: 7/30 | tr_Loss: 0.1267 | tr_acc: 0.9466 | val_loss: 1.1450 | val_acc: 0.7772 | epoch_time: 9.29s

Epoch: 8/30 | tr_Loss: 0.1178 | tr_acc: 0.9532 | val_loss: 1.0206 | val_acc: 0.8343 | epoch_time: 9.28s

Epoch: 9/30 | tr_Loss: 0.1045 | tr_acc: 0.9565 | val_loss: 1.0271 | val_acc: 0.8145 | epoch_time: 9.29s

Early stopping at epoch 9 | Best Validation Loss: 0.6829
              precision    recall  f1-score   support

       STAND       0.76      0.97      0.85      1533
        WALK       0.94      0.78      0.85      1063
         SIT       0.90      0.70      0.79       571
         LIE       0.96      0.46      0.62       213

    accuracy                           0.83      3380
   macro avg       0.89      0.72      0.78      3380
weighted avg       0.85      0.83      0.82      3380

Peak GPU memory allocatated: 3.64GB

------------------------------------------------------------------------------------------
Test Results:
 Accuracy: 0.8623853211009175
 Report:
 {'STAND': {'precision': 0.8068340306834031, 'recall': 0.9323126510878323, 'f1-score': 0.8650467289719627, 'support': 1241.0}, 'WALK': {'precision': 0.895483870967742, 'recall': 0.8232502965599051, 'f1-score': 0.857849196538937, 'support': 843.0}, 'SIT': {'precision': 0.9149855907780979, 'recall': 0.8279009126466753, 'f1-score': 0.8692676249144422, 'support': 767.0}, 'LIE': {'precision': 0.9798657718120806, 'recall': 0.7263681592039801, 'f1-score': 0.8342857142857143, 'support': 201.0}, 'accuracy': 0.8623853211009175, 'macro avg': {'precision': 0.8992923160603309, 'recall': 0.8274580048745982, 'f1-score': 0.8566123161777641, 'support': 3052.0}, 'weighted avg': {'precision': 0.8698954467775029, 'recall': 0.8623853211009175, 'f1-score': 0.8620935649467023, 'support': 3052.0}}
 F1: 0.8566123161777641
 Confusion Matrix:
 [[1157   73    9    2]
 [ 148  694    1    0]
 [ 123    8  635    1]
 [   6    0   49  146]]
------------------------------------------------------------------------------------------
Training set class distribution:
{'STAND': 4469, 'WALK': 2437, 'SIT': 2601, 'LIE': 421}
------------------------------------------------------------------------------------------
AdamW: convolutional_input.weight (384, 45, 9)
AdamW: convolutional_input.bias (384,)
AdamW: batch_layer.weight (384,)
AdamW: batch_layer.bias (384,)
Muon : backbone.input_proj.weight (384, 384)
AdamW: backbone.input_proj.bias (384,)
AdamW: backbone.layers.0.norm.weight (384,)
AdamW: backbone.layers.0.mixer.dt_bias (96,)
AdamW: backbone.layers.0.mixer.A_log (96,)
AdamW: backbone.layers.0.mixer.D (96,)
Muon : backbone.layers.0.mixer.in_proj.weight (3424, 384)
AdamW: backbone.layers.0.mixer.conv1d.weight (1024, 1, 4)
AdamW: backbone.layers.0.mixer.conv1d.bias (1024,)
AdamW: backbone.layers.0.mixer.norm.weight (768,)
Muon : backbone.layers.0.mixer.out_proj.weight (384, 1536)
AdamW: backbone.layers.0.norm2.weight (384,)
Muon : backbone.layers.0.mlp.fc1.weight (1024, 384)
Muon : backbone.layers.0.mlp.fc2.weight (384, 512)
AdamW: backbone.layers.1.norm.weight (384,)
AdamW: backbone.layers.1.mixer.dt_bias (96,)
AdamW: backbone.layers.1.mixer.A_log (96,)
AdamW: backbone.layers.1.mixer.D (96,)
Muon : backbone.layers.1.mixer.in_proj.weight (3424, 384)
AdamW: backbone.layers.1.mixer.conv1d.weight (1024, 1, 4)
AdamW: backbone.layers.1.mixer.conv1d.bias (1024,)
AdamW: backbone.layers.1.mixer.norm.weight (768,)
Muon : backbone.layers.1.mixer.out_proj.weight (384, 1536)
AdamW: backbone.layers.1.norm2.weight (384,)
Muon : backbone.layers.1.mlp.fc1.weight (1024, 384)
Muon : backbone.layers.1.mlp.fc2.weight (384, 512)
AdamW: backbone.layers.2.norm.weight (384,)
AdamW: backbone.layers.2.mixer.dt_bias (96,)
AdamW: backbone.layers.2.mixer.A_log (96,)
AdamW: backbone.layers.2.mixer.D (96,)
Muon : backbone.layers.2.mixer.in_proj.weight (3424, 384)
AdamW: backbone.layers.2.mixer.conv1d.weight (1024, 1, 4)
AdamW: backbone.layers.2.mixer.conv1d.bias (1024,)
AdamW: backbone.layers.2.mixer.norm.weight (768,)
Muon : backbone.layers.2.mixer.out_proj.weight (384, 1536)
AdamW: backbone.layers.2.norm2.weight (384,)
Muon : backbone.layers.2.mlp.fc1.weight (1024, 384)
Muon : backbone.layers.2.mlp.fc2.weight (384, 512)
AdamW: backbone.layers.3.norm.weight (384,)
AdamW: backbone.layers.3.mixer.dt_bias (96,)
AdamW: backbone.layers.3.mixer.A_log (96,)
AdamW: backbone.layers.3.mixer.D (96,)
Muon : backbone.layers.3.mixer.in_proj.weight (3424, 384)
AdamW: backbone.layers.3.mixer.conv1d.weight (1024, 1, 4)
AdamW: backbone.layers.3.mixer.conv1d.bias (1024,)
AdamW: backbone.layers.3.mixer.norm.weight (768,)
Muon : backbone.layers.3.mixer.out_proj.weight (384, 1536)
AdamW: backbone.layers.3.norm2.weight (384,)
Muon : backbone.layers.3.mlp.fc1.weight (1024, 384)
Muon : backbone.layers.3.mlp.fc2.weight (384, 512)
AdamW: backbone.layers.4.norm.weight (384,)
AdamW: backbone.layers.4.mixer.dt_bias (96,)
AdamW: backbone.layers.4.mixer.A_log (96,)
AdamW: backbone.layers.4.mixer.D (96,)
Muon : backbone.layers.4.mixer.in_proj.weight (3424, 384)
AdamW: backbone.layers.4.mixer.conv1d.weight (1024, 1, 4)
AdamW: backbone.layers.4.mixer.conv1d.bias (1024,)
AdamW: backbone.layers.4.mixer.norm.weight (768,)
Muon : backbone.layers.4.mixer.out_proj.weight (384, 1536)
AdamW: backbone.layers.4.norm2.weight (384,)
Muon : backbone.layers.4.mlp.fc1.weight (1024, 384)
Muon : backbone.layers.4.mlp.fc2.weight (384, 512)
AdamW: backbone.layers.5.norm.weight (384,)
AdamW: backbone.layers.5.mixer.dt_bias (96,)
AdamW: backbone.layers.5.mixer.A_log (96,)
AdamW: backbone.layers.5.mixer.D (96,)
Muon : backbone.layers.5.mixer.in_proj.weight (3424, 384)
AdamW: backbone.layers.5.mixer.conv1d.weight (1024, 1, 4)
AdamW: backbone.layers.5.mixer.conv1d.bias (1024,)
AdamW: backbone.layers.5.mixer.norm.weight (768,)
Muon : backbone.layers.5.mixer.out_proj.weight (384, 1536)
AdamW: backbone.layers.5.norm2.weight (384,)
Muon : backbone.layers.5.mlp.fc1.weight (1024, 384)
Muon : backbone.layers.5.mlp.fc2.weight (384, 512)
AdamW: backbone.layers.6.norm.weight (384,)
AdamW: backbone.layers.6.mixer.dt_bias (96,)
AdamW: backbone.layers.6.mixer.A_log (96,)
AdamW: backbone.layers.6.mixer.D (96,)
Muon : backbone.layers.6.mixer.in_proj.weight (3424, 384)
AdamW: backbone.layers.6.mixer.conv1d.weight (1024, 1, 4)
AdamW: backbone.layers.6.mixer.conv1d.bias (1024,)
AdamW: backbone.layers.6.mixer.norm.weight (768,)
Muon : backbone.layers.6.mixer.out_proj.weight (384, 1536)
AdamW: backbone.layers.6.norm2.weight (384,)
Muon : backbone.layers.6.mlp.fc1.weight (1024, 384)
Muon : backbone.layers.6.mlp.fc2.weight (384, 512)
AdamW: backbone.layers.7.norm.weight (384,)
AdamW: backbone.layers.7.mixer.dt_bias (96,)
AdamW: backbone.layers.7.mixer.A_log (96,)
AdamW: backbone.layers.7.mixer.D (96,)
Muon : backbone.layers.7.mixer.in_proj.weight (3424, 384)
AdamW: backbone.layers.7.mixer.conv1d.weight (1024, 1, 4)
AdamW: backbone.layers.7.mixer.conv1d.bias (1024,)
AdamW: backbone.layers.7.mixer.norm.weight (768,)
Muon : backbone.layers.7.mixer.out_proj.weight (384, 1536)
AdamW: backbone.layers.7.norm2.weight (384,)
Muon : backbone.layers.7.mlp.fc1.weight (1024, 384)
Muon : backbone.layers.7.mlp.fc2.weight (384, 512)
AdamW: backbone.norm_f.weight (384,)
AdamW: classifier.0.weight (384, 384)
AdamW: classifier.0.bias (384,)
AdamW: classifier.3.weight (4, 384)
AdamW: classifier.3.bias (4,)

Epoch: 1/30 | tr_Loss: 0.2657 | tr_acc: 0.8893 | val_loss: 0.8901 | val_acc: 0.7852 | epoch_time: 10.67s
--- CUDA PROFILE --- (epoch 1, batch 2)
-------------------------------------------------------  ------------  ------------  ------------  ------------  ------------  ------------  ------------  ------------  ------------  ------------  ------------  ------------  ------------  ------------  
                                                   Name    Self CPU %      Self CPU   CPU total %     CPU total  CPU time avg     Self CUDA   Self CUDA %    CUDA total  CUDA time avg       CPU Mem  Self CPU Mem      CUDA Mem  Self CUDA Mem    # of Calls  
-------------------------------------------------------  ------------  ------------  ------------  ------------  ------------  ------------  ------------  ------------  ------------  ------------  ------------  ------------  ------------  ------------  
                 MambaSplitConv1dScanCombinedFnBackward        13.24%      14.545ms        21.47%      23.592ms       2.949ms      46.555ms        45.34%      54.055ms       6.757ms           0 b           0 b       1.20 Gb      -6.91 Gb             8  
                                               aten::mm         5.04%       5.536ms        20.46%      22.481ms      38.167us      31.157ms        30.35%      31.157ms      52.899us           0 b           0 b       3.12 Gb       3.12 Gb           589  
        Optimizer.step#SingleDeviceMuonWithAuxAdam.step         0.00%       0.000us         0.00%       0.000us       0.000us      15.344ms        14.94%      15.344ms      15.344ms           0 b           0 b           0 b           0 b             1  
                         MambaSplitConv1dScanCombinedFn         5.40%       5.934ms         8.22%       9.034ms       1.129ms      11.912ms        11.60%      15.052ms       1.881ms           0 b           0 b     405.35 Mb      -2.44 Gb             8  
sm80_xmma_gemm_f32f32_f32f32_f32_tn_n_tilesize128x12...         0.00%       0.000us         0.00%       0.000us       0.000us       9.702ms         9.45%       9.702ms     404.246us           0 b           0 b           0 b           0 b            24  
                  _chunk_scan_chunk_state_bwd_dx_kernel         0.00%       0.000us         0.00%       0.000us       0.000us       9.532ms         9.28%       9.532ms       1.192ms           0 b           0 b           0 b           0 b             8  
                    _chunk_scan_bwd_ddAcs_stable_kernel         0.00%       0.000us         0.00%       0.000us       0.000us       8.826ms         8.60%       8.826ms       1.103ms           0 b           0 b           0 b           0 b             8  
                                 _chunk_scan_fwd_kernel         0.00%       0.000us         0.00%       0.000us       0.000us       7.975ms         7.77%       7.975ms     996.859us           0 b           0 b           0 b           0 b             8  
                             _chunk_state_bwd_db_kernel         0.00%       0.000us         0.00%       0.000us       0.000us       7.440ms         7.25%       7.440ms     929.979us           0 b           0 b           0 b           0 b             8  
                              _chunk_scan_bwd_dc_kernel         0.00%       0.000us         0.00%       0.000us       0.000us       6.787ms         6.61%       6.787ms     848.403us           0 b           0 b           0 b           0 b             8  
-------------------------------------------------------  ------------  ------------  ------------  ------------  ------------  ------------  ------------  ------------  ------------  ------------  ------------  ------------  ------------  ------------  
Self CPU time total: 109.874ms
Self CUDA time total: 102.677ms


Epoch: 2/30 | tr_Loss: 0.1993 | tr_acc: 0.9210 | val_loss: 0.9452 | val_acc: 0.8163 | epoch_time: 9.30s

Epoch: 3/30 | tr_Loss: 0.1885 | tr_acc: 0.9210 | val_loss: 0.9293 | val_acc: 0.8192 | epoch_time: 9.31s

Epoch: 4/30 | tr_Loss: 0.1743 | tr_acc: 0.9307 | val_loss: 1.1831 | val_acc: 0.7991 | epoch_time: 9.30s

Epoch: 5/30 | tr_Loss: 0.1634 | tr_acc: 0.9337 | val_loss: 0.7480 | val_acc: 0.8160 | epoch_time: 9.30s

Epoch: 6/30 | tr_Loss: 0.1560 | tr_acc: 0.9376 | val_loss: 0.7349 | val_acc: 0.8376 | epoch_time: 9.31s

Epoch: 7/30 | tr_Loss: 0.1386 | tr_acc: 0.9423 | val_loss: 0.4818 | val_acc: 0.8701 | epoch_time: 9.31s

Epoch: 8/30 | tr_Loss: 0.1273 | tr_acc: 0.9489 | val_loss: 1.2179 | val_acc: 0.8142 | epoch_time: 9.31s

Epoch: 9/30 | tr_Loss: 0.1167 | tr_acc: 0.9533 | val_loss: 1.3033 | val_acc: 0.8391 | epoch_time: 9.32s

Epoch: 10/30 | tr_Loss: 0.1074 | tr_acc: 0.9571 | val_loss: 1.3493 | val_acc: 0.8180 | epoch_time: 9.30s

Epoch: 11/30 | tr_Loss: 0.0930 | tr_acc: 0.9617 | val_loss: 1.1044 | val_acc: 0.8464 | epoch_time: 9.30s

Epoch: 12/30 | tr_Loss: 0.0885 | tr_acc: 0.9659 | val_loss: 1.0765 | val_acc: 0.8254 | epoch_time: 9.30s

Early stopping at epoch 12 | Best Validation Loss: 0.4818
              precision    recall  f1-score   support

       STAND       0.79      0.98      0.88      1533
        WALK       0.97      0.74      0.84      1063
         SIT       0.96      0.83      0.89       571
         LIE       0.98      0.85      0.91       213

    accuracy                           0.87      3380
   macro avg       0.93      0.85      0.88      3380
weighted avg       0.89      0.87      0.87      3380

Peak GPU memory allocatated: 3.64GB

------------------------------------------------------------------------------------------
Test Results:
 Accuracy: 0.9020314547837484
 Report:
 {'STAND': {'precision': 0.8433476394849786, 'recall': 0.9500402900886382, 'f1-score': 0.8935202728306176, 'support': 1241.0}, 'WALK': {'precision': 0.9133964817320703, 'recall': 0.800711743772242, 'f1-score': 0.8533501896333755, 'support': 843.0}, 'SIT': {'precision': 0.9806629834254144, 'recall': 0.9256844850065189, 'f1-score': 0.9523809523809523, 'support': 767.0}, 'LIE': {'precision': 0.9895287958115183, 'recall': 0.9402985074626866, 'f1-score': 0.9642857142857143, 'support': 201.0}, 'accuracy': 0.9020314547837484, 'macro avg': {'precision': 0.9317339751134954, 'recall': 0.9041837565825215, 'f1-score': 0.9158842822826649, 'support': 3052.0}, 'weighted avg': {'precision': 0.9068320612537358, 'recall': 0.9020314547837484, 'f1-score': 0.9018776171334701, 'support': 3052.0}}
 F1: 0.9158842822826649
 Confusion Matrix:
 [[1179   48   12    2]
 [ 166  675    2    0]
 [  53    4  710    0]
 [   0   12    0  189]]
------------------------------------------------------------------------------------------
Training set class distribution:
{'STAND': 4469, 'WALK': 2437, 'SIT': 2601, 'LIE': 421}
------------------------------------------------------------------------------------------
AdamW: convolutional_input.weight (384, 45, 9)
AdamW: convolutional_input.bias (384,)
AdamW: batch_layer.weight (384,)
AdamW: batch_layer.bias (384,)
Muon : backbone.input_proj.weight (384, 384)
AdamW: backbone.input_proj.bias (384,)
AdamW: backbone.layers.0.norm.weight (384,)
AdamW: backbone.layers.0.mixer.dt_bias (96,)
AdamW: backbone.layers.0.mixer.A_log (96,)
AdamW: backbone.layers.0.mixer.D (96,)
Muon : backbone.layers.0.mixer.in_proj.weight (3424, 384)
AdamW: backbone.layers.0.mixer.conv1d.weight (1024, 1, 4)
AdamW: backbone.layers.0.mixer.conv1d.bias (1024,)
AdamW: backbone.layers.0.mixer.norm.weight (768,)
Muon : backbone.layers.0.mixer.out_proj.weight (384, 1536)
AdamW: backbone.layers.0.norm2.weight (384,)
Muon : backbone.layers.0.mlp.fc1.weight (1024, 384)
Muon : backbone.layers.0.mlp.fc2.weight (384, 512)
AdamW: backbone.layers.1.norm.weight (384,)
AdamW: backbone.layers.1.mixer.dt_bias (96,)
AdamW: backbone.layers.1.mixer.A_log (96,)
AdamW: backbone.layers.1.mixer.D (96,)
Muon : backbone.layers.1.mixer.in_proj.weight (3424, 384)
AdamW: backbone.layers.1.mixer.conv1d.weight (1024, 1, 4)
AdamW: backbone.layers.1.mixer.conv1d.bias (1024,)
AdamW: backbone.layers.1.mixer.norm.weight (768,)
Muon : backbone.layers.1.mixer.out_proj.weight (384, 1536)
AdamW: backbone.layers.1.norm2.weight (384,)
Muon : backbone.layers.1.mlp.fc1.weight (1024, 384)
Muon : backbone.layers.1.mlp.fc2.weight (384, 512)
AdamW: backbone.layers.2.norm.weight (384,)
AdamW: backbone.layers.2.mixer.dt_bias (96,)
AdamW: backbone.layers.2.mixer.A_log (96,)
AdamW: backbone.layers.2.mixer.D (96,)
Muon : backbone.layers.2.mixer.in_proj.weight (3424, 384)
AdamW: backbone.layers.2.mixer.conv1d.weight (1024, 1, 4)
AdamW: backbone.layers.2.mixer.conv1d.bias (1024,)
AdamW: backbone.layers.2.mixer.norm.weight (768,)
Muon : backbone.layers.2.mixer.out_proj.weight (384, 1536)
AdamW: backbone.layers.2.norm2.weight (384,)
Muon : backbone.layers.2.mlp.fc1.weight (1024, 384)
Muon : backbone.layers.2.mlp.fc2.weight (384, 512)
AdamW: backbone.layers.3.norm.weight (384,)
AdamW: backbone.layers.3.mixer.dt_bias (96,)
AdamW: backbone.layers.3.mixer.A_log (96,)
AdamW: backbone.layers.3.mixer.D (96,)
Muon : backbone.layers.3.mixer.in_proj.weight (3424, 384)
AdamW: backbone.layers.3.mixer.conv1d.weight (1024, 1, 4)
AdamW: backbone.layers.3.mixer.conv1d.bias (1024,)
AdamW: backbone.layers.3.mixer.norm.weight (768,)
Muon : backbone.layers.3.mixer.out_proj.weight (384, 1536)
AdamW: backbone.layers.3.norm2.weight (384,)
Muon : backbone.layers.3.mlp.fc1.weight (1024, 384)
Muon : backbone.layers.3.mlp.fc2.weight (384, 512)
AdamW: backbone.layers.4.norm.weight (384,)
AdamW: backbone.layers.4.mixer.dt_bias (96,)
AdamW: backbone.layers.4.mixer.A_log (96,)
AdamW: backbone.layers.4.mixer.D (96,)
Muon : backbone.layers.4.mixer.in_proj.weight (3424, 384)
AdamW: backbone.layers.4.mixer.conv1d.weight (1024, 1, 4)
AdamW: backbone.layers.4.mixer.conv1d.bias (1024,)
AdamW: backbone.layers.4.mixer.norm.weight (768,)
Muon : backbone.layers.4.mixer.out_proj.weight (384, 1536)
AdamW: backbone.layers.4.norm2.weight (384,)
Muon : backbone.layers.4.mlp.fc1.weight (1024, 384)
Muon : backbone.layers.4.mlp.fc2.weight (384, 512)
AdamW: backbone.layers.5.norm.weight (384,)
AdamW: backbone.layers.5.mixer.dt_bias (96,)
AdamW: backbone.layers.5.mixer.A_log (96,)
AdamW: backbone.layers.5.mixer.D (96,)
Muon : backbone.layers.5.mixer.in_proj.weight (3424, 384)
AdamW: backbone.layers.5.mixer.conv1d.weight (1024, 1, 4)
AdamW: backbone.layers.5.mixer.conv1d.bias (1024,)
AdamW: backbone.layers.5.mixer.norm.weight (768,)
Muon : backbone.layers.5.mixer.out_proj.weight (384, 1536)
AdamW: backbone.layers.5.norm2.weight (384,)
Muon : backbone.layers.5.mlp.fc1.weight (1024, 384)
Muon : backbone.layers.5.mlp.fc2.weight (384, 512)
AdamW: backbone.layers.6.norm.weight (384,)
AdamW: backbone.layers.6.mixer.dt_bias (96,)
AdamW: backbone.layers.6.mixer.A_log (96,)
AdamW: backbone.layers.6.mixer.D (96,)
Muon : backbone.layers.6.mixer.in_proj.weight (3424, 384)
AdamW: backbone.layers.6.mixer.conv1d.weight (1024, 1, 4)
AdamW: backbone.layers.6.mixer.conv1d.bias (1024,)
AdamW: backbone.layers.6.mixer.norm.weight (768,)
Muon : backbone.layers.6.mixer.out_proj.weight (384, 1536)
AdamW: backbone.layers.6.norm2.weight (384,)
Muon : backbone.layers.6.mlp.fc1.weight (1024, 384)
Muon : backbone.layers.6.mlp.fc2.weight (384, 512)
AdamW: backbone.layers.7.norm.weight (384,)
AdamW: backbone.layers.7.mixer.dt_bias (96,)
AdamW: backbone.layers.7.mixer.A_log (96,)
AdamW: backbone.layers.7.mixer.D (96,)
Muon : backbone.layers.7.mixer.in_proj.weight (3424, 384)
AdamW: backbone.layers.7.mixer.conv1d.weight (1024, 1, 4)
AdamW: backbone.layers.7.mixer.conv1d.bias (1024,)
AdamW: backbone.layers.7.mixer.norm.weight (768,)
Muon : backbone.layers.7.mixer.out_proj.weight (384, 1536)
AdamW: backbone.layers.7.norm2.weight (384,)
Muon : backbone.layers.7.mlp.fc1.weight (1024, 384)
Muon : backbone.layers.7.mlp.fc2.weight (384, 512)
AdamW: backbone.norm_f.weight (384,)
AdamW: classifier.0.weight (384, 384)
AdamW: classifier.0.bias (384,)
AdamW: classifier.3.weight (4, 384)
AdamW: classifier.3.bias (4,)

Epoch: 1/30 | tr_Loss: 0.2739 | tr_acc: 0.8852 | val_loss: 0.7414 | val_acc: 0.8243 | epoch_time: 10.74s
--- CUDA PROFILE --- (epoch 1, batch 2)
-------------------------------------------------------  ------------  ------------  ------------  ------------  ------------  ------------  ------------  ------------  ------------  ------------  ------------  ------------  ------------  ------------  
                                                   Name    Self CPU %      Self CPU   CPU total %     CPU total  CPU time avg     Self CUDA   Self CUDA %    CUDA total  CUDA time avg       CPU Mem  Self CPU Mem      CUDA Mem  Self CUDA Mem    # of Calls  
-------------------------------------------------------  ------------  ------------  ------------  ------------  ------------  ------------  ------------  ------------  ------------  ------------  ------------  ------------  ------------  ------------  
                 MambaSplitConv1dScanCombinedFnBackward        13.01%      14.494ms        21.13%      23.546ms       2.943ms      46.580ms        45.32%      54.092ms       6.761ms           0 b           0 b       1.20 Gb      -6.91 Gb             8  
                                               aten::mm         4.95%       5.517ms        20.13%      22.432ms      38.085us      31.252ms        30.41%      31.252ms      53.059us           0 b           0 b       3.13 Gb       3.13 Gb           589  
        Optimizer.step#SingleDeviceMuonWithAuxAdam.step         0.00%       0.000us         0.00%       0.000us       0.000us      15.273ms        14.86%      15.273ms      15.273ms           0 b           0 b           0 b           0 b             1  
                         MambaSplitConv1dScanCombinedFn         4.90%       5.462ms         7.58%       8.443ms       1.055ms      11.904ms        11.58%      15.073ms       1.884ms           0 b           0 b     405.35 Mb      -2.44 Gb             8  
sm80_xmma_gemm_f32f32_f32f32_f32_tn_n_tilesize128x12...         0.00%       0.000us         0.00%       0.000us       0.000us       9.731ms         9.47%       9.731ms     405.464us           0 b           0 b           0 b           0 b            24  
                  _chunk_scan_chunk_state_bwd_dx_kernel         0.00%       0.000us         0.00%       0.000us       0.000us       9.529ms         9.27%       9.529ms       1.191ms           0 b           0 b           0 b           0 b             8  
                    _chunk_scan_bwd_ddAcs_stable_kernel         0.00%       0.000us         0.00%       0.000us       0.000us       8.825ms         8.59%       8.825ms       1.103ms           0 b           0 b           0 b           0 b             8  
                                 _chunk_scan_fwd_kernel         0.00%       0.000us         0.00%       0.000us       0.000us       7.964ms         7.75%       7.964ms     995.485us           0 b           0 b           0 b           0 b             8  
                             _chunk_state_bwd_db_kernel         0.00%       0.000us         0.00%       0.000us       0.000us       7.472ms         7.27%       7.472ms     933.993us           0 b           0 b           0 b           0 b             8  
                              _chunk_scan_bwd_dc_kernel         0.00%       0.000us         0.00%       0.000us       0.000us       6.774ms         6.59%       6.774ms     846.774us           0 b           0 b           0 b           0 b             8  
-------------------------------------------------------  ------------  ------------  ------------  ------------  ------------  ------------  ------------  ------------  ------------  ------------  ------------  ------------  ------------  ------------  
Self CPU time total: 111.412ms
Self CUDA time total: 102.783ms


Epoch: 2/30 | tr_Loss: 0.2047 | tr_acc: 0.9198 | val_loss: 0.7448 | val_acc: 0.8121 | epoch_time: 9.30s

Epoch: 3/30 | tr_Loss: 0.1872 | tr_acc: 0.9256 | val_loss: 0.7651 | val_acc: 0.8201 | epoch_time: 9.31s

Epoch: 4/30 | tr_Loss: 0.1682 | tr_acc: 0.9323 | val_loss: 0.5571 | val_acc: 0.8331 | epoch_time: 9.31s

Epoch: 5/30 | tr_Loss: 0.1488 | tr_acc: 0.9405 | val_loss: 1.1037 | val_acc: 0.7870 | epoch_time: 9.31s

Epoch: 6/30 | tr_Loss: 0.1431 | tr_acc: 0.9414 | val_loss: 1.1099 | val_acc: 0.7743 | epoch_time: 9.31s

Epoch: 7/30 | tr_Loss: 0.1204 | tr_acc: 0.9530 | val_loss: 0.8277 | val_acc: 0.8337 | epoch_time: 9.31s

Epoch: 8/30 | tr_Loss: 0.1173 | tr_acc: 0.9532 | val_loss: 1.1385 | val_acc: 0.8044 | epoch_time: 9.30s

Epoch: 9/30 | tr_Loss: 0.0996 | tr_acc: 0.9618 | val_loss: 0.9754 | val_acc: 0.8201 | epoch_time: 9.31s

Early stopping at epoch 9 | Best Validation Loss: 0.5571
              precision    recall  f1-score   support

       STAND       0.82      0.94      0.88      1533
        WALK       0.86      0.83      0.84      1063
         SIT       0.82      0.79      0.81       571
         LIE       0.91      0.20      0.32       213

    accuracy                           0.83      3380
   macro avg       0.85      0.69      0.71      3380
weighted avg       0.84      0.83      0.82      3380

Peak GPU memory allocatated: 3.64GB

------------------------------------------------------------------------------------------
Test Results:
 Accuracy: 0.8682830930537353
 Report:
 {'STAND': {'precision': 0.8463878326996198, 'recall': 0.8968573730862208, 'f1-score': 0.8708920187793427, 'support': 1241.0}, 'WALK': {'precision': 0.8138766519823789, 'recall': 0.8766310794780545, 'f1-score': 0.8440890919474586, 'support': 843.0}, 'SIT': {'precision': 0.9589235127478754, 'recall': 0.8826597131681877, 'f1-score': 0.9192124915139172, 'support': 767.0}, 'LIE': {'precision': 0.983739837398374, 'recall': 0.6019900497512438, 'f1-score': 0.7469135802469136, 'support': 201.0}, 'accuracy': 0.8682830930537353, 'macro avg': {'precision': 0.900731958707062, 'recall': 0.8145345538709268, 'f1-score': 0.845276795621908, 'support': 3052.0}, 'weighted avg': {'precision': 0.8747350457392096, 'recall': 0.8682830930537353, 'f1-score': 0.8674671397240091, 'support': 3052.0}}
 F1: 0.845276795621908
 Confusion Matrix:
 [[1113  111   15    2]
 [ 104  739    0    0]
 [  77   13  677    0]
 [  21   45   14  121]]
------------------------------------------------------------------------------------------
Training set class distribution:
{'STAND': 4469, 'WALK': 2437, 'SIT': 2601, 'LIE': 421}
------------------------------------------------------------------------------------------
AdamW: convolutional_input.weight (384, 45, 9)
AdamW: convolutional_input.bias (384,)
AdamW: batch_layer.weight (384,)
AdamW: batch_layer.bias (384,)
Muon : backbone.input_proj.weight (384, 384)
AdamW: backbone.input_proj.bias (384,)
AdamW: backbone.layers.0.norm.weight (384,)
AdamW: backbone.layers.0.mixer.dt_bias (96,)
AdamW: backbone.layers.0.mixer.A_log (96,)
AdamW: backbone.layers.0.mixer.D (96,)
Muon : backbone.layers.0.mixer.in_proj.weight (3424, 384)
AdamW: backbone.layers.0.mixer.conv1d.weight (1024, 1, 4)
AdamW: backbone.layers.0.mixer.conv1d.bias (1024,)
AdamW: backbone.layers.0.mixer.norm.weight (768,)
Muon : backbone.layers.0.mixer.out_proj.weight (384, 1536)
AdamW: backbone.layers.0.norm2.weight (384,)
Muon : backbone.layers.0.mlp.fc1.weight (1024, 384)
Muon : backbone.layers.0.mlp.fc2.weight (384, 512)
AdamW: backbone.layers.1.norm.weight (384,)
AdamW: backbone.layers.1.mixer.dt_bias (96,)
AdamW: backbone.layers.1.mixer.A_log (96,)
AdamW: backbone.layers.1.mixer.D (96,)
Muon : backbone.layers.1.mixer.in_proj.weight (3424, 384)
AdamW: backbone.layers.1.mixer.conv1d.weight (1024, 1, 4)
AdamW: backbone.layers.1.mixer.conv1d.bias (1024,)
AdamW: backbone.layers.1.mixer.norm.weight (768,)
Muon : backbone.layers.1.mixer.out_proj.weight (384, 1536)
AdamW: backbone.layers.1.norm2.weight (384,)
Muon : backbone.layers.1.mlp.fc1.weight (1024, 384)
Muon : backbone.layers.1.mlp.fc2.weight (384, 512)
AdamW: backbone.layers.2.norm.weight (384,)
AdamW: backbone.layers.2.mixer.dt_bias (96,)
AdamW: backbone.layers.2.mixer.A_log (96,)
AdamW: backbone.layers.2.mixer.D (96,)
Muon : backbone.layers.2.mixer.in_proj.weight (3424, 384)
AdamW: backbone.layers.2.mixer.conv1d.weight (1024, 1, 4)
AdamW: backbone.layers.2.mixer.conv1d.bias (1024,)
AdamW: backbone.layers.2.mixer.norm.weight (768,)
Muon : backbone.layers.2.mixer.out_proj.weight (384, 1536)
AdamW: backbone.layers.2.norm2.weight (384,)
Muon : backbone.layers.2.mlp.fc1.weight (1024, 384)
Muon : backbone.layers.2.mlp.fc2.weight (384, 512)
AdamW: backbone.layers.3.norm.weight (384,)
AdamW: backbone.layers.3.mixer.dt_bias (96,)
AdamW: backbone.layers.3.mixer.A_log (96,)
AdamW: backbone.layers.3.mixer.D (96,)
Muon : backbone.layers.3.mixer.in_proj.weight (3424, 384)
AdamW: backbone.layers.3.mixer.conv1d.weight (1024, 1, 4)
AdamW: backbone.layers.3.mixer.conv1d.bias (1024,)
AdamW: backbone.layers.3.mixer.norm.weight (768,)
Muon : backbone.layers.3.mixer.out_proj.weight (384, 1536)
AdamW: backbone.layers.3.norm2.weight (384,)
Muon : backbone.layers.3.mlp.fc1.weight (1024, 384)
Muon : backbone.layers.3.mlp.fc2.weight (384, 512)
AdamW: backbone.layers.4.norm.weight (384,)
AdamW: backbone.layers.4.mixer.dt_bias (96,)
AdamW: backbone.layers.4.mixer.A_log (96,)
AdamW: backbone.layers.4.mixer.D (96,)
Muon : backbone.layers.4.mixer.in_proj.weight (3424, 384)
AdamW: backbone.layers.4.mixer.conv1d.weight (1024, 1, 4)
AdamW: backbone.layers.4.mixer.conv1d.bias (1024,)
AdamW: backbone.layers.4.mixer.norm.weight (768,)
Muon : backbone.layers.4.mixer.out_proj.weight (384, 1536)
AdamW: backbone.layers.4.norm2.weight (384,)
Muon : backbone.layers.4.mlp.fc1.weight (1024, 384)
Muon : backbone.layers.4.mlp.fc2.weight (384, 512)
AdamW: backbone.layers.5.norm.weight (384,)
AdamW: backbone.layers.5.mixer.dt_bias (96,)
AdamW: backbone.layers.5.mixer.A_log (96,)
AdamW: backbone.layers.5.mixer.D (96,)
Muon : backbone.layers.5.mixer.in_proj.weight (3424, 384)
AdamW: backbone.layers.5.mixer.conv1d.weight (1024, 1, 4)
AdamW: backbone.layers.5.mixer.conv1d.bias (1024,)
AdamW: backbone.layers.5.mixer.norm.weight (768,)
Muon : backbone.layers.5.mixer.out_proj.weight (384, 1536)
AdamW: backbone.layers.5.norm2.weight (384,)
Muon : backbone.layers.5.mlp.fc1.weight (1024, 384)
Muon : backbone.layers.5.mlp.fc2.weight (384, 512)
AdamW: backbone.layers.6.norm.weight (384,)
AdamW: backbone.layers.6.mixer.dt_bias (96,)
AdamW: backbone.layers.6.mixer.A_log (96,)
AdamW: backbone.layers.6.mixer.D (96,)
Muon : backbone.layers.6.mixer.in_proj.weight (3424, 384)
AdamW: backbone.layers.6.mixer.conv1d.weight (1024, 1, 4)
AdamW: backbone.layers.6.mixer.conv1d.bias (1024,)
AdamW: backbone.layers.6.mixer.norm.weight (768,)
Muon : backbone.layers.6.mixer.out_proj.weight (384, 1536)
AdamW: backbone.layers.6.norm2.weight (384,)
Muon : backbone.layers.6.mlp.fc1.weight (1024, 384)
Muon : backbone.layers.6.mlp.fc2.weight (384, 512)
AdamW: backbone.layers.7.norm.weight (384,)
AdamW: backbone.layers.7.mixer.dt_bias (96,)
AdamW: backbone.layers.7.mixer.A_log (96,)
AdamW: backbone.layers.7.mixer.D (96,)
Muon : backbone.layers.7.mixer.in_proj.weight (3424, 384)
AdamW: backbone.layers.7.mixer.conv1d.weight (1024, 1, 4)
AdamW: backbone.layers.7.mixer.conv1d.bias (1024,)
AdamW: backbone.layers.7.mixer.norm.weight (768,)
Muon : backbone.layers.7.mixer.out_proj.weight (384, 1536)
AdamW: backbone.layers.7.norm2.weight (384,)
Muon : backbone.layers.7.mlp.fc1.weight (1024, 384)
Muon : backbone.layers.7.mlp.fc2.weight (384, 512)
AdamW: backbone.norm_f.weight (384,)
AdamW: classifier.0.weight (384, 384)
AdamW: classifier.0.bias (384,)
AdamW: classifier.3.weight (4, 384)
AdamW: classifier.3.bias (4,)

Epoch: 1/30 | tr_Loss: 0.2702 | tr_acc: 0.8874 | val_loss: 0.7080 | val_acc: 0.8423 | epoch_time: 10.72s
--- CUDA PROFILE --- (epoch 1, batch 2)
-------------------------------------------------------  ------------  ------------  ------------  ------------  ------------  ------------  ------------  ------------  ------------  ------------  ------------  ------------  ------------  ------------  
                                                   Name    Self CPU %      Self CPU   CPU total %     CPU total  CPU time avg     Self CUDA   Self CUDA %    CUDA total  CUDA time avg       CPU Mem  Self CPU Mem      CUDA Mem  Self CUDA Mem    # of Calls  
-------------------------------------------------------  ------------  ------------  ------------  ------------  ------------  ------------  ------------  ------------  ------------  ------------  ------------  ------------  ------------  ------------  
                 MambaSplitConv1dScanCombinedFnBackward        12.97%      14.565ms        20.95%      23.529ms       2.941ms      46.755ms        45.21%      54.342ms       6.793ms           0 b           0 b       1.20 Gb      -6.91 Gb             8  
                                               aten::mm         4.90%       5.505ms        20.13%      22.612ms      38.391us      31.637ms        30.59%      31.637ms      53.712us           0 b           0 b       3.12 Gb       3.12 Gb           589  
        Optimizer.step#SingleDeviceMuonWithAuxAdam.step         0.00%       0.000us         0.00%       0.000us       0.000us      15.497ms        14.98%      15.497ms      15.497ms           0 b           0 b           0 b           0 b             1  
                         MambaSplitConv1dScanCombinedFn         4.84%       5.441ms         7.71%       8.656ms       1.082ms      11.911ms        11.52%      15.093ms       1.887ms           0 b           0 b     405.35 Mb      -2.44 Gb             8  
sm80_xmma_gemm_f32f32_f32f32_f32_tn_n_tilesize128x12...         0.00%       0.000us         0.00%       0.000us       0.000us       9.788ms         9.46%       9.788ms     407.827us           0 b           0 b           0 b           0 b            24  
                  _chunk_scan_chunk_state_bwd_dx_kernel         0.00%       0.000us         0.00%       0.000us       0.000us       9.560ms         9.24%       9.560ms       1.195ms           0 b           0 b           0 b           0 b             8  
                    _chunk_scan_bwd_ddAcs_stable_kernel         0.00%       0.000us         0.00%       0.000us       0.000us       8.860ms         8.57%       8.860ms       1.108ms           0 b           0 b           0 b           0 b             8  
                                 _chunk_scan_fwd_kernel         0.00%       0.000us         0.00%       0.000us       0.000us       7.968ms         7.70%       7.968ms     995.940us           0 b           0 b           0 b           0 b             8  
                             _chunk_state_bwd_db_kernel         0.00%       0.000us         0.00%       0.000us       0.000us       7.491ms         7.24%       7.491ms     936.336us           0 b           0 b           0 b           0 b             8  
                              _chunk_scan_bwd_dc_kernel         0.00%       0.000us         0.00%       0.000us       0.000us       6.807ms         6.58%       6.807ms     850.908us           0 b           0 b           0 b           0 b             8  
-------------------------------------------------------  ------------  ------------  ------------  ------------  ------------  ------------  ------------  ------------  ------------  ------------  ------------  ------------  ------------  ------------  
Self CPU time total: 112.323ms
Self CUDA time total: 103.429ms


Epoch: 2/30 | tr_Loss: 0.2039 | tr_acc: 0.9182 | val_loss: 0.7683 | val_acc: 0.7787 | epoch_time: 9.33s

Epoch: 3/30 | tr_Loss: 0.1959 | tr_acc: 0.9214 | val_loss: 0.7900 | val_acc: 0.8266 | epoch_time: 9.31s

Epoch: 4/30 | tr_Loss: 0.1771 | tr_acc: 0.9288 | val_loss: 0.8513 | val_acc: 0.8112 | epoch_time: 9.31s

Epoch: 5/30 | tr_Loss: 0.1539 | tr_acc: 0.9351 | val_loss: 0.8249 | val_acc: 0.8322 | epoch_time: 9.31s

Epoch: 6/30 | tr_Loss: 0.1431 | tr_acc: 0.9412 | val_loss: 0.4517 | val_acc: 0.8719 | epoch_time: 9.31s

Epoch: 7/30 | tr_Loss: 0.1278 | tr_acc: 0.9471 | val_loss: 1.0760 | val_acc: 0.8432 | epoch_time: 9.31s

Epoch: 8/30 | tr_Loss: 0.1167 | tr_acc: 0.9518 | val_loss: 1.1980 | val_acc: 0.8254 | epoch_time: 9.31s

Epoch: 9/30 | tr_Loss: 0.1050 | tr_acc: 0.9575 | val_loss: 1.1121 | val_acc: 0.8251 | epoch_time: 9.29s

Epoch: 10/30 | tr_Loss: 0.0940 | tr_acc: 0.9648 | val_loss: 1.0556 | val_acc: 0.8388 | epoch_time: 9.32s

Epoch: 11/30 | tr_Loss: 0.0803 | tr_acc: 0.9680 | val_loss: 0.8213 | val_acc: 0.8047 | epoch_time: 9.31s

Early stopping at epoch 11 | Best Validation Loss: 0.4517
              precision    recall  f1-score   support

       STAND       0.80      0.97      0.88      1533
        WALK       0.94      0.77      0.85      1063
         SIT       0.99      0.80      0.89       571
         LIE       0.98      0.85      0.91       213

    accuracy                           0.87      3380
   macro avg       0.93      0.85      0.88      3380
weighted avg       0.89      0.87      0.87      3380

Peak GPU memory allocatated: 3.64GB

------------------------------------------------------------------------------------------
Test Results:
 Accuracy: 0.8958060288335518
 Report:
 {'STAND': {'precision': 0.838012958963283, 'recall': 0.9379532634971797, 'f1-score': 0.8851711026615969, 'support': 1241.0}, 'WALK': {'precision': 0.8943298969072165, 'recall': 0.8232502965599051, 'f1-score': 0.8573193329215565, 'support': 843.0}, 'SIT': {'precision': 0.9884892086330935, 'recall': 0.8956975228161669, 'f1-score': 0.9398084815321477, 'support': 767.0}, 'LIE': {'precision': 0.984375, 'recall': 0.9402985074626866, 'f1-score': 0.9618320610687023, 'support': 201.0}, 'accuracy': 0.8958060288335518, 'macro avg': {'precision': 0.9263017661258982, 'recall': 0.8992998975839845, 'f1-score': 0.9110327445460009, 'support': 3052.0}, 'weighted avg': {'precision': 0.9010238477024247, 'recall': 0.8958060288335518, 'f1-score': 0.8962578262339057, 'support': 3052.0}}
 F1: 0.9110327445460009
 Confusion Matrix:
 [[1164   70    6    1]
 [ 149  694    0    0]
 [  66   12  687    2]
 [  10    0    2  189]]
Total wall time:11min 39s
