Job started on gpu032.orc.gmu.edu
CUDA_VISIBLE_DEVICES=0
Sat May 30 19:50:33 2026       
+-----------------------------------------------------------------------------------------+
| NVIDIA-SMI 590.48.01              Driver Version: 590.48.01      CUDA Version: 13.1     |
+-----------------------------------------+------------------------+----------------------+
| GPU  Name                 Persistence-M | Bus-Id          Disp.A | Volatile Uncorr. ECC |
| Fan  Temp   Perf          Pwr:Usage/Cap |           Memory-Usage | GPU-Util  Compute M. |
|                                         |                        |               MIG M. |
|=========================================+========================+======================|
|   0  NVIDIA H100 80GB HBM3          On  |   00000000:5F:00.0 Off |                    0 |
| N/A   21C    P0             66W /  700W |       0MiB /  81559MiB |      0%      Default |
|                                         |                        |             Disabled |
+-----------------------------------------+------------------------+----------------------+

+-----------------------------------------------------------------------------------------+
| Processes:                                                                              |
|  GPU   GI   CI              PID   Type   Process name                        GPU Memory |
|        ID   ID                                                               Usage      |
|=========================================================================================|
|  No running processes found                                                             |
+-----------------------------------------------------------------------------------------+
Mamba version: 2.3.0
Path: /home/kmercad/myenv/lib/python3.10/site-packages/mamba_ssm/modules/mamba2.py
------------------------------------------------------------------------------------------
Raw training set shape: (385701, 251)
Validation training set shape: (87149, 251)
Raw test set shape: (171785, 251)
------------------------------------------------------------------------------------------
Sensor subset training shape: (297110, 47)
Sensor Validation training shape: (66905, 47)
Sensor Test training shape: (133181, 47)
----------------------------------------------------------------------
Rows containing NaNs - training: 0
Rows containing NaNs - validation: 0
Rows containing NaNs - test: 4953
------------------------------------------------------------------------------------------
Training shape after NaN removal: (297110, 47)
Validation shape after NaN removal: (66905, 47)
Test shape after NaN removal: (128228, 47)
------------------------------------------------------------------------------------------
Reindexed training shape: (297110, 47)
Reindexed validation shape: (66905, 47)
Reindexed test shape: (128228, 47)


Descriptive statistics for ACC channels (DEVICE_1) - training set
                   0              1              2
count  297110.000000  297110.000000  297110.000000
mean     -814.033203    -154.937286     309.518192
std       265.114383     259.111819     316.387238
min     -1896.000000   -1283.000000   -1198.000000
25%      -967.000000    -271.000000     135.000000
50%      -915.000000    -157.000000     294.000000
75%      -767.000000     -44.000000     480.000000
max       614.000000    1374.000000    1417.000000

Descriptive statistics for GYRO channels (DEVICE_1) - training set
                   3              4              5
count  297110.000000  297110.000000  297110.000000
mean      -53.720477     -18.435384       9.876753
std       608.714994     316.133462     276.124779
min     -4818.000000   -3081.000000   -2293.000000
25%      -251.000000    -118.000000     -87.000000
50%       -19.000000      -9.000000       2.000000
75%       147.000000      80.000000     107.000000
max      3537.000000    3370.000000    2029.000000

Descriptive statistics for MAG channels (DEVICE_1) - training set
                   6              7              8
count  297110.000000  297110.000000  297110.000000
mean      409.335162      85.637447      31.823877
std       373.936757     340.340809     511.346532
min      -929.000000   -1011.000000   -1246.000000
25%       301.000000    -152.000000    -478.000000
50%       513.000000     102.000000      96.000000
75%       603.000000     314.000000     475.000000
max      1531.000000    1162.000000    1369.000000
------------------------------------------------------------------------------------------


Descriptive statistics for ACC channels (DEVICE_1) - training set
                   0              1              2
count  297110.000000  297110.000000  297110.000000
mean       -0.814033      -0.154937       0.309518
std         0.265114       0.259112       0.316387
min        -1.896000      -1.283000      -1.198000
25%        -0.967000      -0.271000       0.135000
50%        -0.915000      -0.157000       0.294000
75%        -0.767000      -0.044000       0.480000
max         0.614000       1.374000       1.417000

Descriptive statistics for scaled GYRO channels (DEVICE_1) - training set
                   3              4              5
count  297110.000000  297110.000000  297110.000000
mean       -0.053720      -0.018435       0.009877
std         0.608715       0.316133       0.276125
min        -4.818000      -3.081000      -2.293000
25%        -0.251000      -0.118000      -0.087000
50%        -0.019000      -0.009000       0.002000
75%         0.147000       0.080000       0.107000
max         3.537000       3.370000       2.029000

Descriptive statistics for normalized MAG channels (DEVICE_1) - training set
                   6              7              8
count  297110.000000  297110.000000  297110.000000
mean        0.515633       0.095613       0.026044
std         0.417793       0.420340       0.610793
min        -0.941527      -0.962388      -0.999993
25%         0.403199      -0.200560      -0.582790
50%         0.661352       0.122990       0.129253
75%         0.777488       0.367910       0.622170
max         0.999999       0.999708       0.999770
--------------------STRATIY VAL/TEST--------------------
Validation GROUPS
group_id
S2-ADL1    29975
S2-ADL3    26659
S3-ADL5    20648
S4-ADL5    23817
Name: count, dtype: int64
Test GROUPS
group_id
S1-ADL5    22440
S2-ADL2    23108
S2-ADL4    25517
S2-ADL5    22969
Name: count, dtype: int64 


 Validation Split Label Proportion
45
1    0.439886
2    0.267203
4    0.251021
5    0.041890
Name: proportion, dtype: float64
Test Split Label Proportion
45
1    0.385712
2    0.263543
4    0.308867
5    0.041878
Name: proportion, dtype: float64

------------------------------ TRAIN ACC/GYRO after StandardScaler ------------------------------
global mean: 0.000000
global std : 1.000000
max |channel mean| : 0.000000
median |channel mean| : 0.000000
channel std range : [1.000000, 1.000000]

------------------------------ VAL ACC/GYRO after StandardScaler ------------------------------
global mean: -0.016196
global std : 1.019579
max |channel mean| : 0.692293
median |channel mean| : 0.017812
channel std range : [0.857252, 1.191447]

------------------------------ TEST ACC/GYRO after StandardScaler ------------------------------
global mean: -0.026198
global std : 1.032089
max |channel mean| : 1.067700
median |channel mean| : 0.057583
channel std range : [0.745667, 1.206436]
------------------------------------------------------------------------------------------
Training features: (297110, 46) | Training labels: (297110,)
Validation features: (101099, 46) | Validation labels: (101099,)
Test features: (94034, 46), Test labels: (94034,)

------------------------------ TRAIN MAG after window demeaning ------------------------------
max |window mean|  : 2.072917e-07
mean |window mean| : 2.318182e-08
channel global mean range : [-5.960800e-10, 4.066864e-10]
channel std range         : [0.129758, 0.233506]

------------------------------ VAL MAG after window demeaning ------------------------------
max |window mean|  : 1.980199e-07
mean |window mean| : 2.299261e-08
channel global mean range : [-1.398659e-09, 1.231514e-09]
channel std range         : [0.127750, 0.233662]

------------------------------ TEST MAG after window demeaning ------------------------------
max |window mean|  : 2.112654e-07
mean |window mean| : 2.317931e-08
channel global mean range : [-1.426697e-09, 6.857978e-10]
channel std range         : [0.119883, 0.231613]

TRAIN window label distribution
label 1: 4630 (0.4689)
label 2: 2563 (0.2595)
label 4: 2120 (0.2147)
label 5: 562 (0.0569)

VAL window label distribution
label 1: 1440 (0.4286)
label 2: 932 (0.2774)
label 4: 847 (0.2521)
label 5: 141 (0.0420)

TEST window label distribution
label 1: 1173 (0.3754)
label 2: 848 (0.2714)
label 4: 972 (0.3110)
label 5: 132 (0.0422)
------------------------------------------------------------------------------------------
Training (windows): (9875, 90, 45). Training Labels: (9875,)
Validation (windows): (3360, 90, 45). Validation Labels: (3360,)
Test (windows): (3125, 90, 45). Test Labels: (3125,)
------------------------------------------------------------------------------------------
Training set class distribution:
{'STAND': 4630, 'WALK': 2563, 'SIT': 2120, 'LIE': 562}
------------------------------------------------------------------------------------------
AdamW: convolutional_input.weight (384, 45, 9)
AdamW: convolutional_input.bias (384,)
AdamW: batch_layer.weight (384,)
AdamW: batch_layer.bias (384,)
Muon : backbone.input_proj.weight (384, 384)
AdamW: backbone.input_proj.bias (384,)
AdamW: backbone.layers.0.norm.weight (384,)
AdamW: backbone.layers.0.mixer.dt_bias (96,)
AdamW: backbone.layers.0.mixer.A_log (96,)
AdamW: backbone.layers.0.mixer.D (96,)
Muon : backbone.layers.0.mixer.in_proj.weight (3424, 384)
AdamW: backbone.layers.0.mixer.conv1d.weight (1024, 1, 4)
AdamW: backbone.layers.0.mixer.conv1d.bias (1024,)
AdamW: backbone.layers.0.mixer.norm.weight (768,)
Muon : backbone.layers.0.mixer.out_proj.weight (384, 1536)
AdamW: backbone.layers.0.norm2.weight (384,)
Muon : backbone.layers.0.mlp.fc1.weight (1024, 384)
Muon : backbone.layers.0.mlp.fc2.weight (384, 512)
AdamW: backbone.layers.1.norm.weight (384,)
AdamW: backbone.layers.1.mixer.dt_bias (96,)
AdamW: backbone.layers.1.mixer.A_log (96,)
AdamW: backbone.layers.1.mixer.D (96,)
Muon : backbone.layers.1.mixer.in_proj.weight (3424, 384)
AdamW: backbone.layers.1.mixer.conv1d.weight (1024, 1, 4)
AdamW: backbone.layers.1.mixer.conv1d.bias (1024,)
AdamW: backbone.layers.1.mixer.norm.weight (768,)
Muon : backbone.layers.1.mixer.out_proj.weight (384, 1536)
AdamW: backbone.layers.1.norm2.weight (384,)
Muon : backbone.layers.1.mlp.fc1.weight (1024, 384)
Muon : backbone.layers.1.mlp.fc2.weight (384, 512)
AdamW: backbone.layers.2.norm.weight (384,)
AdamW: backbone.layers.2.mixer.dt_bias (96,)
AdamW: backbone.layers.2.mixer.A_log (96,)
AdamW: backbone.layers.2.mixer.D (96,)
Muon : backbone.layers.2.mixer.in_proj.weight (3424, 384)
AdamW: backbone.layers.2.mixer.conv1d.weight (1024, 1, 4)
AdamW: backbone.layers.2.mixer.conv1d.bias (1024,)
AdamW: backbone.layers.2.mixer.norm.weight (768,)
Muon : backbone.layers.2.mixer.out_proj.weight (384, 1536)
AdamW: backbone.layers.2.norm2.weight (384,)
Muon : backbone.layers.2.mlp.fc1.weight (1024, 384)
Muon : backbone.layers.2.mlp.fc2.weight (384, 512)
AdamW: backbone.layers.3.norm.weight (384,)
AdamW: backbone.layers.3.mixer.dt_bias (96,)
AdamW: backbone.layers.3.mixer.A_log (96,)
AdamW: backbone.layers.3.mixer.D (96,)
Muon : backbone.layers.3.mixer.in_proj.weight (3424, 384)
AdamW: backbone.layers.3.mixer.conv1d.weight (1024, 1, 4)
AdamW: backbone.layers.3.mixer.conv1d.bias (1024,)
AdamW: backbone.layers.3.mixer.norm.weight (768,)
Muon : backbone.layers.3.mixer.out_proj.weight (384, 1536)
AdamW: backbone.layers.3.norm2.weight (384,)
Muon : backbone.layers.3.mlp.fc1.weight (1024, 384)
Muon : backbone.layers.3.mlp.fc2.weight (384, 512)
AdamW: backbone.layers.4.norm.weight (384,)
AdamW: backbone.layers.4.mixer.dt_bias (96,)
AdamW: backbone.layers.4.mixer.A_log (96,)
AdamW: backbone.layers.4.mixer.D (96,)
Muon : backbone.layers.4.mixer.in_proj.weight (3424, 384)
AdamW: backbone.layers.4.mixer.conv1d.weight (1024, 1, 4)
AdamW: backbone.layers.4.mixer.conv1d.bias (1024,)
AdamW: backbone.layers.4.mixer.norm.weight (768,)
Muon : backbone.layers.4.mixer.out_proj.weight (384, 1536)
AdamW: backbone.layers.4.norm2.weight (384,)
Muon : backbone.layers.4.mlp.fc1.weight (1024, 384)
Muon : backbone.layers.4.mlp.fc2.weight (384, 512)
AdamW: backbone.layers.5.norm.weight (384,)
AdamW: backbone.layers.5.mixer.dt_bias (96,)
AdamW: backbone.layers.5.mixer.A_log (96,)
AdamW: backbone.layers.5.mixer.D (96,)
Muon : backbone.layers.5.mixer.in_proj.weight (3424, 384)
AdamW: backbone.layers.5.mixer.conv1d.weight (1024, 1, 4)
AdamW: backbone.layers.5.mixer.conv1d.bias (1024,)
AdamW: backbone.layers.5.mixer.norm.weight (768,)
Muon : backbone.layers.5.mixer.out_proj.weight (384, 1536)
AdamW: backbone.layers.5.norm2.weight (384,)
Muon : backbone.layers.5.mlp.fc1.weight (1024, 384)
Muon : backbone.layers.5.mlp.fc2.weight (384, 512)
AdamW: backbone.layers.6.norm.weight (384,)
AdamW: backbone.layers.6.mixer.dt_bias (96,)
AdamW: backbone.layers.6.mixer.A_log (96,)
AdamW: backbone.layers.6.mixer.D (96,)
Muon : backbone.layers.6.mixer.in_proj.weight (3424, 384)
AdamW: backbone.layers.6.mixer.conv1d.weight (1024, 1, 4)
AdamW: backbone.layers.6.mixer.conv1d.bias (1024,)
AdamW: backbone.layers.6.mixer.norm.weight (768,)
Muon : backbone.layers.6.mixer.out_proj.weight (384, 1536)
AdamW: backbone.layers.6.norm2.weight (384,)
Muon : backbone.layers.6.mlp.fc1.weight (1024, 384)
Muon : backbone.layers.6.mlp.fc2.weight (384, 512)
AdamW: backbone.layers.7.norm.weight (384,)
AdamW: backbone.layers.7.mixer.dt_bias (96,)
AdamW: backbone.layers.7.mixer.A_log (96,)
AdamW: backbone.layers.7.mixer.D (96,)
Muon : backbone.layers.7.mixer.in_proj.weight (3424, 384)
AdamW: backbone.layers.7.mixer.conv1d.weight (1024, 1, 4)
AdamW: backbone.layers.7.mixer.conv1d.bias (1024,)
AdamW: backbone.layers.7.mixer.norm.weight (768,)
Muon : backbone.layers.7.mixer.out_proj.weight (384, 1536)
AdamW: backbone.layers.7.norm2.weight (384,)
Muon : backbone.layers.7.mlp.fc1.weight (1024, 384)
Muon : backbone.layers.7.mlp.fc2.weight (384, 512)
AdamW: backbone.norm_f.weight (384,)
AdamW: classifier.0.weight (384, 384)
AdamW: classifier.0.bias (384,)
AdamW: classifier.3.weight (4, 384)
AdamW: classifier.3.bias (4,)

Epoch: 1/30 | tr_Loss: 0.2791 | tr_acc: 0.8862 | val_loss: 0.5669 | val_acc: 0.8268 | epoch_time: 44.56s
--- CUDA PROFILE --- (epoch 1, batch 2)
-------------------------------------------------------  ------------  ------------  ------------  ------------  ------------  ------------  ------------  ------------  ------------  ------------  ------------  ------------  ------------  ------------  
                                                   Name    Self CPU %      Self CPU   CPU total %     CPU total  CPU time avg     Self CUDA   Self CUDA %    CUDA total  CUDA time avg       CPU Mem  Self CPU Mem      CUDA Mem  Self CUDA Mem    # of Calls  
-------------------------------------------------------  ------------  ------------  ------------  ------------  ------------  ------------  ------------  ------------  ------------  ------------  ------------  ------------  ------------  ------------  
                 MambaSplitConv1dScanCombinedFnBackward        14.44%      17.597ms        22.13%      26.972ms       3.372ms      46.783ms        45.16%      54.361ms       6.795ms           0 b           0 b       1.20 Gb      -6.90 Gb             8  
                                               aten::mm         4.60%       5.603ms        12.73%      15.512ms      26.336us      31.749ms        30.65%      31.749ms      53.903us           0 b           0 b       3.13 Gb       3.13 Gb           589  
        Optimizer.step#SingleDeviceMuonWithAuxAdam.step         0.00%       0.000us         0.00%       0.000us       0.000us      14.643ms        14.14%      14.643ms      14.643ms           0 b           0 b           0 b           0 b             1  
                         MambaSplitConv1dScanCombinedFn         4.85%       5.909ms         7.27%       8.865ms       1.108ms      11.976ms        11.56%      15.188ms       1.899ms           0 b           0 b     405.35 Mb      -2.44 Gb             8  
sm80_xmma_gemm_f32f32_f32f32_f32_tn_n_tilesize128x12...         0.00%       0.000us         0.00%       0.000us       0.000us       9.936ms         9.59%       9.936ms     413.996us           0 b           0 b           0 b           0 b            24  
                  _chunk_scan_chunk_state_bwd_dx_kernel         0.00%       0.000us         0.00%       0.000us       0.000us       9.579ms         9.25%       9.579ms       1.197ms           0 b           0 b           0 b           0 b             8  
                    _chunk_scan_bwd_ddAcs_stable_kernel         0.00%       0.000us         0.00%       0.000us       0.000us       8.869ms         8.56%       8.869ms       1.109ms           0 b           0 b           0 b           0 b             8  
                                 _chunk_scan_fwd_kernel         0.00%       0.000us         0.00%       0.000us       0.000us       8.021ms         7.74%       8.021ms       1.003ms           0 b           0 b           0 b           0 b             8  
                             _chunk_state_bwd_db_kernel         0.00%       0.000us         0.00%       0.000us       0.000us       7.476ms         7.22%       7.476ms     934.474us           0 b           0 b           0 b           0 b             8  
                              _chunk_scan_bwd_dc_kernel         0.00%       0.000us         0.00%       0.000us       0.000us       6.814ms         6.58%       6.814ms     851.718us           0 b           0 b           0 b           0 b             8  
-------------------------------------------------------  ------------  ------------  ------------  ------------  ------------  ------------  ------------  ------------  ------------  ------------  ------------  ------------  ------------  ------------  
Self CPU time total: 121.875ms
Self CUDA time total: 103.597ms


Epoch: 2/30 | tr_Loss: 0.2057 | tr_acc: 0.9168 | val_loss: 0.5090 | val_acc: 0.8384 | epoch_time: 9.19s

Epoch: 3/30 | tr_Loss: 0.1946 | tr_acc: 0.9224 | val_loss: 0.4111 | val_acc: 0.8679 | epoch_time: 9.21s

Epoch: 4/30 | tr_Loss: 0.1725 | tr_acc: 0.9294 | val_loss: 0.4279 | val_acc: 0.8780 | epoch_time: 9.18s

Epoch: 5/30 | tr_Loss: 0.1548 | tr_acc: 0.9356 | val_loss: 0.7528 | val_acc: 0.8134 | epoch_time: 9.20s

Epoch: 6/30 | tr_Loss: 0.1475 | tr_acc: 0.9375 | val_loss: 0.3586 | val_acc: 0.8863 | epoch_time: 9.18s

Epoch: 7/30 | tr_Loss: 0.1387 | tr_acc: 0.9439 | val_loss: 0.4771 | val_acc: 0.8810 | epoch_time: 9.21s

Epoch: 8/30 | tr_Loss: 0.1318 | tr_acc: 0.9478 | val_loss: 0.4900 | val_acc: 0.8613 | epoch_time: 9.20s

Epoch: 9/30 | tr_Loss: 0.1121 | tr_acc: 0.9537 | val_loss: 0.4171 | val_acc: 0.8869 | epoch_time: 9.21s

Epoch: 10/30 | tr_Loss: 0.1055 | tr_acc: 0.9568 | val_loss: 0.4548 | val_acc: 0.8753 | epoch_time: 9.19s

Epoch: 11/30 | tr_Loss: 0.0950 | tr_acc: 0.9625 | val_loss: 0.4522 | val_acc: 0.8753 | epoch_time: 9.20s

Early stopping at epoch 11 | Best Validation Loss: 0.3586
              precision    recall  f1-score   support

       STAND       0.83      0.93      0.88      1440
        WALK       0.89      0.85      0.87       932
         SIT       0.98      0.84      0.91       847
         LIE       0.99      0.98      0.98       141

    accuracy                           0.89      3360
   macro avg       0.92      0.90      0.91      3360
weighted avg       0.89      0.89      0.89      3360

Peak GPU memory allocatated: 3.79GB

------------------------------------------------------------------------------------------
Test Results:
 Accuracy: 0.92384
 Report:
 {'STAND': {'precision': 0.8932119205298014, 'recall': 0.9198635976129582, 'f1-score': 0.9063418731625368, 'support': 1173.0}, 'WALK': {'precision': 0.8992718446601942, 'recall': 0.8738207547169812, 'f1-score': 0.8863636363636364, 'support': 848.0}, 'SIT': {'precision': 0.978125, 'recall': 0.9660493827160493, 'f1-score': 0.9720496894409938, 'support': 972.0}, 'LIE': {'precision': 0.9624060150375939, 'recall': 0.9696969696969697, 'f1-score': 0.9660377358490566, 'support': 132.0}, 'accuracy': 0.92384, 'macro avg': {'precision': 0.9332536950568974, 'recall': 0.9323576761857396, 'f1-score': 0.9326982337040559, 'support': 3125.0}, 'weighted avg': {'precision': 0.9241904643322445, 'recall': 0.92384, 'f1-score': 0.9238798912399171, 'support': 3125.0}}
 F1: 0.9326982337040559
 Confusion Matrix:
 [[1079   79   14    1]
 [ 102  741    4    1]
 [  27    3  939    3]
 [   0    1    3  128]]
------------------------------------------------------------------------------------------
Training set class distribution:
{'STAND': 4630, 'WALK': 2563, 'SIT': 2120, 'LIE': 562}
------------------------------------------------------------------------------------------
AdamW: convolutional_input.weight (384, 45, 9)
AdamW: convolutional_input.bias (384,)
AdamW: batch_layer.weight (384,)
AdamW: batch_layer.bias (384,)
Muon : backbone.input_proj.weight (384, 384)
AdamW: backbone.input_proj.bias (384,)
AdamW: backbone.layers.0.norm.weight (384,)
AdamW: backbone.layers.0.mixer.dt_bias (96,)
AdamW: backbone.layers.0.mixer.A_log (96,)
AdamW: backbone.layers.0.mixer.D (96,)
Muon : backbone.layers.0.mixer.in_proj.weight (3424, 384)
AdamW: backbone.layers.0.mixer.conv1d.weight (1024, 1, 4)
AdamW: backbone.layers.0.mixer.conv1d.bias (1024,)
AdamW: backbone.layers.0.mixer.norm.weight (768,)
Muon : backbone.layers.0.mixer.out_proj.weight (384, 1536)
AdamW: backbone.layers.0.norm2.weight (384,)
Muon : backbone.layers.0.mlp.fc1.weight (1024, 384)
Muon : backbone.layers.0.mlp.fc2.weight (384, 512)
AdamW: backbone.layers.1.norm.weight (384,)
AdamW: backbone.layers.1.mixer.dt_bias (96,)
AdamW: backbone.layers.1.mixer.A_log (96,)
AdamW: backbone.layers.1.mixer.D (96,)
Muon : backbone.layers.1.mixer.in_proj.weight (3424, 384)
AdamW: backbone.layers.1.mixer.conv1d.weight (1024, 1, 4)
AdamW: backbone.layers.1.mixer.conv1d.bias (1024,)
AdamW: backbone.layers.1.mixer.norm.weight (768,)
Muon : backbone.layers.1.mixer.out_proj.weight (384, 1536)
AdamW: backbone.layers.1.norm2.weight (384,)
Muon : backbone.layers.1.mlp.fc1.weight (1024, 384)
Muon : backbone.layers.1.mlp.fc2.weight (384, 512)
AdamW: backbone.layers.2.norm.weight (384,)
AdamW: backbone.layers.2.mixer.dt_bias (96,)
AdamW: backbone.layers.2.mixer.A_log (96,)
AdamW: backbone.layers.2.mixer.D (96,)
Muon : backbone.layers.2.mixer.in_proj.weight (3424, 384)
AdamW: backbone.layers.2.mixer.conv1d.weight (1024, 1, 4)
AdamW: backbone.layers.2.mixer.conv1d.bias (1024,)
AdamW: backbone.layers.2.mixer.norm.weight (768,)
Muon : backbone.layers.2.mixer.out_proj.weight (384, 1536)
AdamW: backbone.layers.2.norm2.weight (384,)
Muon : backbone.layers.2.mlp.fc1.weight (1024, 384)
Muon : backbone.layers.2.mlp.fc2.weight (384, 512)
AdamW: backbone.layers.3.norm.weight (384,)
AdamW: backbone.layers.3.mixer.dt_bias (96,)
AdamW: backbone.layers.3.mixer.A_log (96,)
AdamW: backbone.layers.3.mixer.D (96,)
Muon : backbone.layers.3.mixer.in_proj.weight (3424, 384)
AdamW: backbone.layers.3.mixer.conv1d.weight (1024, 1, 4)
AdamW: backbone.layers.3.mixer.conv1d.bias (1024,)
AdamW: backbone.layers.3.mixer.norm.weight (768,)
Muon : backbone.layers.3.mixer.out_proj.weight (384, 1536)
AdamW: backbone.layers.3.norm2.weight (384,)
Muon : backbone.layers.3.mlp.fc1.weight (1024, 384)
Muon : backbone.layers.3.mlp.fc2.weight (384, 512)
AdamW: backbone.layers.4.norm.weight (384,)
AdamW: backbone.layers.4.mixer.dt_bias (96,)
AdamW: backbone.layers.4.mixer.A_log (96,)
AdamW: backbone.layers.4.mixer.D (96,)
Muon : backbone.layers.4.mixer.in_proj.weight (3424, 384)
AdamW: backbone.layers.4.mixer.conv1d.weight (1024, 1, 4)
AdamW: backbone.layers.4.mixer.conv1d.bias (1024,)
AdamW: backbone.layers.4.mixer.norm.weight (768,)
Muon : backbone.layers.4.mixer.out_proj.weight (384, 1536)
AdamW: backbone.layers.4.norm2.weight (384,)
Muon : backbone.layers.4.mlp.fc1.weight (1024, 384)
Muon : backbone.layers.4.mlp.fc2.weight (384, 512)
AdamW: backbone.layers.5.norm.weight (384,)
AdamW: backbone.layers.5.mixer.dt_bias (96,)
AdamW: backbone.layers.5.mixer.A_log (96,)
AdamW: backbone.layers.5.mixer.D (96,)
Muon : backbone.layers.5.mixer.in_proj.weight (3424, 384)
AdamW: backbone.layers.5.mixer.conv1d.weight (1024, 1, 4)
AdamW: backbone.layers.5.mixer.conv1d.bias (1024,)
AdamW: backbone.layers.5.mixer.norm.weight (768,)
Muon : backbone.layers.5.mixer.out_proj.weight (384, 1536)
AdamW: backbone.layers.5.norm2.weight (384,)
Muon : backbone.layers.5.mlp.fc1.weight (1024, 384)
Muon : backbone.layers.5.mlp.fc2.weight (384, 512)
AdamW: backbone.layers.6.norm.weight (384,)
AdamW: backbone.layers.6.mixer.dt_bias (96,)
AdamW: backbone.layers.6.mixer.A_log (96,)
AdamW: backbone.layers.6.mixer.D (96,)
Muon : backbone.layers.6.mixer.in_proj.weight (3424, 384)
AdamW: backbone.layers.6.mixer.conv1d.weight (1024, 1, 4)
AdamW: backbone.layers.6.mixer.conv1d.bias (1024,)
AdamW: backbone.layers.6.mixer.norm.weight (768,)
Muon : backbone.layers.6.mixer.out_proj.weight (384, 1536)
AdamW: backbone.layers.6.norm2.weight (384,)
Muon : backbone.layers.6.mlp.fc1.weight (1024, 384)
Muon : backbone.layers.6.mlp.fc2.weight (384, 512)
AdamW: backbone.layers.7.norm.weight (384,)
AdamW: backbone.layers.7.mixer.dt_bias (96,)
AdamW: backbone.layers.7.mixer.A_log (96,)
AdamW: backbone.layers.7.mixer.D (96,)
Muon : backbone.layers.7.mixer.in_proj.weight (3424, 384)
AdamW: backbone.layers.7.mixer.conv1d.weight (1024, 1, 4)
AdamW: backbone.layers.7.mixer.conv1d.bias (1024,)
AdamW: backbone.layers.7.mixer.norm.weight (768,)
Muon : backbone.layers.7.mixer.out_proj.weight (384, 1536)
AdamW: backbone.layers.7.norm2.weight (384,)
Muon : backbone.layers.7.mlp.fc1.weight (1024, 384)
Muon : backbone.layers.7.mlp.fc2.weight (384, 512)
AdamW: backbone.norm_f.weight (384,)
AdamW: classifier.0.weight (384, 384)
AdamW: classifier.0.bias (384,)
AdamW: classifier.3.weight (4, 384)
AdamW: classifier.3.bias (4,)

Epoch: 1/30 | tr_Loss: 0.2749 | tr_acc: 0.8916 | val_loss: 0.4897 | val_acc: 0.8223 | epoch_time: 10.47s
--- CUDA PROFILE --- (epoch 1, batch 2)
-------------------------------------------------------  ------------  ------------  ------------  ------------  ------------  ------------  ------------  ------------  ------------  ------------  ------------  ------------  ------------  ------------  
                                                   Name    Self CPU %      Self CPU   CPU total %     CPU total  CPU time avg     Self CUDA   Self CUDA %    CUDA total  CUDA time avg       CPU Mem  Self CPU Mem      CUDA Mem  Self CUDA Mem    # of Calls  
-------------------------------------------------------  ------------  ------------  ------------  ------------  ------------  ------------  ------------  ------------  ------------  ------------  ------------  ------------  ------------  ------------  
                 MambaSplitConv1dScanCombinedFnBackward        13.27%      14.637ms        21.49%      23.711ms       2.964ms      46.902ms        45.24%      54.488ms       6.811ms           0 b           0 b       1.20 Gb      -6.91 Gb             8  
                                               aten::mm         4.97%       5.481ms        20.72%      22.857ms      38.807us      31.701ms        30.58%      31.701ms      53.822us           0 b           0 b       3.12 Gb       3.12 Gb           589  
        Optimizer.step#SingleDeviceMuonWithAuxAdam.step         0.00%       0.000us         0.00%       0.000us       0.000us      14.880ms        14.35%      14.880ms      14.880ms           0 b           0 b           0 b           0 b             1  
                         MambaSplitConv1dScanCombinedFn         4.86%       5.363ms         7.36%       8.119ms       1.015ms      11.920ms        11.50%      15.095ms       1.887ms           0 b           0 b     405.35 Mb      -2.45 Gb             8  
sm80_xmma_gemm_f32f32_f32f32_f32_tn_n_tilesize128x12...         0.00%       0.000us         0.00%       0.000us       0.000us       9.793ms         9.45%       9.793ms     408.062us           0 b           0 b           0 b           0 b            24  
                  _chunk_scan_chunk_state_bwd_dx_kernel         0.00%       0.000us         0.00%       0.000us       0.000us       9.584ms         9.24%       9.584ms       1.198ms           0 b           0 b           0 b           0 b             8  
                    _chunk_scan_bwd_ddAcs_stable_kernel         0.00%       0.000us         0.00%       0.000us       0.000us       8.892ms         8.58%       8.892ms       1.112ms           0 b           0 b           0 b           0 b             8  
                                 _chunk_scan_fwd_kernel         0.00%       0.000us         0.00%       0.000us       0.000us       7.972ms         7.69%       7.972ms     996.501us           0 b           0 b           0 b           0 b             8  
                             _chunk_state_bwd_db_kernel         0.00%       0.000us         0.00%       0.000us       0.000us       7.510ms         7.24%       7.510ms     938.793us           0 b           0 b           0 b           0 b             8  
                              _chunk_scan_bwd_dc_kernel         0.00%       0.000us         0.00%       0.000us       0.000us       6.830ms         6.59%       6.830ms     853.809us           0 b           0 b           0 b           0 b             8  
-------------------------------------------------------  ------------  ------------  ------------  ------------  ------------  ------------  ------------  ------------  ------------  ------------  ------------  ------------  ------------  ------------  
Self CPU time total: 110.341ms
Self CUDA time total: 103.668ms


Epoch: 2/30 | tr_Loss: 0.2087 | tr_acc: 0.9148 | val_loss: 0.4278 | val_acc: 0.8482 | epoch_time: 9.21s

Epoch: 3/30 | tr_Loss: 0.1875 | tr_acc: 0.9254 | val_loss: 0.5232 | val_acc: 0.8592 | epoch_time: 9.20s

Epoch: 4/30 | tr_Loss: 0.1696 | tr_acc: 0.9273 | val_loss: 0.2933 | val_acc: 0.9003 | epoch_time: 9.20s

Epoch: 5/30 | tr_Loss: 0.1514 | tr_acc: 0.9359 | val_loss: 0.3375 | val_acc: 0.8899 | epoch_time: 9.20s

Epoch: 6/30 | tr_Loss: 0.1366 | tr_acc: 0.9435 | val_loss: 0.3339 | val_acc: 0.8872 | epoch_time: 9.20s

Epoch: 7/30 | tr_Loss: 0.1283 | tr_acc: 0.9463 | val_loss: 0.4070 | val_acc: 0.8854 | epoch_time: 9.20s

Epoch: 8/30 | tr_Loss: 0.1119 | tr_acc: 0.9540 | val_loss: 0.3781 | val_acc: 0.8661 | epoch_time: 9.19s

Epoch: 9/30 | tr_Loss: 0.0983 | tr_acc: 0.9612 | val_loss: 0.2707 | val_acc: 0.9080 | epoch_time: 9.20s

Epoch: 10/30 | tr_Loss: 0.0874 | tr_acc: 0.9656 | val_loss: 0.2955 | val_acc: 0.8946 | epoch_time: 9.21s

Epoch: 11/30 | tr_Loss: 0.0834 | tr_acc: 0.9674 | val_loss: 0.5909 | val_acc: 0.8598 | epoch_time: 9.20s

Epoch: 12/30 | tr_Loss: 0.0725 | tr_acc: 0.9737 | val_loss: 0.3630 | val_acc: 0.8902 | epoch_time: 9.20s

Epoch: 13/30 | tr_Loss: 0.0625 | tr_acc: 0.9751 | val_loss: 0.4794 | val_acc: 0.8762 | epoch_time: 9.20s

Epoch: 14/30 | tr_Loss: 0.0561 | tr_acc: 0.9779 | val_loss: 0.4856 | val_acc: 0.8830 | epoch_time: 9.19s

Early stopping at epoch 14 | Best Validation Loss: 0.2707
              precision    recall  f1-score   support

       STAND       0.87      0.93      0.90      1440
        WALK       0.90      0.84      0.87       932
         SIT       0.98      0.93      0.96       847
         LIE       0.92      1.00      0.96       141

    accuracy                           0.91      3360
   macro avg       0.92      0.92      0.92      3360
weighted avg       0.91      0.91      0.91      3360

Peak GPU memory allocatated: 3.65GB

------------------------------------------------------------------------------------------
Test Results:
 Accuracy: 0.92704
 Report:
 {'STAND': {'precision': 0.900418410041841, 'recall': 0.9173060528559249, 'f1-score': 0.9087837837837838, 'support': 1173.0}, 'WALK': {'precision': 0.8957575757575758, 'recall': 0.8714622641509434, 'f1-score': 0.8834429169157203, 'support': 848.0}, 'SIT': {'precision': 0.9854771784232366, 'recall': 0.977366255144033, 'f1-score': 0.981404958677686, 'support': 972.0}, 'LIE': {'precision': 0.9361702127659575, 'recall': 1.0, 'f1-score': 0.967032967032967, 'support': 132.0}, 'accuracy': 0.92704, 'macro avg': {'precision': 0.9294558442471527, 'recall': 0.9415336430377254, 'f1-score': 0.9351661566025393, 'support': 3125.0}, 'weighted avg': {'precision': 0.9271204815148788, 'recall': 0.92704, 'f1-score': 0.9269558218899109, 'support': 3125.0}}
 F1: 0.9351661566025393
 Confusion Matrix:
 [[1076   82   12    3]
 [ 106  739    2    1]
 [  13    4  950    5]
 [   0    0    0  132]]
------------------------------------------------------------------------------------------
Training set class distribution:
{'STAND': 4630, 'WALK': 2563, 'SIT': 2120, 'LIE': 562}
------------------------------------------------------------------------------------------
AdamW: convolutional_input.weight (384, 45, 9)
AdamW: convolutional_input.bias (384,)
AdamW: batch_layer.weight (384,)
AdamW: batch_layer.bias (384,)
Muon : backbone.input_proj.weight (384, 384)
AdamW: backbone.input_proj.bias (384,)
AdamW: backbone.layers.0.norm.weight (384,)
AdamW: backbone.layers.0.mixer.dt_bias (96,)
AdamW: backbone.layers.0.mixer.A_log (96,)
AdamW: backbone.layers.0.mixer.D (96,)
Muon : backbone.layers.0.mixer.in_proj.weight (3424, 384)
AdamW: backbone.layers.0.mixer.conv1d.weight (1024, 1, 4)
AdamW: backbone.layers.0.mixer.conv1d.bias (1024,)
AdamW: backbone.layers.0.mixer.norm.weight (768,)
Muon : backbone.layers.0.mixer.out_proj.weight (384, 1536)
AdamW: backbone.layers.0.norm2.weight (384,)
Muon : backbone.layers.0.mlp.fc1.weight (1024, 384)
Muon : backbone.layers.0.mlp.fc2.weight (384, 512)
AdamW: backbone.layers.1.norm.weight (384,)
AdamW: backbone.layers.1.mixer.dt_bias (96,)
AdamW: backbone.layers.1.mixer.A_log (96,)
AdamW: backbone.layers.1.mixer.D (96,)
Muon : backbone.layers.1.mixer.in_proj.weight (3424, 384)
AdamW: backbone.layers.1.mixer.conv1d.weight (1024, 1, 4)
AdamW: backbone.layers.1.mixer.conv1d.bias (1024,)
AdamW: backbone.layers.1.mixer.norm.weight (768,)
Muon : backbone.layers.1.mixer.out_proj.weight (384, 1536)
AdamW: backbone.layers.1.norm2.weight (384,)
Muon : backbone.layers.1.mlp.fc1.weight (1024, 384)
Muon : backbone.layers.1.mlp.fc2.weight (384, 512)
AdamW: backbone.layers.2.norm.weight (384,)
AdamW: backbone.layers.2.mixer.dt_bias (96,)
AdamW: backbone.layers.2.mixer.A_log (96,)
AdamW: backbone.layers.2.mixer.D (96,)
Muon : backbone.layers.2.mixer.in_proj.weight (3424, 384)
AdamW: backbone.layers.2.mixer.conv1d.weight (1024, 1, 4)
AdamW: backbone.layers.2.mixer.conv1d.bias (1024,)
AdamW: backbone.layers.2.mixer.norm.weight (768,)
Muon : backbone.layers.2.mixer.out_proj.weight (384, 1536)
AdamW: backbone.layers.2.norm2.weight (384,)
Muon : backbone.layers.2.mlp.fc1.weight (1024, 384)
Muon : backbone.layers.2.mlp.fc2.weight (384, 512)
AdamW: backbone.layers.3.norm.weight (384,)
AdamW: backbone.layers.3.mixer.dt_bias (96,)
AdamW: backbone.layers.3.mixer.A_log (96,)
AdamW: backbone.layers.3.mixer.D (96,)
Muon : backbone.layers.3.mixer.in_proj.weight (3424, 384)
AdamW: backbone.layers.3.mixer.conv1d.weight (1024, 1, 4)
AdamW: backbone.layers.3.mixer.conv1d.bias (1024,)
AdamW: backbone.layers.3.mixer.norm.weight (768,)
Muon : backbone.layers.3.mixer.out_proj.weight (384, 1536)
AdamW: backbone.layers.3.norm2.weight (384,)
Muon : backbone.layers.3.mlp.fc1.weight (1024, 384)
Muon : backbone.layers.3.mlp.fc2.weight (384, 512)
AdamW: backbone.layers.4.norm.weight (384,)
AdamW: backbone.layers.4.mixer.dt_bias (96,)
AdamW: backbone.layers.4.mixer.A_log (96,)
AdamW: backbone.layers.4.mixer.D (96,)
Muon : backbone.layers.4.mixer.in_proj.weight (3424, 384)
AdamW: backbone.layers.4.mixer.conv1d.weight (1024, 1, 4)
AdamW: backbone.layers.4.mixer.conv1d.bias (1024,)
AdamW: backbone.layers.4.mixer.norm.weight (768,)
Muon : backbone.layers.4.mixer.out_proj.weight (384, 1536)
AdamW: backbone.layers.4.norm2.weight (384,)
Muon : backbone.layers.4.mlp.fc1.weight (1024, 384)
Muon : backbone.layers.4.mlp.fc2.weight (384, 512)
AdamW: backbone.layers.5.norm.weight (384,)
AdamW: backbone.layers.5.mixer.dt_bias (96,)
AdamW: backbone.layers.5.mixer.A_log (96,)
AdamW: backbone.layers.5.mixer.D (96,)
Muon : backbone.layers.5.mixer.in_proj.weight (3424, 384)
AdamW: backbone.layers.5.mixer.conv1d.weight (1024, 1, 4)
AdamW: backbone.layers.5.mixer.conv1d.bias (1024,)
AdamW: backbone.layers.5.mixer.norm.weight (768,)
Muon : backbone.layers.5.mixer.out_proj.weight (384, 1536)
AdamW: backbone.layers.5.norm2.weight (384,)
Muon : backbone.layers.5.mlp.fc1.weight (1024, 384)
Muon : backbone.layers.5.mlp.fc2.weight (384, 512)
AdamW: backbone.layers.6.norm.weight (384,)
AdamW: backbone.layers.6.mixer.dt_bias (96,)
AdamW: backbone.layers.6.mixer.A_log (96,)
AdamW: backbone.layers.6.mixer.D (96,)
Muon : backbone.layers.6.mixer.in_proj.weight (3424, 384)
AdamW: backbone.layers.6.mixer.conv1d.weight (1024, 1, 4)
AdamW: backbone.layers.6.mixer.conv1d.bias (1024,)
AdamW: backbone.layers.6.mixer.norm.weight (768,)
Muon : backbone.layers.6.mixer.out_proj.weight (384, 1536)
AdamW: backbone.layers.6.norm2.weight (384,)
Muon : backbone.layers.6.mlp.fc1.weight (1024, 384)
Muon : backbone.layers.6.mlp.fc2.weight (384, 512)
AdamW: backbone.layers.7.norm.weight (384,)
AdamW: backbone.layers.7.mixer.dt_bias (96,)
AdamW: backbone.layers.7.mixer.A_log (96,)
AdamW: backbone.layers.7.mixer.D (96,)
Muon : backbone.layers.7.mixer.in_proj.weight (3424, 384)
AdamW: backbone.layers.7.mixer.conv1d.weight (1024, 1, 4)
AdamW: backbone.layers.7.mixer.conv1d.bias (1024,)
AdamW: backbone.layers.7.mixer.norm.weight (768,)
Muon : backbone.layers.7.mixer.out_proj.weight (384, 1536)
AdamW: backbone.layers.7.norm2.weight (384,)
Muon : backbone.layers.7.mlp.fc1.weight (1024, 384)
Muon : backbone.layers.7.mlp.fc2.weight (384, 512)
AdamW: backbone.norm_f.weight (384,)
AdamW: classifier.0.weight (384, 384)
AdamW: classifier.0.bias (384,)
AdamW: classifier.3.weight (4, 384)
AdamW: classifier.3.bias (4,)

Epoch: 1/30 | tr_Loss: 0.2676 | tr_acc: 0.8893 | val_loss: 0.4253 | val_acc: 0.8405 | epoch_time: 10.59s
--- CUDA PROFILE --- (epoch 1, batch 2)
-------------------------------------------------------  ------------  ------------  ------------  ------------  ------------  ------------  ------------  ------------  ------------  ------------  ------------  ------------  ------------  ------------  
                                                   Name    Self CPU %      Self CPU   CPU total %     CPU total  CPU time avg     Self CUDA   Self CUDA %    CUDA total  CUDA time avg       CPU Mem  Self CPU Mem      CUDA Mem  Self CUDA Mem    # of Calls  
-------------------------------------------------------  ------------  ------------  ------------  ------------  ------------  ------------  ------------  ------------  ------------  ------------  ------------  ------------  ------------  ------------  
                 MambaSplitConv1dScanCombinedFnBackward        13.23%      14.595ms        21.53%      23.751ms       2.969ms      46.858ms        45.22%      54.446ms       6.806ms           0 b           0 b       1.20 Gb      -6.90 Gb             8  
                                               aten::mm         5.03%       5.553ms        20.45%      22.563ms      38.308us      31.732ms        30.62%      31.732ms      53.875us           0 b           0 b       3.12 Gb       3.12 Gb           589  
        Optimizer.step#SingleDeviceMuonWithAuxAdam.step         0.00%       0.000us         0.00%       0.000us       0.000us      14.874ms        14.35%      14.874ms      14.874ms           0 b           0 b           0 b           0 b             1  
                         MambaSplitConv1dScanCombinedFn         5.04%       5.558ms         7.83%       8.638ms       1.080ms      11.885ms        11.47%      15.067ms       1.883ms           0 b           0 b     405.35 Mb      -2.44 Gb             8  
sm80_xmma_gemm_f32f32_f32f32_f32_tn_n_tilesize128x12...         0.00%       0.000us         0.00%       0.000us       0.000us       9.822ms         9.48%       9.822ms     409.263us           0 b           0 b           0 b           0 b            24  
                  _chunk_scan_chunk_state_bwd_dx_kernel         0.00%       0.000us         0.00%       0.000us       0.000us       9.578ms         9.24%       9.578ms       1.197ms           0 b           0 b           0 b           0 b             8  
                    _chunk_scan_bwd_ddAcs_stable_kernel         0.00%       0.000us         0.00%       0.000us       0.000us       8.890ms         8.58%       8.890ms       1.111ms           0 b           0 b           0 b           0 b             8  
                                 _chunk_scan_fwd_kernel         0.00%       0.000us         0.00%       0.000us       0.000us       7.938ms         7.66%       7.938ms     992.209us           0 b           0 b           0 b           0 b             8  
                             _chunk_state_bwd_db_kernel         0.00%       0.000us         0.00%       0.000us       0.000us       7.500ms         7.24%       7.500ms     937.449us           0 b           0 b           0 b           0 b             8  
                              _chunk_scan_bwd_dc_kernel         0.00%       0.000us         0.00%       0.000us       0.000us       6.835ms         6.60%       6.835ms     854.337us           0 b           0 b           0 b           0 b             8  
-------------------------------------------------------  ------------  ------------  ------------  ------------  ------------  ------------  ------------  ------------  ------------  ------------  ------------  ------------  ------------  ------------  
Self CPU time total: 110.338ms
Self CUDA time total: 103.632ms


Epoch: 2/30 | tr_Loss: 0.1969 | tr_acc: 0.9200 | val_loss: 0.4000 | val_acc: 0.8640 | epoch_time: 9.20s

Epoch: 3/30 | tr_Loss: 0.1948 | tr_acc: 0.9198 | val_loss: 0.4902 | val_acc: 0.8643 | epoch_time: 9.20s

Epoch: 4/30 | tr_Loss: 0.1802 | tr_acc: 0.9281 | val_loss: 0.6420 | val_acc: 0.8351 | epoch_time: 9.19s

Epoch: 5/30 | tr_Loss: 0.1617 | tr_acc: 0.9361 | val_loss: 0.4877 | val_acc: 0.8777 | epoch_time: 9.19s

Epoch: 6/30 | tr_Loss: 0.1407 | tr_acc: 0.9432 | val_loss: 0.3042 | val_acc: 0.8899 | epoch_time: 9.19s

Epoch: 7/30 | tr_Loss: 0.1281 | tr_acc: 0.9461 | val_loss: 0.5345 | val_acc: 0.8637 | epoch_time: 9.21s

Epoch: 8/30 | tr_Loss: 0.1144 | tr_acc: 0.9530 | val_loss: 0.3133 | val_acc: 0.8926 | epoch_time: 9.21s

Epoch: 9/30 | tr_Loss: 0.1008 | tr_acc: 0.9625 | val_loss: 0.4114 | val_acc: 0.8747 | epoch_time: 9.19s

Epoch: 10/30 | tr_Loss: 0.0920 | tr_acc: 0.9619 | val_loss: 0.4545 | val_acc: 0.8720 | epoch_time: 9.19s

Epoch: 11/30 | tr_Loss: 0.0825 | tr_acc: 0.9691 | val_loss: 0.5843 | val_acc: 0.8619 | epoch_time: 9.20s

Early stopping at epoch 11 | Best Validation Loss: 0.3042
              precision    recall  f1-score   support

       STAND       0.87      0.89      0.88      1440
        WALK       0.90      0.85      0.87       932
         SIT       0.90      0.92      0.91       847
         LIE       0.98      0.99      0.99       141

    accuracy                           0.89      3360
   macro avg       0.91      0.91      0.91      3360
weighted avg       0.89      0.89      0.89      3360

Peak GPU memory allocatated: 3.64GB

------------------------------------------------------------------------------------------
Test Results:
 Accuracy: 0.8976
 Report:
 {'STAND': {'precision': 0.9064814814814814, 'recall': 0.83461210571185, 'f1-score': 0.869063470927652, 'support': 1173.0}, 'WALK': {'precision': 0.8632676709154113, 'recall': 0.8785377358490566, 'f1-score': 0.8708357685563998, 'support': 848.0}, 'SIT': {'precision': 0.9109195402298851, 'recall': 0.9783950617283951, 'f1-score': 0.9434523809523809, 'support': 972.0}, 'LIE': {'precision': 0.9420289855072463, 'recall': 0.9848484848484849, 'f1-score': 0.9629629629629629, 'support': 132.0}, 'accuracy': 0.8976, 'macro avg': {'precision': 0.905674419533506, 'recall': 0.9190983470344466, 'f1-score': 0.9115786458498489, 'support': 3125.0}, 'weighted avg': {'precision': 0.8976369222094244, 'recall': 0.8976, 'f1-score': 0.8966486427298523, 'support': 3125.0}}
 F1: 0.9115786458498489
 Confusion Matrix:
 [[979 110  80   4]
 [ 90 745  13   0]
 [ 11   6 951   4]
 [  0   2   0 130]]
------------------------------------------------------------------------------------------
Training set class distribution:
{'STAND': 4630, 'WALK': 2563, 'SIT': 2120, 'LIE': 562}
------------------------------------------------------------------------------------------
AdamW: convolutional_input.weight (384, 45, 9)
AdamW: convolutional_input.bias (384,)
AdamW: batch_layer.weight (384,)
AdamW: batch_layer.bias (384,)
Muon : backbone.input_proj.weight (384, 384)
AdamW: backbone.input_proj.bias (384,)
AdamW: backbone.layers.0.norm.weight (384,)
AdamW: backbone.layers.0.mixer.dt_bias (96,)
AdamW: backbone.layers.0.mixer.A_log (96,)
AdamW: backbone.layers.0.mixer.D (96,)
Muon : backbone.layers.0.mixer.in_proj.weight (3424, 384)
AdamW: backbone.layers.0.mixer.conv1d.weight (1024, 1, 4)
AdamW: backbone.layers.0.mixer.conv1d.bias (1024,)
AdamW: backbone.layers.0.mixer.norm.weight (768,)
Muon : backbone.layers.0.mixer.out_proj.weight (384, 1536)
AdamW: backbone.layers.0.norm2.weight (384,)
Muon : backbone.layers.0.mlp.fc1.weight (1024, 384)
Muon : backbone.layers.0.mlp.fc2.weight (384, 512)
AdamW: backbone.layers.1.norm.weight (384,)
AdamW: backbone.layers.1.mixer.dt_bias (96,)
AdamW: backbone.layers.1.mixer.A_log (96,)
AdamW: backbone.layers.1.mixer.D (96,)
Muon : backbone.layers.1.mixer.in_proj.weight (3424, 384)
AdamW: backbone.layers.1.mixer.conv1d.weight (1024, 1, 4)
AdamW: backbone.layers.1.mixer.conv1d.bias (1024,)
AdamW: backbone.layers.1.mixer.norm.weight (768,)
Muon : backbone.layers.1.mixer.out_proj.weight (384, 1536)
AdamW: backbone.layers.1.norm2.weight (384,)
Muon : backbone.layers.1.mlp.fc1.weight (1024, 384)
Muon : backbone.layers.1.mlp.fc2.weight (384, 512)
AdamW: backbone.layers.2.norm.weight (384,)
AdamW: backbone.layers.2.mixer.dt_bias (96,)
AdamW: backbone.layers.2.mixer.A_log (96,)
AdamW: backbone.layers.2.mixer.D (96,)
Muon : backbone.layers.2.mixer.in_proj.weight (3424, 384)
AdamW: backbone.layers.2.mixer.conv1d.weight (1024, 1, 4)
AdamW: backbone.layers.2.mixer.conv1d.bias (1024,)
AdamW: backbone.layers.2.mixer.norm.weight (768,)
Muon : backbone.layers.2.mixer.out_proj.weight (384, 1536)
AdamW: backbone.layers.2.norm2.weight (384,)
Muon : backbone.layers.2.mlp.fc1.weight (1024, 384)
Muon : backbone.layers.2.mlp.fc2.weight (384, 512)
AdamW: backbone.layers.3.norm.weight (384,)
AdamW: backbone.layers.3.mixer.dt_bias (96,)
AdamW: backbone.layers.3.mixer.A_log (96,)
AdamW: backbone.layers.3.mixer.D (96,)
Muon : backbone.layers.3.mixer.in_proj.weight (3424, 384)
AdamW: backbone.layers.3.mixer.conv1d.weight (1024, 1, 4)
AdamW: backbone.layers.3.mixer.conv1d.bias (1024,)
AdamW: backbone.layers.3.mixer.norm.weight (768,)
Muon : backbone.layers.3.mixer.out_proj.weight (384, 1536)
AdamW: backbone.layers.3.norm2.weight (384,)
Muon : backbone.layers.3.mlp.fc1.weight (1024, 384)
Muon : backbone.layers.3.mlp.fc2.weight (384, 512)
AdamW: backbone.layers.4.norm.weight (384,)
AdamW: backbone.layers.4.mixer.dt_bias (96,)
AdamW: backbone.layers.4.mixer.A_log (96,)
AdamW: backbone.layers.4.mixer.D (96,)
Muon : backbone.layers.4.mixer.in_proj.weight (3424, 384)
AdamW: backbone.layers.4.mixer.conv1d.weight (1024, 1, 4)
AdamW: backbone.layers.4.mixer.conv1d.bias (1024,)
AdamW: backbone.layers.4.mixer.norm.weight (768,)
Muon : backbone.layers.4.mixer.out_proj.weight (384, 1536)
AdamW: backbone.layers.4.norm2.weight (384,)
Muon : backbone.layers.4.mlp.fc1.weight (1024, 384)
Muon : backbone.layers.4.mlp.fc2.weight (384, 512)
AdamW: backbone.layers.5.norm.weight (384,)
AdamW: backbone.layers.5.mixer.dt_bias (96,)
AdamW: backbone.layers.5.mixer.A_log (96,)
AdamW: backbone.layers.5.mixer.D (96,)
Muon : backbone.layers.5.mixer.in_proj.weight (3424, 384)
AdamW: backbone.layers.5.mixer.conv1d.weight (1024, 1, 4)
AdamW: backbone.layers.5.mixer.conv1d.bias (1024,)
AdamW: backbone.layers.5.mixer.norm.weight (768,)
Muon : backbone.layers.5.mixer.out_proj.weight (384, 1536)
AdamW: backbone.layers.5.norm2.weight (384,)
Muon : backbone.layers.5.mlp.fc1.weight (1024, 384)
Muon : backbone.layers.5.mlp.fc2.weight (384, 512)
AdamW: backbone.layers.6.norm.weight (384,)
AdamW: backbone.layers.6.mixer.dt_bias (96,)
AdamW: backbone.layers.6.mixer.A_log (96,)
AdamW: backbone.layers.6.mixer.D (96,)
Muon : backbone.layers.6.mixer.in_proj.weight (3424, 384)
AdamW: backbone.layers.6.mixer.conv1d.weight (1024, 1, 4)
AdamW: backbone.layers.6.mixer.conv1d.bias (1024,)
AdamW: backbone.layers.6.mixer.norm.weight (768,)
Muon : backbone.layers.6.mixer.out_proj.weight (384, 1536)
AdamW: backbone.layers.6.norm2.weight (384,)
Muon : backbone.layers.6.mlp.fc1.weight (1024, 384)
Muon : backbone.layers.6.mlp.fc2.weight (384, 512)
AdamW: backbone.layers.7.norm.weight (384,)
AdamW: backbone.layers.7.mixer.dt_bias (96,)
AdamW: backbone.layers.7.mixer.A_log (96,)
AdamW: backbone.layers.7.mixer.D (96,)
Muon : backbone.layers.7.mixer.in_proj.weight (3424, 384)
AdamW: backbone.layers.7.mixer.conv1d.weight (1024, 1, 4)
AdamW: backbone.layers.7.mixer.conv1d.bias (1024,)
AdamW: backbone.layers.7.mixer.norm.weight (768,)
Muon : backbone.layers.7.mixer.out_proj.weight (384, 1536)
AdamW: backbone.layers.7.norm2.weight (384,)
Muon : backbone.layers.7.mlp.fc1.weight (1024, 384)
Muon : backbone.layers.7.mlp.fc2.weight (384, 512)
AdamW: backbone.norm_f.weight (384,)
AdamW: classifier.0.weight (384, 384)
AdamW: classifier.0.bias (384,)
AdamW: classifier.3.weight (4, 384)
AdamW: classifier.3.bias (4,)

Epoch: 1/30 | tr_Loss: 0.2761 | tr_acc: 0.8861 | val_loss: 0.3452 | val_acc: 0.8741 | epoch_time: 10.63s
--- CUDA PROFILE --- (epoch 1, batch 2)
-------------------------------------------------------  ------------  ------------  ------------  ------------  ------------  ------------  ------------  ------------  ------------  ------------  ------------  ------------  ------------  ------------  
                                                   Name    Self CPU %      Self CPU   CPU total %     CPU total  CPU time avg     Self CUDA   Self CUDA %    CUDA total  CUDA time avg       CPU Mem  Self CPU Mem      CUDA Mem  Self CUDA Mem    # of Calls  
-------------------------------------------------------  ------------  ------------  ------------  ------------  ------------  ------------  ------------  ------------  ------------  ------------  ------------  ------------  ------------  ------------  
                 MambaSplitConv1dScanCombinedFnBackward        13.12%      14.611ms        21.17%      23.566ms       2.946ms      46.584ms        45.27%      54.070ms       6.759ms           0 b           0 b       1.20 Gb      -6.91 Gb             8  
                                               aten::mm         5.01%       5.581ms        20.12%      22.402ms      38.034us      31.396ms        30.51%      31.396ms      53.303us           0 b           0 b       3.12 Gb       3.12 Gb           589  
        Optimizer.step#SingleDeviceMuonWithAuxAdam.step         0.00%       0.000us         0.00%       0.000us       0.000us      15.101ms        14.68%      15.101ms      15.101ms           0 b           0 b           0 b           0 b             1  
                         MambaSplitConv1dScanCombinedFn         4.90%       5.458ms         7.62%       8.479ms       1.060ms      11.884ms        11.55%      15.076ms       1.884ms           0 b           0 b     405.35 Mb      -2.45 Gb             8  
sm80_xmma_gemm_f32f32_f32f32_f32_tn_n_tilesize128x12...         0.00%       0.000us         0.00%       0.000us       0.000us       9.880ms         9.60%       9.880ms     411.664us           0 b           0 b           0 b           0 b            24  
                  _chunk_scan_chunk_state_bwd_dx_kernel         0.00%       0.000us         0.00%       0.000us       0.000us       9.527ms         9.26%       9.527ms       1.191ms           0 b           0 b           0 b           0 b             8  
                    _chunk_scan_bwd_ddAcs_stable_kernel         0.00%       0.000us         0.00%       0.000us       0.000us       8.833ms         8.58%       8.833ms       1.104ms           0 b           0 b           0 b           0 b             8  
                                 _chunk_scan_fwd_kernel         0.00%       0.000us         0.00%       0.000us       0.000us       7.938ms         7.71%       7.938ms     992.281us           0 b           0 b           0 b           0 b             8  
                             _chunk_state_bwd_db_kernel         0.00%       0.000us         0.00%       0.000us       0.000us       7.463ms         7.25%       7.463ms     932.896us           0 b           0 b           0 b           0 b             8  
                              _chunk_scan_bwd_dc_kernel         0.00%       0.000us         0.00%       0.000us       0.000us       6.780ms         6.59%       6.780ms     847.468us           0 b           0 b           0 b           0 b             8  
-------------------------------------------------------  ------------  ------------  ------------  ------------  ------------  ------------  ------------  ------------  ------------  ------------  ------------  ------------  ------------  ------------  
Self CPU time total: 111.330ms
Self CUDA time total: 102.899ms


Epoch: 2/30 | tr_Loss: 0.2023 | tr_acc: 0.9186 | val_loss: 0.4517 | val_acc: 0.8789 | epoch_time: 9.19s

Epoch: 3/30 | tr_Loss: 0.1940 | tr_acc: 0.9186 | val_loss: 0.3657 | val_acc: 0.8670 | epoch_time: 9.19s

Epoch: 4/30 | tr_Loss: 0.1662 | tr_acc: 0.9308 | val_loss: 0.4528 | val_acc: 0.8670 | epoch_time: 9.20s

Epoch: 5/30 | tr_Loss: 0.1564 | tr_acc: 0.9388 | val_loss: 0.4561 | val_acc: 0.8762 | epoch_time: 9.21s

Epoch: 6/30 | tr_Loss: 0.1397 | tr_acc: 0.9451 | val_loss: 0.4596 | val_acc: 0.8479 | epoch_time: 9.19s

Early stopping at epoch 6 | Best Validation Loss: 0.3452
              precision    recall  f1-score   support

       STAND       0.85      0.86      0.86      1440
        WALK       0.88      0.82      0.85       932
         SIT       0.89      0.93      0.91       847
         LIE       0.97      1.00      0.99       141

    accuracy                           0.87      3360
   macro avg       0.90      0.90      0.90      3360
weighted avg       0.87      0.87      0.87      3360

Peak GPU memory allocatated: 3.64GB

------------------------------------------------------------------------------------------
Test Results:
 Accuracy: 0.88032
 Report:
 {'STAND': {'precision': 0.8720508166969148, 'recall': 0.8192668371696504, 'f1-score': 0.8448351648351649, 'support': 1173.0}, 'WALK': {'precision': 0.8370457209847597, 'recall': 0.8419811320754716, 'f1-score': 0.8395061728395061, 'support': 848.0}, 'SIT': {'precision': 0.9140096618357488, 'recall': 0.9732510288065843, 'f1-score': 0.942700548081714, 'support': 972.0}, 'LIE': {'precision': 0.9629629629629629, 'recall': 0.9848484848484849, 'f1-score': 0.9737827715355806, 'support': 132.0}, 'accuracy': 0.88032, 'macro avg': {'precision': 0.8965172906200966, 'recall': 0.9048368707250478, 'f1-score': 0.9002061643229914, 'support': 3125.0}, 'weighted avg': {'precision': 0.8794428421747252, 'recall': 0.88032, 'f1-score': 0.879275885279255, 'support': 3125.0}}
 F1: 0.9002061643229914
 Confusion Matrix:
 [[961 134  76   2]
 [123 714  11   0]
 [ 18   5 946   3]
 [  0   0   2 130]]
------------------------------------------------------------------------------------------
Training set class distribution:
{'STAND': 4630, 'WALK': 2563, 'SIT': 2120, 'LIE': 562}
------------------------------------------------------------------------------------------
AdamW: convolutional_input.weight (384, 45, 9)
AdamW: convolutional_input.bias (384,)
AdamW: batch_layer.weight (384,)
AdamW: batch_layer.bias (384,)
Muon : backbone.input_proj.weight (384, 384)
AdamW: backbone.input_proj.bias (384,)
AdamW: backbone.layers.0.norm.weight (384,)
AdamW: backbone.layers.0.mixer.dt_bias (96,)
AdamW: backbone.layers.0.mixer.A_log (96,)
AdamW: backbone.layers.0.mixer.D (96,)
Muon : backbone.layers.0.mixer.in_proj.weight (3424, 384)
AdamW: backbone.layers.0.mixer.conv1d.weight (1024, 1, 4)
AdamW: backbone.layers.0.mixer.conv1d.bias (1024,)
AdamW: backbone.layers.0.mixer.norm.weight (768,)
Muon : backbone.layers.0.mixer.out_proj.weight (384, 1536)
AdamW: backbone.layers.0.norm2.weight (384,)
Muon : backbone.layers.0.mlp.fc1.weight (1024, 384)
Muon : backbone.layers.0.mlp.fc2.weight (384, 512)
AdamW: backbone.layers.1.norm.weight (384,)
AdamW: backbone.layers.1.mixer.dt_bias (96,)
AdamW: backbone.layers.1.mixer.A_log (96,)
AdamW: backbone.layers.1.mixer.D (96,)
Muon : backbone.layers.1.mixer.in_proj.weight (3424, 384)
AdamW: backbone.layers.1.mixer.conv1d.weight (1024, 1, 4)
AdamW: backbone.layers.1.mixer.conv1d.bias (1024,)
AdamW: backbone.layers.1.mixer.norm.weight (768,)
Muon : backbone.layers.1.mixer.out_proj.weight (384, 1536)
AdamW: backbone.layers.1.norm2.weight (384,)
Muon : backbone.layers.1.mlp.fc1.weight (1024, 384)
Muon : backbone.layers.1.mlp.fc2.weight (384, 512)
AdamW: backbone.layers.2.norm.weight (384,)
AdamW: backbone.layers.2.mixer.dt_bias (96,)
AdamW: backbone.layers.2.mixer.A_log (96,)
AdamW: backbone.layers.2.mixer.D (96,)
Muon : backbone.layers.2.mixer.in_proj.weight (3424, 384)
AdamW: backbone.layers.2.mixer.conv1d.weight (1024, 1, 4)
AdamW: backbone.layers.2.mixer.conv1d.bias (1024,)
AdamW: backbone.layers.2.mixer.norm.weight (768,)
Muon : backbone.layers.2.mixer.out_proj.weight (384, 1536)
AdamW: backbone.layers.2.norm2.weight (384,)
Muon : backbone.layers.2.mlp.fc1.weight (1024, 384)
Muon : backbone.layers.2.mlp.fc2.weight (384, 512)
AdamW: backbone.layers.3.norm.weight (384,)
AdamW: backbone.layers.3.mixer.dt_bias (96,)
AdamW: backbone.layers.3.mixer.A_log (96,)
AdamW: backbone.layers.3.mixer.D (96,)
Muon : backbone.layers.3.mixer.in_proj.weight (3424, 384)
AdamW: backbone.layers.3.mixer.conv1d.weight (1024, 1, 4)
AdamW: backbone.layers.3.mixer.conv1d.bias (1024,)
AdamW: backbone.layers.3.mixer.norm.weight (768,)
Muon : backbone.layers.3.mixer.out_proj.weight (384, 1536)
AdamW: backbone.layers.3.norm2.weight (384,)
Muon : backbone.layers.3.mlp.fc1.weight (1024, 384)
Muon : backbone.layers.3.mlp.fc2.weight (384, 512)
AdamW: backbone.layers.4.norm.weight (384,)
AdamW: backbone.layers.4.mixer.dt_bias (96,)
AdamW: backbone.layers.4.mixer.A_log (96,)
AdamW: backbone.layers.4.mixer.D (96,)
Muon : backbone.layers.4.mixer.in_proj.weight (3424, 384)
AdamW: backbone.layers.4.mixer.conv1d.weight (1024, 1, 4)
AdamW: backbone.layers.4.mixer.conv1d.bias (1024,)
AdamW: backbone.layers.4.mixer.norm.weight (768,)
Muon : backbone.layers.4.mixer.out_proj.weight (384, 1536)
AdamW: backbone.layers.4.norm2.weight (384,)
Muon : backbone.layers.4.mlp.fc1.weight (1024, 384)
Muon : backbone.layers.4.mlp.fc2.weight (384, 512)
AdamW: backbone.layers.5.norm.weight (384,)
AdamW: backbone.layers.5.mixer.dt_bias (96,)
AdamW: backbone.layers.5.mixer.A_log (96,)
AdamW: backbone.layers.5.mixer.D (96,)
Muon : backbone.layers.5.mixer.in_proj.weight (3424, 384)
AdamW: backbone.layers.5.mixer.conv1d.weight (1024, 1, 4)
AdamW: backbone.layers.5.mixer.conv1d.bias (1024,)
AdamW: backbone.layers.5.mixer.norm.weight (768,)
Muon : backbone.layers.5.mixer.out_proj.weight (384, 1536)
AdamW: backbone.layers.5.norm2.weight (384,)
Muon : backbone.layers.5.mlp.fc1.weight (1024, 384)
Muon : backbone.layers.5.mlp.fc2.weight (384, 512)
AdamW: backbone.layers.6.norm.weight (384,)
AdamW: backbone.layers.6.mixer.dt_bias (96,)
AdamW: backbone.layers.6.mixer.A_log (96,)
AdamW: backbone.layers.6.mixer.D (96,)
Muon : backbone.layers.6.mixer.in_proj.weight (3424, 384)
AdamW: backbone.layers.6.mixer.conv1d.weight (1024, 1, 4)
AdamW: backbone.layers.6.mixer.conv1d.bias (1024,)
AdamW: backbone.layers.6.mixer.norm.weight (768,)
Muon : backbone.layers.6.mixer.out_proj.weight (384, 1536)
AdamW: backbone.layers.6.norm2.weight (384,)
Muon : backbone.layers.6.mlp.fc1.weight (1024, 384)
Muon : backbone.layers.6.mlp.fc2.weight (384, 512)
AdamW: backbone.layers.7.norm.weight (384,)
AdamW: backbone.layers.7.mixer.dt_bias (96,)
AdamW: backbone.layers.7.mixer.A_log (96,)
AdamW: backbone.layers.7.mixer.D (96,)
Muon : backbone.layers.7.mixer.in_proj.weight (3424, 384)
AdamW: backbone.layers.7.mixer.conv1d.weight (1024, 1, 4)
AdamW: backbone.layers.7.mixer.conv1d.bias (1024,)
AdamW: backbone.layers.7.mixer.norm.weight (768,)
Muon : backbone.layers.7.mixer.out_proj.weight (384, 1536)
AdamW: backbone.layers.7.norm2.weight (384,)
Muon : backbone.layers.7.mlp.fc1.weight (1024, 384)
Muon : backbone.layers.7.mlp.fc2.weight (384, 512)
AdamW: backbone.norm_f.weight (384,)
AdamW: classifier.0.weight (384, 384)
AdamW: classifier.0.bias (384,)
AdamW: classifier.3.weight (4, 384)
AdamW: classifier.3.bias (4,)

Epoch: 1/30 | tr_Loss: 0.2750 | tr_acc: 0.8878 | val_loss: 0.3473 | val_acc: 0.8560 | epoch_time: 10.64s
--- CUDA PROFILE --- (epoch 1, batch 2)
-------------------------------------------------------  ------------  ------------  ------------  ------------  ------------  ------------  ------------  ------------  ------------  ------------  ------------  ------------  ------------  ------------  
                                                   Name    Self CPU %      Self CPU   CPU total %     CPU total  CPU time avg     Self CUDA   Self CUDA %    CUDA total  CUDA time avg       CPU Mem  Self CPU Mem      CUDA Mem  Self CUDA Mem    # of Calls  
-------------------------------------------------------  ------------  ------------  ------------  ------------  ------------  ------------  ------------  ------------  ------------  ------------  ------------  ------------  ------------  ------------  
                 MambaSplitConv1dScanCombinedFnBackward        13.11%      14.622ms        21.19%      23.632ms       2.954ms      46.603ms        45.29%      54.110ms       6.764ms           0 b           0 b       1.20 Gb      -6.90 Gb             8  
                                               aten::mm         5.01%       5.587ms        20.10%      22.424ms      38.071us      31.311ms        30.43%      31.311ms      53.160us           0 b           0 b       3.13 Gb       3.13 Gb           589  
        Optimizer.step#SingleDeviceMuonWithAuxAdam.step         0.00%       0.000us         0.00%       0.000us       0.000us      15.023ms        14.60%      15.023ms      15.023ms           0 b           0 b           0 b           0 b             1  
                         MambaSplitConv1dScanCombinedFn         4.91%       5.476ms         7.79%       8.687ms       1.086ms      11.888ms        11.55%      15.042ms       1.880ms           0 b           0 b     405.35 Mb      -2.44 Gb             8  
sm80_xmma_gemm_f32f32_f32f32_f32_tn_n_tilesize128x12...         0.00%       0.000us         0.00%       0.000us       0.000us       9.711ms         9.44%       9.711ms     404.634us           0 b           0 b           0 b           0 b            24  
                  _chunk_scan_chunk_state_bwd_dx_kernel         0.00%       0.000us         0.00%       0.000us       0.000us       9.539ms         9.27%       9.539ms       1.192ms           0 b           0 b           0 b           0 b             8  
                    _chunk_scan_bwd_ddAcs_stable_kernel         0.00%       0.000us         0.00%       0.000us       0.000us       8.833ms         8.59%       8.833ms       1.104ms           0 b           0 b           0 b           0 b             8  
                                 _chunk_scan_fwd_kernel         0.00%       0.000us         0.00%       0.000us       0.000us       7.952ms         7.73%       7.952ms     994.057us           0 b           0 b           0 b           0 b             8  
                             _chunk_state_bwd_db_kernel         0.00%       0.000us         0.00%       0.000us       0.000us       7.452ms         7.24%       7.452ms     931.489us           0 b           0 b           0 b           0 b             8  
                              _chunk_scan_bwd_dc_kernel         0.00%       0.000us         0.00%       0.000us       0.000us       6.800ms         6.61%       6.800ms     850.021us           0 b           0 b           0 b           0 b             8  
-------------------------------------------------------  ------------  ------------  ------------  ------------  ------------  ------------  ------------  ------------  ------------  ------------  ------------  ------------  ------------  ------------  
Self CPU time total: 111.534ms
Self CUDA time total: 102.888ms


Epoch: 2/30 | tr_Loss: 0.2072 | tr_acc: 0.9193 | val_loss: 0.5049 | val_acc: 0.8524 | epoch_time: 9.19s

Epoch: 3/30 | tr_Loss: 0.1822 | tr_acc: 0.9287 | val_loss: 0.3791 | val_acc: 0.8935 | epoch_time: 9.20s

Epoch: 4/30 | tr_Loss: 0.1706 | tr_acc: 0.9297 | val_loss: 0.5132 | val_acc: 0.8807 | epoch_time: 9.20s

Epoch: 5/30 | tr_Loss: 0.1526 | tr_acc: 0.9377 | val_loss: 0.4878 | val_acc: 0.8750 | epoch_time: 9.20s

Epoch: 6/30 | tr_Loss: 0.1476 | tr_acc: 0.9410 | val_loss: 0.5650 | val_acc: 0.8673 | epoch_time: 9.18s

Early stopping at epoch 6 | Best Validation Loss: 0.3473
              precision    recall  f1-score   support

       STAND       0.85      0.83      0.84      1440
        WALK       0.84      0.85      0.84       932
         SIT       0.86      0.90      0.88       847
         LIE       0.99      0.97      0.98       141

    accuracy                           0.86      3360
   macro avg       0.89      0.89      0.89      3360
weighted avg       0.86      0.86      0.86      3360

Peak GPU memory allocatated: 3.64GB

------------------------------------------------------------------------------------------
Test Results:
 Accuracy: 0.88864
 Report:
 {'STAND': {'precision': 0.9240759240759241, 'recall': 0.7885763000852515, 'f1-score': 0.8509659613615456, 'support': 1173.0}, 'WALK': {'precision': 0.8207043756670224, 'recall': 0.9068396226415094, 'f1-score': 0.861624649859944, 'support': 848.0}, 'SIT': {'precision': 0.9034090909090909, 'recall': 0.9814814814814815, 'f1-score': 0.9408284023668639, 'support': 972.0}, 'LIE': {'precision': 0.9847328244274809, 'recall': 0.9772727272727273, 'f1-score': 0.9809885931558935, 'support': 132.0}, 'accuracy': 0.88864, 'macro avg': {'precision': 0.9082305537698796, 'recall': 0.9135425328702425, 'f1-score': 0.9086019016860618, 'support': 3125.0}, 'weighted avg': {'precision': 0.8921589563823225, 'recall': 0.88864, 'f1-score': 0.8873012726897583, 'support': 3125.0}}
 F1: 0.9086019016860618
 Confusion Matrix:
 [[925 163  85   0]
 [ 65 769  14   0]
 [ 11   5 954   2]
 [  0   0   3 129]]
Total wall time:11min 13s
