Job started on gpu032.orc.gmu.edu
CUDA_VISIBLE_DEVICES=0
Sat May 30 20:56:02 2026       
+-----------------------------------------------------------------------------------------+
| NVIDIA-SMI 590.48.01              Driver Version: 590.48.01      CUDA Version: 13.1     |
+-----------------------------------------+------------------------+----------------------+
| GPU  Name                 Persistence-M | Bus-Id          Disp.A | Volatile Uncorr. ECC |
| Fan  Temp   Perf          Pwr:Usage/Cap |           Memory-Usage | GPU-Util  Compute M. |
|                                         |                        |               MIG M. |
|=========================================+========================+======================|
|   0  NVIDIA H100 80GB HBM3          On  |   00000000:5F:00.0 Off |                    0 |
| N/A   23C    P0             67W /  700W |       0MiB /  81559MiB |      0%      Default |
|                                         |                        |             Disabled |
+-----------------------------------------+------------------------+----------------------+

+-----------------------------------------------------------------------------------------+
| Processes:                                                                              |
|  GPU   GI   CI              PID   Type   Process name                        GPU Memory |
|        ID   ID                                                               Usage      |
|=========================================================================================|
|  No running processes found                                                             |
+-----------------------------------------------------------------------------------------+
Mamba version: 2.3.0
Path: /home/kmercad/myenv/lib/python3.10/site-packages/mamba_ssm/modules/mamba2.py
------------------------------------------------------------------------------------------
Raw training set shape: (385701, 251)
Validation training set shape: (87149, 251)
Raw test set shape: (171785, 251)
------------------------------------------------------------------------------------------
Sensor subset training shape: (297110, 47)
Sensor Validation training shape: (66905, 47)
Sensor Test training shape: (133181, 47)
----------------------------------------------------------------------
Rows containing NaNs - training: 0
Rows containing NaNs - validation: 0
Rows containing NaNs - test: 4953
------------------------------------------------------------------------------------------
Training shape after NaN removal: (297110, 47)
Validation shape after NaN removal: (66905, 47)
Test shape after NaN removal: (128228, 47)
------------------------------------------------------------------------------------------
Reindexed training shape: (297110, 47)
Reindexed validation shape: (66905, 47)
Reindexed test shape: (128228, 47)


Descriptive statistics for ACC channels (DEVICE_1) - training set
                   0              1              2
count  297110.000000  297110.000000  297110.000000
mean     -814.033203    -154.937286     309.518192
std       265.114383     259.111819     316.387238
min     -1896.000000   -1283.000000   -1198.000000
25%      -967.000000    -271.000000     135.000000
50%      -915.000000    -157.000000     294.000000
75%      -767.000000     -44.000000     480.000000
max       614.000000    1374.000000    1417.000000

Descriptive statistics for GYRO channels (DEVICE_1) - training set
                   3              4              5
count  297110.000000  297110.000000  297110.000000
mean      -53.720477     -18.435384       9.876753
std       608.714994     316.133462     276.124779
min     -4818.000000   -3081.000000   -2293.000000
25%      -251.000000    -118.000000     -87.000000
50%       -19.000000      -9.000000       2.000000
75%       147.000000      80.000000     107.000000
max      3537.000000    3370.000000    2029.000000

Descriptive statistics for MAG channels (DEVICE_1) - training set
                   6              7              8
count  297110.000000  297110.000000  297110.000000
mean      409.335162      85.637447      31.823877
std       373.936757     340.340809     511.346532
min      -929.000000   -1011.000000   -1246.000000
25%       301.000000    -152.000000    -478.000000
50%       513.000000     102.000000      96.000000
75%       603.000000     314.000000     475.000000
max      1531.000000    1162.000000    1369.000000
------------------------------------------------------------------------------------------


Descriptive statistics for ACC channels (DEVICE_1) - training set
                   0              1              2
count  297110.000000  297110.000000  297110.000000
mean       -0.814033      -0.154937       0.309518
std         0.265114       0.259112       0.316387
min        -1.896000      -1.283000      -1.198000
25%        -0.967000      -0.271000       0.135000
50%        -0.915000      -0.157000       0.294000
75%        -0.767000      -0.044000       0.480000
max         0.614000       1.374000       1.417000

Descriptive statistics for scaled GYRO channels (DEVICE_1) - training set
                   3              4              5
count  297110.000000  297110.000000  297110.000000
mean       -0.053720      -0.018435       0.009877
std         0.608715       0.316133       0.276125
min        -4.818000      -3.081000      -2.293000
25%        -0.251000      -0.118000      -0.087000
50%        -0.019000      -0.009000       0.002000
75%         0.147000       0.080000       0.107000
max         3.537000       3.370000       2.029000

Descriptive statistics for normalized MAG channels (DEVICE_1) - training set
                   6              7              8
count  297110.000000  297110.000000  297110.000000
mean        0.515633       0.095613       0.026044
std         0.417793       0.420340       0.610793
min        -0.941527      -0.962388      -0.999993
25%         0.403199      -0.200560      -0.582790
50%         0.661352       0.122990       0.129253
75%         0.777488       0.367910       0.622170
max         0.999999       0.999708       0.999770
--------------------STRATIY VAL/TEST--------------------
Validation GROUPS
group_id
S2-ADL1    29975
S2-ADL3    26659
S3-ADL5    20648
S4-ADL5    23817
Name: count, dtype: int64
Test GROUPS
group_id
S1-ADL5    22440
S2-ADL2    23108
S2-ADL4    25517
S2-ADL5    22969
Name: count, dtype: int64 


 Validation Split Label Proportion
45
1    0.439886
2    0.267203
4    0.251021
5    0.041890
Name: proportion, dtype: float64
Test Split Label Proportion
45
1    0.385712
2    0.263543
4    0.308867
5    0.041878
Name: proportion, dtype: float64

------------------------------ TRAIN ACC/GYRO after StandardScaler ------------------------------
global mean: 0.000000
global std : 1.000000
max |channel mean| : 0.000000
median |channel mean| : 0.000000
channel std range : [1.000000, 1.000000]

------------------------------ VAL ACC/GYRO after StandardScaler ------------------------------
global mean: -0.016196
global std : 1.019579
max |channel mean| : 0.692293
median |channel mean| : 0.017812
channel std range : [0.857252, 1.191447]

------------------------------ TEST ACC/GYRO after StandardScaler ------------------------------
global mean: -0.026198
global std : 1.032089
max |channel mean| : 1.067700
median |channel mean| : 0.057583
channel std range : [0.745667, 1.206436]
------------------------------------------------------------------------------------------
Training features: (297110, 46) | Training labels: (297110,)
Validation features: (101099, 46) | Validation labels: (101099,)
Test features: (94034, 46), Test labels: (94034,)

------------------------------ TRAIN MAG after window demeaning ------------------------------
max |window mean|  : 2.072917e-07
mean |window mean| : 2.318182e-08
channel global mean range : [-5.960800e-10, 4.066864e-10]
channel std range         : [0.129758, 0.233506]

------------------------------ VAL MAG after window demeaning ------------------------------
max |window mean|  : 1.980199e-07
mean |window mean| : 2.299261e-08
channel global mean range : [-1.398659e-09, 1.231514e-09]
channel std range         : [0.127750, 0.233662]

------------------------------ TEST MAG after window demeaning ------------------------------
max |window mean|  : 2.112654e-07
mean |window mean| : 2.317931e-08
channel global mean range : [-1.426697e-09, 6.857978e-10]
channel std range         : [0.119883, 0.231613]

TRAIN window label distribution
label 1: 4630 (0.4689)
label 2: 2563 (0.2595)
label 4: 2120 (0.2147)
label 5: 562 (0.0569)

VAL window label distribution
label 1: 1440 (0.4286)
label 2: 932 (0.2774)
label 4: 847 (0.2521)
label 5: 141 (0.0420)

TEST window label distribution
label 1: 1173 (0.3754)
label 2: 848 (0.2714)
label 4: 972 (0.3110)
label 5: 132 (0.0422)
------------------------------------------------------------------------------------------
Training (windows): (9875, 90, 45). Training Labels: (9875,)
Validation (windows): (3360, 90, 45). Validation Labels: (3360,)
Test (windows): (3125, 90, 45). Test Labels: (3125,)
------------------------------------------------------------------------------------------
Training set class distribution:
{'STAND': 4630, 'WALK': 2563, 'SIT': 2120, 'LIE': 562}
------------------------------------------------------------------------------------------
AdamW: convolutional_input.weight (384, 45, 9)
AdamW: convolutional_input.bias (384,)
AdamW: batch_layer.weight (384,)
AdamW: batch_layer.bias (384,)
Muon : backbone.input_proj.weight (384, 384)
AdamW: backbone.input_proj.bias (384,)
AdamW: backbone.layers.0.norm.weight (384,)
AdamW: backbone.layers.0.mixer.dt_bias (96,)
AdamW: backbone.layers.0.mixer.A_log (96,)
AdamW: backbone.layers.0.mixer.D (96,)
Muon : backbone.layers.0.mixer.in_proj.weight (3424, 384)
AdamW: backbone.layers.0.mixer.conv1d.weight (1024, 1, 4)
AdamW: backbone.layers.0.mixer.conv1d.bias (1024,)
AdamW: backbone.layers.0.mixer.norm.weight (768,)
Muon : backbone.layers.0.mixer.out_proj.weight (384, 1536)
AdamW: backbone.layers.0.norm2.weight (384,)
Muon : backbone.layers.0.mlp.fc1.weight (1024, 384)
Muon : backbone.layers.0.mlp.fc2.weight (384, 512)
AdamW: backbone.layers.1.norm.weight (384,)
AdamW: backbone.layers.1.mixer.dt_bias (96,)
AdamW: backbone.layers.1.mixer.A_log (96,)
AdamW: backbone.layers.1.mixer.D (96,)
Muon : backbone.layers.1.mixer.in_proj.weight (3424, 384)
AdamW: backbone.layers.1.mixer.conv1d.weight (1024, 1, 4)
AdamW: backbone.layers.1.mixer.conv1d.bias (1024,)
AdamW: backbone.layers.1.mixer.norm.weight (768,)
Muon : backbone.layers.1.mixer.out_proj.weight (384, 1536)
AdamW: backbone.layers.1.norm2.weight (384,)
Muon : backbone.layers.1.mlp.fc1.weight (1024, 384)
Muon : backbone.layers.1.mlp.fc2.weight (384, 512)
AdamW: backbone.layers.2.norm.weight (384,)
AdamW: backbone.layers.2.mixer.dt_bias (96,)
AdamW: backbone.layers.2.mixer.A_log (96,)
AdamW: backbone.layers.2.mixer.D (96,)
Muon : backbone.layers.2.mixer.in_proj.weight (3424, 384)
AdamW: backbone.layers.2.mixer.conv1d.weight (1024, 1, 4)
AdamW: backbone.layers.2.mixer.conv1d.bias (1024,)
AdamW: backbone.layers.2.mixer.norm.weight (768,)
Muon : backbone.layers.2.mixer.out_proj.weight (384, 1536)
AdamW: backbone.layers.2.norm2.weight (384,)
Muon : backbone.layers.2.mlp.fc1.weight (1024, 384)
Muon : backbone.layers.2.mlp.fc2.weight (384, 512)
AdamW: backbone.layers.3.norm.weight (384,)
AdamW: backbone.layers.3.mixer.dt_bias (96,)
AdamW: backbone.layers.3.mixer.A_log (96,)
AdamW: backbone.layers.3.mixer.D (96,)
Muon : backbone.layers.3.mixer.in_proj.weight (3424, 384)
AdamW: backbone.layers.3.mixer.conv1d.weight (1024, 1, 4)
AdamW: backbone.layers.3.mixer.conv1d.bias (1024,)
AdamW: backbone.layers.3.mixer.norm.weight (768,)
Muon : backbone.layers.3.mixer.out_proj.weight (384, 1536)
AdamW: backbone.layers.3.norm2.weight (384,)
Muon : backbone.layers.3.mlp.fc1.weight (1024, 384)
Muon : backbone.layers.3.mlp.fc2.weight (384, 512)
AdamW: backbone.layers.4.norm.weight (384,)
AdamW: backbone.layers.4.mixer.dt_bias (96,)
AdamW: backbone.layers.4.mixer.A_log (96,)
AdamW: backbone.layers.4.mixer.D (96,)
Muon : backbone.layers.4.mixer.in_proj.weight (3424, 384)
AdamW: backbone.layers.4.mixer.conv1d.weight (1024, 1, 4)
AdamW: backbone.layers.4.mixer.conv1d.bias (1024,)
AdamW: backbone.layers.4.mixer.norm.weight (768,)
Muon : backbone.layers.4.mixer.out_proj.weight (384, 1536)
AdamW: backbone.layers.4.norm2.weight (384,)
Muon : backbone.layers.4.mlp.fc1.weight (1024, 384)
Muon : backbone.layers.4.mlp.fc2.weight (384, 512)
AdamW: backbone.layers.5.norm.weight (384,)
AdamW: backbone.layers.5.mixer.dt_bias (96,)
AdamW: backbone.layers.5.mixer.A_log (96,)
AdamW: backbone.layers.5.mixer.D (96,)
Muon : backbone.layers.5.mixer.in_proj.weight (3424, 384)
AdamW: backbone.layers.5.mixer.conv1d.weight (1024, 1, 4)
AdamW: backbone.layers.5.mixer.conv1d.bias (1024,)
AdamW: backbone.layers.5.mixer.norm.weight (768,)
Muon : backbone.layers.5.mixer.out_proj.weight (384, 1536)
AdamW: backbone.layers.5.norm2.weight (384,)
Muon : backbone.layers.5.mlp.fc1.weight (1024, 384)
Muon : backbone.layers.5.mlp.fc2.weight (384, 512)
AdamW: backbone.layers.6.norm.weight (384,)
AdamW: backbone.layers.6.mixer.dt_bias (96,)
AdamW: backbone.layers.6.mixer.A_log (96,)
AdamW: backbone.layers.6.mixer.D (96,)
Muon : backbone.layers.6.mixer.in_proj.weight (3424, 384)
AdamW: backbone.layers.6.mixer.conv1d.weight (1024, 1, 4)
AdamW: backbone.layers.6.mixer.conv1d.bias (1024,)
AdamW: backbone.layers.6.mixer.norm.weight (768,)
Muon : backbone.layers.6.mixer.out_proj.weight (384, 1536)
AdamW: backbone.layers.6.norm2.weight (384,)
Muon : backbone.layers.6.mlp.fc1.weight (1024, 384)
Muon : backbone.layers.6.mlp.fc2.weight (384, 512)
AdamW: backbone.layers.7.norm.weight (384,)
AdamW: backbone.layers.7.mixer.dt_bias (96,)
AdamW: backbone.layers.7.mixer.A_log (96,)
AdamW: backbone.layers.7.mixer.D (96,)
Muon : backbone.layers.7.mixer.in_proj.weight (3424, 384)
AdamW: backbone.layers.7.mixer.conv1d.weight (1024, 1, 4)
AdamW: backbone.layers.7.mixer.conv1d.bias (1024,)
AdamW: backbone.layers.7.mixer.norm.weight (768,)
Muon : backbone.layers.7.mixer.out_proj.weight (384, 1536)
AdamW: backbone.layers.7.norm2.weight (384,)
Muon : backbone.layers.7.mlp.fc1.weight (1024, 384)
Muon : backbone.layers.7.mlp.fc2.weight (384, 512)
AdamW: backbone.norm_f.weight (384,)
AdamW: classifier.0.weight (384, 384)
AdamW: classifier.0.bias (384,)
AdamW: classifier.3.weight (4, 384)
AdamW: classifier.3.bias (4,)

Epoch: 1/30 | tr_Loss: 0.2576 | tr_acc: 0.8967 | val_loss: 0.5240 | val_acc: 0.8354 | epoch_time: 41.68s
--- CUDA PROFILE --- (epoch 1, batch 2)
-------------------------------------------------------  ------------  ------------  ------------  ------------  ------------  ------------  ------------  ------------  ------------  ------------  ------------  ------------  ------------  ------------  
                                                   Name    Self CPU %      Self CPU   CPU total %     CPU total  CPU time avg     Self CUDA   Self CUDA %    CUDA total  CUDA time avg       CPU Mem  Self CPU Mem      CUDA Mem  Self CUDA Mem    # of Calls  
-------------------------------------------------------  ------------  ------------  ------------  ------------  ------------  ------------  ------------  ------------  ------------  ------------  ------------  ------------  ------------  ------------  
                 MambaSplitConv1dScanCombinedFnBackward        13.15%      16.339ms        20.78%      25.819ms       3.227ms      47.161ms        45.13%      54.814ms       6.852ms           0 b           0 b       1.20 Gb      -6.90 Gb             8  
                                               aten::mm         4.49%       5.575ms        14.36%      17.840ms      30.288us      32.110ms        30.73%      32.110ms      54.516us           0 b           0 b       3.13 Gb       3.13 Gb           589  
        Optimizer.step#SingleDeviceMuonWithAuxAdam.step         0.00%       0.000us         0.00%       0.000us       0.000us      14.676ms        14.04%      14.676ms      14.676ms           0 b           0 b           0 b           0 b             1  
                         MambaSplitConv1dScanCombinedFn         4.69%       5.830ms         7.06%       8.767ms       1.096ms      12.038ms        11.52%      15.255ms       1.907ms           0 b           0 b     405.35 Mb      -2.44 Gb             8  
sm80_xmma_gemm_f32f32_f32f32_f32_tn_n_tilesize128x12...         0.00%       0.000us         0.00%       0.000us       0.000us       9.978ms         9.55%       9.978ms     415.761us           0 b           0 b           0 b           0 b            24  
                  _chunk_scan_chunk_state_bwd_dx_kernel         0.00%       0.000us         0.00%       0.000us       0.000us       9.659ms         9.24%       9.659ms       1.207ms           0 b           0 b           0 b           0 b             8  
                    _chunk_scan_bwd_ddAcs_stable_kernel         0.00%       0.000us         0.00%       0.000us       0.000us       8.944ms         8.56%       8.944ms       1.118ms           0 b           0 b           0 b           0 b             8  
                                 _chunk_scan_fwd_kernel         0.00%       0.000us         0.00%       0.000us       0.000us       8.066ms         7.72%       8.066ms       1.008ms           0 b           0 b           0 b           0 b             8  
                             _chunk_state_bwd_db_kernel         0.00%       0.000us         0.00%       0.000us       0.000us       7.544ms         7.22%       7.544ms     943.058us           0 b           0 b           0 b           0 b             8  
                              _chunk_scan_bwd_dc_kernel         0.00%       0.000us         0.00%       0.000us       0.000us       6.860ms         6.56%       6.860ms     857.454us           0 b           0 b           0 b           0 b             8  
-------------------------------------------------------  ------------  ------------  ------------  ------------  ------------  ------------  ------------  ------------  ------------  ------------  ------------  ------------  ------------  ------------  
Self CPU time total: 124.242ms
Self CUDA time total: 104.506ms


Epoch: 2/30 | tr_Loss: 0.1899 | tr_acc: 0.9260 | val_loss: 0.3916 | val_acc: 0.8765 | epoch_time: 9.21s

Epoch: 3/30 | tr_Loss: 0.1638 | tr_acc: 0.9315 | val_loss: 0.4630 | val_acc: 0.8836 | epoch_time: 9.21s

Epoch: 4/30 | tr_Loss: 0.1502 | tr_acc: 0.9382 | val_loss: 0.4853 | val_acc: 0.8696 | epoch_time: 9.20s

Epoch: 5/30 | tr_Loss: 0.1549 | tr_acc: 0.9393 | val_loss: 0.7414 | val_acc: 0.8363 | epoch_time: 9.20s

Epoch: 6/30 | tr_Loss: 0.1487 | tr_acc: 0.9416 | val_loss: 0.4485 | val_acc: 0.8875 | epoch_time: 9.20s

Epoch: 7/30 | tr_Loss: 0.1394 | tr_acc: 0.9433 | val_loss: 0.5586 | val_acc: 0.8762 | epoch_time: 9.21s

Early stopping at epoch 7 | Best Validation Loss: 0.3916
              precision    recall  f1-score   support

       STAND       0.87      0.85      0.86      1440
        WALK       0.83      0.92      0.87       932
         SIT       0.93      0.86      0.89       847
         LIE       0.99      0.96      0.97       141

    accuracy                           0.88      3360
   macro avg       0.90      0.90      0.90      3360
weighted avg       0.88      0.88      0.88      3360

Peak GPU memory allocatated: 3.79GB

------------------------------------------------------------------------------------------
Test Results:
 Accuracy: 0.90752
 Report:
 {'STAND': {'precision': 0.9231490159325211, 'recall': 0.8397271952259164, 'f1-score': 0.8794642857142857, 'support': 1173.0}, 'WALK': {'precision': 0.8221052631578948, 'recall': 0.9209905660377359, 'f1-score': 0.8687430478309233, 'support': 848.0}, 'SIT': {'precision': 0.9642857142857143, 'recall': 0.9722222222222222, 'f1-score': 0.9682377049180327, 'support': 972.0}, 'LIE': {'precision': 0.9765625, 'recall': 0.946969696969697, 'f1-score': 0.9615384615384616, 'support': 132.0}, 'accuracy': 0.90752, 'macro avg': {'precision': 0.9215256233440325, 'recall': 0.9199774201138928, 'f1-score': 0.9194958750004258, 'support': 3125.0}, 'weighted avg': {'precision': 0.910781127402386, 'recall': 0.90752, 'f1-score': 0.9076338680982032, 'support': 3125.0}}
 F1: 0.9194958750004258
 Confusion Matrix:
 [[985 163  24   1]
 [ 62 781   5   0]
 [ 20   5 945   2]
 [  0   1   6 125]]
------------------------------------------------------------------------------------------
Training set class distribution:
{'STAND': 4630, 'WALK': 2563, 'SIT': 2120, 'LIE': 562}
------------------------------------------------------------------------------------------
AdamW: convolutional_input.weight (384, 45, 9)
AdamW: convolutional_input.bias (384,)
AdamW: batch_layer.weight (384,)
AdamW: batch_layer.bias (384,)
Muon : backbone.input_proj.weight (384, 384)
AdamW: backbone.input_proj.bias (384,)
AdamW: backbone.layers.0.norm.weight (384,)
AdamW: backbone.layers.0.mixer.dt_bias (96,)
AdamW: backbone.layers.0.mixer.A_log (96,)
AdamW: backbone.layers.0.mixer.D (96,)
Muon : backbone.layers.0.mixer.in_proj.weight (3424, 384)
AdamW: backbone.layers.0.mixer.conv1d.weight (1024, 1, 4)
AdamW: backbone.layers.0.mixer.conv1d.bias (1024,)
AdamW: backbone.layers.0.mixer.norm.weight (768,)
Muon : backbone.layers.0.mixer.out_proj.weight (384, 1536)
AdamW: backbone.layers.0.norm2.weight (384,)
Muon : backbone.layers.0.mlp.fc1.weight (1024, 384)
Muon : backbone.layers.0.mlp.fc2.weight (384, 512)
AdamW: backbone.layers.1.norm.weight (384,)
AdamW: backbone.layers.1.mixer.dt_bias (96,)
AdamW: backbone.layers.1.mixer.A_log (96,)
AdamW: backbone.layers.1.mixer.D (96,)
Muon : backbone.layers.1.mixer.in_proj.weight (3424, 384)
AdamW: backbone.layers.1.mixer.conv1d.weight (1024, 1, 4)
AdamW: backbone.layers.1.mixer.conv1d.bias (1024,)
AdamW: backbone.layers.1.mixer.norm.weight (768,)
Muon : backbone.layers.1.mixer.out_proj.weight (384, 1536)
AdamW: backbone.layers.1.norm2.weight (384,)
Muon : backbone.layers.1.mlp.fc1.weight (1024, 384)
Muon : backbone.layers.1.mlp.fc2.weight (384, 512)
AdamW: backbone.layers.2.norm.weight (384,)
AdamW: backbone.layers.2.mixer.dt_bias (96,)
AdamW: backbone.layers.2.mixer.A_log (96,)
AdamW: backbone.layers.2.mixer.D (96,)
Muon : backbone.layers.2.mixer.in_proj.weight (3424, 384)
AdamW: backbone.layers.2.mixer.conv1d.weight (1024, 1, 4)
AdamW: backbone.layers.2.mixer.conv1d.bias (1024,)
AdamW: backbone.layers.2.mixer.norm.weight (768,)
Muon : backbone.layers.2.mixer.out_proj.weight (384, 1536)
AdamW: backbone.layers.2.norm2.weight (384,)
Muon : backbone.layers.2.mlp.fc1.weight (1024, 384)
Muon : backbone.layers.2.mlp.fc2.weight (384, 512)
AdamW: backbone.layers.3.norm.weight (384,)
AdamW: backbone.layers.3.mixer.dt_bias (96,)
AdamW: backbone.layers.3.mixer.A_log (96,)
AdamW: backbone.layers.3.mixer.D (96,)
Muon : backbone.layers.3.mixer.in_proj.weight (3424, 384)
AdamW: backbone.layers.3.mixer.conv1d.weight (1024, 1, 4)
AdamW: backbone.layers.3.mixer.conv1d.bias (1024,)
AdamW: backbone.layers.3.mixer.norm.weight (768,)
Muon : backbone.layers.3.mixer.out_proj.weight (384, 1536)
AdamW: backbone.layers.3.norm2.weight (384,)
Muon : backbone.layers.3.mlp.fc1.weight (1024, 384)
Muon : backbone.layers.3.mlp.fc2.weight (384, 512)
AdamW: backbone.layers.4.norm.weight (384,)
AdamW: backbone.layers.4.mixer.dt_bias (96,)
AdamW: backbone.layers.4.mixer.A_log (96,)
AdamW: backbone.layers.4.mixer.D (96,)
Muon : backbone.layers.4.mixer.in_proj.weight (3424, 384)
AdamW: backbone.layers.4.mixer.conv1d.weight (1024, 1, 4)
AdamW: backbone.layers.4.mixer.conv1d.bias (1024,)
AdamW: backbone.layers.4.mixer.norm.weight (768,)
Muon : backbone.layers.4.mixer.out_proj.weight (384, 1536)
AdamW: backbone.layers.4.norm2.weight (384,)
Muon : backbone.layers.4.mlp.fc1.weight (1024, 384)
Muon : backbone.layers.4.mlp.fc2.weight (384, 512)
AdamW: backbone.layers.5.norm.weight (384,)
AdamW: backbone.layers.5.mixer.dt_bias (96,)
AdamW: backbone.layers.5.mixer.A_log (96,)
AdamW: backbone.layers.5.mixer.D (96,)
Muon : backbone.layers.5.mixer.in_proj.weight (3424, 384)
AdamW: backbone.layers.5.mixer.conv1d.weight (1024, 1, 4)
AdamW: backbone.layers.5.mixer.conv1d.bias (1024,)
AdamW: backbone.layers.5.mixer.norm.weight (768,)
Muon : backbone.layers.5.mixer.out_proj.weight (384, 1536)
AdamW: backbone.layers.5.norm2.weight (384,)
Muon : backbone.layers.5.mlp.fc1.weight (1024, 384)
Muon : backbone.layers.5.mlp.fc2.weight (384, 512)
AdamW: backbone.layers.6.norm.weight (384,)
AdamW: backbone.layers.6.mixer.dt_bias (96,)
AdamW: backbone.layers.6.mixer.A_log (96,)
AdamW: backbone.layers.6.mixer.D (96,)
Muon : backbone.layers.6.mixer.in_proj.weight (3424, 384)
AdamW: backbone.layers.6.mixer.conv1d.weight (1024, 1, 4)
AdamW: backbone.layers.6.mixer.conv1d.bias (1024,)
AdamW: backbone.layers.6.mixer.norm.weight (768,)
Muon : backbone.layers.6.mixer.out_proj.weight (384, 1536)
AdamW: backbone.layers.6.norm2.weight (384,)
Muon : backbone.layers.6.mlp.fc1.weight (1024, 384)
Muon : backbone.layers.6.mlp.fc2.weight (384, 512)
AdamW: backbone.layers.7.norm.weight (384,)
AdamW: backbone.layers.7.mixer.dt_bias (96,)
AdamW: backbone.layers.7.mixer.A_log (96,)
AdamW: backbone.layers.7.mixer.D (96,)
Muon : backbone.layers.7.mixer.in_proj.weight (3424, 384)
AdamW: backbone.layers.7.mixer.conv1d.weight (1024, 1, 4)
AdamW: backbone.layers.7.mixer.conv1d.bias (1024,)
AdamW: backbone.layers.7.mixer.norm.weight (768,)
Muon : backbone.layers.7.mixer.out_proj.weight (384, 1536)
AdamW: backbone.layers.7.norm2.weight (384,)
Muon : backbone.layers.7.mlp.fc1.weight (1024, 384)
Muon : backbone.layers.7.mlp.fc2.weight (384, 512)
AdamW: backbone.norm_f.weight (384,)
AdamW: classifier.0.weight (384, 384)
AdamW: classifier.0.bias (384,)
AdamW: classifier.3.weight (4, 384)
AdamW: classifier.3.bias (4,)

Epoch: 1/30 | tr_Loss: 0.2587 | tr_acc: 0.8948 | val_loss: 0.5583 | val_acc: 0.8393 | epoch_time: 10.57s
--- CUDA PROFILE --- (epoch 1, batch 2)
-------------------------------------------------------  ------------  ------------  ------------  ------------  ------------  ------------  ------------  ------------  ------------  ------------  ------------  ------------  ------------  ------------  
                                                   Name    Self CPU %      Self CPU   CPU total %     CPU total  CPU time avg     Self CUDA   Self CUDA %    CUDA total  CUDA time avg       CPU Mem  Self CPU Mem      CUDA Mem  Self CUDA Mem    # of Calls  
-------------------------------------------------------  ------------  ------------  ------------  ------------  ------------  ------------  ------------  ------------  ------------  ------------  ------------  ------------  ------------  ------------  
                 MambaSplitConv1dScanCombinedFnBackward        13.53%      14.959ms        21.89%      24.198ms       3.025ms      46.559ms        45.34%      54.026ms       6.753ms           0 b           0 b       1.20 Gb      -6.91 Gb             8  
                                               aten::mm         5.22%       5.769ms        20.25%      22.384ms      38.003us      31.162ms        30.34%      31.162ms      52.907us           0 b           0 b       3.12 Gb       3.12 Gb           589  
        Optimizer.step#SingleDeviceMuonWithAuxAdam.step         0.00%       0.000us         0.00%       0.000us       0.000us      15.439ms        15.03%      15.439ms      15.439ms           0 b           0 b           0 b           0 b             1  
                         MambaSplitConv1dScanCombinedFn         5.35%       5.913ms         7.99%       8.834ms       1.104ms      11.914ms        11.60%      15.061ms       1.883ms           0 b           0 b     405.35 Mb      -2.45 Gb             8  
sm80_xmma_gemm_f32f32_f32f32_f32_tn_n_tilesize128x12...         0.00%       0.000us         0.00%       0.000us       0.000us       9.688ms         9.43%       9.688ms     403.661us           0 b           0 b           0 b           0 b            24  
                  _chunk_scan_chunk_state_bwd_dx_kernel         0.00%       0.000us         0.00%       0.000us       0.000us       9.523ms         9.27%       9.523ms       1.190ms           0 b           0 b           0 b           0 b             8  
                    _chunk_scan_bwd_ddAcs_stable_kernel         0.00%       0.000us         0.00%       0.000us       0.000us       8.825ms         8.59%       8.825ms       1.103ms           0 b           0 b           0 b           0 b             8  
                                 _chunk_scan_fwd_kernel         0.00%       0.000us         0.00%       0.000us       0.000us       7.970ms         7.76%       7.970ms     996.295us           0 b           0 b           0 b           0 b             8  
                             _chunk_state_bwd_db_kernel         0.00%       0.000us         0.00%       0.000us       0.000us       7.453ms         7.26%       7.453ms     931.611us           0 b           0 b           0 b           0 b             8  
                              _chunk_scan_bwd_dc_kernel         0.00%       0.000us         0.00%       0.000us       0.000us       6.776ms         6.60%       6.776ms     847.015us           0 b           0 b           0 b           0 b             8  
-------------------------------------------------------  ------------  ------------  ------------  ------------  ------------  ------------  ------------  ------------  ------------  ------------  ------------  ------------  ------------  ------------  
Self CPU time total: 110.531ms
Self CUDA time total: 102.695ms


Epoch: 2/30 | tr_Loss: 0.1811 | tr_acc: 0.9291 | val_loss: 0.3997 | val_acc: 0.8690 | epoch_time: 9.22s

Epoch: 3/30 | tr_Loss: 0.1731 | tr_acc: 0.9297 | val_loss: 0.4762 | val_acc: 0.8539 | epoch_time: 9.20s

Epoch: 4/30 | tr_Loss: 0.1718 | tr_acc: 0.9296 | val_loss: 0.5694 | val_acc: 0.8560 | epoch_time: 9.22s

Epoch: 5/30 | tr_Loss: 0.1622 | tr_acc: 0.9333 | val_loss: 0.4164 | val_acc: 0.8708 | epoch_time: 9.22s

Epoch: 6/30 | tr_Loss: 0.1536 | tr_acc: 0.9377 | val_loss: 0.4402 | val_acc: 0.8762 | epoch_time: 9.21s

Epoch: 7/30 | tr_Loss: 0.1481 | tr_acc: 0.9387 | val_loss: 0.4342 | val_acc: 0.8664 | epoch_time: 9.21s

Early stopping at epoch 7 | Best Validation Loss: 0.3997
              precision    recall  f1-score   support

       STAND       0.85      0.87      0.86      1440
        WALK       0.89      0.84      0.86       932
         SIT       0.87      0.89      0.88       847
         LIE       0.96      0.93      0.95       141

    accuracy                           0.87      3360
   macro avg       0.89      0.88      0.89      3360
weighted avg       0.87      0.87      0.87      3360

Peak GPU memory allocatated: 3.65GB

------------------------------------------------------------------------------------------
Test Results:
 Accuracy: 0.89632
 Report:
 {'STAND': {'precision': 0.8915555555555555, 'recall': 0.855072463768116, 'f1-score': 0.8729329852045257, 'support': 1173.0}, 'WALK': {'precision': 0.8801452784503632, 'recall': 0.8573113207547169, 'f1-score': 0.8685782556750299, 'support': 848.0}, 'SIT': {'precision': 0.9069990412272292, 'recall': 0.9732510288065843, 'f1-score': 0.9389578163771712, 'support': 972.0}, 'LIE': {'precision': 0.9541984732824428, 'recall': 0.946969696969697, 'f1-score': 0.9505703422053232, 'support': 132.0}, 'accuracy': 0.89632, 'macro avg': {'precision': 0.9082245871288976, 'recall': 0.9081511275747787, 'f1-score': 0.9077598498655125, 'support': 3125.0}, 'weighted avg': {'precision': 0.8959088413883916, 'recall': 0.89632, 'f1-score': 0.895567051247055, 'support': 3125.0}}
 F1: 0.9077598498655125
 Confusion Matrix:
 [[1003   87   83    0]
 [ 107  727   14    0]
 [  15    5  946    6]
 [   0    7    0  125]]
------------------------------------------------------------------------------------------
Training set class distribution:
{'STAND': 4630, 'WALK': 2563, 'SIT': 2120, 'LIE': 562}
------------------------------------------------------------------------------------------
AdamW: convolutional_input.weight (384, 45, 9)
AdamW: convolutional_input.bias (384,)
AdamW: batch_layer.weight (384,)
AdamW: batch_layer.bias (384,)
Muon : backbone.input_proj.weight (384, 384)
AdamW: backbone.input_proj.bias (384,)
AdamW: backbone.layers.0.norm.weight (384,)
AdamW: backbone.layers.0.mixer.dt_bias (96,)
AdamW: backbone.layers.0.mixer.A_log (96,)
AdamW: backbone.layers.0.mixer.D (96,)
Muon : backbone.layers.0.mixer.in_proj.weight (3424, 384)
AdamW: backbone.layers.0.mixer.conv1d.weight (1024, 1, 4)
AdamW: backbone.layers.0.mixer.conv1d.bias (1024,)
AdamW: backbone.layers.0.mixer.norm.weight (768,)
Muon : backbone.layers.0.mixer.out_proj.weight (384, 1536)
AdamW: backbone.layers.0.norm2.weight (384,)
Muon : backbone.layers.0.mlp.fc1.weight (1024, 384)
Muon : backbone.layers.0.mlp.fc2.weight (384, 512)
AdamW: backbone.layers.1.norm.weight (384,)
AdamW: backbone.layers.1.mixer.dt_bias (96,)
AdamW: backbone.layers.1.mixer.A_log (96,)
AdamW: backbone.layers.1.mixer.D (96,)
Muon : backbone.layers.1.mixer.in_proj.weight (3424, 384)
AdamW: backbone.layers.1.mixer.conv1d.weight (1024, 1, 4)
AdamW: backbone.layers.1.mixer.conv1d.bias (1024,)
AdamW: backbone.layers.1.mixer.norm.weight (768,)
Muon : backbone.layers.1.mixer.out_proj.weight (384, 1536)
AdamW: backbone.layers.1.norm2.weight (384,)
Muon : backbone.layers.1.mlp.fc1.weight (1024, 384)
Muon : backbone.layers.1.mlp.fc2.weight (384, 512)
AdamW: backbone.layers.2.norm.weight (384,)
AdamW: backbone.layers.2.mixer.dt_bias (96,)
AdamW: backbone.layers.2.mixer.A_log (96,)
AdamW: backbone.layers.2.mixer.D (96,)
Muon : backbone.layers.2.mixer.in_proj.weight (3424, 384)
AdamW: backbone.layers.2.mixer.conv1d.weight (1024, 1, 4)
AdamW: backbone.layers.2.mixer.conv1d.bias (1024,)
AdamW: backbone.layers.2.mixer.norm.weight (768,)
Muon : backbone.layers.2.mixer.out_proj.weight (384, 1536)
AdamW: backbone.layers.2.norm2.weight (384,)
Muon : backbone.layers.2.mlp.fc1.weight (1024, 384)
Muon : backbone.layers.2.mlp.fc2.weight (384, 512)
AdamW: backbone.layers.3.norm.weight (384,)
AdamW: backbone.layers.3.mixer.dt_bias (96,)
AdamW: backbone.layers.3.mixer.A_log (96,)
AdamW: backbone.layers.3.mixer.D (96,)
Muon : backbone.layers.3.mixer.in_proj.weight (3424, 384)
AdamW: backbone.layers.3.mixer.conv1d.weight (1024, 1, 4)
AdamW: backbone.layers.3.mixer.conv1d.bias (1024,)
AdamW: backbone.layers.3.mixer.norm.weight (768,)
Muon : backbone.layers.3.mixer.out_proj.weight (384, 1536)
AdamW: backbone.layers.3.norm2.weight (384,)
Muon : backbone.layers.3.mlp.fc1.weight (1024, 384)
Muon : backbone.layers.3.mlp.fc2.weight (384, 512)
AdamW: backbone.layers.4.norm.weight (384,)
AdamW: backbone.layers.4.mixer.dt_bias (96,)
AdamW: backbone.layers.4.mixer.A_log (96,)
AdamW: backbone.layers.4.mixer.D (96,)
Muon : backbone.layers.4.mixer.in_proj.weight (3424, 384)
AdamW: backbone.layers.4.mixer.conv1d.weight (1024, 1, 4)
AdamW: backbone.layers.4.mixer.conv1d.bias (1024,)
AdamW: backbone.layers.4.mixer.norm.weight (768,)
Muon : backbone.layers.4.mixer.out_proj.weight (384, 1536)
AdamW: backbone.layers.4.norm2.weight (384,)
Muon : backbone.layers.4.mlp.fc1.weight (1024, 384)
Muon : backbone.layers.4.mlp.fc2.weight (384, 512)
AdamW: backbone.layers.5.norm.weight (384,)
AdamW: backbone.layers.5.mixer.dt_bias (96,)
AdamW: backbone.layers.5.mixer.A_log (96,)
AdamW: backbone.layers.5.mixer.D (96,)
Muon : backbone.layers.5.mixer.in_proj.weight (3424, 384)
AdamW: backbone.layers.5.mixer.conv1d.weight (1024, 1, 4)
AdamW: backbone.layers.5.mixer.conv1d.bias (1024,)
AdamW: backbone.layers.5.mixer.norm.weight (768,)
Muon : backbone.layers.5.mixer.out_proj.weight (384, 1536)
AdamW: backbone.layers.5.norm2.weight (384,)
Muon : backbone.layers.5.mlp.fc1.weight (1024, 384)
Muon : backbone.layers.5.mlp.fc2.weight (384, 512)
AdamW: backbone.layers.6.norm.weight (384,)
AdamW: backbone.layers.6.mixer.dt_bias (96,)
AdamW: backbone.layers.6.mixer.A_log (96,)
AdamW: backbone.layers.6.mixer.D (96,)
Muon : backbone.layers.6.mixer.in_proj.weight (3424, 384)
AdamW: backbone.layers.6.mixer.conv1d.weight (1024, 1, 4)
AdamW: backbone.layers.6.mixer.conv1d.bias (1024,)
AdamW: backbone.layers.6.mixer.norm.weight (768,)
Muon : backbone.layers.6.mixer.out_proj.weight (384, 1536)
AdamW: backbone.layers.6.norm2.weight (384,)
Muon : backbone.layers.6.mlp.fc1.weight (1024, 384)
Muon : backbone.layers.6.mlp.fc2.weight (384, 512)
AdamW: backbone.layers.7.norm.weight (384,)
AdamW: backbone.layers.7.mixer.dt_bias (96,)
AdamW: backbone.layers.7.mixer.A_log (96,)
AdamW: backbone.layers.7.mixer.D (96,)
Muon : backbone.layers.7.mixer.in_proj.weight (3424, 384)
AdamW: backbone.layers.7.mixer.conv1d.weight (1024, 1, 4)
AdamW: backbone.layers.7.mixer.conv1d.bias (1024,)
AdamW: backbone.layers.7.mixer.norm.weight (768,)
Muon : backbone.layers.7.mixer.out_proj.weight (384, 1536)
AdamW: backbone.layers.7.norm2.weight (384,)
Muon : backbone.layers.7.mlp.fc1.weight (1024, 384)
Muon : backbone.layers.7.mlp.fc2.weight (384, 512)
AdamW: backbone.norm_f.weight (384,)
AdamW: classifier.0.weight (384, 384)
AdamW: classifier.0.bias (384,)
AdamW: classifier.3.weight (4, 384)
AdamW: classifier.3.bias (4,)

Epoch: 1/30 | tr_Loss: 0.2560 | tr_acc: 0.8964 | val_loss: 0.4165 | val_acc: 0.8429 | epoch_time: 10.60s
--- CUDA PROFILE --- (epoch 1, batch 2)
-------------------------------------------------------  ------------  ------------  ------------  ------------  ------------  ------------  ------------  ------------  ------------  ------------  ------------  ------------  ------------  ------------  
                                                   Name    Self CPU %      Self CPU   CPU total %     CPU total  CPU time avg     Self CUDA   Self CUDA %    CUDA total  CUDA time avg       CPU Mem  Self CPU Mem      CUDA Mem  Self CUDA Mem    # of Calls  
-------------------------------------------------------  ------------  ------------  ------------  ------------  ------------  ------------  ------------  ------------  ------------  ------------  ------------  ------------  ------------  ------------  
                 MambaSplitConv1dScanCombinedFnBackward        13.27%      14.709ms        21.44%      23.774ms       2.972ms      46.580ms        45.30%      54.079ms       6.760ms           0 b           0 b       1.20 Gb      -6.90 Gb             8  
                                               aten::mm         5.17%       5.735ms        18.88%      20.932ms      35.537us      31.311ms        30.45%      31.311ms      53.160us           0 b           0 b       3.12 Gb       3.12 Gb           589  
        Optimizer.step#SingleDeviceMuonWithAuxAdam.step         0.00%       0.000us         0.00%       0.000us       0.000us      15.047ms        14.63%      15.047ms      15.047ms           0 b           0 b           0 b           0 b             1  
                         MambaSplitConv1dScanCombinedFn         7.02%       7.784ms        10.68%      11.842ms       1.480ms      11.878ms        11.55%      15.039ms       1.880ms           0 b           0 b     405.35 Mb      -2.48 Gb             8  
sm80_xmma_gemm_f32f32_f32f32_f32_tn_n_tilesize128x12...         0.00%       0.000us         0.00%       0.000us       0.000us       9.762ms         9.49%       9.762ms     406.738us           0 b           0 b           0 b           0 b            24  
                  _chunk_scan_chunk_state_bwd_dx_kernel         0.00%       0.000us         0.00%       0.000us       0.000us       9.528ms         9.27%       9.528ms       1.191ms           0 b           0 b           0 b           0 b             8  
                    _chunk_scan_bwd_ddAcs_stable_kernel         0.00%       0.000us         0.00%       0.000us       0.000us       8.829ms         8.59%       8.829ms       1.104ms           0 b           0 b           0 b           0 b             8  
                                 _chunk_scan_fwd_kernel         0.00%       0.000us         0.00%       0.000us       0.000us       7.939ms         7.72%       7.939ms     992.329us           0 b           0 b           0 b           0 b             8  
                             _chunk_state_bwd_db_kernel         0.00%       0.000us         0.00%       0.000us       0.000us       7.462ms         7.26%       7.462ms     932.765us           0 b           0 b           0 b           0 b             8  
                              _chunk_scan_bwd_dc_kernel         0.00%       0.000us         0.00%       0.000us       0.000us       6.784ms         6.60%       6.784ms     848.001us           0 b           0 b           0 b           0 b             8  
-------------------------------------------------------  ------------  ------------  ------------  ------------  ------------  ------------  ------------  ------------  ------------  ------------  ------------  ------------  ------------  ------------  
Self CPU time total: 110.877ms
Self CUDA time total: 102.818ms


Epoch: 2/30 | tr_Loss: 0.1712 | tr_acc: 0.9302 | val_loss: 0.3430 | val_acc: 0.8765 | epoch_time: 9.23s

Epoch: 3/30 | tr_Loss: 0.1733 | tr_acc: 0.9325 | val_loss: 0.6015 | val_acc: 0.8414 | epoch_time: 9.20s

Epoch: 4/30 | tr_Loss: 0.1647 | tr_acc: 0.9345 | val_loss: 0.5743 | val_acc: 0.8405 | epoch_time: 9.21s

Epoch: 5/30 | tr_Loss: 0.1510 | tr_acc: 0.9397 | val_loss: 0.3568 | val_acc: 0.8881 | epoch_time: 9.19s

Epoch: 6/30 | tr_Loss: 0.1432 | tr_acc: 0.9419 | val_loss: 0.3540 | val_acc: 0.8821 | epoch_time: 9.20s

Epoch: 7/30 | tr_Loss: 0.1397 | tr_acc: 0.9433 | val_loss: 0.5074 | val_acc: 0.8711 | epoch_time: 9.19s

Early stopping at epoch 7 | Best Validation Loss: 0.3430
              precision    recall  f1-score   support

       STAND       0.86      0.88      0.87      1440
        WALK       0.86      0.86      0.86       932
         SIT       0.93      0.86      0.89       847
         LIE       0.91      1.00      0.95       141

    accuracy                           0.88      3360
   macro avg       0.89      0.90      0.89      3360
weighted avg       0.88      0.88      0.88      3360

Peak GPU memory allocatated: 3.64GB

------------------------------------------------------------------------------------------
Test Results:
 Accuracy: 0.91424
 Report:
 {'STAND': {'precision': 0.9235023041474655, 'recall': 0.8542199488491049, 'f1-score': 0.887511071744907, 'support': 1173.0}, 'WALK': {'precision': 0.8569832402234637, 'recall': 0.9044811320754716, 'f1-score': 0.8800917957544464, 'support': 848.0}, 'SIT': {'precision': 0.9503475670307845, 'recall': 0.9845679012345679, 'f1-score': 0.9671551288529561, 'support': 972.0}, 'LIE': {'precision': 0.9492753623188406, 'recall': 0.9924242424242424, 'f1-score': 0.9703703703703703, 'support': 132.0}, 'accuracy': 0.91424, 'macro avg': {'precision': 0.9200271184301385, 'recall': 0.9339233061458467, 'f1-score': 0.9262820916806699, 'support': 3125.0}, 'weighted avg': {'precision': 0.9148902955054349, 'recall': 0.91424, 'f1-score': 0.9137702413089627, 'support': 3125.0}}
 F1: 0.9262820916806699
 Confusion Matrix:
 [[1002  123   45    3]
 [  77  767    4    0]
 [   6    5  957    4]
 [   0    0    1  131]]
------------------------------------------------------------------------------------------
Training set class distribution:
{'STAND': 4630, 'WALK': 2563, 'SIT': 2120, 'LIE': 562}
------------------------------------------------------------------------------------------
AdamW: convolutional_input.weight (384, 45, 9)
AdamW: convolutional_input.bias (384,)
AdamW: batch_layer.weight (384,)
AdamW: batch_layer.bias (384,)
Muon : backbone.input_proj.weight (384, 384)
AdamW: backbone.input_proj.bias (384,)
AdamW: backbone.layers.0.norm.weight (384,)
AdamW: backbone.layers.0.mixer.dt_bias (96,)
AdamW: backbone.layers.0.mixer.A_log (96,)
AdamW: backbone.layers.0.mixer.D (96,)
Muon : backbone.layers.0.mixer.in_proj.weight (3424, 384)
AdamW: backbone.layers.0.mixer.conv1d.weight (1024, 1, 4)
AdamW: backbone.layers.0.mixer.conv1d.bias (1024,)
AdamW: backbone.layers.0.mixer.norm.weight (768,)
Muon : backbone.layers.0.mixer.out_proj.weight (384, 1536)
AdamW: backbone.layers.0.norm2.weight (384,)
Muon : backbone.layers.0.mlp.fc1.weight (1024, 384)
Muon : backbone.layers.0.mlp.fc2.weight (384, 512)
AdamW: backbone.layers.1.norm.weight (384,)
AdamW: backbone.layers.1.mixer.dt_bias (96,)
AdamW: backbone.layers.1.mixer.A_log (96,)
AdamW: backbone.layers.1.mixer.D (96,)
Muon : backbone.layers.1.mixer.in_proj.weight (3424, 384)
AdamW: backbone.layers.1.mixer.conv1d.weight (1024, 1, 4)
AdamW: backbone.layers.1.mixer.conv1d.bias (1024,)
AdamW: backbone.layers.1.mixer.norm.weight (768,)
Muon : backbone.layers.1.mixer.out_proj.weight (384, 1536)
AdamW: backbone.layers.1.norm2.weight (384,)
Muon : backbone.layers.1.mlp.fc1.weight (1024, 384)
Muon : backbone.layers.1.mlp.fc2.weight (384, 512)
AdamW: backbone.layers.2.norm.weight (384,)
AdamW: backbone.layers.2.mixer.dt_bias (96,)
AdamW: backbone.layers.2.mixer.A_log (96,)
AdamW: backbone.layers.2.mixer.D (96,)
Muon : backbone.layers.2.mixer.in_proj.weight (3424, 384)
AdamW: backbone.layers.2.mixer.conv1d.weight (1024, 1, 4)
AdamW: backbone.layers.2.mixer.conv1d.bias (1024,)
AdamW: backbone.layers.2.mixer.norm.weight (768,)
Muon : backbone.layers.2.mixer.out_proj.weight (384, 1536)
AdamW: backbone.layers.2.norm2.weight (384,)
Muon : backbone.layers.2.mlp.fc1.weight (1024, 384)
Muon : backbone.layers.2.mlp.fc2.weight (384, 512)
AdamW: backbone.layers.3.norm.weight (384,)
AdamW: backbone.layers.3.mixer.dt_bias (96,)
AdamW: backbone.layers.3.mixer.A_log (96,)
AdamW: backbone.layers.3.mixer.D (96,)
Muon : backbone.layers.3.mixer.in_proj.weight (3424, 384)
AdamW: backbone.layers.3.mixer.conv1d.weight (1024, 1, 4)
AdamW: backbone.layers.3.mixer.conv1d.bias (1024,)
AdamW: backbone.layers.3.mixer.norm.weight (768,)
Muon : backbone.layers.3.mixer.out_proj.weight (384, 1536)
AdamW: backbone.layers.3.norm2.weight (384,)
Muon : backbone.layers.3.mlp.fc1.weight (1024, 384)
Muon : backbone.layers.3.mlp.fc2.weight (384, 512)
AdamW: backbone.layers.4.norm.weight (384,)
AdamW: backbone.layers.4.mixer.dt_bias (96,)
AdamW: backbone.layers.4.mixer.A_log (96,)
AdamW: backbone.layers.4.mixer.D (96,)
Muon : backbone.layers.4.mixer.in_proj.weight (3424, 384)
AdamW: backbone.layers.4.mixer.conv1d.weight (1024, 1, 4)
AdamW: backbone.layers.4.mixer.conv1d.bias (1024,)
AdamW: backbone.layers.4.mixer.norm.weight (768,)
Muon : backbone.layers.4.mixer.out_proj.weight (384, 1536)
AdamW: backbone.layers.4.norm2.weight (384,)
Muon : backbone.layers.4.mlp.fc1.weight (1024, 384)
Muon : backbone.layers.4.mlp.fc2.weight (384, 512)
AdamW: backbone.layers.5.norm.weight (384,)
AdamW: backbone.layers.5.mixer.dt_bias (96,)
AdamW: backbone.layers.5.mixer.A_log (96,)
AdamW: backbone.layers.5.mixer.D (96,)
Muon : backbone.layers.5.mixer.in_proj.weight (3424, 384)
AdamW: backbone.layers.5.mixer.conv1d.weight (1024, 1, 4)
AdamW: backbone.layers.5.mixer.conv1d.bias (1024,)
AdamW: backbone.layers.5.mixer.norm.weight (768,)
Muon : backbone.layers.5.mixer.out_proj.weight (384, 1536)
AdamW: backbone.layers.5.norm2.weight (384,)
Muon : backbone.layers.5.mlp.fc1.weight (1024, 384)
Muon : backbone.layers.5.mlp.fc2.weight (384, 512)
AdamW: backbone.layers.6.norm.weight (384,)
AdamW: backbone.layers.6.mixer.dt_bias (96,)
AdamW: backbone.layers.6.mixer.A_log (96,)
AdamW: backbone.layers.6.mixer.D (96,)
Muon : backbone.layers.6.mixer.in_proj.weight (3424, 384)
AdamW: backbone.layers.6.mixer.conv1d.weight (1024, 1, 4)
AdamW: backbone.layers.6.mixer.conv1d.bias (1024,)
AdamW: backbone.layers.6.mixer.norm.weight (768,)
Muon : backbone.layers.6.mixer.out_proj.weight (384, 1536)
AdamW: backbone.layers.6.norm2.weight (384,)
Muon : backbone.layers.6.mlp.fc1.weight (1024, 384)
Muon : backbone.layers.6.mlp.fc2.weight (384, 512)
AdamW: backbone.layers.7.norm.weight (384,)
AdamW: backbone.layers.7.mixer.dt_bias (96,)
AdamW: backbone.layers.7.mixer.A_log (96,)
AdamW: backbone.layers.7.mixer.D (96,)
Muon : backbone.layers.7.mixer.in_proj.weight (3424, 384)
AdamW: backbone.layers.7.mixer.conv1d.weight (1024, 1, 4)
AdamW: backbone.layers.7.mixer.conv1d.bias (1024,)
AdamW: backbone.layers.7.mixer.norm.weight (768,)
Muon : backbone.layers.7.mixer.out_proj.weight (384, 1536)
AdamW: backbone.layers.7.norm2.weight (384,)
Muon : backbone.layers.7.mlp.fc1.weight (1024, 384)
Muon : backbone.layers.7.mlp.fc2.weight (384, 512)
AdamW: backbone.norm_f.weight (384,)
AdamW: classifier.0.weight (384, 384)
AdamW: classifier.0.bias (384,)
AdamW: classifier.3.weight (4, 384)
AdamW: classifier.3.bias (4,)

Epoch: 1/30 | tr_Loss: 0.2684 | tr_acc: 0.8915 | val_loss: 0.3340 | val_acc: 0.8851 | epoch_time: 10.59s
--- CUDA PROFILE --- (epoch 1, batch 2)
-------------------------------------------------------  ------------  ------------  ------------  ------------  ------------  ------------  ------------  ------------  ------------  ------------  ------------  ------------  ------------  ------------  
                                                   Name    Self CPU %      Self CPU   CPU total %     CPU total  CPU time avg     Self CUDA   Self CUDA %    CUDA total  CUDA time avg       CPU Mem  Self CPU Mem      CUDA Mem  Self CUDA Mem    # of Calls  
-------------------------------------------------------  ------------  ------------  ------------  ------------  ------------  ------------  ------------  ------------  ------------  ------------  ------------  ------------  ------------  ------------  
                 MambaSplitConv1dScanCombinedFnBackward        13.18%      14.738ms        21.34%      23.862ms       2.983ms      46.565ms        45.34%      54.030ms       6.754ms           0 b           0 b       1.20 Gb      -6.91 Gb             8  
                                               aten::mm         5.07%       5.675ms        20.08%      22.460ms      38.133us      31.232ms        30.41%      31.232ms      53.025us           0 b           0 b       3.12 Gb       3.12 Gb           589  
        Optimizer.step#SingleDeviceMuonWithAuxAdam.step         0.00%       0.000us         0.00%       0.000us       0.000us      15.112ms        14.71%      15.112ms      15.112ms           0 b           0 b           0 b           0 b             1  
                         MambaSplitConv1dScanCombinedFn         4.89%       5.473ms         7.80%       8.724ms       1.091ms      11.883ms        11.57%      15.041ms       1.880ms           0 b           0 b     405.35 Mb      -2.45 Gb             8  
sm80_xmma_gemm_f32f32_f32f32_f32_tn_n_tilesize128x12...         0.00%       0.000us         0.00%       0.000us       0.000us       9.748ms         9.49%       9.748ms     406.159us           0 b           0 b           0 b           0 b            24  
                  _chunk_scan_chunk_state_bwd_dx_kernel         0.00%       0.000us         0.00%       0.000us       0.000us       9.528ms         9.28%       9.528ms       1.191ms           0 b           0 b           0 b           0 b             8  
                    _chunk_scan_bwd_ddAcs_stable_kernel         0.00%       0.000us         0.00%       0.000us       0.000us       8.832ms         8.60%       8.832ms       1.104ms           0 b           0 b           0 b           0 b             8  
                                 _chunk_scan_fwd_kernel         0.00%       0.000us         0.00%       0.000us       0.000us       7.939ms         7.73%       7.939ms     992.357us           0 b           0 b           0 b           0 b             8  
                             _chunk_state_bwd_db_kernel         0.00%       0.000us         0.00%       0.000us       0.000us       7.459ms         7.26%       7.459ms     932.417us           0 b           0 b           0 b           0 b             8  
                              _chunk_scan_bwd_dc_kernel         0.00%       0.000us         0.00%       0.000us       0.000us       6.771ms         6.59%       6.771ms     846.412us           0 b           0 b           0 b           0 b             8  
-------------------------------------------------------  ------------  ------------  ------------  ------------  ------------  ------------  ------------  ------------  ------------  ------------  ------------  ------------  ------------  ------------  
Self CPU time total: 111.835ms
Self CUDA time total: 102.705ms


Epoch: 2/30 | tr_Loss: 0.1818 | tr_acc: 0.9258 | val_loss: 0.4060 | val_acc: 0.8836 | epoch_time: 9.22s

Epoch: 3/30 | tr_Loss: 0.1683 | tr_acc: 0.9335 | val_loss: 0.5637 | val_acc: 0.8589 | epoch_time: 9.24s

Epoch: 4/30 | tr_Loss: 0.1633 | tr_acc: 0.9317 | val_loss: 0.5156 | val_acc: 0.8667 | epoch_time: 9.22s

Epoch: 5/30 | tr_Loss: 0.1535 | tr_acc: 0.9367 | val_loss: 0.5710 | val_acc: 0.8741 | epoch_time: 9.21s

Epoch: 6/30 | tr_Loss: 0.1532 | tr_acc: 0.9372 | val_loss: 0.5664 | val_acc: 0.8399 | epoch_time: 9.22s

Early stopping at epoch 6 | Best Validation Loss: 0.3340
              precision    recall  f1-score   support

       STAND       0.88      0.86      0.87      1440
        WALK       0.88      0.85      0.87       932
         SIT       0.89      0.95      0.91       847
         LIE       0.95      0.99      0.97       141

    accuracy                           0.89      3360
   macro avg       0.90      0.91      0.91      3360
weighted avg       0.88      0.89      0.88      3360

Peak GPU memory allocatated: 3.64GB

------------------------------------------------------------------------------------------
Test Results:
 Accuracy: 0.90496
 Report:
 {'STAND': {'precision': 0.8976660682226212, 'recall': 0.8525149190110827, 'f1-score': 0.8745080891998251, 'support': 1173.0}, 'WALK': {'precision': 0.8514739229024944, 'recall': 0.8856132075471698, 'f1-score': 0.8682080924855491, 'support': 848.0}, 'SIT': {'precision': 0.9555555555555556, 'recall': 0.9732510288065843, 'f1-score': 0.9643221202854231, 'support': 972.0}, 'LIE': {'precision': 0.9424460431654677, 'recall': 0.9924242424242424, 'f1-score': 0.966789667896679, 'support': 132.0}, 'accuracy': 0.90496, 'macro avg': {'precision': 0.9117853974615346, 'recall': 0.9259508494472697, 'f1-score': 0.9184569924668691, 'support': 3125.0}, 'weighted avg': {'precision': 0.9050288199501734, 'recall': 0.90496, 'f1-score': 0.9046322522044586, 'support': 3125.0}}
 F1: 0.9184569924668691
 Confusion Matrix:
 [[1000  129   40    4]
 [  93  751    4    0]
 [  21    1  946    4]
 [   0    1    0  131]]
------------------------------------------------------------------------------------------
Training set class distribution:
{'STAND': 4630, 'WALK': 2563, 'SIT': 2120, 'LIE': 562}
------------------------------------------------------------------------------------------
AdamW: convolutional_input.weight (384, 45, 9)
AdamW: convolutional_input.bias (384,)
AdamW: batch_layer.weight (384,)
AdamW: batch_layer.bias (384,)
Muon : backbone.input_proj.weight (384, 384)
AdamW: backbone.input_proj.bias (384,)
AdamW: backbone.layers.0.norm.weight (384,)
AdamW: backbone.layers.0.mixer.dt_bias (96,)
AdamW: backbone.layers.0.mixer.A_log (96,)
AdamW: backbone.layers.0.mixer.D (96,)
Muon : backbone.layers.0.mixer.in_proj.weight (3424, 384)
AdamW: backbone.layers.0.mixer.conv1d.weight (1024, 1, 4)
AdamW: backbone.layers.0.mixer.conv1d.bias (1024,)
AdamW: backbone.layers.0.mixer.norm.weight (768,)
Muon : backbone.layers.0.mixer.out_proj.weight (384, 1536)
AdamW: backbone.layers.0.norm2.weight (384,)
Muon : backbone.layers.0.mlp.fc1.weight (1024, 384)
Muon : backbone.layers.0.mlp.fc2.weight (384, 512)
AdamW: backbone.layers.1.norm.weight (384,)
AdamW: backbone.layers.1.mixer.dt_bias (96,)
AdamW: backbone.layers.1.mixer.A_log (96,)
AdamW: backbone.layers.1.mixer.D (96,)
Muon : backbone.layers.1.mixer.in_proj.weight (3424, 384)
AdamW: backbone.layers.1.mixer.conv1d.weight (1024, 1, 4)
AdamW: backbone.layers.1.mixer.conv1d.bias (1024,)
AdamW: backbone.layers.1.mixer.norm.weight (768,)
Muon : backbone.layers.1.mixer.out_proj.weight (384, 1536)
AdamW: backbone.layers.1.norm2.weight (384,)
Muon : backbone.layers.1.mlp.fc1.weight (1024, 384)
Muon : backbone.layers.1.mlp.fc2.weight (384, 512)
AdamW: backbone.layers.2.norm.weight (384,)
AdamW: backbone.layers.2.mixer.dt_bias (96,)
AdamW: backbone.layers.2.mixer.A_log (96,)
AdamW: backbone.layers.2.mixer.D (96,)
Muon : backbone.layers.2.mixer.in_proj.weight (3424, 384)
AdamW: backbone.layers.2.mixer.conv1d.weight (1024, 1, 4)
AdamW: backbone.layers.2.mixer.conv1d.bias (1024,)
AdamW: backbone.layers.2.mixer.norm.weight (768,)
Muon : backbone.layers.2.mixer.out_proj.weight (384, 1536)
AdamW: backbone.layers.2.norm2.weight (384,)
Muon : backbone.layers.2.mlp.fc1.weight (1024, 384)
Muon : backbone.layers.2.mlp.fc2.weight (384, 512)
AdamW: backbone.layers.3.norm.weight (384,)
AdamW: backbone.layers.3.mixer.dt_bias (96,)
AdamW: backbone.layers.3.mixer.A_log (96,)
AdamW: backbone.layers.3.mixer.D (96,)
Muon : backbone.layers.3.mixer.in_proj.weight (3424, 384)
AdamW: backbone.layers.3.mixer.conv1d.weight (1024, 1, 4)
AdamW: backbone.layers.3.mixer.conv1d.bias (1024,)
AdamW: backbone.layers.3.mixer.norm.weight (768,)
Muon : backbone.layers.3.mixer.out_proj.weight (384, 1536)
AdamW: backbone.layers.3.norm2.weight (384,)
Muon : backbone.layers.3.mlp.fc1.weight (1024, 384)
Muon : backbone.layers.3.mlp.fc2.weight (384, 512)
AdamW: backbone.layers.4.norm.weight (384,)
AdamW: backbone.layers.4.mixer.dt_bias (96,)
AdamW: backbone.layers.4.mixer.A_log (96,)
AdamW: backbone.layers.4.mixer.D (96,)
Muon : backbone.layers.4.mixer.in_proj.weight (3424, 384)
AdamW: backbone.layers.4.mixer.conv1d.weight (1024, 1, 4)
AdamW: backbone.layers.4.mixer.conv1d.bias (1024,)
AdamW: backbone.layers.4.mixer.norm.weight (768,)
Muon : backbone.layers.4.mixer.out_proj.weight (384, 1536)
AdamW: backbone.layers.4.norm2.weight (384,)
Muon : backbone.layers.4.mlp.fc1.weight (1024, 384)
Muon : backbone.layers.4.mlp.fc2.weight (384, 512)
AdamW: backbone.layers.5.norm.weight (384,)
AdamW: backbone.layers.5.mixer.dt_bias (96,)
AdamW: backbone.layers.5.mixer.A_log (96,)
AdamW: backbone.layers.5.mixer.D (96,)
Muon : backbone.layers.5.mixer.in_proj.weight (3424, 384)
AdamW: backbone.layers.5.mixer.conv1d.weight (1024, 1, 4)
AdamW: backbone.layers.5.mixer.conv1d.bias (1024,)
AdamW: backbone.layers.5.mixer.norm.weight (768,)
Muon : backbone.layers.5.mixer.out_proj.weight (384, 1536)
AdamW: backbone.layers.5.norm2.weight (384,)
Muon : backbone.layers.5.mlp.fc1.weight (1024, 384)
Muon : backbone.layers.5.mlp.fc2.weight (384, 512)
AdamW: backbone.layers.6.norm.weight (384,)
AdamW: backbone.layers.6.mixer.dt_bias (96,)
AdamW: backbone.layers.6.mixer.A_log (96,)
AdamW: backbone.layers.6.mixer.D (96,)
Muon : backbone.layers.6.mixer.in_proj.weight (3424, 384)
AdamW: backbone.layers.6.mixer.conv1d.weight (1024, 1, 4)
AdamW: backbone.layers.6.mixer.conv1d.bias (1024,)
AdamW: backbone.layers.6.mixer.norm.weight (768,)
Muon : backbone.layers.6.mixer.out_proj.weight (384, 1536)
AdamW: backbone.layers.6.norm2.weight (384,)
Muon : backbone.layers.6.mlp.fc1.weight (1024, 384)
Muon : backbone.layers.6.mlp.fc2.weight (384, 512)
AdamW: backbone.layers.7.norm.weight (384,)
AdamW: backbone.layers.7.mixer.dt_bias (96,)
AdamW: backbone.layers.7.mixer.A_log (96,)
AdamW: backbone.layers.7.mixer.D (96,)
Muon : backbone.layers.7.mixer.in_proj.weight (3424, 384)
AdamW: backbone.layers.7.mixer.conv1d.weight (1024, 1, 4)
AdamW: backbone.layers.7.mixer.conv1d.bias (1024,)
AdamW: backbone.layers.7.mixer.norm.weight (768,)
Muon : backbone.layers.7.mixer.out_proj.weight (384, 1536)
AdamW: backbone.layers.7.norm2.weight (384,)
Muon : backbone.layers.7.mlp.fc1.weight (1024, 384)
Muon : backbone.layers.7.mlp.fc2.weight (384, 512)
AdamW: backbone.norm_f.weight (384,)
AdamW: classifier.0.weight (384, 384)
AdamW: classifier.0.bias (384,)
AdamW: classifier.3.weight (4, 384)
AdamW: classifier.3.bias (4,)

Epoch: 1/30 | tr_Loss: 0.2670 | tr_acc: 0.8910 | val_loss: 0.4438 | val_acc: 0.8765 | epoch_time: 10.64s
--- CUDA PROFILE --- (epoch 1, batch 2)
-------------------------------------------------------  ------------  ------------  ------------  ------------  ------------  ------------  ------------  ------------  ------------  ------------  ------------  ------------  ------------  ------------  
                                                   Name    Self CPU %      Self CPU   CPU total %     CPU total  CPU time avg     Self CUDA   Self CUDA %    CUDA total  CUDA time avg       CPU Mem  Self CPU Mem      CUDA Mem  Self CUDA Mem    # of Calls  
-------------------------------------------------------  ------------  ------------  ------------  ------------  ------------  ------------  ------------  ------------  ------------  ------------  ------------  ------------  ------------  ------------  
                 MambaSplitConv1dScanCombinedFnBackward        12.88%      14.604ms        20.89%      23.683ms       2.960ms      47.220ms        45.28%      54.877ms       6.860ms           0 b           0 b       1.20 Gb      -6.90 Gb             8  
                                               aten::mm         4.91%       5.564ms        20.05%      22.726ms      38.584us      31.993ms        30.68%      31.993ms      54.318us           0 b           0 b       3.13 Gb       3.13 Gb           589  
        Optimizer.step#SingleDeviceMuonWithAuxAdam.step         0.00%       0.000us         0.00%       0.000us       0.000us      15.320ms        14.69%      15.320ms      15.320ms           0 b           0 b           0 b           0 b             1  
                         MambaSplitConv1dScanCombinedFn         4.81%       5.450ms         7.60%       8.616ms       1.077ms      11.884ms        11.40%      15.078ms       1.885ms           0 b           0 b     405.35 Mb      -2.44 Gb             8  
sm80_xmma_gemm_f32f32_f32f32_f32_tn_n_tilesize128x12...         0.00%       0.000us         0.00%       0.000us       0.000us       9.860ms         9.46%       9.860ms     410.836us           0 b           0 b           0 b           0 b            24  
                  _chunk_scan_chunk_state_bwd_dx_kernel         0.00%       0.000us         0.00%       0.000us       0.000us       9.648ms         9.25%       9.648ms       1.206ms           0 b           0 b           0 b           0 b             8  
                    _chunk_scan_bwd_ddAcs_stable_kernel         0.00%       0.000us         0.00%       0.000us       0.000us       8.956ms         8.59%       8.956ms       1.120ms           0 b           0 b           0 b           0 b             8  
                                 _chunk_scan_fwd_kernel         0.00%       0.000us         0.00%       0.000us       0.000us       7.951ms         7.62%       7.951ms     993.833us           0 b           0 b           0 b           0 b             8  
                             _chunk_state_bwd_db_kernel         0.00%       0.000us         0.00%       0.000us       0.000us       7.571ms         7.26%       7.571ms     946.373us           0 b           0 b           0 b           0 b             8  
                              _chunk_scan_bwd_dc_kernel         0.00%       0.000us         0.00%       0.000us       0.000us       6.876ms         6.59%       6.876ms     859.441us           0 b           0 b           0 b           0 b             8  
-------------------------------------------------------  ------------  ------------  ------------  ------------  ------------  ------------  ------------  ------------  ------------  ------------  ------------  ------------  ------------  ------------  
Self CPU time total: 113.373ms
Self CUDA time total: 104.282ms


Epoch: 2/30 | tr_Loss: 0.1821 | tr_acc: 0.9277 | val_loss: 0.5235 | val_acc: 0.8464 | epoch_time: 9.22s

Epoch: 3/30 | tr_Loss: 0.1726 | tr_acc: 0.9306 | val_loss: 0.4448 | val_acc: 0.8515 | epoch_time: 9.22s

Epoch: 4/30 | tr_Loss: 0.1657 | tr_acc: 0.9317 | val_loss: 0.4252 | val_acc: 0.8795 | epoch_time: 9.21s

Epoch: 5/30 | tr_Loss: 0.1592 | tr_acc: 0.9351 | val_loss: 0.4669 | val_acc: 0.8744 | epoch_time: 9.22s

Epoch: 6/30 | tr_Loss: 0.1544 | tr_acc: 0.9379 | val_loss: 0.6941 | val_acc: 0.8351 | epoch_time: 9.22s

Epoch: 7/30 | tr_Loss: 0.1410 | tr_acc: 0.9401 | val_loss: 0.5149 | val_acc: 0.8765 | epoch_time: 9.22s

Epoch: 8/30 | tr_Loss: 0.1269 | tr_acc: 0.9484 | val_loss: 0.5705 | val_acc: 0.8601 | epoch_time: 9.21s

Epoch: 9/30 | tr_Loss: 0.1193 | tr_acc: 0.9515 | val_loss: 0.4962 | val_acc: 0.8783 | epoch_time: 9.22s

Early stopping at epoch 9 | Best Validation Loss: 0.4252
              precision    recall  f1-score   support

       STAND       0.81      0.95      0.87      1440
        WALK       0.93      0.79      0.85       932
         SIT       0.97      0.84      0.90       847
         LIE       0.96      1.00      0.98       141

    accuracy                           0.88      3360
   macro avg       0.92      0.89      0.90      3360
weighted avg       0.89      0.88      0.88      3360

Peak GPU memory allocatated: 3.64GB

------------------------------------------------------------------------------------------
Test Results:
 Accuracy: 0.92352
 Report:
 {'STAND': {'precision': 0.876984126984127, 'recall': 0.9420289855072463, 'f1-score': 0.9083436087135224, 'support': 1173.0}, 'WALK': {'precision': 0.9349269588313412, 'recall': 0.8301886792452831, 'f1-score': 0.8794503435352904, 'support': 848.0}, 'SIT': {'precision': 0.9762396694214877, 'recall': 0.9722222222222222, 'f1-score': 0.9742268041237113, 'support': 972.0}, 'LIE': {'precision': 0.9166666666666666, 'recall': 1.0, 'f1-score': 0.9565217391304348, 'support': 132.0}, 'accuracy': 0.92352, 'macro avg': {'precision': 0.9262043554759056, 'recall': 0.9361099717436879, 'f1-score': 0.9296356238757397, 'support': 3125.0}, 'weighted avg': {'precision': 0.9252561282300942, 'recall': 0.92352, 'f1-score': 0.9230304856039528, 'support': 3125.0}}
 F1: 0.9296356238757397
 Confusion Matrix:
 [[1105   45   20    3]
 [ 139  704    3    2]
 [  16    4  945    7]
 [   0    0    0  132]]
Total wall time:9min 21s
