Job started on gpu032.orc.gmu.edu
CUDA_VISIBLE_DEVICES=0
Sat May 30 20:55:58 2026       
+-----------------------------------------------------------------------------------------+
| NVIDIA-SMI 590.48.01              Driver Version: 590.48.01      CUDA Version: 13.1     |
+-----------------------------------------+------------------------+----------------------+
| GPU  Name                 Persistence-M | Bus-Id          Disp.A | Volatile Uncorr. ECC |
| Fan  Temp   Perf          Pwr:Usage/Cap |           Memory-Usage | GPU-Util  Compute M. |
|                                         |                        |               MIG M. |
|=========================================+========================+======================|
|   0  NVIDIA H100 80GB HBM3          On  |   00000000:4E:00.0 Off |                    0 |
| N/A   23C    P0             68W /  700W |       0MiB /  81559MiB |      0%      Default |
|                                         |                        |             Disabled |
+-----------------------------------------+------------------------+----------------------+

+-----------------------------------------------------------------------------------------+
| Processes:                                                                              |
|  GPU   GI   CI              PID   Type   Process name                        GPU Memory |
|        ID   ID                                                               Usage      |
|=========================================================================================|
|  No running processes found                                                             |
+-----------------------------------------------------------------------------------------+
Mamba version: 2.3.0
Path: /home/kmercad/myenv/lib/python3.10/site-packages/mamba_ssm/modules/mamba2.py
------------------------------------------------------------------------------------------
Raw training set shape: (376092, 251)
Validation training set shape: (88848, 251)
Raw test set shape: (179695, 251)
------------------------------------------------------------------------------------------
Sensor subset training shape: (295149, 47)
Sensor Validation training shape: (67434, 47)
Sensor Test training shape: (134613, 47)
----------------------------------------------------------------------
Rows containing NaNs - training: 4953
Rows containing NaNs - validation: 0
Rows containing NaNs - test: 0
------------------------------------------------------------------------------------------
Training shape after NaN removal: (290196, 47)
Validation shape after NaN removal: (67434, 47)
Test shape after NaN removal: (134613, 47)
------------------------------------------------------------------------------------------
Reindexed training shape: (290196, 47)
Reindexed validation shape: (67434, 47)
Reindexed test shape: (134613, 47)


Descriptive statistics for ACC channels (DEVICE_1) - training set
                   0              1              2
count  290196.000000  290196.000000  290196.000000
mean     -823.016179    -119.869698     304.485627
std       270.438157     249.979563     314.402613
min     -1896.000000   -1271.000000   -1198.000000
25%      -974.000000    -228.000000     116.000000
50%      -923.000000    -122.000000     279.000000
75%      -795.000000     -14.000000     466.000000
max       614.000000    1815.000000    1417.000000

Descriptive statistics for GYRO channels (DEVICE_1) - training set
                   3              4              5
count  290196.000000  290196.000000  290196.000000
mean      -43.163207     -16.201064       8.669899
std       599.759777     322.772360     266.831851
min     -4502.000000   -3092.000000   -2293.000000
25%      -237.000000    -105.000000     -79.000000
50%       -18.000000      -7.000000       1.000000
75%       146.000000      75.000000      94.000000
max      4504.000000    3370.000000    2231.000000

Descriptive statistics for MAG channels (DEVICE_1) - training set
                   6              7              8
count  290196.000000  290196.000000  290196.000000
mean      388.133306      70.751351      45.451071
std       344.236008     327.662515     496.886415
min      -929.000000   -1038.000000   -1246.000000
25%       318.000000    -166.000000    -446.000000
50%       469.000000     101.000000     147.000000
75%       560.000000     268.000000     500.000000
max      1531.000000    1047.000000    1225.000000
------------------------------------------------------------------------------------------


Descriptive statistics for ACC channels (DEVICE_1) - training set
                   0             1              2
count  290196.000000  290196.00000  290196.000000
mean       -0.823016      -0.11987       0.304486
std         0.270438       0.24998       0.314403
min        -1.896000      -1.27100      -1.198000
25%        -0.974000      -0.22800       0.116000
50%        -0.923000      -0.12200       0.279000
75%        -0.795000      -0.01400       0.466000
max         0.614000       1.81500       1.417000

Descriptive statistics for scaled GYRO channels (DEVICE_1) - training set
                   3              4              5
count  290196.000000  290196.000000  290196.000000
mean       -0.043163      -0.016201       0.008670
std         0.599760       0.322772       0.266832
min        -4.502000      -3.092000      -2.293000
25%        -0.237000      -0.105000      -0.079000
50%        -0.018000      -0.007000       0.001000
75%         0.146000       0.075000       0.094000
max         4.504000       3.370000       2.231000

Descriptive statistics for normalized MAG channels (DEVICE_1) - training set
                   6              7              8
count  290196.000000  290196.000000  290196.000000
mean        0.512513       0.078772       0.061891
std         0.401707       0.415946       0.626831
min        -0.941527      -0.991281      -0.999993
25%         0.425456      -0.224111      -0.565882
50%         0.639552       0.129886       0.198900
75%         0.765385       0.330236       0.654344
max         0.999999       0.990997       0.999770
--------------------STRATIY VAL/TEST--------------------
Validation GROUPS
group_id
S1-ADL4    24851
S2-ADL5    22969
S3-ADL5    20648
S4-ADL5    23817
Name: count, dtype: int64
Test GROUPS
group_id
S1-ADL1    37507
S1-ADL2    24510
S1-ADL3    25305
S1-ADL5    22440
Name: count, dtype: int64 


 Validation Split Label Proportion
45
1    0.435575
2    0.285561
4    0.229149
5    0.049716
Name: proportion, dtype: float64
Test Split Label Proportion
45
1    0.476476
2    0.221643
4    0.256008
5    0.045872
Name: proportion, dtype: float64

------------------------------ TRAIN ACC/GYRO after StandardScaler ------------------------------
global mean: -0.000000
global std : 1.000000
max |channel mean| : 0.000000
median |channel mean| : 0.000000
channel std range : [1.000000, 1.000000]

------------------------------ VAL ACC/GYRO after StandardScaler ------------------------------
global mean: -0.004966
global std : 1.020127
max |channel mean| : 0.261901
median |channel mean| : 0.021645
channel std range : [0.918437, 1.136469]

------------------------------ TEST ACC/GYRO after StandardScaler ------------------------------
global mean: 0.015366
global std : 0.964757
max |channel mean| : 0.900994
median |channel mean| : 0.025740
channel std range : [0.678974, 1.129884]
------------------------------------------------------------------------------------------
Training features: (290196, 46) | Training labels: (290196,)
Validation features: (92285, 46) | Validation labels: (92285,)
Test features: (109762, 46), Test labels: (109762,)

------------------------------ TRAIN MAG after window demeaning ------------------------------
max |window mean|  : 2.072917e-07
mean |window mean| : 2.316569e-08
channel global mean range : [-4.493903e-10, 3.340211e-10]
channel std range         : [0.131286, 0.230231]

------------------------------ VAL MAG after window demeaning ------------------------------
max |window mean|  : 2.112654e-07
mean |window mean| : 2.296102e-08
channel global mean range : [-1.295171e-09, 1.012635e-09]
channel std range         : [0.135073, 0.241445]

------------------------------ TEST MAG after window demeaning ------------------------------
max |window mean|  : 1.947085e-07
mean |window mean| : 2.323360e-08
channel global mean range : [-5.950485e-10, 4.664948e-10]
channel std range         : [0.109610, 0.227086]

TRAIN window label distribution
label 1: 4195 (0.4350)
label 2: 2640 (0.2737)
label 4: 2295 (0.2380)
label 5: 514 (0.0533)

VAL window label distribution
label 1: 1304 (0.4253)
label 2: 906 (0.2955)
label 4: 704 (0.2296)
label 5: 152 (0.0496)

TEST window label distribution
label 1: 1744 (0.4778)
label 2: 797 (0.2184)
label 4: 940 (0.2575)
label 5: 169 (0.0463)
------------------------------------------------------------------------------------------
Training (windows): (9644, 90, 45). Training Labels: (9644,)
Validation (windows): (3066, 90, 45). Validation Labels: (3066,)
Test (windows): (3650, 90, 45). Test Labels: (3650,)
------------------------------------------------------------------------------------------
Training set class distribution:
{'STAND': 4195, 'WALK': 2640, 'SIT': 2295, 'LIE': 514}
------------------------------------------------------------------------------------------
AdamW: convolutional_input.weight (384, 45, 9)
AdamW: convolutional_input.bias (384,)
AdamW: batch_layer.weight (384,)
AdamW: batch_layer.bias (384,)
Muon : backbone.input_proj.weight (384, 384)
AdamW: backbone.input_proj.bias (384,)
AdamW: backbone.layers.0.norm.weight (384,)
AdamW: backbone.layers.0.mixer.dt_bias (96,)
AdamW: backbone.layers.0.mixer.A_log (96,)
AdamW: backbone.layers.0.mixer.D (96,)
Muon : backbone.layers.0.mixer.in_proj.weight (3424, 384)
AdamW: backbone.layers.0.mixer.conv1d.weight (1024, 1, 4)
AdamW: backbone.layers.0.mixer.conv1d.bias (1024,)
AdamW: backbone.layers.0.mixer.norm.weight (768,)
Muon : backbone.layers.0.mixer.out_proj.weight (384, 1536)
AdamW: backbone.layers.0.norm2.weight (384,)
Muon : backbone.layers.0.mlp.fc1.weight (1024, 384)
Muon : backbone.layers.0.mlp.fc2.weight (384, 512)
AdamW: backbone.layers.1.norm.weight (384,)
AdamW: backbone.layers.1.mixer.dt_bias (96,)
AdamW: backbone.layers.1.mixer.A_log (96,)
AdamW: backbone.layers.1.mixer.D (96,)
Muon : backbone.layers.1.mixer.in_proj.weight (3424, 384)
AdamW: backbone.layers.1.mixer.conv1d.weight (1024, 1, 4)
AdamW: backbone.layers.1.mixer.conv1d.bias (1024,)
AdamW: backbone.layers.1.mixer.norm.weight (768,)
Muon : backbone.layers.1.mixer.out_proj.weight (384, 1536)
AdamW: backbone.layers.1.norm2.weight (384,)
Muon : backbone.layers.1.mlp.fc1.weight (1024, 384)
Muon : backbone.layers.1.mlp.fc2.weight (384, 512)
AdamW: backbone.layers.2.norm.weight (384,)
AdamW: backbone.layers.2.mixer.dt_bias (96,)
AdamW: backbone.layers.2.mixer.A_log (96,)
AdamW: backbone.layers.2.mixer.D (96,)
Muon : backbone.layers.2.mixer.in_proj.weight (3424, 384)
AdamW: backbone.layers.2.mixer.conv1d.weight (1024, 1, 4)
AdamW: backbone.layers.2.mixer.conv1d.bias (1024,)
AdamW: backbone.layers.2.mixer.norm.weight (768,)
Muon : backbone.layers.2.mixer.out_proj.weight (384, 1536)
AdamW: backbone.layers.2.norm2.weight (384,)
Muon : backbone.layers.2.mlp.fc1.weight (1024, 384)
Muon : backbone.layers.2.mlp.fc2.weight (384, 512)
AdamW: backbone.layers.3.norm.weight (384,)
AdamW: backbone.layers.3.mixer.dt_bias (96,)
AdamW: backbone.layers.3.mixer.A_log (96,)
AdamW: backbone.layers.3.mixer.D (96,)
Muon : backbone.layers.3.mixer.in_proj.weight (3424, 384)
AdamW: backbone.layers.3.mixer.conv1d.weight (1024, 1, 4)
AdamW: backbone.layers.3.mixer.conv1d.bias (1024,)
AdamW: backbone.layers.3.mixer.norm.weight (768,)
Muon : backbone.layers.3.mixer.out_proj.weight (384, 1536)
AdamW: backbone.layers.3.norm2.weight (384,)
Muon : backbone.layers.3.mlp.fc1.weight (1024, 384)
Muon : backbone.layers.3.mlp.fc2.weight (384, 512)
AdamW: backbone.layers.4.norm.weight (384,)
AdamW: backbone.layers.4.mixer.dt_bias (96,)
AdamW: backbone.layers.4.mixer.A_log (96,)
AdamW: backbone.layers.4.mixer.D (96,)
Muon : backbone.layers.4.mixer.in_proj.weight (3424, 384)
AdamW: backbone.layers.4.mixer.conv1d.weight (1024, 1, 4)
AdamW: backbone.layers.4.mixer.conv1d.bias (1024,)
AdamW: backbone.layers.4.mixer.norm.weight (768,)
Muon : backbone.layers.4.mixer.out_proj.weight (384, 1536)
AdamW: backbone.layers.4.norm2.weight (384,)
Muon : backbone.layers.4.mlp.fc1.weight (1024, 384)
Muon : backbone.layers.4.mlp.fc2.weight (384, 512)
AdamW: backbone.layers.5.norm.weight (384,)
AdamW: backbone.layers.5.mixer.dt_bias (96,)
AdamW: backbone.layers.5.mixer.A_log (96,)
AdamW: backbone.layers.5.mixer.D (96,)
Muon : backbone.layers.5.mixer.in_proj.weight (3424, 384)
AdamW: backbone.layers.5.mixer.conv1d.weight (1024, 1, 4)
AdamW: backbone.layers.5.mixer.conv1d.bias (1024,)
AdamW: backbone.layers.5.mixer.norm.weight (768,)
Muon : backbone.layers.5.mixer.out_proj.weight (384, 1536)
AdamW: backbone.layers.5.norm2.weight (384,)
Muon : backbone.layers.5.mlp.fc1.weight (1024, 384)
Muon : backbone.layers.5.mlp.fc2.weight (384, 512)
AdamW: backbone.layers.6.norm.weight (384,)
AdamW: backbone.layers.6.mixer.dt_bias (96,)
AdamW: backbone.layers.6.mixer.A_log (96,)
AdamW: backbone.layers.6.mixer.D (96,)
Muon : backbone.layers.6.mixer.in_proj.weight (3424, 384)
AdamW: backbone.layers.6.mixer.conv1d.weight (1024, 1, 4)
AdamW: backbone.layers.6.mixer.conv1d.bias (1024,)
AdamW: backbone.layers.6.mixer.norm.weight (768,)
Muon : backbone.layers.6.mixer.out_proj.weight (384, 1536)
AdamW: backbone.layers.6.norm2.weight (384,)
Muon : backbone.layers.6.mlp.fc1.weight (1024, 384)
Muon : backbone.layers.6.mlp.fc2.weight (384, 512)
AdamW: backbone.layers.7.norm.weight (384,)
AdamW: backbone.layers.7.mixer.dt_bias (96,)
AdamW: backbone.layers.7.mixer.A_log (96,)
AdamW: backbone.layers.7.mixer.D (96,)
Muon : backbone.layers.7.mixer.in_proj.weight (3424, 384)
AdamW: backbone.layers.7.mixer.conv1d.weight (1024, 1, 4)
AdamW: backbone.layers.7.mixer.conv1d.bias (1024,)
AdamW: backbone.layers.7.mixer.norm.weight (768,)
Muon : backbone.layers.7.mixer.out_proj.weight (384, 1536)
AdamW: backbone.layers.7.norm2.weight (384,)
Muon : backbone.layers.7.mlp.fc1.weight (1024, 384)
Muon : backbone.layers.7.mlp.fc2.weight (384, 512)
AdamW: backbone.norm_f.weight (384,)
AdamW: classifier.0.weight (384, 384)
AdamW: classifier.0.bias (384,)
AdamW: classifier.3.weight (4, 384)
AdamW: classifier.3.bias (4,)

Epoch: 1/30 | tr_Loss: 0.2866 | tr_acc: 0.8860 | val_loss: 0.2338 | val_acc: 0.9005 | epoch_time: 41.51s
--- CUDA PROFILE --- (epoch 1, batch 2)
-------------------------------------------------------  ------------  ------------  ------------  ------------  ------------  ------------  ------------  ------------  ------------  ------------  ------------  ------------  ------------  ------------  
                                                   Name    Self CPU %      Self CPU   CPU total %     CPU total  CPU time avg     Self CUDA   Self CUDA %    CUDA total  CUDA time avg       CPU Mem  Self CPU Mem      CUDA Mem  Self CUDA Mem    # of Calls  
-------------------------------------------------------  ------------  ------------  ------------  ------------  ------------  ------------  ------------  ------------  ------------  ------------  ------------  ------------  ------------  ------------  
                 MambaSplitConv1dScanCombinedFnBackward        13.01%      16.142ms        20.61%      25.571ms       3.196ms      47.163ms        45.16%      54.797ms       6.850ms           0 b           0 b       1.20 Gb      -6.90 Gb             8  
                                               aten::mm         4.51%       5.599ms        14.43%      17.903ms      30.395us      32.063ms        30.70%      32.063ms      54.436us           0 b           0 b       3.13 Gb       3.13 Gb           589  
        Optimizer.step#SingleDeviceMuonWithAuxAdam.step         0.00%       0.000us         0.00%       0.000us       0.000us      14.799ms        14.17%      14.799ms      14.799ms           0 b           0 b           0 b           0 b             1  
                         MambaSplitConv1dScanCombinedFn         4.72%       5.857ms         7.08%       8.782ms       1.098ms      12.041ms        11.53%      15.263ms       1.908ms           0 b           0 b     405.35 Mb      -2.44 Gb             8  
sm80_xmma_gemm_f32f32_f32f32_f32_tn_n_tilesize128x12...         0.00%       0.000us         0.00%       0.000us       0.000us       9.984ms         9.56%       9.984ms     416.005us           0 b           0 b           0 b           0 b            24  
                  _chunk_scan_chunk_state_bwd_dx_kernel         0.00%       0.000us         0.00%       0.000us       0.000us       9.657ms         9.25%       9.657ms       1.207ms           0 b           0 b           0 b           0 b             8  
                    _chunk_scan_bwd_ddAcs_stable_kernel         0.00%       0.000us         0.00%       0.000us       0.000us       8.944ms         8.57%       8.944ms       1.118ms           0 b           0 b           0 b           0 b             8  
                                 _chunk_scan_fwd_kernel         0.00%       0.000us         0.00%       0.000us       0.000us       8.066ms         7.72%       8.066ms       1.008ms           0 b           0 b           0 b           0 b             8  
                             _chunk_state_bwd_db_kernel         0.00%       0.000us         0.00%       0.000us       0.000us       7.525ms         7.21%       7.525ms     940.606us           0 b           0 b           0 b           0 b             8  
                              _chunk_scan_bwd_dc_kernel         0.00%       0.000us         0.00%       0.000us       0.000us       6.886ms         6.59%       6.886ms     860.729us           0 b           0 b           0 b           0 b             8  
-------------------------------------------------------  ------------  ------------  ------------  ------------  ------------  ------------  ------------  ------------  ------------  ------------  ------------  ------------  ------------  ------------  
Self CPU time total: 124.058ms
Self CUDA time total: 104.425ms


Epoch: 2/30 | tr_Loss: 0.1985 | tr_acc: 0.9202 | val_loss: 0.2197 | val_acc: 0.9100 | epoch_time: 8.92s

Epoch: 3/30 | tr_Loss: 0.1902 | tr_acc: 0.9247 | val_loss: 0.1810 | val_acc: 0.9279 | epoch_time: 8.93s

Epoch: 4/30 | tr_Loss: 0.1770 | tr_acc: 0.9252 | val_loss: 0.1911 | val_acc: 0.9198 | epoch_time: 8.93s

Epoch: 5/30 | tr_Loss: 0.1706 | tr_acc: 0.9294 | val_loss: 0.1947 | val_acc: 0.9152 | epoch_time: 8.92s

Epoch: 6/30 | tr_Loss: 0.1634 | tr_acc: 0.9339 | val_loss: 0.2008 | val_acc: 0.9181 | epoch_time: 8.91s

Epoch: 7/30 | tr_Loss: 0.1516 | tr_acc: 0.9391 | val_loss: 0.1813 | val_acc: 0.9269 | epoch_time: 8.90s

Epoch: 8/30 | tr_Loss: 0.1363 | tr_acc: 0.9439 | val_loss: 0.2015 | val_acc: 0.9188 | epoch_time: 8.92s

Early stopping at epoch 8 | Best Validation Loss: 0.1810
              precision    recall  f1-score   support

       STAND       0.92      0.92      0.92      1304
        WALK       0.89      0.88      0.89       906
         SIT       0.98      0.99      0.99       704
         LIE       0.99      0.99      0.99       152

    accuracy                           0.93      3066
   macro avg       0.94      0.95      0.95      3066
weighted avg       0.93      0.93      0.93      3066

Peak GPU memory allocatated: 3.79GB

------------------------------------------------------------------------------------------
Test Results:
 Accuracy: 0.9326027397260274
 Report:
 {'STAND': {'precision': 0.943952802359882, 'recall': 0.9174311926605505, 'f1-score': 0.9305030532131433, 'support': 1744.0}, 'WALK': {'precision': 0.8672350791717418, 'recall': 0.8933500627352572, 'f1-score': 0.8800988875154512, 'support': 797.0}, 'SIT': {'precision': 0.9584631360332295, 'recall': 0.9819148936170212, 'f1-score': 0.9700472937467157, 'support': 940.0}, 'LIE': {'precision': 0.9883040935672515, 'recall': 1.0, 'f1-score': 0.9941176470588236, 'support': 169.0}, 'accuracy': 0.9326027397260274, 'macro avg': {'precision': 0.9394887777830262, 'recall': 0.9481740372532073, 'f1-score': 0.9436917203835334, 'support': 3650.0}, 'weighted avg': {'precision': 0.9329914479724969, 'recall': 0.9326027397260274, 'f1-score': 0.9326264319529838, 'support': 3650.0}}
 F1: 0.9436917203835334
 Confusion Matrix:
 [[1600  105   38    1]
 [  82  712    2    1]
 [  13    4  923    0]
 [   0    0    0  169]]
------------------------------------------------------------------------------------------
Training set class distribution:
{'STAND': 4195, 'WALK': 2640, 'SIT': 2295, 'LIE': 514}
------------------------------------------------------------------------------------------
AdamW: convolutional_input.weight (384, 45, 9)
AdamW: convolutional_input.bias (384,)
AdamW: batch_layer.weight (384,)
AdamW: batch_layer.bias (384,)
Muon : backbone.input_proj.weight (384, 384)
AdamW: backbone.input_proj.bias (384,)
AdamW: backbone.layers.0.norm.weight (384,)
AdamW: backbone.layers.0.mixer.dt_bias (96,)
AdamW: backbone.layers.0.mixer.A_log (96,)
AdamW: backbone.layers.0.mixer.D (96,)
Muon : backbone.layers.0.mixer.in_proj.weight (3424, 384)
AdamW: backbone.layers.0.mixer.conv1d.weight (1024, 1, 4)
AdamW: backbone.layers.0.mixer.conv1d.bias (1024,)
AdamW: backbone.layers.0.mixer.norm.weight (768,)
Muon : backbone.layers.0.mixer.out_proj.weight (384, 1536)
AdamW: backbone.layers.0.norm2.weight (384,)
Muon : backbone.layers.0.mlp.fc1.weight (1024, 384)
Muon : backbone.layers.0.mlp.fc2.weight (384, 512)
AdamW: backbone.layers.1.norm.weight (384,)
AdamW: backbone.layers.1.mixer.dt_bias (96,)
AdamW: backbone.layers.1.mixer.A_log (96,)
AdamW: backbone.layers.1.mixer.D (96,)
Muon : backbone.layers.1.mixer.in_proj.weight (3424, 384)
AdamW: backbone.layers.1.mixer.conv1d.weight (1024, 1, 4)
AdamW: backbone.layers.1.mixer.conv1d.bias (1024,)
AdamW: backbone.layers.1.mixer.norm.weight (768,)
Muon : backbone.layers.1.mixer.out_proj.weight (384, 1536)
AdamW: backbone.layers.1.norm2.weight (384,)
Muon : backbone.layers.1.mlp.fc1.weight (1024, 384)
Muon : backbone.layers.1.mlp.fc2.weight (384, 512)
AdamW: backbone.layers.2.norm.weight (384,)
AdamW: backbone.layers.2.mixer.dt_bias (96,)
AdamW: backbone.layers.2.mixer.A_log (96,)
AdamW: backbone.layers.2.mixer.D (96,)
Muon : backbone.layers.2.mixer.in_proj.weight (3424, 384)
AdamW: backbone.layers.2.mixer.conv1d.weight (1024, 1, 4)
AdamW: backbone.layers.2.mixer.conv1d.bias (1024,)
AdamW: backbone.layers.2.mixer.norm.weight (768,)
Muon : backbone.layers.2.mixer.out_proj.weight (384, 1536)
AdamW: backbone.layers.2.norm2.weight (384,)
Muon : backbone.layers.2.mlp.fc1.weight (1024, 384)
Muon : backbone.layers.2.mlp.fc2.weight (384, 512)
AdamW: backbone.layers.3.norm.weight (384,)
AdamW: backbone.layers.3.mixer.dt_bias (96,)
AdamW: backbone.layers.3.mixer.A_log (96,)
AdamW: backbone.layers.3.mixer.D (96,)
Muon : backbone.layers.3.mixer.in_proj.weight (3424, 384)
AdamW: backbone.layers.3.mixer.conv1d.weight (1024, 1, 4)
AdamW: backbone.layers.3.mixer.conv1d.bias (1024,)
AdamW: backbone.layers.3.mixer.norm.weight (768,)
Muon : backbone.layers.3.mixer.out_proj.weight (384, 1536)
AdamW: backbone.layers.3.norm2.weight (384,)
Muon : backbone.layers.3.mlp.fc1.weight (1024, 384)
Muon : backbone.layers.3.mlp.fc2.weight (384, 512)
AdamW: backbone.layers.4.norm.weight (384,)
AdamW: backbone.layers.4.mixer.dt_bias (96,)
AdamW: backbone.layers.4.mixer.A_log (96,)
AdamW: backbone.layers.4.mixer.D (96,)
Muon : backbone.layers.4.mixer.in_proj.weight (3424, 384)
AdamW: backbone.layers.4.mixer.conv1d.weight (1024, 1, 4)
AdamW: backbone.layers.4.mixer.conv1d.bias (1024,)
AdamW: backbone.layers.4.mixer.norm.weight (768,)
Muon : backbone.layers.4.mixer.out_proj.weight (384, 1536)
AdamW: backbone.layers.4.norm2.weight (384,)
Muon : backbone.layers.4.mlp.fc1.weight (1024, 384)
Muon : backbone.layers.4.mlp.fc2.weight (384, 512)
AdamW: backbone.layers.5.norm.weight (384,)
AdamW: backbone.layers.5.mixer.dt_bias (96,)
AdamW: backbone.layers.5.mixer.A_log (96,)
AdamW: backbone.layers.5.mixer.D (96,)
Muon : backbone.layers.5.mixer.in_proj.weight (3424, 384)
AdamW: backbone.layers.5.mixer.conv1d.weight (1024, 1, 4)
AdamW: backbone.layers.5.mixer.conv1d.bias (1024,)
AdamW: backbone.layers.5.mixer.norm.weight (768,)
Muon : backbone.layers.5.mixer.out_proj.weight (384, 1536)
AdamW: backbone.layers.5.norm2.weight (384,)
Muon : backbone.layers.5.mlp.fc1.weight (1024, 384)
Muon : backbone.layers.5.mlp.fc2.weight (384, 512)
AdamW: backbone.layers.6.norm.weight (384,)
AdamW: backbone.layers.6.mixer.dt_bias (96,)
AdamW: backbone.layers.6.mixer.A_log (96,)
AdamW: backbone.layers.6.mixer.D (96,)
Muon : backbone.layers.6.mixer.in_proj.weight (3424, 384)
AdamW: backbone.layers.6.mixer.conv1d.weight (1024, 1, 4)
AdamW: backbone.layers.6.mixer.conv1d.bias (1024,)
AdamW: backbone.layers.6.mixer.norm.weight (768,)
Muon : backbone.layers.6.mixer.out_proj.weight (384, 1536)
AdamW: backbone.layers.6.norm2.weight (384,)
Muon : backbone.layers.6.mlp.fc1.weight (1024, 384)
Muon : backbone.layers.6.mlp.fc2.weight (384, 512)
AdamW: backbone.layers.7.norm.weight (384,)
AdamW: backbone.layers.7.mixer.dt_bias (96,)
AdamW: backbone.layers.7.mixer.A_log (96,)
AdamW: backbone.layers.7.mixer.D (96,)
Muon : backbone.layers.7.mixer.in_proj.weight (3424, 384)
AdamW: backbone.layers.7.mixer.conv1d.weight (1024, 1, 4)
AdamW: backbone.layers.7.mixer.conv1d.bias (1024,)
AdamW: backbone.layers.7.mixer.norm.weight (768,)
Muon : backbone.layers.7.mixer.out_proj.weight (384, 1536)
AdamW: backbone.layers.7.norm2.weight (384,)
Muon : backbone.layers.7.mlp.fc1.weight (1024, 384)
Muon : backbone.layers.7.mlp.fc2.weight (384, 512)
AdamW: backbone.norm_f.weight (384,)
AdamW: classifier.0.weight (384, 384)
AdamW: classifier.0.bias (384,)
AdamW: classifier.3.weight (4, 384)
AdamW: classifier.3.bias (4,)

Epoch: 1/30 | tr_Loss: 0.2831 | tr_acc: 0.8858 | val_loss: 0.2119 | val_acc: 0.9142 | epoch_time: 10.19s
--- CUDA PROFILE --- (epoch 1, batch 2)
-------------------------------------------------------  ------------  ------------  ------------  ------------  ------------  ------------  ------------  ------------  ------------  ------------  ------------  ------------  ------------  ------------  
                                                   Name    Self CPU %      Self CPU   CPU total %     CPU total  CPU time avg     Self CUDA   Self CUDA %    CUDA total  CUDA time avg       CPU Mem  Self CPU Mem      CUDA Mem  Self CUDA Mem    # of Calls  
-------------------------------------------------------  ------------  ------------  ------------  ------------  ------------  ------------  ------------  ------------  ------------  ------------  ------------  ------------  ------------  ------------  
                 MambaSplitConv1dScanCombinedFnBackward        20.41%      22.248ms        32.47%      35.392ms       4.424ms      46.406ms        45.24%      53.863ms       6.733ms           0 b           0 b       1.20 Gb      -6.90 Gb             8  
                                               aten::mm         5.50%       6.000ms        15.13%      16.492ms      28.001us      31.277ms        30.49%      31.277ms      53.102us           0 b           0 b       3.14 Gb       3.14 Gb           589  
        Optimizer.step#SingleDeviceMuonWithAuxAdam.step         0.00%       0.000us         0.00%       0.000us       0.000us      14.892ms        14.52%      14.892ms      14.892ms           0 b           0 b           0 b           0 b             1  
                         MambaSplitConv1dScanCombinedFn         5.06%       5.513ms         7.64%       8.332ms       1.041ms      11.911ms        11.61%      15.103ms       1.888ms           0 b           0 b     405.35 Mb      -2.44 Gb             8  
sm80_xmma_gemm_f32f32_f32f32_f32_tn_n_tilesize128x12...         0.00%       0.000us         0.00%       0.000us       0.000us       9.858ms         9.61%       9.858ms     410.747us           0 b           0 b           0 b           0 b            24  
                  _chunk_scan_chunk_state_bwd_dx_kernel         0.00%       0.000us         0.00%       0.000us       0.000us       9.487ms         9.25%       9.487ms       1.186ms           0 b           0 b           0 b           0 b             8  
                    _chunk_scan_bwd_ddAcs_stable_kernel         0.00%       0.000us         0.00%       0.000us       0.000us       8.794ms         8.57%       8.794ms       1.099ms           0 b           0 b           0 b           0 b             8  
                                 _chunk_scan_fwd_kernel         0.00%       0.000us         0.00%       0.000us       0.000us       7.974ms         7.77%       7.974ms     996.780us           0 b           0 b           0 b           0 b             8  
                             _chunk_state_bwd_db_kernel         0.00%       0.000us         0.00%       0.000us       0.000us       7.435ms         7.25%       7.435ms     929.352us           0 b           0 b           0 b           0 b             8  
                              _chunk_scan_bwd_dc_kernel         0.00%       0.000us         0.00%       0.000us       0.000us       6.758ms         6.59%       6.758ms     844.804us           0 b           0 b           0 b           0 b             8  
-------------------------------------------------------  ------------  ------------  ------------  ------------  ------------  ------------  ------------  ------------  ------------  ------------  ------------  ------------  ------------  ------------  
Self CPU time total: 108.987ms
Self CUDA time total: 102.576ms


Epoch: 2/30 | tr_Loss: 0.2036 | tr_acc: 0.9184 | val_loss: 0.2089 | val_acc: 0.9145 | epoch_time: 8.93s

Epoch: 3/30 | tr_Loss: 0.1785 | tr_acc: 0.9272 | val_loss: 0.1890 | val_acc: 0.9211 | epoch_time: 8.91s

Epoch: 4/30 | tr_Loss: 0.1740 | tr_acc: 0.9296 | val_loss: 0.1941 | val_acc: 0.9194 | epoch_time: 8.91s

Epoch: 5/30 | tr_Loss: 0.1673 | tr_acc: 0.9319 | val_loss: 0.2125 | val_acc: 0.9165 | epoch_time: 8.92s

Epoch: 6/30 | tr_Loss: 0.1542 | tr_acc: 0.9372 | val_loss: 0.2347 | val_acc: 0.9119 | epoch_time: 8.93s

Epoch: 7/30 | tr_Loss: 0.1433 | tr_acc: 0.9429 | val_loss: 0.2017 | val_acc: 0.9240 | epoch_time: 8.93s

Epoch: 8/30 | tr_Loss: 0.1259 | tr_acc: 0.9502 | val_loss: 0.2072 | val_acc: 0.9211 | epoch_time: 8.92s

Early stopping at epoch 8 | Best Validation Loss: 0.1890
              precision    recall  f1-score   support

       STAND       0.91      0.91      0.91      1304
        WALK       0.88      0.88      0.88       906
         SIT       0.97      0.99      0.98       704
         LIE       0.98      0.98      0.98       152

    accuracy                           0.92      3066
   macro avg       0.94      0.94      0.94      3066
weighted avg       0.92      0.92      0.92      3066

Peak GPU memory allocatated: 3.65GB

------------------------------------------------------------------------------------------
Test Results:
 Accuracy: 0.9175342465753424
 Report:
 {'STAND': {'precision': 0.9437652811735942, 'recall': 0.8853211009174312, 'f1-score': 0.9136094674556213, 'support': 1744.0}, 'WALK': {'precision': 0.8693528693528694, 'recall': 0.8933500627352572, 'f1-score': 0.8811881188118812, 'support': 797.0}, 'SIT': {'precision': 0.90234375, 'recall': 0.9829787234042553, 'f1-score': 0.9409368635437881, 'support': 940.0}, 'LIE': {'precision': 0.9883040935672515, 'recall': 1.0, 'f1-score': 0.9941176470588236, 'support': 169.0}, 'accuracy': 0.9175342465753424, 'macro avg': {'precision': 0.9259414985234288, 'recall': 0.9404124717642359, 'f1-score': 0.9324630242175286, 'support': 3650.0}, 'weighted avg': {'precision': 0.9189116175490002, 'recall': 0.9175342465753424, 'f1-score': 0.9172954454848699, 'support': 3650.0}}
 F1: 0.9324630242175286
 Confusion Matrix:
 [[1544  106   94    0]
 [  77  712    6    2]
 [  15    1  924    0]
 [   0    0    0  169]]
------------------------------------------------------------------------------------------
Training set class distribution:
{'STAND': 4195, 'WALK': 2640, 'SIT': 2295, 'LIE': 514}
------------------------------------------------------------------------------------------
AdamW: convolutional_input.weight (384, 45, 9)
AdamW: convolutional_input.bias (384,)
AdamW: batch_layer.weight (384,)
AdamW: batch_layer.bias (384,)
Muon : backbone.input_proj.weight (384, 384)
AdamW: backbone.input_proj.bias (384,)
AdamW: backbone.layers.0.norm.weight (384,)
AdamW: backbone.layers.0.mixer.dt_bias (96,)
AdamW: backbone.layers.0.mixer.A_log (96,)
AdamW: backbone.layers.0.mixer.D (96,)
Muon : backbone.layers.0.mixer.in_proj.weight (3424, 384)
AdamW: backbone.layers.0.mixer.conv1d.weight (1024, 1, 4)
AdamW: backbone.layers.0.mixer.conv1d.bias (1024,)
AdamW: backbone.layers.0.mixer.norm.weight (768,)
Muon : backbone.layers.0.mixer.out_proj.weight (384, 1536)
AdamW: backbone.layers.0.norm2.weight (384,)
Muon : backbone.layers.0.mlp.fc1.weight (1024, 384)
Muon : backbone.layers.0.mlp.fc2.weight (384, 512)
AdamW: backbone.layers.1.norm.weight (384,)
AdamW: backbone.layers.1.mixer.dt_bias (96,)
AdamW: backbone.layers.1.mixer.A_log (96,)
AdamW: backbone.layers.1.mixer.D (96,)
Muon : backbone.layers.1.mixer.in_proj.weight (3424, 384)
AdamW: backbone.layers.1.mixer.conv1d.weight (1024, 1, 4)
AdamW: backbone.layers.1.mixer.conv1d.bias (1024,)
AdamW: backbone.layers.1.mixer.norm.weight (768,)
Muon : backbone.layers.1.mixer.out_proj.weight (384, 1536)
AdamW: backbone.layers.1.norm2.weight (384,)
Muon : backbone.layers.1.mlp.fc1.weight (1024, 384)
Muon : backbone.layers.1.mlp.fc2.weight (384, 512)
AdamW: backbone.layers.2.norm.weight (384,)
AdamW: backbone.layers.2.mixer.dt_bias (96,)
AdamW: backbone.layers.2.mixer.A_log (96,)
AdamW: backbone.layers.2.mixer.D (96,)
Muon : backbone.layers.2.mixer.in_proj.weight (3424, 384)
AdamW: backbone.layers.2.mixer.conv1d.weight (1024, 1, 4)
AdamW: backbone.layers.2.mixer.conv1d.bias (1024,)
AdamW: backbone.layers.2.mixer.norm.weight (768,)
Muon : backbone.layers.2.mixer.out_proj.weight (384, 1536)
AdamW: backbone.layers.2.norm2.weight (384,)
Muon : backbone.layers.2.mlp.fc1.weight (1024, 384)
Muon : backbone.layers.2.mlp.fc2.weight (384, 512)
AdamW: backbone.layers.3.norm.weight (384,)
AdamW: backbone.layers.3.mixer.dt_bias (96,)
AdamW: backbone.layers.3.mixer.A_log (96,)
AdamW: backbone.layers.3.mixer.D (96,)
Muon : backbone.layers.3.mixer.in_proj.weight (3424, 384)
AdamW: backbone.layers.3.mixer.conv1d.weight (1024, 1, 4)
AdamW: backbone.layers.3.mixer.conv1d.bias (1024,)
AdamW: backbone.layers.3.mixer.norm.weight (768,)
Muon : backbone.layers.3.mixer.out_proj.weight (384, 1536)
AdamW: backbone.layers.3.norm2.weight (384,)
Muon : backbone.layers.3.mlp.fc1.weight (1024, 384)
Muon : backbone.layers.3.mlp.fc2.weight (384, 512)
AdamW: backbone.layers.4.norm.weight (384,)
AdamW: backbone.layers.4.mixer.dt_bias (96,)
AdamW: backbone.layers.4.mixer.A_log (96,)
AdamW: backbone.layers.4.mixer.D (96,)
Muon : backbone.layers.4.mixer.in_proj.weight (3424, 384)
AdamW: backbone.layers.4.mixer.conv1d.weight (1024, 1, 4)
AdamW: backbone.layers.4.mixer.conv1d.bias (1024,)
AdamW: backbone.layers.4.mixer.norm.weight (768,)
Muon : backbone.layers.4.mixer.out_proj.weight (384, 1536)
AdamW: backbone.layers.4.norm2.weight (384,)
Muon : backbone.layers.4.mlp.fc1.weight (1024, 384)
Muon : backbone.layers.4.mlp.fc2.weight (384, 512)
AdamW: backbone.layers.5.norm.weight (384,)
AdamW: backbone.layers.5.mixer.dt_bias (96,)
AdamW: backbone.layers.5.mixer.A_log (96,)
AdamW: backbone.layers.5.mixer.D (96,)
Muon : backbone.layers.5.mixer.in_proj.weight (3424, 384)
AdamW: backbone.layers.5.mixer.conv1d.weight (1024, 1, 4)
AdamW: backbone.layers.5.mixer.conv1d.bias (1024,)
AdamW: backbone.layers.5.mixer.norm.weight (768,)
Muon : backbone.layers.5.mixer.out_proj.weight (384, 1536)
AdamW: backbone.layers.5.norm2.weight (384,)
Muon : backbone.layers.5.mlp.fc1.weight (1024, 384)
Muon : backbone.layers.5.mlp.fc2.weight (384, 512)
AdamW: backbone.layers.6.norm.weight (384,)
AdamW: backbone.layers.6.mixer.dt_bias (96,)
AdamW: backbone.layers.6.mixer.A_log (96,)
AdamW: backbone.layers.6.mixer.D (96,)
Muon : backbone.layers.6.mixer.in_proj.weight (3424, 384)
AdamW: backbone.layers.6.mixer.conv1d.weight (1024, 1, 4)
AdamW: backbone.layers.6.mixer.conv1d.bias (1024,)
AdamW: backbone.layers.6.mixer.norm.weight (768,)
Muon : backbone.layers.6.mixer.out_proj.weight (384, 1536)
AdamW: backbone.layers.6.norm2.weight (384,)
Muon : backbone.layers.6.mlp.fc1.weight (1024, 384)
Muon : backbone.layers.6.mlp.fc2.weight (384, 512)
AdamW: backbone.layers.7.norm.weight (384,)
AdamW: backbone.layers.7.mixer.dt_bias (96,)
AdamW: backbone.layers.7.mixer.A_log (96,)
AdamW: backbone.layers.7.mixer.D (96,)
Muon : backbone.layers.7.mixer.in_proj.weight (3424, 384)
AdamW: backbone.layers.7.mixer.conv1d.weight (1024, 1, 4)
AdamW: backbone.layers.7.mixer.conv1d.bias (1024,)
AdamW: backbone.layers.7.mixer.norm.weight (768,)
Muon : backbone.layers.7.mixer.out_proj.weight (384, 1536)
AdamW: backbone.layers.7.norm2.weight (384,)
Muon : backbone.layers.7.mlp.fc1.weight (1024, 384)
Muon : backbone.layers.7.mlp.fc2.weight (384, 512)
AdamW: backbone.norm_f.weight (384,)
AdamW: classifier.0.weight (384, 384)
AdamW: classifier.0.bias (384,)
AdamW: classifier.3.weight (4, 384)
AdamW: classifier.3.bias (4,)

Epoch: 1/30 | tr_Loss: 0.2904 | tr_acc: 0.8844 | val_loss: 0.2208 | val_acc: 0.9048 | epoch_time: 10.36s
--- CUDA PROFILE --- (epoch 1, batch 2)
-------------------------------------------------------  ------------  ------------  ------------  ------------  ------------  ------------  ------------  ------------  ------------  ------------  ------------  ------------  ------------  ------------  
                                                   Name    Self CPU %      Self CPU   CPU total %     CPU total  CPU time avg     Self CUDA   Self CUDA %    CUDA total  CUDA time avg       CPU Mem  Self CPU Mem      CUDA Mem  Self CUDA Mem    # of Calls  
-------------------------------------------------------  ------------  ------------  ------------  ------------  ------------  ------------  ------------  ------------  ------------  ------------  ------------  ------------  ------------  ------------  
                 MambaSplitConv1dScanCombinedFnBackward        13.12%      14.505ms        21.22%      23.471ms       2.934ms      46.722ms        45.19%      54.286ms       6.786ms           0 b           0 b       1.20 Gb      -6.91 Gb             8  
                                               aten::mm         5.08%       5.616ms        20.51%      22.682ms      38.510us      31.638ms        30.60%      31.638ms      53.715us           0 b           0 b       3.11 Gb       3.11 Gb           589  
        Optimizer.step#SingleDeviceMuonWithAuxAdam.step         0.00%       0.000us         0.00%       0.000us       0.000us      15.440ms        14.93%      15.440ms      15.440ms           0 b           0 b           0 b           0 b             1  
                         MambaSplitConv1dScanCombinedFn         4.96%       5.480ms         7.69%       8.502ms       1.063ms      11.920ms        11.53%      15.095ms       1.887ms           0 b           0 b     405.35 Mb      -2.45 Gb             8  
sm80_xmma_gemm_f32f32_f32f32_f32_tn_n_tilesize128x12...         0.00%       0.000us         0.00%       0.000us       0.000us       9.790ms         9.47%       9.790ms     407.928us           0 b           0 b           0 b           0 b            24  
                  _chunk_scan_chunk_state_bwd_dx_kernel         0.00%       0.000us         0.00%       0.000us       0.000us       9.549ms         9.24%       9.549ms       1.194ms           0 b           0 b           0 b           0 b             8  
                    _chunk_scan_bwd_ddAcs_stable_kernel         0.00%       0.000us         0.00%       0.000us       0.000us       8.856ms         8.57%       8.856ms       1.107ms           0 b           0 b           0 b           0 b             8  
                                 _chunk_scan_fwd_kernel         0.00%       0.000us         0.00%       0.000us       0.000us       7.976ms         7.71%       7.976ms     996.953us           0 b           0 b           0 b           0 b             8  
                             _chunk_state_bwd_db_kernel         0.00%       0.000us         0.00%       0.000us       0.000us       7.492ms         7.25%       7.492ms     936.485us           0 b           0 b           0 b           0 b             8  
                              _chunk_scan_bwd_dc_kernel         0.00%       0.000us         0.00%       0.000us       0.000us       6.803ms         6.58%       6.803ms     850.345us           0 b           0 b           0 b           0 b             8  
-------------------------------------------------------  ------------  ------------  ------------  ------------  ------------  ------------  ------------  ------------  ------------  ------------  ------------  ------------  ------------  ------------  
Self CPU time total: 110.581ms
Self CUDA time total: 103.397ms


Epoch: 2/30 | tr_Loss: 0.1934 | tr_acc: 0.9224 | val_loss: 0.2043 | val_acc: 0.9142 | epoch_time: 8.93s

Epoch: 3/30 | tr_Loss: 0.1801 | tr_acc: 0.9286 | val_loss: 0.3968 | val_acc: 0.8754 | epoch_time: 8.93s

Epoch: 4/30 | tr_Loss: 0.1753 | tr_acc: 0.9298 | val_loss: 0.2401 | val_acc: 0.9048 | epoch_time: 8.92s

Epoch: 5/30 | tr_Loss: 0.1684 | tr_acc: 0.9306 | val_loss: 0.2839 | val_acc: 0.8973 | epoch_time: 8.92s

Epoch: 6/30 | tr_Loss: 0.1643 | tr_acc: 0.9361 | val_loss: 0.2174 | val_acc: 0.9168 | epoch_time: 8.93s

Epoch: 7/30 | tr_Loss: 0.1494 | tr_acc: 0.9397 | val_loss: 0.2264 | val_acc: 0.9155 | epoch_time: 8.92s

Early stopping at epoch 7 | Best Validation Loss: 0.2043
              precision    recall  f1-score   support

       STAND       0.92      0.88      0.90      1304
        WALK       0.85      0.91      0.88       906
         SIT       0.98      0.97      0.98       704
         LIE       0.95      1.00      0.97       152

    accuracy                           0.91      3066
   macro avg       0.93      0.94      0.93      3066
weighted avg       0.92      0.91      0.91      3066

Peak GPU memory allocatated: 3.64GB

------------------------------------------------------------------------------------------
Test Results:
 Accuracy: 0.918082191780822
 Report:
 {'STAND': {'precision': 0.9300533491404861, 'recall': 0.8996559633027523, 'f1-score': 0.9146021568055961, 'support': 1744.0}, 'WALK': {'precision': 0.823394495412844, 'recall': 0.9008782936010038, 'f1-score': 0.8603954463750749, 'support': 797.0}, 'SIT': {'precision': 0.9728260869565217, 'recall': 0.9521276595744681, 'f1-score': 0.9623655913978495, 'support': 940.0}, 'LIE': {'precision': 0.9883040935672515, 'recall': 1.0, 'f1-score': 0.9941176470588236, 'support': 169.0}, 'accuracy': 0.918082191780822, 'macro avg': {'precision': 0.9286445062692759, 'recall': 0.9381654791195561, 'f1-score': 0.932870210409336, 'support': 3650.0}, 'weighted avg': {'precision': 0.9204762650128878, 'recall': 0.918082191780822, 'f1-score': 0.9187481836977572, 'support': 3650.0}}
 F1: 0.932870210409336
 Confusion Matrix:
 [[1569  150   25    0]
 [  77  718    0    2]
 [  41    4  895    0]
 [   0    0    0  169]]
------------------------------------------------------------------------------------------
Training set class distribution:
{'STAND': 4195, 'WALK': 2640, 'SIT': 2295, 'LIE': 514}
------------------------------------------------------------------------------------------
AdamW: convolutional_input.weight (384, 45, 9)
AdamW: convolutional_input.bias (384,)
AdamW: batch_layer.weight (384,)
AdamW: batch_layer.bias (384,)
Muon : backbone.input_proj.weight (384, 384)
AdamW: backbone.input_proj.bias (384,)
AdamW: backbone.layers.0.norm.weight (384,)
AdamW: backbone.layers.0.mixer.dt_bias (96,)
AdamW: backbone.layers.0.mixer.A_log (96,)
AdamW: backbone.layers.0.mixer.D (96,)
Muon : backbone.layers.0.mixer.in_proj.weight (3424, 384)
AdamW: backbone.layers.0.mixer.conv1d.weight (1024, 1, 4)
AdamW: backbone.layers.0.mixer.conv1d.bias (1024,)
AdamW: backbone.layers.0.mixer.norm.weight (768,)
Muon : backbone.layers.0.mixer.out_proj.weight (384, 1536)
AdamW: backbone.layers.0.norm2.weight (384,)
Muon : backbone.layers.0.mlp.fc1.weight (1024, 384)
Muon : backbone.layers.0.mlp.fc2.weight (384, 512)
AdamW: backbone.layers.1.norm.weight (384,)
AdamW: backbone.layers.1.mixer.dt_bias (96,)
AdamW: backbone.layers.1.mixer.A_log (96,)
AdamW: backbone.layers.1.mixer.D (96,)
Muon : backbone.layers.1.mixer.in_proj.weight (3424, 384)
AdamW: backbone.layers.1.mixer.conv1d.weight (1024, 1, 4)
AdamW: backbone.layers.1.mixer.conv1d.bias (1024,)
AdamW: backbone.layers.1.mixer.norm.weight (768,)
Muon : backbone.layers.1.mixer.out_proj.weight (384, 1536)
AdamW: backbone.layers.1.norm2.weight (384,)
Muon : backbone.layers.1.mlp.fc1.weight (1024, 384)
Muon : backbone.layers.1.mlp.fc2.weight (384, 512)
AdamW: backbone.layers.2.norm.weight (384,)
AdamW: backbone.layers.2.mixer.dt_bias (96,)
AdamW: backbone.layers.2.mixer.A_log (96,)
AdamW: backbone.layers.2.mixer.D (96,)
Muon : backbone.layers.2.mixer.in_proj.weight (3424, 384)
AdamW: backbone.layers.2.mixer.conv1d.weight (1024, 1, 4)
AdamW: backbone.layers.2.mixer.conv1d.bias (1024,)
AdamW: backbone.layers.2.mixer.norm.weight (768,)
Muon : backbone.layers.2.mixer.out_proj.weight (384, 1536)
AdamW: backbone.layers.2.norm2.weight (384,)
Muon : backbone.layers.2.mlp.fc1.weight (1024, 384)
Muon : backbone.layers.2.mlp.fc2.weight (384, 512)
AdamW: backbone.layers.3.norm.weight (384,)
AdamW: backbone.layers.3.mixer.dt_bias (96,)
AdamW: backbone.layers.3.mixer.A_log (96,)
AdamW: backbone.layers.3.mixer.D (96,)
Muon : backbone.layers.3.mixer.in_proj.weight (3424, 384)
AdamW: backbone.layers.3.mixer.conv1d.weight (1024, 1, 4)
AdamW: backbone.layers.3.mixer.conv1d.bias (1024,)
AdamW: backbone.layers.3.mixer.norm.weight (768,)
Muon : backbone.layers.3.mixer.out_proj.weight (384, 1536)
AdamW: backbone.layers.3.norm2.weight (384,)
Muon : backbone.layers.3.mlp.fc1.weight (1024, 384)
Muon : backbone.layers.3.mlp.fc2.weight (384, 512)
AdamW: backbone.layers.4.norm.weight (384,)
AdamW: backbone.layers.4.mixer.dt_bias (96,)
AdamW: backbone.layers.4.mixer.A_log (96,)
AdamW: backbone.layers.4.mixer.D (96,)
Muon : backbone.layers.4.mixer.in_proj.weight (3424, 384)
AdamW: backbone.layers.4.mixer.conv1d.weight (1024, 1, 4)
AdamW: backbone.layers.4.mixer.conv1d.bias (1024,)
AdamW: backbone.layers.4.mixer.norm.weight (768,)
Muon : backbone.layers.4.mixer.out_proj.weight (384, 1536)
AdamW: backbone.layers.4.norm2.weight (384,)
Muon : backbone.layers.4.mlp.fc1.weight (1024, 384)
Muon : backbone.layers.4.mlp.fc2.weight (384, 512)
AdamW: backbone.layers.5.norm.weight (384,)
AdamW: backbone.layers.5.mixer.dt_bias (96,)
AdamW: backbone.layers.5.mixer.A_log (96,)
AdamW: backbone.layers.5.mixer.D (96,)
Muon : backbone.layers.5.mixer.in_proj.weight (3424, 384)
AdamW: backbone.layers.5.mixer.conv1d.weight (1024, 1, 4)
AdamW: backbone.layers.5.mixer.conv1d.bias (1024,)
AdamW: backbone.layers.5.mixer.norm.weight (768,)
Muon : backbone.layers.5.mixer.out_proj.weight (384, 1536)
AdamW: backbone.layers.5.norm2.weight (384,)
Muon : backbone.layers.5.mlp.fc1.weight (1024, 384)
Muon : backbone.layers.5.mlp.fc2.weight (384, 512)
AdamW: backbone.layers.6.norm.weight (384,)
AdamW: backbone.layers.6.mixer.dt_bias (96,)
AdamW: backbone.layers.6.mixer.A_log (96,)
AdamW: backbone.layers.6.mixer.D (96,)
Muon : backbone.layers.6.mixer.in_proj.weight (3424, 384)
AdamW: backbone.layers.6.mixer.conv1d.weight (1024, 1, 4)
AdamW: backbone.layers.6.mixer.conv1d.bias (1024,)
AdamW: backbone.layers.6.mixer.norm.weight (768,)
Muon : backbone.layers.6.mixer.out_proj.weight (384, 1536)
AdamW: backbone.layers.6.norm2.weight (384,)
Muon : backbone.layers.6.mlp.fc1.weight (1024, 384)
Muon : backbone.layers.6.mlp.fc2.weight (384, 512)
AdamW: backbone.layers.7.norm.weight (384,)
AdamW: backbone.layers.7.mixer.dt_bias (96,)
AdamW: backbone.layers.7.mixer.A_log (96,)
AdamW: backbone.layers.7.mixer.D (96,)
Muon : backbone.layers.7.mixer.in_proj.weight (3424, 384)
AdamW: backbone.layers.7.mixer.conv1d.weight (1024, 1, 4)
AdamW: backbone.layers.7.mixer.conv1d.bias (1024,)
AdamW: backbone.layers.7.mixer.norm.weight (768,)
Muon : backbone.layers.7.mixer.out_proj.weight (384, 1536)
AdamW: backbone.layers.7.norm2.weight (384,)
Muon : backbone.layers.7.mlp.fc1.weight (1024, 384)
Muon : backbone.layers.7.mlp.fc2.weight (384, 512)
AdamW: backbone.norm_f.weight (384,)
AdamW: classifier.0.weight (384, 384)
AdamW: classifier.0.bias (384,)
AdamW: classifier.3.weight (4, 384)
AdamW: classifier.3.bias (4,)

Epoch: 1/30 | tr_Loss: 0.2929 | tr_acc: 0.8808 | val_loss: 0.2253 | val_acc: 0.9064 | epoch_time: 10.34s
--- CUDA PROFILE --- (epoch 1, batch 2)
-------------------------------------------------------  ------------  ------------  ------------  ------------  ------------  ------------  ------------  ------------  ------------  ------------  ------------  ------------  ------------  ------------  
                                                   Name    Self CPU %      Self CPU   CPU total %     CPU total  CPU time avg     Self CUDA   Self CUDA %    CUDA total  CUDA time avg       CPU Mem  Self CPU Mem      CUDA Mem  Self CUDA Mem    # of Calls  
-------------------------------------------------------  ------------  ------------  ------------  ------------  ------------  ------------  ------------  ------------  ------------  ------------  ------------  ------------  ------------  ------------  
                 MambaSplitConv1dScanCombinedFnBackward        12.98%      14.572ms        21.09%      23.673ms       2.959ms      46.884ms        45.24%      54.466ms       6.808ms           0 b           0 b       1.20 Gb      -6.91 Gb             8  
                                               aten::mm         5.02%       5.638ms        20.24%      22.719ms      38.571us      31.702ms        30.59%      31.702ms      53.824us           0 b           0 b       3.12 Gb       3.12 Gb           589  
        Optimizer.step#SingleDeviceMuonWithAuxAdam.step         0.00%       0.000us         0.00%       0.000us       0.000us      15.522ms        14.98%      15.522ms      15.522ms           0 b           0 b           0 b           0 b             1  
                         MambaSplitConv1dScanCombinedFn         4.99%       5.599ms         7.93%       8.895ms       1.112ms      11.912ms        11.49%      15.093ms       1.887ms           0 b           0 b     405.35 Mb      -2.44 Gb             8  
sm80_xmma_gemm_f32f32_f32f32_f32_tn_n_tilesize128x12...         0.00%       0.000us         0.00%       0.000us       0.000us       9.805ms         9.46%       9.805ms     408.528us           0 b           0 b           0 b           0 b            24  
                  _chunk_scan_chunk_state_bwd_dx_kernel         0.00%       0.000us         0.00%       0.000us       0.000us       9.575ms         9.24%       9.575ms       1.197ms           0 b           0 b           0 b           0 b             8  
                    _chunk_scan_bwd_ddAcs_stable_kernel         0.00%       0.000us         0.00%       0.000us       0.000us       8.889ms         8.58%       8.889ms       1.111ms           0 b           0 b           0 b           0 b             8  
                                 _chunk_scan_fwd_kernel         0.00%       0.000us         0.00%       0.000us       0.000us       7.966ms         7.69%       7.966ms     995.757us           0 b           0 b           0 b           0 b             8  
                             _chunk_state_bwd_db_kernel         0.00%       0.000us         0.00%       0.000us       0.000us       7.509ms         7.25%       7.509ms     938.681us           0 b           0 b           0 b           0 b             8  
                              _chunk_scan_bwd_dc_kernel         0.00%       0.000us         0.00%       0.000us       0.000us       6.834ms         6.59%       6.834ms     854.213us           0 b           0 b           0 b           0 b             8  
-------------------------------------------------------  ------------  ------------  ------------  ------------  ------------  ------------  ------------  ------------  ------------  ------------  ------------  ------------  ------------  ------------  
Self CPU time total: 112.236ms
Self CUDA time total: 103.640ms


Epoch: 2/30 | tr_Loss: 0.1942 | tr_acc: 0.9209 | val_loss: 0.1750 | val_acc: 0.9276 | epoch_time: 8.96s

Epoch: 3/30 | tr_Loss: 0.1924 | tr_acc: 0.9229 | val_loss: 0.1928 | val_acc: 0.9214 | epoch_time: 8.93s

Epoch: 4/30 | tr_Loss: 0.1743 | tr_acc: 0.9287 | val_loss: 0.2205 | val_acc: 0.9129 | epoch_time: 8.92s

Epoch: 5/30 | tr_Loss: 0.1674 | tr_acc: 0.9301 | val_loss: 0.2324 | val_acc: 0.9054 | epoch_time: 8.93s

Epoch: 6/30 | tr_Loss: 0.1569 | tr_acc: 0.9390 | val_loss: 0.2092 | val_acc: 0.9172 | epoch_time: 8.92s

Epoch: 7/30 | tr_Loss: 0.1518 | tr_acc: 0.9390 | val_loss: 0.2199 | val_acc: 0.9067 | epoch_time: 8.93s

Early stopping at epoch 7 | Best Validation Loss: 0.1750
              precision    recall  f1-score   support

       STAND       0.92      0.91      0.92      1304
        WALK       0.89      0.89      0.89       906
         SIT       0.98      0.98      0.98       704
         LIE       0.97      1.00      0.99       152

    accuracy                           0.93      3066
   macro avg       0.94      0.95      0.94      3066
weighted avg       0.93      0.93      0.93      3066

Peak GPU memory allocatated: 3.65GB

------------------------------------------------------------------------------------------
Test Results:
 Accuracy: 0.9334246575342465
 Report:
 {'STAND': {'precision': 0.9302857142857143, 'recall': 0.9334862385321101, 'f1-score': 0.9318832283915284, 'support': 1744.0}, 'WALK': {'precision': 0.88510101010101, 'recall': 0.8795483061480552, 'f1-score': 0.8823159219634991, 'support': 797.0}, 'SIT': {'precision': 0.9701173959445037, 'recall': 0.9670212765957447, 'f1-score': 0.9685668620138519, 'support': 940.0}, 'LIE': {'precision': 0.9883040935672515, 'recall': 1.0, 'f1-score': 0.9941176470588236, 'support': 169.0}, 'accuracy': 0.9334246575342465, 'macro avg': {'precision': 0.9434520534746199, 'recall': 0.9450139553189776, 'f1-score': 0.9442209148569257, 'support': 3650.0}, 'weighted avg': {'precision': 0.9333637081549289, 'recall': 0.9334246575342465, 'f1-score': 0.9333887322645742, 'support': 3650.0}}
 F1: 0.9442209148569257
 Confusion Matrix:
 [[1628   89   27    0]
 [  93  701    1    2]
 [  29    2  909    0]
 [   0    0    0  169]]
------------------------------------------------------------------------------------------
Training set class distribution:
{'STAND': 4195, 'WALK': 2640, 'SIT': 2295, 'LIE': 514}
------------------------------------------------------------------------------------------
AdamW: convolutional_input.weight (384, 45, 9)
AdamW: convolutional_input.bias (384,)
AdamW: batch_layer.weight (384,)
AdamW: batch_layer.bias (384,)
Muon : backbone.input_proj.weight (384, 384)
AdamW: backbone.input_proj.bias (384,)
AdamW: backbone.layers.0.norm.weight (384,)
AdamW: backbone.layers.0.mixer.dt_bias (96,)
AdamW: backbone.layers.0.mixer.A_log (96,)
AdamW: backbone.layers.0.mixer.D (96,)
Muon : backbone.layers.0.mixer.in_proj.weight (3424, 384)
AdamW: backbone.layers.0.mixer.conv1d.weight (1024, 1, 4)
AdamW: backbone.layers.0.mixer.conv1d.bias (1024,)
AdamW: backbone.layers.0.mixer.norm.weight (768,)
Muon : backbone.layers.0.mixer.out_proj.weight (384, 1536)
AdamW: backbone.layers.0.norm2.weight (384,)
Muon : backbone.layers.0.mlp.fc1.weight (1024, 384)
Muon : backbone.layers.0.mlp.fc2.weight (384, 512)
AdamW: backbone.layers.1.norm.weight (384,)
AdamW: backbone.layers.1.mixer.dt_bias (96,)
AdamW: backbone.layers.1.mixer.A_log (96,)
AdamW: backbone.layers.1.mixer.D (96,)
Muon : backbone.layers.1.mixer.in_proj.weight (3424, 384)
AdamW: backbone.layers.1.mixer.conv1d.weight (1024, 1, 4)
AdamW: backbone.layers.1.mixer.conv1d.bias (1024,)
AdamW: backbone.layers.1.mixer.norm.weight (768,)
Muon : backbone.layers.1.mixer.out_proj.weight (384, 1536)
AdamW: backbone.layers.1.norm2.weight (384,)
Muon : backbone.layers.1.mlp.fc1.weight (1024, 384)
Muon : backbone.layers.1.mlp.fc2.weight (384, 512)
AdamW: backbone.layers.2.norm.weight (384,)
AdamW: backbone.layers.2.mixer.dt_bias (96,)
AdamW: backbone.layers.2.mixer.A_log (96,)
AdamW: backbone.layers.2.mixer.D (96,)
Muon : backbone.layers.2.mixer.in_proj.weight (3424, 384)
AdamW: backbone.layers.2.mixer.conv1d.weight (1024, 1, 4)
AdamW: backbone.layers.2.mixer.conv1d.bias (1024,)
AdamW: backbone.layers.2.mixer.norm.weight (768,)
Muon : backbone.layers.2.mixer.out_proj.weight (384, 1536)
AdamW: backbone.layers.2.norm2.weight (384,)
Muon : backbone.layers.2.mlp.fc1.weight (1024, 384)
Muon : backbone.layers.2.mlp.fc2.weight (384, 512)
AdamW: backbone.layers.3.norm.weight (384,)
AdamW: backbone.layers.3.mixer.dt_bias (96,)
AdamW: backbone.layers.3.mixer.A_log (96,)
AdamW: backbone.layers.3.mixer.D (96,)
Muon : backbone.layers.3.mixer.in_proj.weight (3424, 384)
AdamW: backbone.layers.3.mixer.conv1d.weight (1024, 1, 4)
AdamW: backbone.layers.3.mixer.conv1d.bias (1024,)
AdamW: backbone.layers.3.mixer.norm.weight (768,)
Muon : backbone.layers.3.mixer.out_proj.weight (384, 1536)
AdamW: backbone.layers.3.norm2.weight (384,)
Muon : backbone.layers.3.mlp.fc1.weight (1024, 384)
Muon : backbone.layers.3.mlp.fc2.weight (384, 512)
AdamW: backbone.layers.4.norm.weight (384,)
AdamW: backbone.layers.4.mixer.dt_bias (96,)
AdamW: backbone.layers.4.mixer.A_log (96,)
AdamW: backbone.layers.4.mixer.D (96,)
Muon : backbone.layers.4.mixer.in_proj.weight (3424, 384)
AdamW: backbone.layers.4.mixer.conv1d.weight (1024, 1, 4)
AdamW: backbone.layers.4.mixer.conv1d.bias (1024,)
AdamW: backbone.layers.4.mixer.norm.weight (768,)
Muon : backbone.layers.4.mixer.out_proj.weight (384, 1536)
AdamW: backbone.layers.4.norm2.weight (384,)
Muon : backbone.layers.4.mlp.fc1.weight (1024, 384)
Muon : backbone.layers.4.mlp.fc2.weight (384, 512)
AdamW: backbone.layers.5.norm.weight (384,)
AdamW: backbone.layers.5.mixer.dt_bias (96,)
AdamW: backbone.layers.5.mixer.A_log (96,)
AdamW: backbone.layers.5.mixer.D (96,)
Muon : backbone.layers.5.mixer.in_proj.weight (3424, 384)
AdamW: backbone.layers.5.mixer.conv1d.weight (1024, 1, 4)
AdamW: backbone.layers.5.mixer.conv1d.bias (1024,)
AdamW: backbone.layers.5.mixer.norm.weight (768,)
Muon : backbone.layers.5.mixer.out_proj.weight (384, 1536)
AdamW: backbone.layers.5.norm2.weight (384,)
Muon : backbone.layers.5.mlp.fc1.weight (1024, 384)
Muon : backbone.layers.5.mlp.fc2.weight (384, 512)
AdamW: backbone.layers.6.norm.weight (384,)
AdamW: backbone.layers.6.mixer.dt_bias (96,)
AdamW: backbone.layers.6.mixer.A_log (96,)
AdamW: backbone.layers.6.mixer.D (96,)
Muon : backbone.layers.6.mixer.in_proj.weight (3424, 384)
AdamW: backbone.layers.6.mixer.conv1d.weight (1024, 1, 4)
AdamW: backbone.layers.6.mixer.conv1d.bias (1024,)
AdamW: backbone.layers.6.mixer.norm.weight (768,)
Muon : backbone.layers.6.mixer.out_proj.weight (384, 1536)
AdamW: backbone.layers.6.norm2.weight (384,)
Muon : backbone.layers.6.mlp.fc1.weight (1024, 384)
Muon : backbone.layers.6.mlp.fc2.weight (384, 512)
AdamW: backbone.layers.7.norm.weight (384,)
AdamW: backbone.layers.7.mixer.dt_bias (96,)
AdamW: backbone.layers.7.mixer.A_log (96,)
AdamW: backbone.layers.7.mixer.D (96,)
Muon : backbone.layers.7.mixer.in_proj.weight (3424, 384)
AdamW: backbone.layers.7.mixer.conv1d.weight (1024, 1, 4)
AdamW: backbone.layers.7.mixer.conv1d.bias (1024,)
AdamW: backbone.layers.7.mixer.norm.weight (768,)
Muon : backbone.layers.7.mixer.out_proj.weight (384, 1536)
AdamW: backbone.layers.7.norm2.weight (384,)
Muon : backbone.layers.7.mlp.fc1.weight (1024, 384)
Muon : backbone.layers.7.mlp.fc2.weight (384, 512)
AdamW: backbone.norm_f.weight (384,)
AdamW: classifier.0.weight (384, 384)
AdamW: classifier.0.bias (384,)
AdamW: classifier.3.weight (4, 384)
AdamW: classifier.3.bias (4,)

Epoch: 1/30 | tr_Loss: 0.2848 | tr_acc: 0.8828 | val_loss: 0.2106 | val_acc: 0.9097 | epoch_time: 10.39s
--- CUDA PROFILE --- (epoch 1, batch 2)
-------------------------------------------------------  ------------  ------------  ------------  ------------  ------------  ------------  ------------  ------------  ------------  ------------  ------------  ------------  ------------  ------------  
                                                   Name    Self CPU %      Self CPU   CPU total %     CPU total  CPU time avg     Self CUDA   Self CUDA %    CUDA total  CUDA time avg       CPU Mem  Self CPU Mem      CUDA Mem  Self CUDA Mem    # of Calls  
-------------------------------------------------------  ------------  ------------  ------------  ------------  ------------  ------------  ------------  ------------  ------------  ------------  ------------  ------------  ------------  ------------  
                 MambaSplitConv1dScanCombinedFnBackward        12.92%      14.489ms        20.99%      23.545ms       2.943ms      46.713ms        45.25%      54.246ms       6.781ms           0 b           0 b       1.20 Gb      -6.91 Gb             8  
                                               aten::mm         4.96%       5.561ms        20.10%      22.554ms      38.293us      31.471ms        30.49%      31.471ms      53.431us           0 b           0 b       3.12 Gb       3.12 Gb           589  
        Optimizer.step#SingleDeviceMuonWithAuxAdam.step         0.00%       0.000us         0.00%       0.000us       0.000us      15.279ms        14.80%      15.279ms      15.279ms           0 b           0 b           0 b           0 b             1  
                         MambaSplitConv1dScanCombinedFn         4.85%       5.436ms         7.68%       8.619ms       1.077ms      11.924ms        11.55%      15.091ms       1.886ms           0 b           0 b     405.35 Mb      -2.44 Gb             8  
sm80_xmma_gemm_f32f32_f32f32_f32_tn_n_tilesize128x12...         0.00%       0.000us         0.00%       0.000us       0.000us       9.763ms         9.46%       9.763ms     406.803us           0 b           0 b           0 b           0 b            24  
                  _chunk_scan_chunk_state_bwd_dx_kernel         0.00%       0.000us         0.00%       0.000us       0.000us       9.543ms         9.24%       9.543ms       1.193ms           0 b           0 b           0 b           0 b             8  
                    _chunk_scan_bwd_ddAcs_stable_kernel         0.00%       0.000us         0.00%       0.000us       0.000us       8.865ms         8.59%       8.865ms       1.108ms           0 b           0 b           0 b           0 b             8  
                                 _chunk_scan_fwd_kernel         0.00%       0.000us         0.00%       0.000us       0.000us       7.973ms         7.72%       7.973ms     996.577us           0 b           0 b           0 b           0 b             8  
                             _chunk_state_bwd_db_kernel         0.00%       0.000us         0.00%       0.000us       0.000us       7.485ms         7.25%       7.485ms     935.601us           0 b           0 b           0 b           0 b             8  
                              _chunk_scan_bwd_dc_kernel         0.00%       0.000us         0.00%       0.000us       0.000us       6.805ms         6.59%       6.805ms     850.585us           0 b           0 b           0 b           0 b             8  
-------------------------------------------------------  ------------  ------------  ------------  ------------  ------------  ------------  ------------  ------------  ------------  ------------  ------------  ------------  ------------  ------------  
Self CPU time total: 112.185ms
Self CUDA time total: 103.223ms


Epoch: 2/30 | tr_Loss: 0.2047 | tr_acc: 0.9151 | val_loss: 0.1981 | val_acc: 0.9178 | epoch_time: 8.94s

Epoch: 3/30 | tr_Loss: 0.1884 | tr_acc: 0.9230 | val_loss: 0.1886 | val_acc: 0.9266 | epoch_time: 8.92s

Epoch: 4/30 | tr_Loss: 0.1756 | tr_acc: 0.9311 | val_loss: 0.2001 | val_acc: 0.9172 | epoch_time: 8.92s

Epoch: 5/30 | tr_Loss: 0.1688 | tr_acc: 0.9292 | val_loss: 0.1966 | val_acc: 0.9224 | epoch_time: 8.92s

Epoch: 6/30 | tr_Loss: 0.1590 | tr_acc: 0.9376 | val_loss: 0.2328 | val_acc: 0.9139 | epoch_time: 8.92s

Epoch: 7/30 | tr_Loss: 0.1498 | tr_acc: 0.9399 | val_loss: 0.2211 | val_acc: 0.9198 | epoch_time: 8.93s

Epoch: 8/30 | tr_Loss: 0.1463 | tr_acc: 0.9401 | val_loss: 0.2427 | val_acc: 0.9080 | epoch_time: 8.93s

Early stopping at epoch 8 | Best Validation Loss: 0.1886
              precision    recall  f1-score   support

       STAND       0.94      0.89      0.91      1304
        WALK       0.88      0.91      0.89       906
         SIT       0.96      0.99      0.98       704
         LIE       0.97      1.00      0.99       152

    accuracy                           0.93      3066
   macro avg       0.94      0.95      0.94      3066
weighted avg       0.93      0.93      0.93      3066

Peak GPU memory allocatated: 3.64GB

------------------------------------------------------------------------------------------
Test Results:
 Accuracy: 0.92
 Report:
 {'STAND': {'precision': 0.9518518518518518, 'recall': 0.8841743119266054, 'f1-score': 0.9167657550535078, 'support': 1744.0}, 'WALK': {'precision': 0.8520710059171598, 'recall': 0.903387703889586, 'f1-score': 0.876979293544458, 'support': 797.0}, 'SIT': {'precision': 0.9151036525172754, 'recall': 0.9861702127659574, 'f1-score': 0.9493087557603687, 'support': 940.0}, 'LIE': {'precision': 0.9825581395348837, 'recall': 1.0, 'f1-score': 0.9912023460410557, 'support': 169.0}, 'accuracy': 0.92, 'macro avg': {'precision': 0.9253961624552927, 'recall': 0.9434330571455372, 'f1-score': 0.9335640375998475, 'support': 3650.0}, 'weighted avg': {'precision': 0.9220219124091069, 'recall': 0.92, 'f1-score': 0.919905589222996, 'support': 3650.0}}
 F1: 0.9335640375998475
 Confusion Matrix:
 [[1542  122   80    0]
 [  68  720    6    3]
 [  10    3  927    0]
 [   0    0    0  169]]
Total wall time:9min 32s
