Job started on gpu011.orc.gmu.edu
CUDA_VISIBLE_DEVICES=0
Wed Jun 10 17:53:45 2026       
+-----------------------------------------------------------------------------------------+
| NVIDIA-SMI 560.35.05              Driver Version: 560.35.05      CUDA Version: 12.6     |
|-----------------------------------------+------------------------+----------------------+
| GPU  Name                 Persistence-M | Bus-Id          Disp.A | Volatile Uncorr. ECC |
| Fan  Temp   Perf          Pwr:Usage/Cap |           Memory-Usage | GPU-Util  Compute M. |
|                                         |                        |               MIG M. |
|=========================================+========================+======================|
|   0  NVIDIA A100-SXM4-80GB          On  |   00000000:01:00.0 Off |                    0 |
| N/A   27C    P0             89W /  500W |       1MiB /  81920MiB |      0%      Default |
|                                         |                        |             Disabled |
+-----------------------------------------+------------------------+----------------------+
                                                                                         
+-----------------------------------------------------------------------------------------+
| Processes:                                                                              |
|  GPU   GI   CI        PID   Type   Process name                              GPU Memory |
|        ID   ID                                                               Usage      |
|=========================================================================================|
|  No running processes found                                                             |
+-----------------------------------------------------------------------------------------+
Mamba version: 2.3.0
Path: /home/kmercad/myenv/lib/python3.10/site-packages/mamba_ssm/modules/mamba2.py
------------------------------------------------------------------------------------------
Sensor subset training shape: (404072, 29)
Sensor Validation training shape: (201145, 29)
Sensor Test training shape: (201186, 29)
----------------------------------------------------------------------
Rows containing NaNs - training: 5274
Rows containing NaNs - validation: 2887
Rows containing NaNs - test: 2614
------------------------------------------------------------------------------------------
Reindexed training shape: (404072, 29)
Reindexed validation shape: (201145, 29)
Reindexed test shape: (201186, 29)
------------------------------------------------------------------------------------------
After Interpolation. Training shape: (404072, 29)
After Interpolation. Validation shape: (201145, 29)
After Interpolation. Test shape: (201024, 29)


Descriptive statistics for ACC channels (DEVICE_1) - training set
                   0              1              2
count  404072.000000  404072.000000  404072.000000
mean       -3.719779       3.886247       3.886179
std         6.812279       3.029291       3.327028
min       -70.948402     -37.467999     -27.224800
25%        -8.933675       2.087543       1.743608
50%        -4.295160       3.616210       3.854380
75%         1.103790       5.866250       6.462483
max        62.859600      85.716904     108.996002

Descriptive statistics for GYRO channels (DEVICE_1) - training set
                   3              4              5
count  404072.000000  404072.000000  404072.000000
mean       -0.011332      -0.005252      -0.018213
std         1.207984       0.805546       1.494404
min       -19.690500      -7.609010      -9.727150
25%        -0.060488      -0.039935      -0.040675
50%        -0.002558       0.004984      -0.004898
75%         0.057448       0.044918       0.034770
max        16.295200      10.014400       9.010740

Descriptive statistics for MAG channels (DEVICE_1) - training set
                   6              7              8
count  404072.000000  404072.000000  404072.000000
mean       18.069128     -12.280622     -23.015095
std        23.319464      20.873131      20.247181
min       -59.360699    -102.775002     -99.330200
25%         4.421630     -25.338699     -40.237499
50%        18.247750     -15.285800     -23.418950
75%        33.934325       2.029910      -8.638377
max       123.511002      94.127403      71.691299
------------------------------------------------------------------------------------------


Descriptive statistics for ACC channels (DEVICE_1) - training set
                   0              1              2
count  404072.000000  404072.000000  404072.000000
mean       -0.379182       0.396152       0.396145
std         0.694422       0.308796       0.339147
min        -7.232253      -3.819368      -2.775209
25%        -0.910670       0.212797       0.177738
50%        -0.437835       0.368625       0.392903
75%         0.112517       0.597987       0.658765
max         6.407706       8.737706      11.110703

Descriptive statistics for scaled GYRO channels (DEVICE_1) - training set
                   3              4              5
count  404072.000000  404072.000000  404072.000000
mean       -0.011332      -0.005252      -0.018213
std         1.207984       0.805546       1.494404
min       -19.690500      -7.609010      -9.727150
25%        -0.060488      -0.039935      -0.040675
50%        -0.002558       0.004984      -0.004898
75%         0.057448       0.044918       0.034770
max        16.295200      10.014400       9.010740

Descriptive statistics for MAG channels (DEVICE_1) - training set
                   6              7              8
count  404072.000000  404072.000000  404072.000000
mean        0.385323      -0.294208      -0.495063
std         0.432548       0.423068       0.392170
min        -0.996575      -0.999826      -0.999983
25%         0.119051      -0.651942      -0.834610
50%         0.347501      -0.357997      -0.572230
75%         0.773056       0.044261      -0.211933
max         0.999999       0.993044       0.947581
--------------------STRATIY VAL/TEST--------------------
Validation GROUPS
group_id
105    104690
107     97364
Name: count, dtype: int64
Test GROUPS
group_id
106     96334
108    103781
Name: count, dtype: int64 


 Validation Split Label Proportion
27
1.0    0.244044
2.0    0.193552
3.0    0.236981
4.0    0.325423
Name: proportion, dtype: float64
Test Split Label Proportion
27
1.0    0.237389
2.0    0.229243
3.0    0.247263
4.0    0.286105
Name: proportion, dtype: float64

------------------------------ TRAIN ACC/GYRO after StandardScaler ------------------------------
global mean: -0.000000
global std : 1.000000
max |channel mean| : 0.000000
median |channel mean| : 0.000000
channel std range : [1.000000, 1.000000]

------------------------------ VAL ACC/GYRO after StandardScaler ------------------------------
global mean: -0.022187
global std : 0.938970
max |channel mean| : 0.486766
median |channel mean| : 0.030445
channel std range : [0.468557, 1.271052]

------------------------------ TEST ACC/GYRO after StandardScaler ------------------------------
global mean: -0.079368
global std : 1.039674
max |channel mean| : 1.295869
median |channel mean| : 0.039287
channel std range : [0.700483, 1.532305]

TRAIN top channels by |mean|:
channel 0 | mean=-0.000000 | std=1.000000
channel 5 | mean=-0.000000 | std=1.000000
channel 2 | mean=-0.000000 | std=1.000000
channel 11 | mean=0.000000 | std=1.000000
channel 23 | mean=0.000000 | std=1.000000
channel 1 | mean=0.000000 | std=1.000000
channel 10 | mean=-0.000000 | std=1.000000
channel 22 | mean=-0.000000 | std=1.000000
channel 20 | mean=0.000000 | std=1.000000
channel 3 | mean=0.000000 | std=1.000000

TRAIN top channels by std deviation from 1:
channel 23 | mean=0.000000 | std=1.000000
channel 2 | mean=-0.000000 | std=1.000000
channel 20 | mean=0.000000 | std=1.000000
channel 11 | mean=0.000000 | std=1.000000
channel 0 | mean=-0.000000 | std=1.000000
channel 3 | mean=0.000000 | std=1.000000
channel 9 | mean=0.000000 | std=1.000000
channel 10 | mean=-0.000000 | std=1.000000
channel 22 | mean=-0.000000 | std=1.000000
channel 18 | mean=-0.000000 | std=1.000000

VAL top channels by |mean|:
channel 20 | mean=-0.486766 | std=0.816224
channel 11 | mean=0.256673 | std=0.863698
channel 0 | mean=-0.186851 | std=0.775744
channel 1 | mean=0.094652 | std=0.950258
channel 19 | mean=-0.056333 | std=1.034659
channel 18 | mean=-0.047835 | std=1.098205
channel 22 | mean=-0.040406 | std=1.271052
channel 10 | mean=0.038580 | std=1.005458
channel 9 | mean=-0.037386 | std=0.742750
channel 4 | mean=0.023503 | std=0.468557

VAL top channels by std deviation from 1:
channel 4 | mean=0.023503 | std=0.468557
channel 3 | mean=-0.006394 | std=0.678394
channel 14 | mean=0.004366 | std=0.717391
channel 22 | mean=-0.040406 | std=1.271052
channel 5 | mean=0.008466 | std=0.734460
channel 9 | mean=-0.037386 | std=0.742750
channel 0 | mean=-0.186851 | std=0.775744
channel 21 | mean=0.014655 | std=1.208291
channel 20 | mean=-0.486766 | std=0.816224
channel 11 | mean=0.256673 | std=0.863698

TEST top channels by |mean|:
channel 1 | mean=-1.295869 | std=1.532305
channel 20 | mean=-0.399812 | std=0.781708
channel 11 | mean=0.272316 | std=0.825927
channel 19 | mean=0.161113 | std=0.976926
channel 9 | mean=-0.125406 | std=0.700483
channel 10 | mean=-0.104516 | std=1.282046
channel 18 | mean=-0.082430 | std=1.018805
channel 22 | mean=0.061053 | std=1.135858
channel 13 | mean=0.044645 | std=0.874943
channel 4 | mean=0.033928 | std=0.976334

TEST top channels by std deviation from 1:
channel 1 | mean=-1.295869 | std=1.532305
channel 9 | mean=-0.125406 | std=0.700483
channel 10 | mean=-0.104516 | std=1.282046
channel 3 | mean=-0.005559 | std=0.766459
channel 14 | mean=-0.008973 | std=0.770376
channel 20 | mean=-0.399812 | std=0.781708
channel 5 | mean=0.007249 | std=0.811274
channel 11 | mean=0.272316 | std=0.825927
channel 22 | mean=0.061053 | std=1.135858
channel 13 | mean=0.044645 | std=0.874943

TRAIN outlier rates |z|>5.0:
channel 9 | rate=0.011320
channel 12 | rate=0.005526
channel 3 | rate=0.004598
channel 19 | rate=0.004415
channel 21 | rate=0.003341
channel 13 | rate=0.003173
channel 20 | rate=0.002683
channel 4 | rate=0.002576
channel 14 | rate=0.002250
channel 22 | rate=0.001349

VAL outlier rates |z|>5.0:
channel 22 | rate=0.015080
channel 21 | rate=0.008305
channel 19 | rate=0.007211
channel 12 | rate=0.005583
channel 13 | rate=0.004147
channel 20 | rate=0.003158
channel 18 | rate=0.000723
channel 3 | rate=0.000718
channel 1 | rate=0.000351
channel 5 | rate=0.000030

TEST outlier rates |z|>5.0:
channel 22 | rate=0.011254
channel 12 | rate=0.005332
channel 19 | rate=0.004752
channel 13 | rate=0.003763
channel 21 | rate=0.002424
channel 1 | rate=0.001889
channel 3 | rate=0.001324
channel 4 | rate=0.000620
channel 20 | rate=0.000560
channel 14 | rate=0.000135

------------------------------ TRAIN MAG after window demeaning ------------------------------
max |window mean|  : 1.568347e-07
mean |window mean| : 1.854261e-08
channel global mean range : [-2.129626e-09, 3.110890e-10]
channel std range         : [0.056178, 0.189549]

------------------------------ VAL MAG after window demeaning ------------------------------
max |window mean|  : 1.486391e-07
mean |window mean| : 1.879800e-08
channel global mean range : [-1.737580e-09, 1.475011e-09]
channel std range         : [0.050823, 0.204676]

------------------------------ TEST MAG after window demeaning ------------------------------
max |window mean|  : 1.460314e-07
mean |window mean| : 1.906676e-08
channel global mean range : [-8.249498e-10, 6.139996e-10]
channel std range         : [0.051650, 0.183439]

TRAIN window label distribution
label 1: 792 (0.2362)
label 2: 834 (0.2487)
label 3: 771 (0.2299)
label 4: 956 (0.2851)

VAL window label distribution
label 1: 408 (0.2433)
label 2: 326 (0.1944)
label 3: 399 (0.2379)
label 4: 544 (0.3244)

TEST window label distribution
label 1: 393 (0.2367)
label 2: 382 (0.2301)
label 3: 413 (0.2488)
label 4: 472 (0.2843)
------------------------------------------------------------------------------------------
Training (windows): (3353, 160, 27). Training Labels (3353,)
Validation (windows): (1677, 160, 27). Validation Labels (1677,)
Test (windows): (1660, 160, 27). Test Labels (1660,)
------------------------------------------------------------------------------------------
Training set class distribution:--
{'LIE': 792, 'SIT': 834, 'STAND': 771, 'WALK': 956}
------------------------------------------------------------------------------------------
SSL encoder loaded

Epoch: 1/40 | tr_Loss: 0.5483 | tr_acc: 0.8595 | val_loss: 0.3322 | val_acc: 0.8986 | epoch_time: 26.16s

Epoch: 2/40 | tr_Loss: 0.2001 | tr_acc: 0.9305 | val_loss: 0.3253 | val_acc: 0.9040 | epoch_time: 2.71s

Epoch: 3/40 | tr_Loss: 0.1352 | tr_acc: 0.9624 | val_loss: 0.3885 | val_acc: 0.8742 | epoch_time: 2.71s

Epoch: 4/40 | tr_Loss: 0.1134 | tr_acc: 0.9687 | val_loss: 0.4376 | val_acc: 0.8599 | epoch_time: 2.70s

Epoch: 5/40 | tr_Loss: 0.0979 | tr_acc: 0.9749 | val_loss: 0.3902 | val_acc: 0.8831 | epoch_time: 2.70s

Epoch: 6/40 | tr_Loss: 0.0880 | tr_acc: 0.9767 | val_loss: 0.4186 | val_acc: 0.8652 | epoch_time: 2.70s

Epoch: 7/40 | tr_Loss: 0.0819 | tr_acc: 0.9791 | val_loss: 0.4059 | val_acc: 0.8766 | epoch_time: 2.69s

Early stopping at epoch 7 | Best Validation Loss: 0.3253
              precision    recall  f1-score   support

         LIE       0.93      0.95      0.94       408
         SIT       0.88      0.77      0.82       326
       STAND       0.82      0.87      0.84       399
        WALK       0.96      0.98      0.97       544

    accuracy                           0.90      1677
   macro avg       0.90      0.89      0.89      1677
weighted avg       0.90      0.90      0.90      1677

------------------------------------------------------------------------------------------
Test Results:
 Accuracy: 0.7837349397590362
 Report:
 {'LIE': {'precision': 1.0, 'recall': 0.9541984732824428, 'f1-score': 0.9765625, 'support': 393.0}, 'SIT': {'precision': 0.5873493975903614, 'recall': 0.5104712041884817, 'f1-score': 0.5462184873949579, 'support': 382.0}, 'STAND': {'precision': 0.5630252100840336, 'recall': 0.648910411622276, 'f1-score': 0.6029246344206974, 'support': 413.0}, 'WALK': {'precision': 0.9706498951781971, 'recall': 0.9809322033898306, 'f1-score': 0.9757639620653319, 'support': 472.0}, 'accuracy': 0.7837349397590362, 'macro avg': {'precision': 0.7802561257131481, 'recall': 0.7736280731207578, 'f1-score': 0.7753673959702468, 'support': 1660.0}, 'weighted avg': {'precision': 0.7879780916676704, 'recall': 0.7837349397590362, 'f1-score': 0.7843451739731678, 'support': 1660.0}}
 F1: 0.7753673959702468
 Confusion Matrix:
 [[375   0  14   4]
 [  0 195 185   2]
 [  0 137 268   8]
 [  0   0   9 463]]
------------------------------------------------------------------------------------------
Training set class distribution:--
{'LIE': 792, 'SIT': 834, 'STAND': 771, 'WALK': 956}
------------------------------------------------------------------------------------------
SSL encoder loaded

Epoch: 1/40 | tr_Loss: 0.5625 | tr_acc: 0.8401 | val_loss: 0.2750 | val_acc: 0.9213 | epoch_time: 2.83s

Epoch: 2/40 | tr_Loss: 0.2016 | tr_acc: 0.9371 | val_loss: 0.3019 | val_acc: 0.8611 | epoch_time: 2.71s

Epoch: 3/40 | tr_Loss: 0.1378 | tr_acc: 0.9645 | val_loss: 0.3461 | val_acc: 0.8652 | epoch_time: 2.72s

Epoch: 4/40 | tr_Loss: 0.1121 | tr_acc: 0.9714 | val_loss: 0.3958 | val_acc: 0.8754 | epoch_time: 2.72s

Epoch: 5/40 | tr_Loss: 0.0985 | tr_acc: 0.9744 | val_loss: 0.3922 | val_acc: 0.8819 | epoch_time: 2.71s

Epoch: 6/40 | tr_Loss: 0.0878 | tr_acc: 0.9767 | val_loss: 0.4306 | val_acc: 0.8754 | epoch_time: 2.70s

Early stopping at epoch 6 | Best Validation Loss: 0.2750
              precision    recall  f1-score   support

         LIE       0.94      0.95      0.94       408
         SIT       0.92      0.78      0.85       326
       STAND       0.82      0.94      0.88       399
        WALK       0.99      0.97      0.98       544

    accuracy                           0.92      1677
   macro avg       0.92      0.91      0.91      1677
weighted avg       0.93      0.92      0.92      1677

------------------------------------------------------------------------------------------
Test Results:
 Accuracy: 0.8156626506024096
 Report:
 {'LIE': {'precision': 0.9973262032085561, 'recall': 0.9491094147582697, 'f1-score': 0.9726205997392438, 'support': 393.0}, 'SIT': {'precision': 0.7656903765690377, 'recall': 0.4790575916230366, 'f1-score': 0.5893719806763285, 'support': 382.0}, 'STAND': {'precision': 0.898936170212766, 'recall': 0.8184019370460048, 'f1-score': 0.8567807351077313, 'support': 413.0}, 'WALK': {'precision': 0.6855439642324889, 'recall': 0.9745762711864406, 'f1-score': 0.8048993875765529, 'support': 472.0}, 'accuracy': 0.8156626506024096, 'macro avg': {'precision': 0.8368741785557122, 'recall': 0.805286303653438, 'f1-score': 0.805918175774964, 'support': 1660.0}, 'weighted avg': {'precision': 0.8308917536903265, 'recall': 0.8156626506024096, 'f1-score': 0.8079174378623531, 'support': 1660.0}}
 F1: 0.805918175774964
 Confusion Matrix:
 [[373   4  13   3]
 [  0 183  13 186]
 [  1  52 338  22]
 [  0   0  12 460]]
------------------------------------------------------------------------------------------
Training set class distribution:--
{'LIE': 792, 'SIT': 834, 'STAND': 771, 'WALK': 956}
------------------------------------------------------------------------------------------
SSL encoder loaded

Epoch: 1/40 | tr_Loss: 0.5158 | tr_acc: 0.8601 | val_loss: 0.3368 | val_acc: 0.8939 | epoch_time: 2.87s

Epoch: 2/40 | tr_Loss: 0.1782 | tr_acc: 0.9457 | val_loss: 0.4444 | val_acc: 0.8396 | epoch_time: 2.71s

Epoch: 3/40 | tr_Loss: 0.1271 | tr_acc: 0.9630 | val_loss: 0.5577 | val_acc: 0.8265 | epoch_time: 2.70s

Epoch: 4/40 | tr_Loss: 0.1007 | tr_acc: 0.9717 | val_loss: 0.5963 | val_acc: 0.8283 | epoch_time: 2.69s

Epoch: 5/40 | tr_Loss: 0.0866 | tr_acc: 0.9755 | val_loss: 0.5984 | val_acc: 0.8342 | epoch_time: 2.70s

Epoch: 6/40 | tr_Loss: 0.0780 | tr_acc: 0.9785 | val_loss: 0.6804 | val_acc: 0.8390 | epoch_time: 2.70s

Early stopping at epoch 6 | Best Validation Loss: 0.3368
              precision    recall  f1-score   support

         LIE       0.93      0.95      0.94       408
         SIT       0.87      0.67      0.76       326
       STAND       0.77      0.91      0.83       399
        WALK       0.99      0.97      0.98       544

    accuracy                           0.89      1677
   macro avg       0.89      0.88      0.88      1677
weighted avg       0.90      0.89      0.89      1677

------------------------------------------------------------------------------------------
Test Results:
 Accuracy: 0.7777108433734939
 Report:
 {'LIE': {'precision': 0.8099352051835853, 'recall': 0.9541984732824428, 'f1-score': 0.8761682242990654, 'support': 393.0}, 'SIT': {'precision': 0.7672413793103449, 'recall': 0.46596858638743455, 'f1-score': 0.5798045602605864, 'support': 382.0}, 'STAND': {'precision': 0.7028423772609819, 'recall': 0.6585956416464891, 'f1-score': 0.68, 'support': 413.0}, 'WALK': {'precision': 0.8062283737024222, 'recall': 0.9872881355932204, 'f1-score': 0.8876190476190476, 'support': 472.0}, 'accuracy': 0.7777108433734939, 'macro avg': {'precision': 0.7715618338643336, 'recall': 0.7665127092273967, 'f1-score': 0.7558979580446749, 'support': 1660.0}, 'weighted avg': {'precision': 0.7724123112831504, 'recall': 0.7777108433734939, 'f1-score': 0.7624190630393177, 'support': 1660.0}}
 F1: 0.7558979580446749
 Confusion Matrix:
 [[375   2   6  10]
 [ 79 178 103  22]
 [  9  52 272  80]
 [  0   0   6 466]]
------------------------------------------------------------------------------------------
Training set class distribution:--
{'LIE': 792, 'SIT': 834, 'STAND': 771, 'WALK': 956}
------------------------------------------------------------------------------------------
SSL encoder loaded

Epoch: 1/40 | tr_Loss: 0.5807 | tr_acc: 0.8318 | val_loss: 0.3033 | val_acc: 0.9159 | epoch_time: 2.84s

Epoch: 2/40 | tr_Loss: 0.1898 | tr_acc: 0.9412 | val_loss: 0.3289 | val_acc: 0.8885 | epoch_time: 2.70s

Epoch: 3/40 | tr_Loss: 0.1294 | tr_acc: 0.9621 | val_loss: 0.3285 | val_acc: 0.8873 | epoch_time: 2.71s

Epoch: 4/40 | tr_Loss: 0.1057 | tr_acc: 0.9708 | val_loss: 0.3405 | val_acc: 0.8879 | epoch_time: 2.70s

Epoch: 5/40 | tr_Loss: 0.0965 | tr_acc: 0.9744 | val_loss: 0.3698 | val_acc: 0.8867 | epoch_time: 2.70s

Epoch: 6/40 | tr_Loss: 0.0789 | tr_acc: 0.9794 | val_loss: 0.4551 | val_acc: 0.8742 | epoch_time: 2.71s

Early stopping at epoch 6 | Best Validation Loss: 0.3033
              precision    recall  f1-score   support

         LIE       0.93      0.94      0.94       408
         SIT       0.89      0.79      0.84       326
       STAND       0.82      0.92      0.87       399
        WALK       1.00      0.97      0.98       544

    accuracy                           0.92      1677
   macro avg       0.91      0.90      0.91      1677
weighted avg       0.92      0.92      0.92      1677

------------------------------------------------------------------------------------------
Test Results:
 Accuracy: 0.7620481927710844
 Report:
 {'LIE': {'precision': 0.7957446808510639, 'recall': 0.9516539440203562, 'f1-score': 0.8667439165701043, 'support': 393.0}, 'SIT': {'precision': 0.5575916230366492, 'recall': 0.5575916230366492, 'f1-score': 0.5575916230366492, 'support': 382.0}, 'STAND': {'precision': 0.6945337620578779, 'recall': 0.5230024213075061, 'f1-score': 0.5966850828729282, 'support': 413.0}, 'WALK': {'precision': 0.9295774647887324, 'recall': 0.9788135593220338, 'f1-score': 0.9535603715170279, 'support': 472.0}, 'accuracy': 0.7620481927710844, 'macro avg': {'precision': 0.7443618826835808, 'recall': 0.7527653869216363, 'f1-score': 0.7436452484991775, 'support': 1660.0}, 'weighted avg': {'precision': 0.7538136546293093, 'recall': 0.7620481927710844, 'f1-score': 0.7530974661413298, 'support': 1660.0}}
 F1: 0.7436452484991775
 Confusion Matrix:
 [[374   3  11   5]
 [ 84 213  74  11]
 [ 12 166 216  19]
 [  0   0  10 462]]
------------------------------------------------------------------------------------------
Training set class distribution:--
{'LIE': 792, 'SIT': 834, 'STAND': 771, 'WALK': 956}
------------------------------------------------------------------------------------------
SSL encoder loaded

Epoch: 1/40 | tr_Loss: 0.5144 | tr_acc: 0.8682 | val_loss: 0.2934 | val_acc: 0.9219 | epoch_time: 2.86s

Epoch: 2/40 | tr_Loss: 0.1728 | tr_acc: 0.9505 | val_loss: 0.2573 | val_acc: 0.9207 | epoch_time: 2.70s

Epoch: 3/40 | tr_Loss: 0.1211 | tr_acc: 0.9657 | val_loss: 0.2840 | val_acc: 0.8992 | epoch_time: 2.71s

Epoch: 4/40 | tr_Loss: 0.1021 | tr_acc: 0.9723 | val_loss: 0.2810 | val_acc: 0.9016 | epoch_time: 2.70s

Epoch: 5/40 | tr_Loss: 0.0851 | tr_acc: 0.9746 | val_loss: 0.3911 | val_acc: 0.8861 | epoch_time: 2.70s

Epoch: 6/40 | tr_Loss: 0.0754 | tr_acc: 0.9788 | val_loss: 0.3364 | val_acc: 0.8962 | epoch_time: 2.70s

Epoch: 7/40 | tr_Loss: 0.0679 | tr_acc: 0.9803 | val_loss: 0.3999 | val_acc: 0.8951 | epoch_time: 2.71s

Early stopping at epoch 7 | Best Validation Loss: 0.2573
              precision    recall  f1-score   support

         LIE       0.88      0.95      0.91       408
         SIT       0.97      0.77      0.86       326
       STAND       0.86      0.94      0.90       399
        WALK       0.98      0.97      0.98       544

    accuracy                           0.92      1677
   macro avg       0.92      0.91      0.91      1677
weighted avg       0.92      0.92      0.92      1677

------------------------------------------------------------------------------------------
Test Results:
 Accuracy: 0.7391566265060241
 Report:
 {'LIE': {'precision': 0.6499133448873483, 'recall': 0.9541984732824428, 'f1-score': 0.7731958762886598, 'support': 393.0}, 'SIT': {'precision': 0.6403940886699507, 'recall': 0.3403141361256545, 'f1-score': 0.4444444444444444, 'support': 382.0}, 'STAND': {'precision': 0.7648809523809523, 'recall': 0.6222760290556901, 'f1-score': 0.6862483311081442, 'support': 413.0}, 'WALK': {'precision': 0.8547794117647058, 'recall': 0.9851694915254238, 'f1-score': 0.9153543307086615, 'support': 472.0}, 'accuracy': 0.7391566265060241, 'macro avg': {'precision': 0.7274919494257392, 'recall': 0.7254895324973027, 'f1-score': 0.7048107456374775, 'support': 1660.0}, 'weighted avg': {'precision': 0.7345772301800745, 'recall': 0.7391566265060241, 'f1-score': 0.7163322662658873, 'support': 1660.0}}
 F1: 0.7048107456374775
 Confusion Matrix:
 [[375   5  10   3]
 [185 130  62   5]
 [ 17  68 257  71]
 [  0   0   7 465]]
Total wall time:6min 56s
