Job started on gpu032.orc.gmu.edu
CUDA_VISIBLE_DEVICES=0
Sun May 31 18:29:55 2026       
+-----------------------------------------------------------------------------------------+
| NVIDIA-SMI 590.48.01              Driver Version: 590.48.01      CUDA Version: 13.1     |
+-----------------------------------------+------------------------+----------------------+
| GPU  Name                 Persistence-M | Bus-Id          Disp.A | Volatile Uncorr. ECC |
| Fan  Temp   Perf          Pwr:Usage/Cap |           Memory-Usage | GPU-Util  Compute M. |
|                                         |                        |               MIG M. |
|=========================================+========================+======================|
|   0  NVIDIA H100 80GB HBM3          On  |   00000000:4E:00.0 Off |                    0 |
| N/A   22C    P0             67W /  700W |       0MiB /  81559MiB |      0%      Default |
|                                         |                        |             Disabled |
+-----------------------------------------+------------------------+----------------------+

+-----------------------------------------------------------------------------------------+
| Processes:                                                                              |
|  GPU   GI   CI              PID   Type   Process name                        GPU Memory |
|        ID   ID                                                               Usage      |
|=========================================================================================|
|  No running processes found                                                             |
+-----------------------------------------------------------------------------------------+
Mamba version: 2.3.0
Path: /home/kmercad/myenv/lib/python3.10/site-packages/mamba_ssm/modules/mamba2.py
------------------------------------------------------------------------------------------
Raw training set shape: (376092, 251)
Validation training set shape: (88848, 251)
Raw test set shape: (179695, 251)
------------------------------------------------------------------------------------------
Sensor subset training shape: (295149, 47)
Sensor Validation training shape: (67434, 47)
Sensor Test training shape: (134613, 47)
----------------------------------------------------------------------
Rows containing NaNs - training: 4953
Rows containing NaNs - validation: 0
Rows containing NaNs - test: 0
------------------------------------------------------------------------------------------
Training shape after NaN removal: (290196, 47)
Validation shape after NaN removal: (67434, 47)
Test shape after NaN removal: (134613, 47)
------------------------------------------------------------------------------------------
Reindexed training shape: (290196, 47)
Reindexed validation shape: (67434, 47)
Reindexed test shape: (134613, 47)


Descriptive statistics for ACC channels (DEVICE_1) - training set
                   0              1              2
count  290196.000000  290196.000000  290196.000000
mean     -823.016179    -119.869698     304.485627
std       270.438157     249.979563     314.402613
min     -1896.000000   -1271.000000   -1198.000000
25%      -974.000000    -228.000000     116.000000
50%      -923.000000    -122.000000     279.000000
75%      -795.000000     -14.000000     466.000000
max       614.000000    1815.000000    1417.000000

Descriptive statistics for GYRO channels (DEVICE_1) - training set
                   3              4              5
count  290196.000000  290196.000000  290196.000000
mean      -43.163207     -16.201064       8.669899
std       599.759777     322.772360     266.831851
min     -4502.000000   -3092.000000   -2293.000000
25%      -237.000000    -105.000000     -79.000000
50%       -18.000000      -7.000000       1.000000
75%       146.000000      75.000000      94.000000
max      4504.000000    3370.000000    2231.000000

Descriptive statistics for MAG channels (DEVICE_1) - training set
                   6              7              8
count  290196.000000  290196.000000  290196.000000
mean      388.133306      70.751351      45.451071
std       344.236008     327.662515     496.886415
min      -929.000000   -1038.000000   -1246.000000
25%       318.000000    -166.000000    -446.000000
50%       469.000000     101.000000     147.000000
75%       560.000000     268.000000     500.000000
max      1531.000000    1047.000000    1225.000000
------------------------------------------------------------------------------------------


Descriptive statistics for ACC channels (DEVICE_1) - training set
                   0             1              2
count  290196.000000  290196.00000  290196.000000
mean       -0.823016      -0.11987       0.304486
std         0.270438       0.24998       0.314403
min        -1.896000      -1.27100      -1.198000
25%        -0.974000      -0.22800       0.116000
50%        -0.923000      -0.12200       0.279000
75%        -0.795000      -0.01400       0.466000
max         0.614000       1.81500       1.417000

Descriptive statistics for scaled GYRO channels (DEVICE_1) - training set
                   3              4              5
count  290196.000000  290196.000000  290196.000000
mean       -0.043163      -0.016201       0.008670
std         0.599760       0.322772       0.266832
min        -4.502000      -3.092000      -2.293000
25%        -0.237000      -0.105000      -0.079000
50%        -0.018000      -0.007000       0.001000
75%         0.146000       0.075000       0.094000
max         4.504000       3.370000       2.231000

Descriptive statistics for normalized MAG channels (DEVICE_1) - training set
                   6              7              8
count  290196.000000  290196.000000  290196.000000
mean        0.512513       0.078772       0.061891
std         0.401707       0.415946       0.626831
min        -0.941527      -0.991281      -0.999993
25%         0.425456      -0.224111      -0.565882
50%         0.639552       0.129886       0.198900
75%         0.765385       0.330236       0.654344
max         0.999999       0.990997       0.999770
--------------------STRATIY VAL/TEST--------------------
Validation GROUPS
group_id
S1-ADL4    24851
S2-ADL5    22969
S3-ADL5    20648
S4-ADL5    23817
Name: count, dtype: int64
Test GROUPS
group_id
S1-ADL1    37507
S1-ADL2    24510
S1-ADL3    25305
S1-ADL5    22440
Name: count, dtype: int64 


 Validation Split Label Proportion
45
1    0.435575
2    0.285561
4    0.229149
5    0.049716
Name: proportion, dtype: float64
Test Split Label Proportion
45
1    0.476476
2    0.221643
4    0.256008
5    0.045872
Name: proportion, dtype: float64

------------------------------ TRAIN ACC/GYRO after StandardScaler ------------------------------
global mean: -0.000000
global std : 1.000000
max |channel mean| : 0.000000
median |channel mean| : 0.000000
channel std range : [1.000000, 1.000000]

------------------------------ VAL ACC/GYRO after StandardScaler ------------------------------
global mean: -0.004966
global std : 1.020127
max |channel mean| : 0.261901
median |channel mean| : 0.021645
channel std range : [0.918437, 1.136469]

------------------------------ TEST ACC/GYRO after StandardScaler ------------------------------
global mean: 0.015366
global std : 0.964757
max |channel mean| : 0.900994
median |channel mean| : 0.025740
channel std range : [0.678974, 1.129884]
------------------------------------------------------------------------------------------
Training features: (290196, 46) | Training labels: (290196,)
Validation features: (92285, 46) | Validation labels: (92285,)
Test features: (109762, 46), Test labels: (109762,)

------------------------------ TRAIN MAG after window demeaning ------------------------------
max |window mean|  : 2.072917e-07
mean |window mean| : 2.316569e-08
channel global mean range : [-4.493903e-10, 3.340211e-10]
channel std range         : [0.131286, 0.230231]

------------------------------ VAL MAG after window demeaning ------------------------------
max |window mean|  : 2.112654e-07
mean |window mean| : 2.296102e-08
channel global mean range : [-1.295171e-09, 1.012635e-09]
channel std range         : [0.135073, 0.241445]

------------------------------ TEST MAG after window demeaning ------------------------------
max |window mean|  : 1.947085e-07
mean |window mean| : 2.323360e-08
channel global mean range : [-5.950485e-10, 4.664948e-10]
channel std range         : [0.109610, 0.227086]

TRAIN window label distribution
label 1: 4195 (0.4350)
label 2: 2640 (0.2737)
label 4: 2295 (0.2380)
label 5: 514 (0.0533)

VAL window label distribution
label 1: 1304 (0.4253)
label 2: 906 (0.2955)
label 4: 704 (0.2296)
label 5: 152 (0.0496)

TEST window label distribution
label 1: 1744 (0.4778)
label 2: 797 (0.2184)
label 4: 940 (0.2575)
label 5: 169 (0.0463)
------------------------------------------------------------------------------------------
Training (windows): (9644, 90, 45). Training Labels: (9644,)
Validation (windows): (3066, 90, 45). Validation Labels: (3066,)
Test (windows): (3650, 90, 45). Test Labels: (3650,)
------------------------------------------------------------------------------------------
Training set class distribution:
{'STAND': 4195, 'WALK': 2640, 'SIT': 2295, 'LIE': 514}
------------------------------------------------------------------------------------------
SSL encoder loaded

Epoch: 1/40 | tr_Loss: 0.4712 | tr_acc: 0.8145 | val_loss: 0.2708 | val_acc: 0.8832 | epoch_time: 42.18s

Epoch: 2/40 | tr_Loss: 0.2488 | tr_acc: 0.8990 | val_loss: 0.2280 | val_acc: 0.9041 | epoch_time: 8.14s

Epoch: 3/40 | tr_Loss: 0.2059 | tr_acc: 0.9146 | val_loss: 0.2057 | val_acc: 0.9136 | epoch_time: 8.15s

Epoch: 4/40 | tr_Loss: 0.1782 | tr_acc: 0.9281 | val_loss: 0.1941 | val_acc: 0.9188 | epoch_time: 8.14s

Epoch: 5/40 | tr_Loss: 0.1570 | tr_acc: 0.9349 | val_loss: 0.2241 | val_acc: 0.9110 | epoch_time: 8.13s

Epoch: 6/40 | tr_Loss: 0.1440 | tr_acc: 0.9380 | val_loss: 0.1831 | val_acc: 0.9273 | epoch_time: 8.13s

Epoch: 7/40 | tr_Loss: 0.1315 | tr_acc: 0.9454 | val_loss: 0.1949 | val_acc: 0.9188 | epoch_time: 8.12s

Epoch: 8/40 | tr_Loss: 0.1197 | tr_acc: 0.9485 | val_loss: 0.2071 | val_acc: 0.9185 | epoch_time: 8.11s

Epoch: 9/40 | tr_Loss: 0.1097 | tr_acc: 0.9563 | val_loss: 0.1999 | val_acc: 0.9227 | epoch_time: 8.12s

Epoch: 10/40 | tr_Loss: 0.0998 | tr_acc: 0.9592 | val_loss: 0.1991 | val_acc: 0.9250 | epoch_time: 8.11s

Epoch: 11/40 | tr_Loss: 0.0918 | tr_acc: 0.9645 | val_loss: 0.1969 | val_acc: 0.9286 | epoch_time: 8.12s

Early stopping at epoch 11 | Best Validation Loss: 0.1831
              precision    recall  f1-score   support

       STAND       0.91      0.92      0.92      1304
        WALK       0.90      0.87      0.89       906
         SIT       0.97      1.00      0.98       704
         LIE       1.00      0.98      0.99       152

    accuracy                           0.93      3066
   macro avg       0.95      0.94      0.94      3066
weighted avg       0.93      0.93      0.93      3066

------------------------------------------------------------------------------------------
Test Results:
 Accuracy: 0.9178082191780822
 Report:
 {'STAND': {'precision': 0.8966083150984683, 'recall': 0.9397935779816514, 'f1-score': 0.9176931690929452, 'support': 1744.0}, 'WALK': {'precision': 0.9162995594713657, 'recall': 0.7829360100376411, 'f1-score': 0.8443843031123139, 'support': 797.0}, 'SIT': {'precision': 0.9463917525773196, 'recall': 0.9765957446808511, 'f1-score': 0.9612565445026178, 'support': 940.0}, 'LIE': {'precision': 0.9883040935672515, 'recall': 1.0, 'f1-score': 0.9941176470588236, 'support': 169.0}, 'accuracy': 0.9178082191780822, 'macro avg': {'precision': 0.9369009301786012, 'recall': 0.924831333175036, 'f1-score': 0.9293629159416751, 'support': 3650.0}, 'weighted avg': {'precision': 0.9179745999084803, 'recall': 0.9178082191780822, 'f1-score': 0.9164433453874008, 'support': 3650.0}}
 F1: 0.9293629159416751
 Confusion Matrix:
 [[1639   55   50    0]
 [ 169  624    2    2]
 [  20    2  918    0]
 [   0    0    0  169]]
------------------------------------------------------------------------------------------
Training set class distribution:
{'STAND': 4195, 'WALK': 2640, 'SIT': 2295, 'LIE': 514}
------------------------------------------------------------------------------------------
SSL encoder loaded

Epoch: 1/40 | tr_Loss: 0.4473 | tr_acc: 0.8221 | val_loss: 0.2662 | val_acc: 0.8950 | epoch_time: 8.22s

Epoch: 2/40 | tr_Loss: 0.2394 | tr_acc: 0.9015 | val_loss: 0.2134 | val_acc: 0.9149 | epoch_time: 8.12s

Epoch: 3/40 | tr_Loss: 0.1953 | tr_acc: 0.9193 | val_loss: 0.2069 | val_acc: 0.9175 | epoch_time: 8.12s

Epoch: 4/40 | tr_Loss: 0.1744 | tr_acc: 0.9285 | val_loss: 0.2066 | val_acc: 0.9172 | epoch_time: 8.12s

Epoch: 5/40 | tr_Loss: 0.1549 | tr_acc: 0.9360 | val_loss: 0.2030 | val_acc: 0.9185 | epoch_time: 8.12s

Epoch: 6/40 | tr_Loss: 0.1435 | tr_acc: 0.9429 | val_loss: 0.1933 | val_acc: 0.9243 | epoch_time: 8.12s

Epoch: 7/40 | tr_Loss: 0.1348 | tr_acc: 0.9462 | val_loss: 0.2029 | val_acc: 0.9178 | epoch_time: 8.13s

Epoch: 8/40 | tr_Loss: 0.1226 | tr_acc: 0.9493 | val_loss: 0.2181 | val_acc: 0.9168 | epoch_time: 8.13s

Epoch: 9/40 | tr_Loss: 0.1115 | tr_acc: 0.9559 | val_loss: 0.2016 | val_acc: 0.9217 | epoch_time: 8.13s

Epoch: 10/40 | tr_Loss: 0.1039 | tr_acc: 0.9603 | val_loss: 0.2141 | val_acc: 0.9214 | epoch_time: 8.13s

Epoch: 11/40 | tr_Loss: 0.0927 | tr_acc: 0.9651 | val_loss: 0.2191 | val_acc: 0.9214 | epoch_time: 8.13s

Early stopping at epoch 11 | Best Validation Loss: 0.1933
              precision    recall  f1-score   support

       STAND       0.90      0.92      0.91      1304
        WALK       0.90      0.86      0.88       906
         SIT       0.97      0.99      0.98       704
         LIE       0.99      0.97      0.98       152

    accuracy                           0.92      3066
   macro avg       0.94      0.94      0.94      3066
weighted avg       0.92      0.92      0.92      3066

------------------------------------------------------------------------------------------
Test Results:
 Accuracy: 0.910958904109589
 Report:
 {'STAND': {'precision': 0.8769149498151083, 'recall': 0.9518348623853211, 'f1-score': 0.9128402529557328, 'support': 1744.0}, 'WALK': {'precision': 0.9317460317460318, 'recall': 0.7365119196988708, 'f1-score': 0.8227049754730204, 'support': 797.0}, 'SIT': {'precision': 0.9508881922675027, 'recall': 0.9680851063829787, 'f1-score': 0.959409594095941, 'support': 940.0}, 'LIE': {'precision': 0.9882352941176471, 'recall': 0.9940828402366864, 'f1-score': 0.9911504424778761, 'support': 169.0}, 'accuracy': 0.910958904109589, 'macro avg': {'precision': 0.9369461169865725, 'recall': 0.9126286821759642, 'f1-score': 0.9215263162506426, 'support': 3650.0}, 'weighted avg': {'precision': 0.913092582251088, 'recall': 0.910958904109589, 'f1-score': 0.9087777287221207, 'support': 3650.0}}
 F1: 0.9215263162506426
 Confusion Matrix:
 [[1660   39   45    0]
 [ 207  587    1    2]
 [  26    4  910    0]
 [   0    0    1  168]]
------------------------------------------------------------------------------------------
Training set class distribution:
{'STAND': 4195, 'WALK': 2640, 'SIT': 2295, 'LIE': 514}
------------------------------------------------------------------------------------------
SSL encoder loaded

Epoch: 1/40 | tr_Loss: 0.4729 | tr_acc: 0.8190 | val_loss: 0.2661 | val_acc: 0.8875 | epoch_time: 8.22s

Epoch: 2/40 | tr_Loss: 0.2443 | tr_acc: 0.9000 | val_loss: 0.2228 | val_acc: 0.9057 | epoch_time: 8.13s

Epoch: 3/40 | tr_Loss: 0.2039 | tr_acc: 0.9163 | val_loss: 0.2183 | val_acc: 0.9145 | epoch_time: 8.13s

Epoch: 4/40 | tr_Loss: 0.1778 | tr_acc: 0.9260 | val_loss: 0.2058 | val_acc: 0.9185 | epoch_time: 8.13s

Epoch: 5/40 | tr_Loss: 0.1615 | tr_acc: 0.9326 | val_loss: 0.1902 | val_acc: 0.9230 | epoch_time: 8.13s

Epoch: 6/40 | tr_Loss: 0.1474 | tr_acc: 0.9399 | val_loss: 0.1862 | val_acc: 0.9263 | epoch_time: 8.12s

Epoch: 7/40 | tr_Loss: 0.1339 | tr_acc: 0.9447 | val_loss: 0.1806 | val_acc: 0.9322 | epoch_time: 8.14s

Epoch: 8/40 | tr_Loss: 0.1277 | tr_acc: 0.9473 | val_loss: 0.2277 | val_acc: 0.9126 | epoch_time: 8.12s

Epoch: 9/40 | tr_Loss: 0.1158 | tr_acc: 0.9542 | val_loss: 0.2009 | val_acc: 0.9198 | epoch_time: 8.12s

Epoch: 10/40 | tr_Loss: 0.1058 | tr_acc: 0.9587 | val_loss: 0.1921 | val_acc: 0.9253 | epoch_time: 8.14s

Epoch: 11/40 | tr_Loss: 0.0960 | tr_acc: 0.9624 | val_loss: 0.2058 | val_acc: 0.9207 | epoch_time: 8.13s

Epoch: 12/40 | tr_Loss: 0.0902 | tr_acc: 0.9652 | val_loss: 0.2169 | val_acc: 0.9191 | epoch_time: 8.12s

Early stopping at epoch 12 | Best Validation Loss: 0.1806
              precision    recall  f1-score   support

       STAND       0.92      0.93      0.92      1304
        WALK       0.92      0.88      0.90       906
         SIT       0.97      1.00      0.98       704
         LIE       0.99      0.98      0.98       152

    accuracy                           0.93      3066
   macro avg       0.95      0.95      0.95      3066
weighted avg       0.93      0.93      0.93      3066

------------------------------------------------------------------------------------------
Test Results:
 Accuracy: 0.9189041095890411
 Report:
 {'STAND': {'precision': 0.8947368421052632, 'recall': 0.9455275229357798, 'f1-score': 0.919431279620853, 'support': 1744.0}, 'WALK': {'precision': 0.9331306990881459, 'recall': 0.7703889585947302, 'f1-score': 0.8439862542955326, 'support': 797.0}, 'SIT': {'precision': 0.9427402862985685, 'recall': 0.9808510638297873, 'f1-score': 0.9614181438998958, 'support': 940.0}, 'LIE': {'precision': 0.9883040935672515, 'recall': 1.0, 'f1-score': 0.9941176470588236, 'support': 169.0}, 'accuracy': 0.9189041095890411, 'macro avg': {'precision': 0.9397279802648073, 'recall': 0.9241918863400743, 'f1-score': 0.9297383312187762, 'support': 3650.0}, 'weighted avg': {'precision': 0.919815200202288, 'recall': 0.9189041095890411, 'f1-score': 0.9172285298496303, 'support': 3650.0}}
 F1: 0.9297383312187762
 Confusion Matrix:
 [[1649   42   53    0]
 [ 178  614    3    2]
 [  16    2  922    0]
 [   0    0    0  169]]
------------------------------------------------------------------------------------------
Training set class distribution:
{'STAND': 4195, 'WALK': 2640, 'SIT': 2295, 'LIE': 514}
------------------------------------------------------------------------------------------
SSL encoder loaded

Epoch: 1/40 | tr_Loss: 0.4675 | tr_acc: 0.8152 | val_loss: 0.2768 | val_acc: 0.8898 | epoch_time: 8.24s

Epoch: 2/40 | tr_Loss: 0.2449 | tr_acc: 0.9026 | val_loss: 0.2298 | val_acc: 0.9038 | epoch_time: 8.13s

Epoch: 3/40 | tr_Loss: 0.2037 | tr_acc: 0.9159 | val_loss: 0.2066 | val_acc: 0.9126 | epoch_time: 8.13s

Epoch: 4/40 | tr_Loss: 0.1736 | tr_acc: 0.9278 | val_loss: 0.2050 | val_acc: 0.9155 | epoch_time: 8.13s

Epoch: 5/40 | tr_Loss: 0.1564 | tr_acc: 0.9357 | val_loss: 0.1980 | val_acc: 0.9185 | epoch_time: 8.13s

Epoch: 6/40 | tr_Loss: 0.1443 | tr_acc: 0.9386 | val_loss: 0.1961 | val_acc: 0.9201 | epoch_time: 8.13s

Epoch: 7/40 | tr_Loss: 0.1347 | tr_acc: 0.9457 | val_loss: 0.1880 | val_acc: 0.9234 | epoch_time: 8.15s

Epoch: 8/40 | tr_Loss: 0.1238 | tr_acc: 0.9495 | val_loss: 0.1924 | val_acc: 0.9230 | epoch_time: 8.12s

Epoch: 9/40 | tr_Loss: 0.1145 | tr_acc: 0.9532 | val_loss: 0.1937 | val_acc: 0.9230 | epoch_time: 8.14s

Epoch: 10/40 | tr_Loss: 0.1050 | tr_acc: 0.9580 | val_loss: 0.2020 | val_acc: 0.9211 | epoch_time: 8.13s

Epoch: 11/40 | tr_Loss: 0.0931 | tr_acc: 0.9644 | val_loss: 0.2305 | val_acc: 0.9172 | epoch_time: 8.13s

Epoch: 12/40 | tr_Loss: 0.0844 | tr_acc: 0.9674 | val_loss: 0.2338 | val_acc: 0.9165 | epoch_time: 8.12s

Early stopping at epoch 12 | Best Validation Loss: 0.1880
              precision    recall  f1-score   support

       STAND       0.90      0.93      0.91      1304
        WALK       0.91      0.86      0.88       906
         SIT       0.98      0.98      0.98       704
         LIE       0.99      0.99      0.99       152

    accuracy                           0.92      3066
   macro avg       0.94      0.94      0.94      3066
weighted avg       0.92      0.92      0.92      3066

------------------------------------------------------------------------------------------
Test Results:
 Accuracy: 0.9164383561643835
 Report:
 {'STAND': {'precision': 0.8883521202361782, 'recall': 0.9489678899082569, 'f1-score': 0.917660105350707, 'support': 1744.0}, 'WALK': {'precision': 0.9228441754916793, 'recall': 0.7653701380175659, 'f1-score': 0.8367626886145405, 'support': 797.0}, 'SIT': {'precision': 0.9539267015706806, 'recall': 0.9691489361702128, 'f1-score': 0.9614775725593667, 'support': 940.0}, 'LIE': {'precision': 0.9883040935672515, 'recall': 1.0, 'f1-score': 0.9941176470588236, 'support': 169.0}, 'accuracy': 0.9164383561643835, 'macro avg': {'precision': 0.9383567727164475, 'recall': 0.9208717410240088, 'f1-score': 0.9275045033958594, 'support': 3650.0}, 'weighted avg': {'precision': 0.9173992868076899, 'recall': 0.9164383561643835, 'f1-score': 0.9148202430455253, 'support': 3650.0}}
 F1: 0.9275045033958594
 Confusion Matrix:
 [[1655   47   42    0]
 [ 183  610    2    2]
 [  25    4  911    0]
 [   0    0    0  169]]
------------------------------------------------------------------------------------------
Training set class distribution:
{'STAND': 4195, 'WALK': 2640, 'SIT': 2295, 'LIE': 514}
------------------------------------------------------------------------------------------
SSL encoder loaded

Epoch: 1/40 | tr_Loss: 0.4541 | tr_acc: 0.8196 | val_loss: 0.2741 | val_acc: 0.8849 | epoch_time: 8.22s

Epoch: 2/40 | tr_Loss: 0.2489 | tr_acc: 0.8992 | val_loss: 0.2343 | val_acc: 0.9044 | epoch_time: 8.16s

Epoch: 3/40 | tr_Loss: 0.2092 | tr_acc: 0.9146 | val_loss: 0.2173 | val_acc: 0.9123 | epoch_time: 8.15s

Epoch: 4/40 | tr_Loss: 0.1809 | tr_acc: 0.9242 | val_loss: 0.2069 | val_acc: 0.9162 | epoch_time: 8.13s

Epoch: 5/40 | tr_Loss: 0.1673 | tr_acc: 0.9323 | val_loss: 0.2033 | val_acc: 0.9159 | epoch_time: 8.13s

Epoch: 6/40 | tr_Loss: 0.1475 | tr_acc: 0.9391 | val_loss: 0.2019 | val_acc: 0.9175 | epoch_time: 8.13s

Epoch: 7/40 | tr_Loss: 0.1364 | tr_acc: 0.9441 | val_loss: 0.1989 | val_acc: 0.9214 | epoch_time: 8.14s

Epoch: 8/40 | tr_Loss: 0.1256 | tr_acc: 0.9483 | val_loss: 0.2200 | val_acc: 0.9155 | epoch_time: 8.13s

Epoch: 9/40 | tr_Loss: 0.1149 | tr_acc: 0.9519 | val_loss: 0.2149 | val_acc: 0.9178 | epoch_time: 8.12s

Epoch: 10/40 | tr_Loss: 0.1053 | tr_acc: 0.9574 | val_loss: 0.2149 | val_acc: 0.9214 | epoch_time: 8.14s

Epoch: 11/40 | tr_Loss: 0.0961 | tr_acc: 0.9618 | val_loss: 0.2647 | val_acc: 0.9077 | epoch_time: 8.13s

Epoch: 12/40 | tr_Loss: 0.0919 | tr_acc: 0.9640 | val_loss: 0.2327 | val_acc: 0.9181 | epoch_time: 8.12s

Early stopping at epoch 12 | Best Validation Loss: 0.1989
              precision    recall  f1-score   support

       STAND       0.90      0.92      0.91      1304
        WALK       0.90      0.85      0.88       906
         SIT       0.97      0.99      0.98       704
         LIE       0.98      0.99      0.99       152

    accuracy                           0.92      3066
   macro avg       0.94      0.94      0.94      3066
weighted avg       0.92      0.92      0.92      3066

------------------------------------------------------------------------------------------
Test Results:
 Accuracy: 0.9013698630136986
 Report:
 {'STAND': {'precision': 0.8599483204134367, 'recall': 0.9541284403669725, 'f1-score': 0.9045936395759717, 'support': 1744.0}, 'WALK': {'precision': 0.9362068965517242, 'recall': 0.6813048933500627, 'f1-score': 0.7886710239651417, 'support': 797.0}, 'SIT': {'precision': 0.9501039501039501, 'recall': 0.9723404255319149, 'f1-score': 0.961093585699264, 'support': 940.0}, 'LIE': {'precision': 0.976878612716763, 'recall': 1.0, 'f1-score': 0.9883040935672515, 'support': 169.0}, 'accuracy': 0.9013698630136986, 'macro avg': {'precision': 0.9307844449464684, 'recall': 0.9019434398122376, 'f1-score': 0.9106655857019071, 'support': 3650.0}, 'weighted avg': {'precision': 0.9052320454793436, 'recall': 0.9013698630136986, 'f1-score': 0.8977078016139415, 'support': 3650.0}}
 F1: 0.9106655857019071
 Confusion Matrix:
 [[1664   32   46    2]
 [ 250  543    2    2]
 [  21    5  914    0]
 [   0    0    0  169]]
Total wall time:11min 55s
