Job started on gpu032.orc.gmu.edu
CUDA_VISIBLE_DEVICES=0
Sun May 31 18:29:59 2026       
+-----------------------------------------------------------------------------------------+
| NVIDIA-SMI 590.48.01              Driver Version: 590.48.01      CUDA Version: 13.1     |
+-----------------------------------------+------------------------+----------------------+
| GPU  Name                 Persistence-M | Bus-Id          Disp.A | Volatile Uncorr. ECC |
| Fan  Temp   Perf          Pwr:Usage/Cap |           Memory-Usage | GPU-Util  Compute M. |
|                                         |                        |               MIG M. |
|=========================================+========================+======================|
|   0  NVIDIA H100 80GB HBM3          On  |   00000000:5F:00.0 Off |                    0 |
| N/A   22C    P0             67W /  700W |       0MiB /  81559MiB |      0%      Default |
|                                         |                        |             Disabled |
+-----------------------------------------+------------------------+----------------------+

+-----------------------------------------------------------------------------------------+
| Processes:                                                                              |
|  GPU   GI   CI              PID   Type   Process name                        GPU Memory |
|        ID   ID                                                               Usage      |
|=========================================================================================|
|  No running processes found                                                             |
+-----------------------------------------------------------------------------------------+
Mamba version: 2.3.0
Path: /home/kmercad/myenv/lib/python3.10/site-packages/mamba_ssm/modules/mamba2.py
------------------------------------------------------------------------------------------
Raw training set shape: (385701, 251)
Validation training set shape: (87149, 251)
Raw test set shape: (171785, 251)
------------------------------------------------------------------------------------------
Sensor subset training shape: (297110, 47)
Sensor Validation training shape: (66905, 47)
Sensor Test training shape: (133181, 47)
----------------------------------------------------------------------
Rows containing NaNs - training: 0
Rows containing NaNs - validation: 0
Rows containing NaNs - test: 4953
------------------------------------------------------------------------------------------
Training shape after NaN removal: (297110, 47)
Validation shape after NaN removal: (66905, 47)
Test shape after NaN removal: (128228, 47)
------------------------------------------------------------------------------------------
Reindexed training shape: (297110, 47)
Reindexed validation shape: (66905, 47)
Reindexed test shape: (128228, 47)


Descriptive statistics for ACC channels (DEVICE_1) - training set
                   0              1              2
count  297110.000000  297110.000000  297110.000000
mean     -814.033203    -154.937286     309.518192
std       265.114383     259.111819     316.387238
min     -1896.000000   -1283.000000   -1198.000000
25%      -967.000000    -271.000000     135.000000
50%      -915.000000    -157.000000     294.000000
75%      -767.000000     -44.000000     480.000000
max       614.000000    1374.000000    1417.000000

Descriptive statistics for GYRO channels (DEVICE_1) - training set
                   3              4              5
count  297110.000000  297110.000000  297110.000000
mean      -53.720477     -18.435384       9.876753
std       608.714994     316.133462     276.124779
min     -4818.000000   -3081.000000   -2293.000000
25%      -251.000000    -118.000000     -87.000000
50%       -19.000000      -9.000000       2.000000
75%       147.000000      80.000000     107.000000
max      3537.000000    3370.000000    2029.000000

Descriptive statistics for MAG channels (DEVICE_1) - training set
                   6              7              8
count  297110.000000  297110.000000  297110.000000
mean      409.335162      85.637447      31.823877
std       373.936757     340.340809     511.346532
min      -929.000000   -1011.000000   -1246.000000
25%       301.000000    -152.000000    -478.000000
50%       513.000000     102.000000      96.000000
75%       603.000000     314.000000     475.000000
max      1531.000000    1162.000000    1369.000000
------------------------------------------------------------------------------------------


Descriptive statistics for ACC channels (DEVICE_1) - training set
                   0              1              2
count  297110.000000  297110.000000  297110.000000
mean       -0.814033      -0.154937       0.309518
std         0.265114       0.259112       0.316387
min        -1.896000      -1.283000      -1.198000
25%        -0.967000      -0.271000       0.135000
50%        -0.915000      -0.157000       0.294000
75%        -0.767000      -0.044000       0.480000
max         0.614000       1.374000       1.417000

Descriptive statistics for scaled GYRO channels (DEVICE_1) - training set
                   3              4              5
count  297110.000000  297110.000000  297110.000000
mean       -0.053720      -0.018435       0.009877
std         0.608715       0.316133       0.276125
min        -4.818000      -3.081000      -2.293000
25%        -0.251000      -0.118000      -0.087000
50%        -0.019000      -0.009000       0.002000
75%         0.147000       0.080000       0.107000
max         3.537000       3.370000       2.029000

Descriptive statistics for normalized MAG channels (DEVICE_1) - training set
                   6              7              8
count  297110.000000  297110.000000  297110.000000
mean        0.515633       0.095613       0.026044
std         0.417793       0.420340       0.610793
min        -0.941527      -0.962388      -0.999993
25%         0.403199      -0.200560      -0.582790
50%         0.661352       0.122990       0.129253
75%         0.777488       0.367910       0.622170
max         0.999999       0.999708       0.999770
--------------------STRATIY VAL/TEST--------------------
Validation GROUPS
group_id
S2-ADL1    29975
S2-ADL3    26659
S3-ADL5    20648
S4-ADL5    23817
Name: count, dtype: int64
Test GROUPS
group_id
S1-ADL5    22440
S2-ADL2    23108
S2-ADL4    25517
S2-ADL5    22969
Name: count, dtype: int64 


 Validation Split Label Proportion
45
1    0.439886
2    0.267203
4    0.251021
5    0.041890
Name: proportion, dtype: float64
Test Split Label Proportion
45
1    0.385712
2    0.263543
4    0.308867
5    0.041878
Name: proportion, dtype: float64

------------------------------ TRAIN ACC/GYRO after StandardScaler ------------------------------
global mean: 0.000000
global std : 1.000000
max |channel mean| : 0.000000
median |channel mean| : 0.000000
channel std range : [1.000000, 1.000000]

------------------------------ VAL ACC/GYRO after StandardScaler ------------------------------
global mean: -0.016196
global std : 1.019579
max |channel mean| : 0.692293
median |channel mean| : 0.017812
channel std range : [0.857252, 1.191447]

------------------------------ TEST ACC/GYRO after StandardScaler ------------------------------
global mean: -0.026198
global std : 1.032089
max |channel mean| : 1.067700
median |channel mean| : 0.057583
channel std range : [0.745667, 1.206436]
------------------------------------------------------------------------------------------
Training features: (297110, 46) | Training labels: (297110,)
Validation features: (101099, 46) | Validation labels: (101099,)
Test features: (94034, 46), Test labels: (94034,)

------------------------------ TRAIN MAG after window demeaning ------------------------------
max |window mean|  : 2.072917e-07
mean |window mean| : 2.318182e-08
channel global mean range : [-5.960800e-10, 4.066864e-10]
channel std range         : [0.129758, 0.233506]

------------------------------ VAL MAG after window demeaning ------------------------------
max |window mean|  : 1.980199e-07
mean |window mean| : 2.299261e-08
channel global mean range : [-1.398659e-09, 1.231514e-09]
channel std range         : [0.127750, 0.233662]

------------------------------ TEST MAG after window demeaning ------------------------------
max |window mean|  : 2.112654e-07
mean |window mean| : 2.317931e-08
channel global mean range : [-1.426697e-09, 6.857978e-10]
channel std range         : [0.119883, 0.231613]

TRAIN window label distribution
label 1: 4630 (0.4689)
label 2: 2563 (0.2595)
label 4: 2120 (0.2147)
label 5: 562 (0.0569)

VAL window label distribution
label 1: 1440 (0.4286)
label 2: 932 (0.2774)
label 4: 847 (0.2521)
label 5: 141 (0.0420)

TEST window label distribution
label 1: 1173 (0.3754)
label 2: 848 (0.2714)
label 4: 972 (0.3110)
label 5: 132 (0.0422)
------------------------------------------------------------------------------------------
Training (windows): (9875, 90, 45). Training Labels: (9875,)
Validation (windows): (3360, 90, 45). Validation Labels: (3360,)
Test (windows): (3125, 90, 45). Test Labels: (3125,)
------------------------------------------------------------------------------------------
Training set class distribution:
{'STAND': 4630, 'WALK': 2563, 'SIT': 2120, 'LIE': 562}
------------------------------------------------------------------------------------------
SSL encoder loaded

Epoch: 1/40 | tr_Loss: 0.4654 | tr_acc: 0.8171 | val_loss: 0.4096 | val_acc: 0.8149 | epoch_time: 42.15s

Epoch: 2/40 | tr_Loss: 0.2254 | tr_acc: 0.9058 | val_loss: 0.4415 | val_acc: 0.8116 | epoch_time: 8.46s

Epoch: 3/40 | tr_Loss: 0.1890 | tr_acc: 0.9217 | val_loss: 0.3583 | val_acc: 0.8583 | epoch_time: 8.47s

Epoch: 4/40 | tr_Loss: 0.1622 | tr_acc: 0.9348 | val_loss: 0.3649 | val_acc: 0.8792 | epoch_time: 8.43s

Epoch: 5/40 | tr_Loss: 0.1477 | tr_acc: 0.9388 | val_loss: 0.3677 | val_acc: 0.8830 | epoch_time: 8.42s

Epoch: 6/40 | tr_Loss: 0.1331 | tr_acc: 0.9454 | val_loss: 0.3665 | val_acc: 0.8866 | epoch_time: 8.43s

Epoch: 7/40 | tr_Loss: 0.1217 | tr_acc: 0.9508 | val_loss: 0.3590 | val_acc: 0.8833 | epoch_time: 8.43s

Epoch: 8/40 | tr_Loss: 0.1137 | tr_acc: 0.9531 | val_loss: 0.3625 | val_acc: 0.8857 | epoch_time: 8.43s

Early stopping at epoch 8 | Best Validation Loss: 0.3583
              precision    recall  f1-score   support

       STAND       0.84      0.84      0.84      1440
        WALK       0.79      0.86      0.83       932
         SIT       0.96      0.86      0.91       847
         LIE       0.99      0.99      0.99       141

    accuracy                           0.86      3360
   macro avg       0.90      0.89      0.89      3360
weighted avg       0.86      0.86      0.86      3360

------------------------------------------------------------------------------------------
Test Results:
 Accuracy: 0.89664
 Report:
 {'STAND': {'precision': 0.9137931034482759, 'recall': 0.8132992327365729, 'f1-score': 0.8606224627875507, 'support': 1173.0}, 'WALK': {'precision': 0.7940267765190525, 'recall': 0.9091981132075472, 'f1-score': 0.8477185266630016, 'support': 848.0}, 'SIT': {'precision': 0.9693251533742331, 'recall': 0.9753086419753086, 'f1-score': 0.9723076923076923, 'support': 972.0}, 'LIE': {'precision': 0.9772727272727273, 'recall': 0.9772727272727273, 'f1-score': 0.9772727272727273, 'support': 132.0}, 'accuracy': 0.89664, 'macro avg': {'precision': 0.9136044401535723, 'recall': 0.9187696787980391, 'f1-score': 0.9144803522577429, 'support': 3125.0}, 'weighted avg': {'precision': 0.9012473810920764, 'recall': 0.89664, 'f1-score': 0.8967867316425918, 'support': 3125.0}}
 F1: 0.9144803522577429
 Confusion Matrix:
 [[954 196  23   0]
 [ 73 771   4   0]
 [ 17   4 948   3]
 [  0   0   3 129]]
------------------------------------------------------------------------------------------
Training set class distribution:
{'STAND': 4630, 'WALK': 2563, 'SIT': 2120, 'LIE': 562}
------------------------------------------------------------------------------------------
SSL encoder loaded

Epoch: 1/40 | tr_Loss: 0.4246 | tr_acc: 0.8283 | val_loss: 0.3652 | val_acc: 0.8476 | epoch_time: 8.53s

Epoch: 2/40 | tr_Loss: 0.2288 | tr_acc: 0.9068 | val_loss: 0.3393 | val_acc: 0.8720 | epoch_time: 8.43s

Epoch: 3/40 | tr_Loss: 0.1931 | tr_acc: 0.9212 | val_loss: 0.3397 | val_acc: 0.8717 | epoch_time: 8.44s

Epoch: 4/40 | tr_Loss: 0.1652 | tr_acc: 0.9322 | val_loss: 0.3572 | val_acc: 0.8679 | epoch_time: 8.44s

Epoch: 5/40 | tr_Loss: 0.1467 | tr_acc: 0.9383 | val_loss: 0.3161 | val_acc: 0.8872 | epoch_time: 8.43s

Epoch: 6/40 | tr_Loss: 0.1318 | tr_acc: 0.9451 | val_loss: 0.3048 | val_acc: 0.8890 | epoch_time: 8.43s

Epoch: 7/40 | tr_Loss: 0.1234 | tr_acc: 0.9493 | val_loss: 0.3349 | val_acc: 0.8839 | epoch_time: 8.43s

Epoch: 8/40 | tr_Loss: 0.1130 | tr_acc: 0.9528 | val_loss: 0.3161 | val_acc: 0.8827 | epoch_time: 8.43s

Epoch: 9/40 | tr_Loss: 0.1050 | tr_acc: 0.9572 | val_loss: 0.3181 | val_acc: 0.8807 | epoch_time: 8.42s

Epoch: 10/40 | tr_Loss: 0.0972 | tr_acc: 0.9603 | val_loss: 0.2973 | val_acc: 0.8830 | epoch_time: 8.43s

Epoch: 11/40 | tr_Loss: 0.0889 | tr_acc: 0.9643 | val_loss: 0.3611 | val_acc: 0.8705 | epoch_time: 8.43s

Epoch: 12/40 | tr_Loss: 0.0802 | tr_acc: 0.9692 | val_loss: 0.3468 | val_acc: 0.8750 | epoch_time: 8.43s

Epoch: 13/40 | tr_Loss: 0.0724 | tr_acc: 0.9704 | val_loss: 0.3542 | val_acc: 0.8756 | epoch_time: 8.44s

Epoch: 14/40 | tr_Loss: 0.0629 | tr_acc: 0.9750 | val_loss: 0.3695 | val_acc: 0.8753 | epoch_time: 8.44s

Epoch: 15/40 | tr_Loss: 0.0545 | tr_acc: 0.9784 | val_loss: 0.3566 | val_acc: 0.8762 | epoch_time: 8.45s

Early stopping at epoch 15 | Best Validation Loss: 0.2973
              precision    recall  f1-score   support

       STAND       0.83      0.93      0.88      1440
        WALK       0.91      0.81      0.85       932
         SIT       0.97      0.86      0.91       847
         LIE       0.84      0.99      0.91       141

    accuracy                           0.88      3360
   macro avg       0.89      0.90      0.89      3360
weighted avg       0.89      0.88      0.88      3360

------------------------------------------------------------------------------------------
Test Results:
 Accuracy: 0.90688
 Report:
 {'STAND': {'precision': 0.8683127572016461, 'recall': 0.8994032395566922, 'f1-score': 0.8835845896147404, 'support': 1173.0}, 'WALK': {'precision': 0.8833967046894804, 'recall': 0.8219339622641509, 'f1-score': 0.851557727550397, 'support': 848.0}, 'SIT': {'precision': 0.9674134419551935, 'recall': 0.977366255144033, 'f1-score': 0.9723643807574207, 'support': 972.0}, 'LIE': {'precision': 0.9496402877697842, 'recall': 1.0, 'f1-score': 0.974169741697417, 'support': 132.0}, 'accuracy': 0.90688, 'macro avg': {'precision': 0.917190797904026, 'recall': 0.9246758642412191, 'f1-score': 0.9204191099049939, 'support': 3125.0}, 'weighted avg': {'precision': 0.9066654890688863, 'recall': 0.90688, 'f1-score': 0.9063341633859517, 'support': 3125.0}}
 F1: 0.9204191099049939
 Confusion Matrix:
 [[1055   87   28    3]
 [ 147  697    4    0]
 [  13    5  950    4]
 [   0    0    0  132]]
------------------------------------------------------------------------------------------
Training set class distribution:
{'STAND': 4630, 'WALK': 2563, 'SIT': 2120, 'LIE': 562}
------------------------------------------------------------------------------------------
SSL encoder loaded

Epoch: 1/40 | tr_Loss: 0.4337 | tr_acc: 0.8332 | val_loss: 0.3490 | val_acc: 0.8482 | epoch_time: 8.55s

Epoch: 2/40 | tr_Loss: 0.2158 | tr_acc: 0.9107 | val_loss: 0.3182 | val_acc: 0.8690 | epoch_time: 8.44s

Epoch: 3/40 | tr_Loss: 0.1770 | tr_acc: 0.9288 | val_loss: 0.3053 | val_acc: 0.8714 | epoch_time: 8.43s

Epoch: 4/40 | tr_Loss: 0.1597 | tr_acc: 0.9360 | val_loss: 0.3157 | val_acc: 0.8777 | epoch_time: 8.44s

Epoch: 5/40 | tr_Loss: 0.1394 | tr_acc: 0.9412 | val_loss: 0.3014 | val_acc: 0.8830 | epoch_time: 8.44s

Epoch: 6/40 | tr_Loss: 0.1259 | tr_acc: 0.9475 | val_loss: 0.2528 | val_acc: 0.8938 | epoch_time: 8.44s

Epoch: 7/40 | tr_Loss: 0.1143 | tr_acc: 0.9531 | val_loss: 0.3011 | val_acc: 0.8801 | epoch_time: 8.44s

Epoch: 8/40 | tr_Loss: 0.1075 | tr_acc: 0.9542 | val_loss: 0.2546 | val_acc: 0.8958 | epoch_time: 8.44s

Epoch: 9/40 | tr_Loss: 0.0981 | tr_acc: 0.9602 | val_loss: 0.2947 | val_acc: 0.8881 | epoch_time: 8.44s

Epoch: 10/40 | tr_Loss: 0.0895 | tr_acc: 0.9624 | val_loss: 0.3280 | val_acc: 0.8815 | epoch_time: 8.45s

Epoch: 11/40 | tr_Loss: 0.0797 | tr_acc: 0.9678 | val_loss: 0.3191 | val_acc: 0.8875 | epoch_time: 8.45s

Early stopping at epoch 11 | Best Validation Loss: 0.2528
              precision    recall  f1-score   support

       STAND       0.84      0.93      0.88      1440
        WALK       0.90      0.86      0.88       932
         SIT       0.97      0.86      0.91       847
         LIE       1.00      0.99      1.00       141

    accuracy                           0.89      3360
   macro avg       0.93      0.91      0.92      3360
weighted avg       0.90      0.89      0.89      3360

------------------------------------------------------------------------------------------
Test Results:
 Accuracy: 0.91872
 Report:
 {'STAND': {'precision': 0.9139307897071872, 'recall': 0.8780903665814151, 'f1-score': 0.8956521739130435, 'support': 1173.0}, 'WALK': {'precision': 0.8589164785553047, 'recall': 0.8974056603773585, 'f1-score': 0.8777393310265282, 'support': 848.0}, 'SIT': {'precision': 0.9713993871297242, 'recall': 0.9783950617283951, 'f1-score': 0.9748846745258841, 'support': 972.0}, 'LIE': {'precision': 0.9699248120300752, 'recall': 0.9772727272727273, 'f1-score': 0.9735849056603774, 'support': 132.0}, 'accuracy': 0.91872, 'macro avg': {'precision': 0.9285428668555729, 'recall': 0.9327909539899739, 'f1-score': 0.9304652712814583, 'support': 3125.0}, 'weighted avg': {'precision': 0.919242326278237, 'recall': 0.91872, 'f1-score': 0.918727700446984, 'support': 3125.0}}
 F1: 0.9304652712814583
 Confusion Matrix:
 [[1030  120   23    0]
 [  84  761    3    0]
 [  13    4  951    4]
 [   0    1    2  129]]
------------------------------------------------------------------------------------------
Training set class distribution:
{'STAND': 4630, 'WALK': 2563, 'SIT': 2120, 'LIE': 562}
------------------------------------------------------------------------------------------
SSL encoder loaded

Epoch: 1/40 | tr_Loss: 0.4486 | tr_acc: 0.8221 | val_loss: 0.4101 | val_acc: 0.8083 | epoch_time: 8.53s

Epoch: 2/40 | tr_Loss: 0.2222 | tr_acc: 0.9103 | val_loss: 0.3771 | val_acc: 0.8348 | epoch_time: 8.44s

Epoch: 3/40 | tr_Loss: 0.1807 | tr_acc: 0.9259 | val_loss: 0.3965 | val_acc: 0.8372 | epoch_time: 8.43s

Epoch: 4/40 | tr_Loss: 0.1551 | tr_acc: 0.9362 | val_loss: 0.3710 | val_acc: 0.8557 | epoch_time: 8.44s

Epoch: 5/40 | tr_Loss: 0.1370 | tr_acc: 0.9428 | val_loss: 0.3569 | val_acc: 0.8560 | epoch_time: 8.44s

Epoch: 6/40 | tr_Loss: 0.1323 | tr_acc: 0.9451 | val_loss: 0.3342 | val_acc: 0.8866 | epoch_time: 8.44s

Epoch: 7/40 | tr_Loss: 0.1196 | tr_acc: 0.9511 | val_loss: 0.3359 | val_acc: 0.8815 | epoch_time: 8.44s

Epoch: 8/40 | tr_Loss: 0.1072 | tr_acc: 0.9566 | val_loss: 0.3226 | val_acc: 0.8836 | epoch_time: 8.44s

Epoch: 9/40 | tr_Loss: 0.0948 | tr_acc: 0.9612 | val_loss: 0.3234 | val_acc: 0.8810 | epoch_time: 8.44s

Epoch: 10/40 | tr_Loss: 0.0853 | tr_acc: 0.9647 | val_loss: 0.3260 | val_acc: 0.8830 | epoch_time: 8.44s

Epoch: 11/40 | tr_Loss: 0.0747 | tr_acc: 0.9698 | val_loss: 0.3599 | val_acc: 0.8765 | epoch_time: 8.45s

Epoch: 12/40 | tr_Loss: 0.0649 | tr_acc: 0.9753 | val_loss: 0.3757 | val_acc: 0.8789 | epoch_time: 8.44s

Epoch: 13/40 | tr_Loss: 0.0566 | tr_acc: 0.9788 | val_loss: 0.4041 | val_acc: 0.8750 | epoch_time: 8.44s

Early stopping at epoch 13 | Best Validation Loss: 0.3226
              precision    recall  f1-score   support

       STAND       0.83      0.93      0.88      1440
        WALK       0.91      0.80      0.85       932
         SIT       0.96      0.87      0.91       847
         LIE       0.96      0.99      0.97       141

    accuracy                           0.88      3360
   macro avg       0.91      0.90      0.90      3360
weighted avg       0.89      0.88      0.88      3360

------------------------------------------------------------------------------------------
Test Results:
 Accuracy: 0.91008
 Report:
 {'STAND': {'precision': 0.8736581337737407, 'recall': 0.9019607843137255, 'f1-score': 0.8875838926174496, 'support': 1173.0}, 'WALK': {'precision': 0.8793532338308457, 'recall': 0.8337264150943396, 'f1-score': 0.8559322033898306, 'support': 848.0}, 'SIT': {'precision': 0.9743062692702981, 'recall': 0.9753086419753086, 'f1-score': 0.9748071979434447, 'support': 972.0}, 'LIE': {'precision': 0.9562043795620438, 'recall': 0.9924242424242424, 'f1-score': 0.9739776951672863, 'support': 132.0}, 'accuracy': 0.91008, 'macro avg': {'precision': 0.9208805041092321, 'recall': 0.9258550209519041, 'f1-score': 0.9230752472795027, 'support': 3125.0}, 'weighted avg': {'precision': 0.9099959056121838, 'recall': 0.91008, 'f1-score': 0.9097741013369456, 'support': 3125.0}}
 F1: 0.9230752472795027
 Confusion Matrix:
 [[1058   92   21    2]
 [ 137  707    4    0]
 [  16    4  948    4]
 [   0    1    0  131]]
------------------------------------------------------------------------------------------
Training set class distribution:
{'STAND': 4630, 'WALK': 2563, 'SIT': 2120, 'LIE': 562}
------------------------------------------------------------------------------------------
SSL encoder loaded

Epoch: 1/40 | tr_Loss: 0.4356 | tr_acc: 0.8241 | val_loss: 0.3621 | val_acc: 0.8405 | epoch_time: 8.53s

Epoch: 2/40 | tr_Loss: 0.2164 | tr_acc: 0.9131 | val_loss: 0.3160 | val_acc: 0.8786 | epoch_time: 8.45s

Epoch: 3/40 | tr_Loss: 0.1761 | tr_acc: 0.9288 | val_loss: 0.2876 | val_acc: 0.8866 | epoch_time: 8.44s

Epoch: 4/40 | tr_Loss: 0.1544 | tr_acc: 0.9365 | val_loss: 0.3072 | val_acc: 0.8815 | epoch_time: 8.44s

Epoch: 5/40 | tr_Loss: 0.1381 | tr_acc: 0.9419 | val_loss: 0.2861 | val_acc: 0.8866 | epoch_time: 8.44s

Epoch: 6/40 | tr_Loss: 0.1236 | tr_acc: 0.9505 | val_loss: 0.2986 | val_acc: 0.8815 | epoch_time: 8.44s

Epoch: 7/40 | tr_Loss: 0.1171 | tr_acc: 0.9521 | val_loss: 0.2892 | val_acc: 0.8845 | epoch_time: 8.44s

Epoch: 8/40 | tr_Loss: 0.1051 | tr_acc: 0.9572 | val_loss: 0.2914 | val_acc: 0.8857 | epoch_time: 8.44s

Epoch: 9/40 | tr_Loss: 0.0965 | tr_acc: 0.9591 | val_loss: 0.3463 | val_acc: 0.8720 | epoch_time: 8.45s

Epoch: 10/40 | tr_Loss: 0.0852 | tr_acc: 0.9668 | val_loss: 0.3196 | val_acc: 0.8812 | epoch_time: 8.45s

Early stopping at epoch 10 | Best Validation Loss: 0.2861
              precision    recall  f1-score   support

       STAND       0.82      0.95      0.88      1440
        WALK       0.93      0.80      0.86       932
         SIT       0.97      0.87      0.92       847
         LIE       1.00      0.99      0.99       141

    accuracy                           0.89      3360
   macro avg       0.93      0.90      0.91      3360
weighted avg       0.89      0.89      0.89      3360

------------------------------------------------------------------------------------------
Test Results:
 Accuracy: 0.9088
 Report:
 {'STAND': {'precision': 0.8524332810047096, 'recall': 0.9258312020460358, 'f1-score': 0.8876174908050675, 'support': 1173.0}, 'WALK': {'precision': 0.898936170212766, 'recall': 0.7971698113207547, 'f1-score': 0.845, 'support': 848.0}, 'SIT': {'precision': 0.9813471502590674, 'recall': 0.9742798353909465, 'f1-score': 0.9778007227671657, 'support': 972.0}, 'LIE': {'precision': 0.9776119402985075, 'recall': 0.9924242424242424, 'f1-score': 0.9849624060150376, 'support': 132.0}, 'accuracy': 0.9088, 'macro avg': {'precision': 0.9275821354437627, 'recall': 0.9224262727954948, 'f1-score': 0.9238451548968177, 'support': 3125.0}, 'weighted avg': {'precision': 0.9104372214816534, 'recall': 0.9088, 'f1-score': 0.9082152501881644, 'support': 3125.0}}
 F1: 0.9238451548968177
 Confusion Matrix:
 [[1086   72   15    0]
 [ 169  676    3    0]
 [  19    3  947    3]
 [   0    1    0  131]]
Total wall time:11min 59s
