Job started on gpu032.orc.gmu.edu
CUDA_VISIBLE_DEVICES=0
Mon Jun  1 06:48:32 2026       
+-----------------------------------------------------------------------------------------+
| NVIDIA-SMI 590.48.01              Driver Version: 590.48.01      CUDA Version: 13.1     |
+-----------------------------------------+------------------------+----------------------+
| GPU  Name                 Persistence-M | Bus-Id          Disp.A | Volatile Uncorr. ECC |
| Fan  Temp   Perf          Pwr:Usage/Cap |           Memory-Usage | GPU-Util  Compute M. |
|                                         |                        |               MIG M. |
|=========================================+========================+======================|
|   0  NVIDIA H100 80GB HBM3          On  |   00000000:DB:00.0 Off |                    0 |
| N/A   22C    P0             67W /  700W |       0MiB /  81559MiB |      0%      Default |
|                                         |                        |             Disabled |
+-----------------------------------------+------------------------+----------------------+

+-----------------------------------------------------------------------------------------+
| Processes:                                                                              |
|  GPU   GI   CI              PID   Type   Process name                        GPU Memory |
|        ID   ID                                                               Usage      |
|=========================================================================================|
|  No running processes found                                                             |
+-----------------------------------------------------------------------------------------+
Mamba version: 2.3.0
Path: /home/kmercad/myenv/lib/python3.10/site-packages/mamba_ssm/modules/mamba2.py
------------------------------------------------------------------------------------------
Raw training set shape: (408973, 251)
Validation training set shape: (88448, 251)
Raw test set shape: (147214, 251)
------------------------------------------------------------------------------------------
Sensor subset training shape: (326057, 47)
Sensor Validation training shape: (66057, 47)
Sensor Test training shape: (105082, 47)
----------------------------------------------------------------------
Rows containing NaNs - training: 4953
Rows containing NaNs - validation: 0
Rows containing NaNs - test: 0
------------------------------------------------------------------------------------------
Training shape after NaN removal: (321104, 47)
Validation shape after NaN removal: (66057, 47)
Test shape after NaN removal: (105082, 47)
------------------------------------------------------------------------------------------
Reindexed training shape: (321104, 47)
Reindexed validation shape: (66057, 47)
Reindexed test shape: (105082, 47)


Descriptive statistics for ACC channels (DEVICE_1) - training set
                   0              1              2
count  321104.000000  321104.000000  321104.000000
mean     -851.139811    -144.929213     254.296630
std       241.463564     261.658177     285.175266
min     -1896.000000   -1283.000000   -1067.000000
25%      -978.000000    -260.000000      66.000000
50%      -938.000000    -160.000000     208.000000
75%      -824.000000     -46.000000     401.000000
max       393.000000    1815.000000    1417.000000

Descriptive statistics for GYRO channels (DEVICE_1) - training set
                   3              4              5
count  321104.000000  321104.000000  321104.000000
mean      -42.383387     -15.661913       6.177921
std       588.955537     296.328263     239.577446
min     -4818.000000   -3092.000000   -2293.000000
25%      -217.000000    -104.000000     -72.000000
50%       -17.000000      -9.000000       1.000000
75%       135.000000      71.000000      80.000000
max      4504.000000    2847.000000    2231.000000

Descriptive statistics for MAG channels (DEVICE_1) - training set
                   6              7              8
count  321104.000000  321104.000000  321104.000000
mean      426.247147      65.877401      80.543522
std       335.424071     348.043402     513.991893
min      -852.000000   -1038.000000   -1246.000000
25%       347.000000    -173.000000    -428.000000
50%       491.000000      93.000000     176.000000
75%       595.000000     271.000000     549.000000
max      1531.000000    1162.000000    1369.000000
------------------------------------------------------------------------------------------


Descriptive statistics for ACC channels (DEVICE_1) - training set
                   0              1              2
count  321104.000000  321104.000000  321104.000000
mean       -0.851140      -0.144929       0.254297
std         0.241464       0.261658       0.285175
min        -1.896000      -1.283000      -1.067000
25%        -0.978000      -0.260000       0.066000
50%        -0.938000      -0.160000       0.208000
75%        -0.824000      -0.046000       0.401000
max         0.393000       1.815000       1.417000

Descriptive statistics for scaled GYRO channels (DEVICE_1) - training set
                   3              4              5
count  321104.000000  321104.000000  321104.000000
mean       -0.042383      -0.015662       0.006178
std         0.588956       0.296328       0.239577
min        -4.818000      -3.092000      -2.293000
25%        -0.217000      -0.104000      -0.072000
50%        -0.017000      -0.009000       0.001000
75%         0.135000       0.071000       0.080000
max         4.504000       2.847000       2.231000

Descriptive statistics for normalized MAG channels (DEVICE_1) - training set
                   6              7              8
count  321104.000000  321104.000000  321104.000000
mean        0.528444       0.074936       0.094922
std         0.374695       0.422486       0.622281
min        -0.941527      -0.991281      -0.999993
25%         0.453758      -0.225634      -0.530467
50%         0.633047       0.112509       0.230014
75%         0.754779       0.326759       0.692796
max         0.999999       0.999708       0.937748
--------------------STRATIY VAL/TEST--------------------
Validation GROUPS
group_id
S2-ADL5    22969
S3-ADL5    20648
S4-ADL1    28905
S4-ADL2    19679
Name: count, dtype: int64
Test GROUPS
group_id
S1-ADL5    22440
S4-ADL3    17621
S4-ADL4    15060
S4-ADL5    23817
Name: count, dtype: int64 


 Validation Split Label Proportion
45
1    0.482468
2    0.242416
4    0.219412
5    0.055704
Name: proportion, dtype: float64
Test Split Label Proportion
45
1    0.443652
2    0.293040
4    0.212014
5    0.051293
Name: proportion, dtype: float64

------------------------------ TRAIN ACC/GYRO after StandardScaler ------------------------------
global mean: -0.000000
global std : 1.000000
max |channel mean| : 0.000000
median |channel mean| : 0.000000
channel std range : [1.000000, 1.000000]

------------------------------ VAL ACC/GYRO after StandardScaler ------------------------------
global mean: 0.022184
global std : 1.109163
max |channel mean| : 0.320886
median |channel mean| : 0.019642
channel std range : [0.906077, 1.192128]

------------------------------ TEST ACC/GYRO after StandardScaler ------------------------------
global mean: 0.041351
global std : 1.147747
max |channel mean| : 0.986995
median |channel mean| : 0.031163
channel std range : [0.773088, 1.376504]
------------------------------------------------------------------------------------------
Training features: (321104, 46) | Training labels: (321104,)
Validation features: (92201, 46) | Validation labels: (92201,)
Test features: (78938, 46), Test labels: (78938,)

------------------------------ TRAIN MAG after window demeaning ------------------------------
max |window mean|  : 2.072917e-07
mean |window mean| : 2.329116e-08
channel global mean range : [-5.052513e-10, 1.604967e-10]
channel std range         : [0.118775, 0.221537]

------------------------------ VAL MAG after window demeaning ------------------------------
max |window mean|  : 2.112654e-07
mean |window mean| : 2.301904e-08
channel global mean range : [-1.111357e-09, 6.434629e-10]
channel std range         : [0.140005, 0.237182]

------------------------------ TEST MAG after window demeaning ------------------------------
max |window mean|  : 1.867612e-07
mean |window mean| : 2.268141e-08
channel global mean range : [-3.475548e-10, 1.060851e-09]
channel std range         : [0.145329, 0.274026]

TRAIN window label distribution
label 1: 4652 (0.4358)
label 2: 2791 (0.2615)
label 4: 2704 (0.2533)
label 5: 528 (0.0495)

VAL window label distribution
label 1: 1452 (0.4740)
label 2: 766 (0.2501)
label 4: 675 (0.2204)
label 5: 170 (0.0555)

TEST window label distribution
label 1: 1139 (0.4344)
label 2: 786 (0.2998)
label 4: 560 (0.2136)
label 5: 137 (0.0523)
------------------------------------------------------------------------------------------
Training (windows): (10675, 90, 45). Training Labels: (10675,)
Validation (windows): (3063, 90, 45). Validation Labels: (3063,)
Test (windows): (2622, 90, 45). Test Labels: (2622,)
------------------------------------------------------------------------------------------
Training set class distribution:
{'STAND': 4652, 'WALK': 2791, 'SIT': 2704, 'LIE': 528}
------------------------------------------------------------------------------------------
SSL encoder loaded

Epoch: 1/40 | tr_Loss: 0.4191 | tr_acc: 0.8362 | val_loss: 0.2946 | val_acc: 0.8701 | epoch_time: 35.53s

Epoch: 2/40 | tr_Loss: 0.1846 | tr_acc: 0.9245 | val_loss: 0.2742 | val_acc: 0.8841 | epoch_time: 9.02s

Epoch: 3/40 | tr_Loss: 0.1496 | tr_acc: 0.9395 | val_loss: 0.2723 | val_acc: 0.8890 | epoch_time: 9.01s

Epoch: 4/40 | tr_Loss: 0.1285 | tr_acc: 0.9477 | val_loss: 0.2577 | val_acc: 0.8919 | epoch_time: 9.02s

Epoch: 5/40 | tr_Loss: 0.1090 | tr_acc: 0.9562 | val_loss: 0.2450 | val_acc: 0.9011 | epoch_time: 9.02s

Epoch: 6/40 | tr_Loss: 0.0957 | tr_acc: 0.9617 | val_loss: 0.2656 | val_acc: 0.8978 | epoch_time: 9.02s

Epoch: 7/40 | tr_Loss: 0.0820 | tr_acc: 0.9667 | val_loss: 0.2584 | val_acc: 0.9040 | epoch_time: 9.01s

Epoch: 8/40 | tr_Loss: 0.0699 | tr_acc: 0.9735 | val_loss: 0.2795 | val_acc: 0.8998 | epoch_time: 9.02s

Epoch: 9/40 | tr_Loss: 0.0592 | tr_acc: 0.9782 | val_loss: 0.3204 | val_acc: 0.8985 | epoch_time: 9.02s

Epoch: 10/40 | tr_Loss: 0.0462 | tr_acc: 0.9825 | val_loss: 0.3398 | val_acc: 0.8978 | epoch_time: 9.01s

Early stopping at epoch 10 | Best Validation Loss: 0.2450
              precision    recall  f1-score   support

       STAND       0.89      0.91      0.90      1452
        WALK       0.87      0.80      0.83       766
         SIT       0.94      0.98      0.96       675
         LIE       0.98      0.98      0.98       170

    accuracy                           0.90      3063
   macro avg       0.92      0.92      0.92      3063
weighted avg       0.90      0.90      0.90      3063

------------------------------------------------------------------------------------------
Test Results:
 Accuracy: 0.8924485125858124
 Report:
 {'STAND': {'precision': 0.8446215139442231, 'recall': 0.9306409130816505, 'f1-score': 0.885547201336675, 'support': 1139.0}, 'WALK': {'precision': 0.9440894568690096, 'recall': 0.7519083969465649, 'f1-score': 0.8371104815864022, 'support': 786.0}, 'SIT': {'precision': 0.9144736842105263, 'recall': 0.9928571428571429, 'f1-score': 0.952054794520548, 'support': 560.0}, 'LIE': {'precision': 1.0, 'recall': 0.9708029197080292, 'f1-score': 0.9851851851851852, 'support': 137.0}, 'accuracy': 0.8924485125858124, 'macro avg': {'precision': 0.9257961637559398, 'recall': 0.9115523431483469, 'f1-score': 0.9149744156572026, 'support': 2622.0}, 'weighted avg': {'precision': 0.8974765372385226, 'recall': 0.8924485125858124, 'f1-score': 0.8904378932689787, 'support': 2622.0}}
 F1: 0.9149744156572026
 Confusion Matrix:
 [[1060   33   46    0]
 [ 193  591    2    0]
 [   2    2  556    0]
 [   0    0    4  133]]
------------------------------------------------------------------------------------------
Training set class distribution:
{'STAND': 4652, 'WALK': 2791, 'SIT': 2704, 'LIE': 528}
------------------------------------------------------------------------------------------
SSL encoder loaded

Epoch: 1/40 | tr_Loss: 0.3784 | tr_acc: 0.8594 | val_loss: 0.2918 | val_acc: 0.8763 | epoch_time: 9.10s

Epoch: 2/40 | tr_Loss: 0.1743 | tr_acc: 0.9307 | val_loss: 0.2659 | val_acc: 0.8916 | epoch_time: 9.03s

Epoch: 3/40 | tr_Loss: 0.1442 | tr_acc: 0.9420 | val_loss: 0.2703 | val_acc: 0.8962 | epoch_time: 9.02s

Epoch: 4/40 | tr_Loss: 0.1238 | tr_acc: 0.9502 | val_loss: 0.2642 | val_acc: 0.8972 | epoch_time: 9.02s

Epoch: 5/40 | tr_Loss: 0.1070 | tr_acc: 0.9583 | val_loss: 0.2815 | val_acc: 0.8975 | epoch_time: 9.03s

Epoch: 6/40 | tr_Loss: 0.0897 | tr_acc: 0.9647 | val_loss: 0.2655 | val_acc: 0.9027 | epoch_time: 9.01s

Epoch: 7/40 | tr_Loss: 0.0774 | tr_acc: 0.9696 | val_loss: 0.2988 | val_acc: 0.8968 | epoch_time: 9.02s

Epoch: 8/40 | tr_Loss: 0.0628 | tr_acc: 0.9769 | val_loss: 0.2915 | val_acc: 0.9004 | epoch_time: 9.01s

Epoch: 9/40 | tr_Loss: 0.0506 | tr_acc: 0.9824 | val_loss: 0.3177 | val_acc: 0.8991 | epoch_time: 9.01s

Early stopping at epoch 9 | Best Validation Loss: 0.2642
              precision    recall  f1-score   support

       STAND       0.89      0.89      0.89      1452
        WALK       0.88      0.80      0.84       766
         SIT       0.90      0.99      0.94       675
         LIE       0.98      0.99      0.99       170

    accuracy                           0.90      3063
   macro avg       0.91      0.92      0.92      3063
weighted avg       0.90      0.90      0.90      3063

------------------------------------------------------------------------------------------
Test Results:
 Accuracy: 0.8909229595728452
 Report:
 {'STAND': {'precision': 0.8469551282051282, 'recall': 0.9280070237050044, 'f1-score': 0.8856304985337243, 'support': 1139.0}, 'WALK': {'precision': 0.9454253611556982, 'recall': 0.7493638676844784, 'f1-score': 0.8360539389638041, 'support': 786.0}, 'SIT': {'precision': 0.9040650406504065, 'recall': 0.9928571428571429, 'f1-score': 0.9463829787234043, 'support': 560.0}, 'LIE': {'precision': 0.9852941176470589, 'recall': 0.9781021897810219, 'f1-score': 0.9816849816849816, 'support': 137.0}, 'accuracy': 0.8909229595728452, 'macro avg': {'precision': 0.9204349119145729, 'recall': 0.9120825560069119, 'f1-score': 0.9124380994764786, 'support': 2622.0}, 'weighted avg': {'precision': 0.8958992912951542, 'recall': 0.8909229595728452, 'f1-score': 0.8887630985627044, 'support': 2622.0}}
 F1: 0.9124380994764786
 Confusion Matrix:
 [[1057   32   50    0]
 [ 191  589    6    0]
 [   0    2  556    2]
 [   0    0    3  134]]
------------------------------------------------------------------------------------------
Training set class distribution:
{'STAND': 4652, 'WALK': 2791, 'SIT': 2704, 'LIE': 528}
------------------------------------------------------------------------------------------
SSL encoder loaded

Epoch: 1/40 | tr_Loss: 0.4117 | tr_acc: 0.8390 | val_loss: 0.3261 | val_acc: 0.8704 | epoch_time: 9.14s

Epoch: 2/40 | tr_Loss: 0.1847 | tr_acc: 0.9265 | val_loss: 0.2836 | val_acc: 0.8870 | epoch_time: 9.04s

Epoch: 3/40 | tr_Loss: 0.1465 | tr_acc: 0.9416 | val_loss: 0.2987 | val_acc: 0.8861 | epoch_time: 9.04s

Epoch: 4/40 | tr_Loss: 0.1255 | tr_acc: 0.9504 | val_loss: 0.3154 | val_acc: 0.8851 | epoch_time: 9.04s

Epoch: 5/40 | tr_Loss: 0.1087 | tr_acc: 0.9562 | val_loss: 0.3209 | val_acc: 0.8877 | epoch_time: 9.03s

Epoch: 6/40 | tr_Loss: 0.0930 | tr_acc: 0.9631 | val_loss: 0.3503 | val_acc: 0.8848 | epoch_time: 9.04s

Epoch: 7/40 | tr_Loss: 0.0799 | tr_acc: 0.9705 | val_loss: 0.3806 | val_acc: 0.8883 | epoch_time: 9.04s

Early stopping at epoch 7 | Best Validation Loss: 0.2836
              precision    recall  f1-score   support

       STAND       0.88      0.90      0.89      1452
        WALK       0.86      0.76      0.81       766
         SIT       0.92      0.98      0.95       675
         LIE       0.96      1.00      0.98       170

    accuracy                           0.89      3063
   macro avg       0.90      0.91      0.91      3063
weighted avg       0.89      0.89      0.89      3063

------------------------------------------------------------------------------------------
Test Results:
 Accuracy: 0.8764302059496567
 Report:
 {'STAND': {'precision': 0.8266033254156769, 'recall': 0.9165935030728709, 'f1-score': 0.8692756036636137, 'support': 1139.0}, 'WALK': {'precision': 0.9296235679214403, 'recall': 0.72264631043257, 'f1-score': 0.8131710808876164, 'support': 786.0}, 'SIT': {'precision': 0.9047619047619048, 'recall': 0.9839285714285714, 'f1-score': 0.9426860564585116, 'support': 560.0}, 'LIE': {'precision': 0.9712230215827338, 'recall': 0.9854014598540146, 'f1-score': 0.9782608695652174, 'support': 137.0}, 'accuracy': 0.8764302059496567, 'macro avg': {'precision': 0.908052954920439, 'recall': 0.9021424611970068, 'f1-score': 0.9008484026437397, 'support': 2622.0}, 'weighted avg': {'precision': 0.881735138313581, 'recall': 0.8764302059496567, 'f1-score': 0.8738304015628239, 'support': 2622.0}}
 F1: 0.9008484026437397
 Confusion Matrix:
 [[1044   41   54    0]
 [ 215  568    2    1]
 [   4    2  551    3]
 [   0    0    2  135]]
------------------------------------------------------------------------------------------
Training set class distribution:
{'STAND': 4652, 'WALK': 2791, 'SIT': 2704, 'LIE': 528}
------------------------------------------------------------------------------------------
SSL encoder loaded

Epoch: 1/40 | tr_Loss: 0.4164 | tr_acc: 0.8369 | val_loss: 0.3102 | val_acc: 0.8678 | epoch_time: 9.12s

Epoch: 2/40 | tr_Loss: 0.1875 | tr_acc: 0.9244 | val_loss: 0.3043 | val_acc: 0.8753 | epoch_time: 9.05s

Epoch: 3/40 | tr_Loss: 0.1488 | tr_acc: 0.9418 | val_loss: 0.2762 | val_acc: 0.8893 | epoch_time: 9.05s

Epoch: 4/40 | tr_Loss: 0.1293 | tr_acc: 0.9483 | val_loss: 0.2920 | val_acc: 0.8867 | epoch_time: 9.05s

Epoch: 5/40 | tr_Loss: 0.1059 | tr_acc: 0.9576 | val_loss: 0.3005 | val_acc: 0.8900 | epoch_time: 9.04s

Epoch: 6/40 | tr_Loss: 0.0910 | tr_acc: 0.9641 | val_loss: 0.3105 | val_acc: 0.8874 | epoch_time: 9.05s

Epoch: 7/40 | tr_Loss: 0.0750 | tr_acc: 0.9718 | val_loss: 0.3295 | val_acc: 0.8897 | epoch_time: 9.04s

Epoch: 8/40 | tr_Loss: 0.0642 | tr_acc: 0.9765 | val_loss: 0.3408 | val_acc: 0.8916 | epoch_time: 9.04s

Early stopping at epoch 8 | Best Validation Loss: 0.2762
              precision    recall  f1-score   support

       STAND       0.89      0.88      0.89      1452
        WALK       0.85      0.80      0.83       766
         SIT       0.91      0.98      0.94       675
         LIE       0.98      0.99      0.99       170

    accuracy                           0.89      3063
   macro avg       0.91      0.91      0.91      3063
weighted avg       0.89      0.89      0.89      3063

------------------------------------------------------------------------------------------
Test Results:
 Accuracy: 0.8859649122807017
 Report:
 {'STAND': {'precision': 0.8526490066225165, 'recall': 0.9043020193151887, 'f1-score': 0.8777162334895612, 'support': 1139.0}, 'WALK': {'precision': 0.9240121580547113, 'recall': 0.7735368956743003, 'f1-score': 0.8421052631578947, 'support': 786.0}, 'SIT': {'precision': 0.8887096774193548, 'recall': 0.9839285714285714, 'f1-score': 0.9338983050847458, 'support': 560.0}, 'LIE': {'precision': 0.9852941176470589, 'recall': 0.9781021897810219, 'f1-score': 0.9816849816849816, 'support': 137.0}, 'accuracy': 0.8859649122807017, 'macro avg': {'precision': 0.9126662399359103, 'recall': 0.9099674190497705, 'f1-score': 0.9088511958542959, 'support': 2622.0}, 'weighted avg': {'precision': 0.8886740992549713, 'recall': 0.8859649122807017, 'f1-score': 0.8844727002765124, 'support': 2622.0}}
 F1: 0.9088511958542959
 Confusion Matrix:
 [[1030   47   62    0]
 [ 174  608    4    0]
 [   4    3  551    2]
 [   0    0    3  134]]
------------------------------------------------------------------------------------------
Training set class distribution:
{'STAND': 4652, 'WALK': 2791, 'SIT': 2704, 'LIE': 528}
------------------------------------------------------------------------------------------
SSL encoder loaded

Epoch: 1/40 | tr_Loss: 0.4188 | tr_acc: 0.8400 | val_loss: 0.3034 | val_acc: 0.8714 | epoch_time: 9.15s

Epoch: 2/40 | tr_Loss: 0.1819 | tr_acc: 0.9247 | val_loss: 0.2854 | val_acc: 0.8854 | epoch_time: 9.05s

Epoch: 3/40 | tr_Loss: 0.1450 | tr_acc: 0.9433 | val_loss: 0.2813 | val_acc: 0.8900 | epoch_time: 9.05s

Epoch: 4/40 | tr_Loss: 0.1225 | tr_acc: 0.9504 | val_loss: 0.2789 | val_acc: 0.8919 | epoch_time: 9.04s

Epoch: 5/40 | tr_Loss: 0.1044 | tr_acc: 0.9581 | val_loss: 0.3104 | val_acc: 0.8867 | epoch_time: 9.04s

Epoch: 6/40 | tr_Loss: 0.0913 | tr_acc: 0.9636 | val_loss: 0.2956 | val_acc: 0.8926 | epoch_time: 9.04s

Epoch: 7/40 | tr_Loss: 0.0753 | tr_acc: 0.9703 | val_loss: 0.3370 | val_acc: 0.8887 | epoch_time: 9.05s

Epoch: 8/40 | tr_Loss: 0.0631 | tr_acc: 0.9756 | val_loss: 0.3546 | val_acc: 0.8851 | epoch_time: 9.04s

Epoch: 9/40 | tr_Loss: 0.0502 | tr_acc: 0.9810 | val_loss: 0.3807 | val_acc: 0.8867 | epoch_time: 9.05s

Early stopping at epoch 9 | Best Validation Loss: 0.2789
              precision    recall  f1-score   support

       STAND       0.88      0.90      0.89      1452
        WALK       0.88      0.77      0.82       766
         SIT       0.91      0.99      0.95       675
         LIE       0.98      0.99      0.99       170

    accuracy                           0.89      3063
   macro avg       0.91      0.91      0.91      3063
weighted avg       0.89      0.89      0.89      3063

------------------------------------------------------------------------------------------
Test Results:
 Accuracy: 0.876048817696415
 Report:
 {'STAND': {'precision': 0.8208722741433022, 'recall': 0.9253731343283582, 'f1-score': 0.8699958728848535, 'support': 1139.0}, 'WALK': {'precision': 0.9420783645655877, 'recall': 0.7035623409669212, 'f1-score': 0.8055353241077932, 'support': 786.0}, 'SIT': {'precision': 0.9042207792207793, 'recall': 0.9946428571428572, 'f1-score': 0.9472789115646258, 'support': 560.0}, 'LIE': {'precision': 0.9851851851851852, 'recall': 0.9708029197080292, 'f1-score': 0.9779411764705882, 'support': 137.0}, 'accuracy': 0.876048817696415, 'macro avg': {'precision': 0.9130891507787136, 'recall': 0.8985953130365415, 'f1-score': 0.9001878212569652, 'support': 2622.0}, 'weighted avg': {'precision': 0.8835931050845842, 'recall': 0.876048817696415, 'f1-score': 0.8728185337975723, 'support': 2622.0}}
 F1: 0.9001878212569652
 Confusion Matrix:
 [[1054   32   53    0]
 [ 230  553    2    1]
 [   0    2  557    1]
 [   0    0    4  133]]
Total wall time:10min 1s
