Job started on gpu022.orc.gmu.edu
CUDA_VISIBLE_DEVICES=0
Mon Jun  8 14:08:52 2026       
+-----------------------------------------------------------------------------------------+
| NVIDIA-SMI 560.35.05              Driver Version: 560.35.05      CUDA Version: 12.6     |
|-----------------------------------------+------------------------+----------------------+
| GPU  Name                 Persistence-M | Bus-Id          Disp.A | Volatile Uncorr. ECC |
| Fan  Temp   Perf          Pwr:Usage/Cap |           Memory-Usage | GPU-Util  Compute M. |
|                                         |                        |               MIG M. |
|=========================================+========================+======================|
|   0  NVIDIA A100-SXM4-80GB          On  |   00000000:01:00.0 Off |                    0 |
| N/A   31C    P0             80W /  500W |       1MiB /  81920MiB |      0%      Default |
|                                         |                        |             Disabled |
+-----------------------------------------+------------------------+----------------------+
                                                                                         
+-----------------------------------------------------------------------------------------+
| Processes:                                                                              |
|  GPU   GI   CI        PID   Type   Process name                              GPU Memory |
|        ID   ID                                                               Usage      |
|=========================================================================================|
|  No running processes found                                                             |
+-----------------------------------------------------------------------------------------+
Mamba version: 2.3.0
Path: /home/kmercad/myenv/lib/python3.10/site-packages/mamba_ssm/modules/mamba2.py
------------------------------------------------------------------------------------------
Sensor subset training shape: (402331, 29)
Sensor Validation training shape: (205551, 29)
Sensor Test training shape: (198521, 29)
----------------------------------------------------------------------
Rows containing NaNs - training: 5501
Rows containing NaNs - validation: 2883
Rows containing NaNs - test: 2391
------------------------------------------------------------------------------------------
Reindexed training shape: (402331, 29)
Reindexed validation shape: (205551, 29)
Reindexed test shape: (198521, 29)
------------------------------------------------------------------------------------------
After Interpolation. Training shape: (402169, 29)
After Interpolation. Validation shape: (205551, 29)
After Interpolation. Test shape: (198521, 29)


Descriptive statistics for ACC channels (DEVICE_1) - training set
                   0              1              2
count  402169.000000  402169.000000  402169.000000
mean       -4.472970       2.076986       3.917949
std         6.047678       4.395465       3.013525
min       -46.595200     -25.433399     -26.612600
25%        -9.218630      -0.461773       1.545980
50%        -6.577720       2.785400       3.473250
75%         0.402804       4.600980       6.648180
max        11.732000      44.433399      42.538799

Descriptive statistics for GYRO channels (DEVICE_1) - training set
                   3              4              5
count  402169.000000  402169.000000  402169.000000
mean       -0.018554       0.017859      -0.006466
std         0.874044       0.615937       1.156125
min       -11.201600      -5.375390      -7.652640
25%        -0.075198      -0.037889      -0.049097
50%        -0.005911       0.003083      -0.006919
75%         0.050174       0.050461       0.032628
max        15.206800       4.933770       6.466060

Descriptive statistics for MAG channels (DEVICE_1) - training set
                   6              7              8
count  402169.000000  402169.000000  402169.000000
mean       18.920177      -4.970082     -21.359594
std        24.783958      20.912968      13.535551
min       -42.399502    -200.042999    -100.803001
25%         3.228720     -20.247601     -32.660400
50%        22.786501      -7.290180     -21.442600
75%        40.156399      12.527900     -13.194400
max       102.622002      66.647598      91.020699
------------------------------------------------------------------------------------------


Descriptive statistics for ACC channels (DEVICE_1) - training set
                   0              1              2
count  402169.000000  402169.000000  402169.000000
mean       -0.455960       0.211721       0.399383
std         0.616481       0.448060       0.307189
min        -4.749765      -2.592599      -2.712803
25%        -0.939718      -0.047072       0.157592
50%        -0.670512       0.283935       0.354052
75%         0.041061       0.469009       0.677694
max         1.195922       4.529398       4.336269

Descriptive statistics for scaled GYRO channels (DEVICE_1) - training set
                   3              4              5
count  402169.000000  402169.000000  402169.000000
mean       -0.018554       0.017859      -0.006466
std         0.874044       0.615937       1.156125
min       -11.201600      -5.375390      -7.652640
25%        -0.075198      -0.037889      -0.049097
50%        -0.005911       0.003083      -0.006919
75%         0.050174       0.050461       0.032628
max        15.206800       4.933770       6.466060

Descriptive statistics for MAG channels (DEVICE_1) - training set
                   6              7              8
count  402169.000000  402169.000000  402169.000000
mean        0.385956      -0.104535      -0.505564
std         0.520753       0.465289       0.311191
min        -0.995270      -0.999992      -0.998618
25%         0.097332      -0.488024      -0.797664
50%         0.478097      -0.165284      -0.503906
75%         0.857966       0.271176      -0.301818
max         0.999999       0.999163       0.963648
--------------------STRATIY VAL/TEST--------------------
Validation GROUPS
group_id
102    103884
104    105177
Name: count, dtype: int64
Test GROUPS
group_id
101     94637
103    100374
Name: count, dtype: int64 


 Validation Split Label Proportion
27
1.0    0.222313
2.0    0.228818
3.0    0.240514
4.0    0.308355
Name: proportion, dtype: float64
Test Split Label Proportion
27
1.0    0.252452
2.0    0.267887
3.0    0.216654
4.0    0.263006
Name: proportion, dtype: float64

------------------------------ TRAIN ACC/GYRO after StandardScaler ------------------------------
global mean: -0.000000
global std : 1.000000
max |channel mean| : 0.000000
median |channel mean| : 0.000000
channel std range : [1.000000, 1.000000]

------------------------------ VAL ACC/GYRO after StandardScaler ------------------------------
global mean: 0.031551
global std : 1.105216
max |channel mean| : 0.720150
median |channel mean| : 0.032157
channel std range : [0.599716, 1.502193]

------------------------------ TEST ACC/GYRO after StandardScaler ------------------------------
global mean: 0.060568
global std : 1.138100
max |channel mean| : 0.499289
median |channel mean| : 0.026242
channel std range : [0.724615, 1.632424]

TRAIN top channels by |mean|:
channel 11 | mean=0.000000 | std=1.000000
channel 2 | mean=-0.000000 | std=1.000000
channel 1 | mean=-0.000000 | std=1.000000
channel 23 | mean=-0.000000 | std=1.000000
channel 21 | mean=0.000000 | std=1.000000
channel 0 | mean=0.000000 | std=1.000000
channel 14 | mean=0.000000 | std=1.000000
channel 13 | mean=-0.000000 | std=1.000000
channel 9 | mean=0.000000 | std=1.000000
channel 10 | mean=-0.000000 | std=1.000000

TRAIN top channels by std deviation from 1:
channel 11 | mean=0.000000 | std=1.000000
channel 22 | mean=-0.000000 | std=1.000000
channel 1 | mean=-0.000000 | std=1.000000
channel 10 | mean=-0.000000 | std=1.000000
channel 2 | mean=-0.000000 | std=1.000000
channel 9 | mean=0.000000 | std=1.000000
channel 20 | mean=-0.000000 | std=1.000000
channel 19 | mean=0.000000 | std=1.000000
channel 12 | mean=-0.000000 | std=1.000000
channel 18 | mean=0.000000 | std=1.000000

VAL top channels by |mean|:
channel 20 | mean=0.720150 | std=0.959842
channel 11 | mean=-0.532034 | std=1.238754
channel 1 | mean=0.329844 | std=0.599716
channel 18 | mean=0.133423 | std=0.894581
channel 10 | mean=0.081380 | std=0.730443
channel 19 | mean=-0.041182 | std=0.946841
channel 22 | mean=-0.039876 | std=0.762295
channel 13 | mean=-0.038614 | std=1.177285
channel 0 | mean=-0.038017 | std=1.072383
channel 21 | mean=-0.026297 | std=0.982926

VAL top channels by std deviation from 1:
channel 3 | mean=0.012412 | std=1.502193
channel 14 | mean=0.002459 | std=1.498430
channel 1 | mean=0.329844 | std=0.599716
channel 10 | mean=0.081380 | std=0.730443
channel 11 | mean=-0.532034 | std=1.238754
channel 22 | mean=-0.039876 | std=0.762295
channel 5 | mean=-0.001751 | std=1.233308
channel 13 | mean=-0.038614 | std=1.177285
channel 4 | mean=-0.009989 | std=1.167651
channel 12 | mean=0.010194 | std=1.132933

TEST top channels by |mean|:
channel 1 | mean=0.499289 | std=0.764034
channel 20 | mean=0.376054 | std=1.478265
channel 0 | mean=0.298815 | std=1.156521
channel 9 | mean=0.210001 | std=1.632424
channel 11 | mean=-0.078001 | std=1.071991
channel 4 | mean=-0.067040 | std=1.442494
channel 19 | mean=-0.062023 | std=1.030083
channel 10 | mean=-0.028649 | std=0.989262
channel 13 | mean=-0.027041 | std=0.875623
channel 22 | mean=0.025443 | std=0.893150

TEST top channels by std deviation from 1:
channel 9 | mean=0.210001 | std=1.632424
channel 20 | mean=0.376054 | std=1.478265
channel 4 | mean=-0.067040 | std=1.442494
channel 5 | mean=-0.019176 | std=1.353217
channel 21 | mean=-0.014675 | std=0.724615
channel 3 | mean=0.003815 | std=1.240410
channel 1 | mean=0.499289 | std=0.764034
channel 2 | mean=-0.005215 | std=1.161279
channel 0 | mean=0.298815 | std=1.156521
channel 14 | mean=0.003687 | std=1.154837

TRAIN outlier rates |z|>5.0:
channel 12 | rate=0.005853
channel 19 | rate=0.005714
channel 13 | rate=0.004608
channel 3 | rate=0.003981
channel 22 | rate=0.003282
channel 20 | rate=0.003260
channel 21 | rate=0.002250
channel 4 | rate=0.001668
channel 9 | rate=0.000666
channel 14 | rate=0.000602

VAL outlier rates |z|>5.0:
channel 3 | rate=0.019157
channel 14 | rate=0.018315
channel 12 | rate=0.006759
channel 13 | rate=0.006161
channel 20 | rate=0.006017
channel 4 | rate=0.004630
channel 5 | rate=0.004176
channel 19 | rate=0.002167
channel 21 | rate=0.001999
channel 9 | rate=0.001722

TEST outlier rates |z|>5.0:
channel 9 | rate=0.025142
channel 4 | rate=0.024660
channel 5 | rate=0.011979
channel 3 | rate=0.009066
channel 20 | rate=0.006866
channel 19 | rate=0.005897
channel 12 | rate=0.005061
channel 14 | rate=0.002872
channel 13 | rate=0.001800
channel 21 | rate=0.000626

------------------------------ TRAIN MAG after window demeaning ------------------------------
max |window mean|  : 1.486391e-07
mean |window mean| : 1.893170e-08
channel global mean range : [-5.820696e-10, 1.017226e-09]
channel std range         : [0.051236, 0.194402]

------------------------------ VAL MAG after window demeaning ------------------------------
max |window mean|  : 1.568347e-07
mean |window mean| : 1.850703e-08
channel global mean range : [-1.147432e-09, 1.103631e-09]
channel std range         : [0.054411, 0.196744]

------------------------------ TEST MAG after window demeaning ------------------------------
max |window mean|  : 1.445413e-07
mean |window mean| : 1.858077e-08
channel global mean range : [-3.193895e-09, 8.675460e-10]
channel std range         : [0.058013, 0.201229]

TRAIN window label distribution
label 1: 801 (0.2400)
label 2: 708 (0.2122)
label 3: 812 (0.2433)
label 4: 1016 (0.3045)

VAL window label distribution
label 1: 385 (0.2219)
label 2: 398 (0.2294)
label 3: 419 (0.2415)
label 4: 533 (0.3072)

TEST window label distribution
label 1: 407 (0.2515)
label 2: 436 (0.2695)
label 3: 352 (0.2176)
label 4: 423 (0.2614)
------------------------------------------------------------------------------------------
Training (windows): (3337, 160, 27). Training Labels (3337,)
Validation (windows): (1735, 160, 27). Validation Labels (1735,)
Test (windows): (1618, 160, 27). Test Labels (1618,)
------------------------------------------------------------------------------------------
Training set class distribution:--
{'LIE': 801, 'SIT': 708, 'STAND': 812, 'WALK': 1016}
------------------------------------------------------------------------------------------

Epoch: 1/30 | tr_Loss: 1.0148 | tr_acc: 0.7447 | val_loss: 1.0043 | val_acc: 0.7741 | epoch_time: 29.35s
--- CUDA PROFILE --- (epoch 1, batch 2)
-------------------------------------------------------  ------------  ------------  ------------  ------------  ------------  ------------  ------------  ------------  ------------  ------------  ------------  ------------  ------------  ------------  
                                                   Name    Self CPU %      Self CPU   CPU total %     CPU total  CPU time avg     Self CUDA   Self CUDA %    CUDA total  CUDA time avg       CPU Mem  Self CPU Mem      CUDA Mem  Self CUDA Mem    # of Calls  
-------------------------------------------------------  ------------  ------------  ------------  ------------  ------------  ------------  ------------  ------------  ------------  ------------  ------------  ------------  ------------  ------------  
                 MambaSplitConv1dScanCombinedFnBackward        26.68%      20.664ms        41.09%      31.826ms       4.547ms      11.990ms        36.10%      14.996ms       2.142ms           0 b           0 b     253.13 Mb      -1.53 Gb             7  
                                               aten::mm         2.01%       1.559ms         3.19%       2.475ms      29.816us      10.747ms        32.35%      10.747ms     129.477us           0 b           0 b     846.75 Mb     846.75 Mb            83  
                         MambaSplitConv1dScanCombinedFn         9.10%       7.049ms        13.28%      10.286ms       1.469ms       4.126ms        12.42%       5.100ms     728.553us           0 b           0 b      97.02 Mb    -480.36 Mb             7  
                              Optimizer.step#AdamW.step         0.00%       0.000us         0.00%       0.000us       0.000us       3.704ms        11.15%       3.704ms       3.704ms           0 b           0 b           0 b           0 b             1  
                                 ampere_sgemm_32x128_nn         0.00%       0.000us         0.00%       0.000us       0.000us       3.075ms         9.26%       3.075ms     139.757us           0 b           0 b           0 b           0 b            22  
                  _chunk_scan_chunk_state_bwd_dx_kernel         0.00%       0.000us         0.00%       0.000us       0.000us       2.733ms         8.23%       2.733ms     390.393us           0 b           0 b           0 b           0 b             7  
                                _chunk_state_fwd_kernel         0.00%       0.000us         0.00%       0.000us       0.000us       2.713ms         8.17%       2.713ms     193.804us           0 b           0 b           0 b           0 b            14  
                                 ampere_sgemm_128x64_tn         0.00%       0.000us         0.00%       0.000us       0.000us       2.593ms         7.81%       2.593ms     123.498us           0 b           0 b           0 b           0 b            21  
                                 _chunk_scan_fwd_kernel         0.00%       0.000us         0.00%       0.000us       0.000us       2.334ms         7.03%       2.334ms     333.424us           0 b           0 b           0 b           0 b             7  
                        ampere_sgemm_32x32_sliced1x4_nt         0.00%       0.000us         0.00%       0.000us       0.000us       2.312ms         6.96%       2.312ms      96.351us           0 b           0 b           0 b           0 b            24  
-------------------------------------------------------  ------------  ------------  ------------  ------------  ------------  ------------  ------------  ------------  ------------  ------------  ------------  ------------  ------------  ------------  
Self CPU time total: 77.458ms
Self CUDA time total: 33.218ms


Epoch: 2/30 | tr_Loss: 0.5762 | tr_acc: 0.9398 | val_loss: 0.9088 | val_acc: 0.6807 | epoch_time: 2.91s

Epoch: 3/30 | tr_Loss: 0.3756 | tr_acc: 0.9509 | val_loss: 0.9248 | val_acc: 0.7441 | epoch_time: 2.91s

Epoch: 4/30 | tr_Loss: 0.2805 | tr_acc: 0.9574 | val_loss: 0.9289 | val_acc: 0.7493 | epoch_time: 2.90s

Epoch: 5/30 | tr_Loss: 0.2265 | tr_acc: 0.9619 | val_loss: 0.9422 | val_acc: 0.7499 | epoch_time: 2.90s

Epoch: 6/30 | tr_Loss: 0.1897 | tr_acc: 0.9634 | val_loss: 0.9613 | val_acc: 0.7464 | epoch_time: 2.91s

Epoch: 7/30 | tr_Loss: 0.1629 | tr_acc: 0.9664 | val_loss: 0.9762 | val_acc: 0.7406 | epoch_time: 2.89s

Early stopping at epoch 7 | Best Validation Loss: 0.9088
              precision    recall  f1-score   support

         LIE       1.00      0.55      0.71       385
         SIT       0.18      0.09      0.12       398
       STAND       0.52      0.99      0.68       419
        WALK       0.95      0.98      0.96       533

    accuracy                           0.68      1735
   macro avg       0.67      0.65      0.62      1735
weighted avg       0.68      0.68      0.65      1735

Peak GPU memory allocatated: 1.29GB

------------------------------------------------------------------------------------------
Test Results:
 Accuracy: 0.7744128553770087
 Report:
 {'LIE': {'precision': 1.0, 'recall': 0.8255528255528255, 'f1-score': 0.9044414535666218, 'support': 407.0}, 'SIT': {'precision': 0.6846590909090909, 'recall': 0.5527522935779816, 'f1-score': 0.6116751269035533, 'support': 436.0}, 'STAND': {'precision': 0.569593147751606, 'recall': 0.7556818181818182, 'f1-score': 0.6495726495726496, 'support': 352.0}, 'WALK': {'precision': 0.8855291576673866, 'recall': 0.9692671394799054, 'f1-score': 0.9255079006772009, 'support': 423.0}, 'accuracy': 0.7744128553770087, 'macro avg': {'precision': 0.7849453490820208, 'recall': 0.7758135191981327, 'f1-score': 0.7727992826800064, 'support': 1618.0}, 'weighted avg': {'precision': 0.7914629081200454, 'recall': 0.7744128553770087, 'f1-score': 0.775610285270453, 'support': 1618.0}}
 F1: 0.7727992826800064
 Confusion Matrix:
 [[336  17   5  49]
 [  0 241 191   4]
 [  0  86 266   0]
 [  0   8   5 410]]
------------------------------------------------------------------------------------------
Training set class distribution:--
{'LIE': 801, 'SIT': 708, 'STAND': 812, 'WALK': 1016}
------------------------------------------------------------------------------------------

Epoch: 1/30 | tr_Loss: 0.9518 | tr_acc: 0.7989 | val_loss: 0.8708 | val_acc: 0.7723 | epoch_time: 3.76s
--- CUDA PROFILE --- (epoch 1, batch 2)
-------------------------------------------------------  ------------  ------------  ------------  ------------  ------------  ------------  ------------  ------------  ------------  ------------  ------------  ------------  ------------  ------------  
                                                   Name    Self CPU %      Self CPU   CPU total %     CPU total  CPU time avg     Self CUDA   Self CUDA %    CUDA total  CUDA time avg       CPU Mem  Self CPU Mem      CUDA Mem  Self CUDA Mem    # of Calls  
-------------------------------------------------------  ------------  ------------  ------------  ------------  ------------  ------------  ------------  ------------  ------------  ------------  ------------  ------------  ------------  ------------  
                 MambaSplitConv1dScanCombinedFnBackward        32.39%      18.453ms        51.30%      29.230ms       4.176ms      11.995ms        36.11%      14.995ms       2.142ms           0 b           0 b     253.13 Mb      -1.53 Gb             7  
                                               aten::mm         2.68%       1.526ms         4.24%       2.418ms      29.129us      10.746ms        32.35%      10.746ms     129.471us           0 b           0 b     846.75 Mb     846.75 Mb            83  
                         MambaSplitConv1dScanCombinedFn        11.69%       6.662ms        17.04%       9.710ms       1.387ms       4.132ms        12.44%       5.104ms     729.207us           0 b           0 b      97.02 Mb    -480.36 Mb             7  
                                 ampere_sgemm_32x128_nn         0.00%       0.000us         0.00%       0.000us       0.000us       3.074ms         9.26%       3.074ms     139.743us           0 b           0 b           0 b           0 b            22  
                  _chunk_scan_chunk_state_bwd_dx_kernel         0.00%       0.000us         0.00%       0.000us       0.000us       2.730ms         8.22%       2.730ms     389.936us           0 b           0 b           0 b           0 b             7  
                                _chunk_state_fwd_kernel         0.00%       0.000us         0.00%       0.000us       0.000us       2.718ms         8.18%       2.718ms     194.173us           0 b           0 b           0 b           0 b            14  
                                 ampere_sgemm_128x64_tn         0.00%       0.000us         0.00%       0.000us       0.000us       2.593ms         7.81%       2.593ms     123.464us           0 b           0 b           0 b           0 b            21  
                                 _chunk_scan_fwd_kernel         0.00%       0.000us         0.00%       0.000us       0.000us       2.335ms         7.03%       2.335ms     333.557us           0 b           0 b           0 b           0 b             7  
                        ampere_sgemm_32x32_sliced1x4_nt         0.00%       0.000us         0.00%       0.000us       0.000us       2.313ms         6.96%       2.313ms      96.374us           0 b           0 b           0 b           0 b            24  
                              Optimizer.step#AdamW.step         0.00%       0.000us         0.00%       0.000us       0.000us       1.615ms         4.86%       1.615ms       1.615ms           0 b           0 b           0 b           0 b             1  
-------------------------------------------------------  ------------  ------------  ------------  ------------  ------------  ------------  ------------  ------------  ------------  ------------  ------------  ------------  ------------  ------------  
Self CPU time total: 56.977ms
Self CUDA time total: 33.215ms


Epoch: 2/30 | tr_Loss: 0.5261 | tr_acc: 0.9449 | val_loss: 0.7222 | val_acc: 0.7695 | epoch_time: 2.93s

Epoch: 3/30 | tr_Loss: 0.3583 | tr_acc: 0.9509 | val_loss: 0.7198 | val_acc: 0.7677 | epoch_time: 2.93s

Epoch: 4/30 | tr_Loss: 0.2791 | tr_acc: 0.9562 | val_loss: 0.7397 | val_acc: 0.7654 | epoch_time: 2.94s

Epoch: 5/30 | tr_Loss: 0.2300 | tr_acc: 0.9610 | val_loss: 0.7250 | val_acc: 0.7660 | epoch_time: 2.94s

Epoch: 6/30 | tr_Loss: 0.1934 | tr_acc: 0.9649 | val_loss: 0.7880 | val_acc: 0.7648 | epoch_time: 2.95s

Epoch: 7/30 | tr_Loss: 0.1700 | tr_acc: 0.9679 | val_loss: 0.7100 | val_acc: 0.7677 | epoch_time: 2.93s

Epoch: 8/30 | tr_Loss: 0.1478 | tr_acc: 0.9700 | val_loss: 0.7667 | val_acc: 0.7660 | epoch_time: 2.93s

Epoch: 9/30 | tr_Loss: 0.1282 | tr_acc: 0.9760 | val_loss: 0.8117 | val_acc: 0.7643 | epoch_time: 2.93s

Epoch: 10/30 | tr_Loss: 0.1121 | tr_acc: 0.9811 | val_loss: 0.8746 | val_acc: 0.7458 | epoch_time: 2.92s

Epoch: 11/30 | tr_Loss: 0.0997 | tr_acc: 0.9853 | val_loss: 0.8506 | val_acc: 0.7585 | epoch_time: 2.94s

Epoch: 12/30 | tr_Loss: 0.0872 | tr_acc: 0.9868 | val_loss: 0.8360 | val_acc: 0.7573 | epoch_time: 2.93s

Early stopping at epoch 12 | Best Validation Loss: 0.7100
              precision    recall  f1-score   support

         LIE       0.99      0.93      0.96       385
         SIT       0.85      0.10      0.18       398
       STAND       0.52      0.98      0.68       419
        WALK       0.98      0.98      0.98       533

    accuracy                           0.77      1735
   macro avg       0.84      0.75      0.70      1735
weighted avg       0.84      0.77      0.72      1735

Peak GPU memory allocatated: 1.09GB

------------------------------------------------------------------------------------------
Test Results:
 Accuracy: 0.7669962917181706
 Report:
 {'LIE': {'precision': 1.0, 'recall': 0.8304668304668305, 'f1-score': 0.9073825503355705, 'support': 407.0}, 'SIT': {'precision': 0.8888888888888888, 'recall': 0.3669724770642202, 'f1-score': 0.5194805194805194, 'support': 436.0}, 'STAND': {'precision': 0.5590682196339434, 'recall': 0.9545454545454546, 'f1-score': 0.7051416579223505, 'support': 352.0}, 'WALK': {'precision': 0.8156312625250501, 'recall': 0.9621749408983451, 'f1-score': 0.8828633405639913, 'support': 423.0}, 'accuracy': 0.7669962917181706, 'macro avg': {'precision': 0.8158970927619706, 'recall': 0.7785399257437126, 'f1-score': 0.7537170170756079, 'support': 1618.0}, 'weighted avg': {'precision': 0.8259329993292953, 'recall': 0.7669962917181706, 'f1-score': 0.752447009349394, 'support': 1618.0}}
 F1: 0.7537170170756079
 Confusion Matrix:
 [[338   4  22  43]
 [  0 160 227  49]
 [  0  16 336   0]
 [  0   0  16 407]]
------------------------------------------------------------------------------------------
Training set class distribution:--
{'LIE': 801, 'SIT': 708, 'STAND': 812, 'WALK': 1016}
------------------------------------------------------------------------------------------

Epoch: 1/30 | tr_Loss: 0.9920 | tr_acc: 0.8001 | val_loss: 0.9731 | val_acc: 0.8300 | epoch_time: 3.80s
--- CUDA PROFILE --- (epoch 1, batch 2)
-------------------------------------------------------  ------------  ------------  ------------  ------------  ------------  ------------  ------------  ------------  ------------  ------------  ------------  ------------  ------------  ------------  
                                                   Name    Self CPU %      Self CPU   CPU total %     CPU total  CPU time avg     Self CUDA   Self CUDA %    CUDA total  CUDA time avg       CPU Mem  Self CPU Mem      CUDA Mem  Self CUDA Mem    # of Calls  
-------------------------------------------------------  ------------  ------------  ------------  ------------  ------------  ------------  ------------  ------------  ------------  ------------  ------------  ------------  ------------  ------------  
                 MambaSplitConv1dScanCombinedFnBackward        31.88%      18.307ms        50.73%      29.126ms       4.161ms      11.987ms        36.07%      14.988ms       2.141ms           0 b           0 b     253.13 Mb      -1.53 Gb             7  
                                               aten::mm         2.65%       1.520ms         4.21%       2.420ms      29.156us      10.746ms        32.34%      10.746ms     129.470us           0 b           0 b     846.75 Mb     846.75 Mb            83  
                         MambaSplitConv1dScanCombinedFn        11.60%       6.662ms        16.95%       9.731ms       1.390ms       4.128ms        12.42%       5.100ms     728.577us           0 b           0 b      97.02 Mb    -480.36 Mb             7  
                                 ampere_sgemm_32x128_nn         0.00%       0.000us         0.00%       0.000us       0.000us       3.074ms         9.25%       3.074ms     139.716us           0 b           0 b           0 b           0 b            22  
                  _chunk_scan_chunk_state_bwd_dx_kernel         0.00%       0.000us         0.00%       0.000us       0.000us       2.727ms         8.21%       2.727ms     389.598us           0 b           0 b           0 b           0 b             7  
                                _chunk_state_fwd_kernel         0.00%       0.000us         0.00%       0.000us       0.000us       2.718ms         8.18%       2.718ms     194.125us           0 b           0 b           0 b           0 b            14  
                                 ampere_sgemm_128x64_tn         0.00%       0.000us         0.00%       0.000us       0.000us       2.592ms         7.80%       2.592ms     123.449us           0 b           0 b           0 b           0 b            21  
                                 _chunk_scan_fwd_kernel         0.00%       0.000us         0.00%       0.000us       0.000us       2.334ms         7.02%       2.334ms     333.438us           0 b           0 b           0 b           0 b             7  
                        ampere_sgemm_32x32_sliced1x4_nt         0.00%       0.000us         0.00%       0.000us       0.000us       2.312ms         6.96%       2.312ms      96.325us           0 b           0 b           0 b           0 b            24  
                              Optimizer.step#AdamW.step         0.00%       0.000us         0.00%       0.000us       0.000us       1.637ms         4.92%       1.637ms       1.637ms           0 b           0 b           0 b           0 b             1  
-------------------------------------------------------  ------------  ------------  ------------  ------------  ------------  ------------  ------------  ------------  ------------  ------------  ------------  ------------  ------------  ------------  
Self CPU time total: 57.418ms
Self CUDA time total: 33.230ms


Epoch: 2/30 | tr_Loss: 0.5698 | tr_acc: 0.9302 | val_loss: 0.8299 | val_acc: 0.7925 | epoch_time: 2.92s

Epoch: 3/30 | tr_Loss: 0.3841 | tr_acc: 0.9422 | val_loss: 0.8307 | val_acc: 0.7441 | epoch_time: 2.92s

Epoch: 4/30 | tr_Loss: 0.2800 | tr_acc: 0.9556 | val_loss: 0.9292 | val_acc: 0.7395 | epoch_time: 2.93s

Epoch: 5/30 | tr_Loss: 0.2252 | tr_acc: 0.9622 | val_loss: 0.9532 | val_acc: 0.7389 | epoch_time: 2.93s

Epoch: 6/30 | tr_Loss: 0.1869 | tr_acc: 0.9667 | val_loss: 0.9591 | val_acc: 0.7389 | epoch_time: 2.93s

Epoch: 7/30 | tr_Loss: 0.1600 | tr_acc: 0.9709 | val_loss: 0.9715 | val_acc: 0.7476 | epoch_time: 2.93s

Early stopping at epoch 7 | Best Validation Loss: 0.8299
              precision    recall  f1-score   support

         LIE       1.00      0.88      0.93       385
         SIT       0.85      0.25      0.39       398
       STAND       0.57      0.99      0.73       419
        WALK       0.94      0.98      0.96       533

    accuracy                           0.79      1735
   macro avg       0.84      0.77      0.75      1735
weighted avg       0.84      0.79      0.77      1735

Peak GPU memory allocatated: 1.09GB

------------------------------------------------------------------------------------------
Test Results:
 Accuracy: 0.7398022249690976
 Report:
 {'LIE': {'precision': 1.0, 'recall': 0.8181818181818182, 'f1-score': 0.9, 'support': 407.0}, 'SIT': {'precision': 0.6771653543307087, 'recall': 0.3944954128440367, 'f1-score': 0.4985507246376812, 'support': 436.0}, 'STAND': {'precision': 0.5785123966942148, 'recall': 0.7954545454545454, 'f1-score': 0.6698564593301436, 'support': 352.0}, 'WALK': {'precision': 0.753199268738574, 'recall': 0.9739952718676123, 'f1-score': 0.8494845360824742, 'support': 423.0}, 'accuracy': 0.7398022249690976, 'macro avg': {'precision': 0.7522192549408744, 'recall': 0.7455317620870032, 'f1-score': 0.7294729300125747, 'support': 1618.0}, 'weighted avg': {'precision': 0.7567884726829229, 'recall': 0.7398022249690976, 'f1-score': 0.7285473105000779, 'support': 1618.0}}
 F1: 0.7294729300125747
 Confusion Matrix:
 [[333   9  11  54]
 [  0 172 185  79]
 [  0  70 280   2]
 [  0   3   8 412]]
------------------------------------------------------------------------------------------
Training set class distribution:--
{'LIE': 801, 'SIT': 708, 'STAND': 812, 'WALK': 1016}
------------------------------------------------------------------------------------------

Epoch: 1/30 | tr_Loss: 0.9985 | tr_acc: 0.7857 | val_loss: 0.9033 | val_acc: 0.7597 | epoch_time: 3.89s
--- CUDA PROFILE --- (epoch 1, batch 2)
-------------------------------------------------------  ------------  ------------  ------------  ------------  ------------  ------------  ------------  ------------  ------------  ------------  ------------  ------------  ------------  ------------  
                                                   Name    Self CPU %      Self CPU   CPU total %     CPU total  CPU time avg     Self CUDA   Self CUDA %    CUDA total  CUDA time avg       CPU Mem  Self CPU Mem      CUDA Mem  Self CUDA Mem    # of Calls  
-------------------------------------------------------  ------------  ------------  ------------  ------------  ------------  ------------  ------------  ------------  ------------  ------------  ------------  ------------  ------------  ------------  
                 MambaSplitConv1dScanCombinedFnBackward        30.80%      18.582ms        48.71%      29.383ms       4.198ms      11.985ms        36.07%      14.982ms       2.140ms           0 b           0 b     253.13 Mb      -1.53 Gb             7  
                                               aten::mm         2.51%       1.515ms         3.99%       2.407ms      28.999us      10.747ms        32.35%      10.747ms     129.478us           0 b           0 b     846.75 Mb     846.75 Mb            83  
                         MambaSplitConv1dScanCombinedFn        11.49%       6.934ms        16.63%      10.033ms       1.433ms       4.131ms        12.43%       5.104ms     729.160us           0 b           0 b      97.02 Mb    -480.36 Mb             7  
                                 ampere_sgemm_32x128_nn         0.00%       0.000us         0.00%       0.000us       0.000us       3.075ms         9.26%       3.075ms     139.784us           0 b           0 b           0 b           0 b            22  
                  _chunk_scan_chunk_state_bwd_dx_kernel         0.00%       0.000us         0.00%       0.000us       0.000us       2.728ms         8.21%       2.728ms     389.702us           0 b           0 b           0 b           0 b             7  
                                _chunk_state_fwd_kernel         0.00%       0.000us         0.00%       0.000us       0.000us       2.714ms         8.17%       2.714ms     193.864us           0 b           0 b           0 b           0 b            14  
                                 ampere_sgemm_128x64_tn         0.00%       0.000us         0.00%       0.000us       0.000us       2.594ms         7.81%       2.594ms     123.513us           0 b           0 b           0 b           0 b            21  
                                 _chunk_scan_fwd_kernel         0.00%       0.000us         0.00%       0.000us       0.000us       2.335ms         7.03%       2.335ms     333.639us           0 b           0 b           0 b           0 b             7  
                        ampere_sgemm_32x32_sliced1x4_nt         0.00%       0.000us         0.00%       0.000us       0.000us       2.312ms         6.96%       2.312ms      96.333us           0 b           0 b           0 b           0 b            24  
                              Optimizer.step#AdamW.step         0.00%       0.000us         0.00%       0.000us       0.000us       1.612ms         4.85%       1.612ms       1.612ms           0 b           0 b           0 b           0 b             1  
-------------------------------------------------------  ------------  ------------  ------------  ------------  ------------  ------------  ------------  ------------  ------------  ------------  ------------  ------------  ------------  ------------  
Self CPU time total: 60.325ms
Self CUDA time total: 33.223ms


Epoch: 2/30 | tr_Loss: 0.5554 | tr_acc: 0.9395 | val_loss: 0.6921 | val_acc: 0.7648 | epoch_time: 3.01s

Epoch: 3/30 | tr_Loss: 0.3636 | tr_acc: 0.9491 | val_loss: 0.7108 | val_acc: 0.7504 | epoch_time: 2.93s

Epoch: 4/30 | tr_Loss: 0.2713 | tr_acc: 0.9568 | val_loss: 0.7515 | val_acc: 0.7470 | epoch_time: 2.93s

Epoch: 5/30 | tr_Loss: 0.2170 | tr_acc: 0.9634 | val_loss: 0.7939 | val_acc: 0.7464 | epoch_time: 2.93s

Epoch: 6/30 | tr_Loss: 0.1838 | tr_acc: 0.9679 | val_loss: 0.8024 | val_acc: 0.7476 | epoch_time: 2.93s

Epoch: 7/30 | tr_Loss: 0.1598 | tr_acc: 0.9712 | val_loss: 0.8098 | val_acc: 0.7476 | epoch_time: 2.92s

Early stopping at epoch 7 | Best Validation Loss: 0.6921
              precision    recall  f1-score   support

         LIE       1.00      0.92      0.96       385
         SIT       0.95      0.09      0.17       398
       STAND       0.52      0.99      0.68       419
        WALK       0.95      0.98      0.96       533

    accuracy                           0.76      1735
   macro avg       0.85      0.75      0.69      1735
weighted avg       0.86      0.76      0.71      1735

Peak GPU memory allocatated: 1.09GB

------------------------------------------------------------------------------------------
Test Results:
 Accuracy: 0.7428924598269468
 Report:
 {'LIE': {'precision': 0.9882697947214076, 'recall': 0.828009828009828, 'f1-score': 0.9010695187165776, 'support': 407.0}, 'SIT': {'precision': 0.6795366795366795, 'recall': 0.4036697247706422, 'f1-score': 0.5064748201438849, 'support': 436.0}, 'STAND': {'precision': 0.5235404896421846, 'recall': 0.7897727272727273, 'f1-score': 0.6296715741789355, 'support': 352.0}, 'WALK': {'precision': 0.8439425051334702, 'recall': 0.9716312056737588, 'f1-score': 0.9032967032967033, 'support': 423.0}, 'accuracy': 0.7428924598269468, 'macro avg': {'precision': 0.7588223672584355, 'recall': 0.7482708714317391, 'f1-score': 0.7351281540840253, 'support': 1618.0}, 'weighted avg': {'precision': 0.7662408719129247, 'recall': 0.7428924598269468, 'f1-score': 0.7362776361593769, 'support': 1618.0}}
 F1: 0.7351281540840253
 Confusion Matrix:
 [[337   8  11  51]
 [  4 176 233  23]
 [  0  72 278   2]
 [  0   3   9 411]]
------------------------------------------------------------------------------------------
Training set class distribution:--
{'LIE': 801, 'SIT': 708, 'STAND': 812, 'WALK': 1016}
------------------------------------------------------------------------------------------

Epoch: 1/30 | tr_Loss: 0.9328 | tr_acc: 0.8361 | val_loss: 0.8289 | val_acc: 0.9303 | epoch_time: 3.83s
--- CUDA PROFILE --- (epoch 1, batch 2)
-------------------------------------------------------  ------------  ------------  ------------  ------------  ------------  ------------  ------------  ------------  ------------  ------------  ------------  ------------  ------------  ------------  
                                                   Name    Self CPU %      Self CPU   CPU total %     CPU total  CPU time avg     Self CUDA   Self CUDA %    CUDA total  CUDA time avg       CPU Mem  Self CPU Mem      CUDA Mem  Self CUDA Mem    # of Calls  
-------------------------------------------------------  ------------  ------------  ------------  ------------  ------------  ------------  ------------  ------------  ------------  ------------  ------------  ------------  ------------  ------------  
                 MambaSplitConv1dScanCombinedFnBackward        30.75%      18.309ms        48.95%      29.146ms       4.164ms      11.979ms        36.05%      14.982ms       2.140ms           0 b           0 b     253.13 Mb      -1.53 Gb             7  
                                               aten::mm         2.60%       1.546ms         4.11%       2.447ms      29.486us      10.744ms        32.33%      10.744ms     129.446us           0 b           0 b     846.75 Mb     846.75 Mb            83  
                         MambaSplitConv1dScanCombinedFn        11.42%       6.800ms        16.66%       9.919ms       1.417ms       4.128ms        12.42%       5.103ms     728.989us           0 b           0 b      97.02 Mb    -480.36 Mb             7  
                                 ampere_sgemm_32x128_nn         0.00%       0.000us         0.00%       0.000us       0.000us       3.073ms         9.25%       3.073ms     139.671us           0 b           0 b           0 b           0 b            22  
                  _chunk_scan_chunk_state_bwd_dx_kernel         0.00%       0.000us         0.00%       0.000us       0.000us       2.729ms         8.21%       2.729ms     389.900us           0 b           0 b           0 b           0 b             7  
                                _chunk_state_fwd_kernel         0.00%       0.000us         0.00%       0.000us       0.000us       2.716ms         8.17%       2.716ms     194.020us           0 b           0 b           0 b           0 b            14  
                                 ampere_sgemm_128x64_tn         0.00%       0.000us         0.00%       0.000us       0.000us       2.595ms         7.81%       2.595ms     123.559us           0 b           0 b           0 b           0 b            21  
                                 _chunk_scan_fwd_kernel         0.00%       0.000us         0.00%       0.000us       0.000us       2.335ms         7.03%       2.335ms     333.521us           0 b           0 b           0 b           0 b             7  
                        ampere_sgemm_32x32_sliced1x4_nt         0.00%       0.000us         0.00%       0.000us       0.000us       2.311ms         6.96%       2.311ms      96.300us           0 b           0 b           0 b           0 b            24  
                              Optimizer.step#AdamW.step         0.00%       0.000us         0.00%       0.000us       0.000us       1.613ms         4.85%       1.613ms       1.613ms           0 b           0 b           0 b           0 b             1  
-------------------------------------------------------  ------------  ------------  ------------  ------------  ------------  ------------  ------------  ------------  ------------  ------------  ------------  ------------  ------------  ------------  
Self CPU time total: 59.543ms
Self CUDA time total: 33.229ms


Epoch: 2/30 | tr_Loss: 0.5130 | tr_acc: 0.9347 | val_loss: 0.6536 | val_acc: 0.7723 | epoch_time: 3.01s

Epoch: 3/30 | tr_Loss: 0.3434 | tr_acc: 0.9476 | val_loss: 0.6732 | val_acc: 0.7539 | epoch_time: 2.94s

Epoch: 4/30 | tr_Loss: 0.2600 | tr_acc: 0.9574 | val_loss: 0.6729 | val_acc: 0.7556 | epoch_time: 2.94s

Epoch: 5/30 | tr_Loss: 0.2125 | tr_acc: 0.9631 | val_loss: 0.7250 | val_acc: 0.7527 | epoch_time: 2.95s

Epoch: 6/30 | tr_Loss: 0.1809 | tr_acc: 0.9640 | val_loss: 0.7377 | val_acc: 0.7499 | epoch_time: 2.94s

Epoch: 7/30 | tr_Loss: 0.1550 | tr_acc: 0.9697 | val_loss: 0.6875 | val_acc: 0.7562 | epoch_time: 2.93s

Early stopping at epoch 7 | Best Validation Loss: 0.6536
              precision    recall  f1-score   support

         LIE       1.00      0.93      0.96       385
         SIT       1.00      0.10      0.18       398
       STAND       0.53      1.00      0.69       419
        WALK       0.97      0.98      0.98       533

    accuracy                           0.77      1735
   macro avg       0.87      0.75      0.70      1735
weighted avg       0.88      0.77      0.72      1735

Peak GPU memory allocatated: 1.09GB

------------------------------------------------------------------------------------------
Test Results:
 Accuracy: 0.7546353522867738
 Report:
 {'LIE': {'precision': 0.8792650918635171, 'recall': 0.8230958230958231, 'f1-score': 0.850253807106599, 'support': 407.0}, 'SIT': {'precision': 0.7065217391304348, 'recall': 0.44724770642201833, 'f1-score': 0.547752808988764, 'support': 436.0}, 'STAND': {'precision': 0.5665322580645161, 'recall': 0.7982954545454546, 'f1-score': 0.6627358490566038, 'support': 352.0}, 'WALK': {'precision': 0.8817204301075269, 'recall': 0.9692671394799054, 'f1-score': 0.9234234234234234, 'support': 423.0}, 'accuracy': 0.7546353522867738, 'macro avg': {'precision': 0.7585098797914988, 'recall': 0.7594765308858002, 'f1-score': 0.7460414721438476, 'support': 1618.0}, 'weighted avg': {'precision': 0.7653222913618754, 'recall': 0.7546353522867738, 'f1-score': 0.7470733320071197, 'support': 1618.0}}
 F1: 0.7460414721438476
 Confusion Matrix:
 [[335   7  14  51]
 [ 46 195 191   4]
 [  0  71 281   0]
 [  0   3  10 410]]
Total wall time:7min 36s
