Job started on gpu032.orc.gmu.edu
CUDA_VISIBLE_DEVICES=0
Wed May 27 14:12:40 2026       
+-----------------------------------------------------------------------------------------+
| NVIDIA-SMI 590.48.01              Driver Version: 590.48.01      CUDA Version: 13.1     |
+-----------------------------------------+------------------------+----------------------+
| GPU  Name                 Persistence-M | Bus-Id          Disp.A | Volatile Uncorr. ECC |
| Fan  Temp   Perf          Pwr:Usage/Cap |           Memory-Usage | GPU-Util  Compute M. |
|                                         |                        |               MIG M. |
|=========================================+========================+======================|
|   0  NVIDIA H100 80GB HBM3          On  |   00000000:5F:00.0 Off |                    0 |
| N/A   21C    P0             66W /  700W |       0MiB /  81559MiB |      0%      Default |
|                                         |                        |             Disabled |
+-----------------------------------------+------------------------+----------------------+

+-----------------------------------------------------------------------------------------+
| Processes:                                                                              |
|  GPU   GI   CI              PID   Type   Process name                        GPU Memory |
|        ID   ID                                                               Usage      |
|=========================================================================================|
|  No running processes found                                                             |
+-----------------------------------------------------------------------------------------+
Mamba version: 2.3.0
Path: /home/kmercad/myenv/lib/python3.10/site-packages/mamba_ssm/modules/mamba2.py
------------------------------------------------------------------------------------------
Raw training set shape: (385701, 251)
Validation training set shape: (87149, 251)
Raw test set shape: (171785, 251)
------------------------------------------------------------------------------------------
Sensor subset training shape: (297110, 47)
Sensor Validation training shape: (66905, 47)
Sensor Test training shape: (133181, 47)
----------------------------------------------------------------------
Rows containing NaNs - training: 0
Rows containing NaNs - validation: 0
Rows containing NaNs - test: 4953
------------------------------------------------------------------------------------------
Training shape after NaN removal: (297110, 47)
Validation shape after NaN removal: (66905, 47)
Test shape after NaN removal: (128228, 47)
------------------------------------------------------------------------------------------
Reindexed training shape: (297110, 47)
Reindexed validation shape: (66905, 47)
Reindexed test shape: (128228, 47)


Descriptive statistics for ACC channels (DEVICE_1) - training set
                   0              1              2
count  297110.000000  297110.000000  297110.000000
mean     -814.033203    -154.937286     309.518192
std       265.114383     259.111819     316.387238
min     -1896.000000   -1283.000000   -1198.000000
25%      -967.000000    -271.000000     135.000000
50%      -915.000000    -157.000000     294.000000
75%      -767.000000     -44.000000     480.000000
max       614.000000    1374.000000    1417.000000

Descriptive statistics for GYRO channels (DEVICE_1) - training set
                   3              4              5
count  297110.000000  297110.000000  297110.000000
mean      -53.720477     -18.435384       9.876753
std       608.714994     316.133462     276.124779
min     -4818.000000   -3081.000000   -2293.000000
25%      -251.000000    -118.000000     -87.000000
50%       -19.000000      -9.000000       2.000000
75%       147.000000      80.000000     107.000000
max      3537.000000    3370.000000    2029.000000

Descriptive statistics for MAG channels (DEVICE_1) - training set
                   6              7              8
count  297110.000000  297110.000000  297110.000000
mean      409.335162      85.637447      31.823877
std       373.936757     340.340809     511.346532
min      -929.000000   -1011.000000   -1246.000000
25%       301.000000    -152.000000    -478.000000
50%       513.000000     102.000000      96.000000
75%       603.000000     314.000000     475.000000
max      1531.000000    1162.000000    1369.000000
------------------------------------------------------------------------------------------


Descriptive statistics for ACC channels (DEVICE_1) - training set
                   0              1              2
count  297110.000000  297110.000000  297110.000000
mean       -0.814033      -0.154937       0.309518
std         0.265114       0.259112       0.316387
min        -1.896000      -1.283000      -1.198000
25%        -0.967000      -0.271000       0.135000
50%        -0.915000      -0.157000       0.294000
75%        -0.767000      -0.044000       0.480000
max         0.614000       1.374000       1.417000

Descriptive statistics for scaled GYRO channels (DEVICE_1) - training set
                   3              4              5
count  297110.000000  297110.000000  297110.000000
mean       -0.053720      -0.018435       0.009877
std         0.608715       0.316133       0.276125
min        -4.818000      -3.081000      -2.293000
25%        -0.251000      -0.118000      -0.087000
50%        -0.019000      -0.009000       0.002000
75%         0.147000       0.080000       0.107000
max         3.537000       3.370000       2.029000

Descriptive statistics for normalized MAG channels (DEVICE_1) - training set
                   6              7              8
count  297110.000000  297110.000000  297110.000000
mean        0.515633       0.095613       0.026044
std         0.417793       0.420340       0.610793
min        -0.941527      -0.962388      -0.999993
25%         0.403199      -0.200560      -0.582790
50%         0.661352       0.122990       0.129253
75%         0.777488       0.367910       0.622170
max         0.999999       0.999708       0.999770
--------------------STRATIY VAL/TEST--------------------
Validation GROUPS
group_id
S2-ADL1    29975
S2-ADL3    26659
S3-ADL5    20648
S4-ADL5    23817
Name: count, dtype: int64
Test GROUPS
group_id
S1-ADL5    22440
S2-ADL2    23108
S2-ADL4    25517
S2-ADL5    22969
Name: count, dtype: int64 


 Validation Split Label Proportion
45
1    0.439886
2    0.267203
4    0.251021
5    0.041890
Name: proportion, dtype: float64
Test Split Label Proportion
45
1    0.385712
2    0.263543
4    0.308867
5    0.041878
Name: proportion, dtype: float64

------------------------------ TRAIN ACC/GYRO after StandardScaler ------------------------------
global mean: 0.000000
global std : 1.000000
max |channel mean| : 0.000000
median |channel mean| : 0.000000
channel std range : [1.000000, 1.000000]

------------------------------ VAL ACC/GYRO after StandardScaler ------------------------------
global mean: -0.016196
global std : 1.019579
max |channel mean| : 0.692293
median |channel mean| : 0.017812
channel std range : [0.857252, 1.191447]

------------------------------ TEST ACC/GYRO after StandardScaler ------------------------------
global mean: -0.026198
global std : 1.032089
max |channel mean| : 1.067700
median |channel mean| : 0.057583
channel std range : [0.745667, 1.206436]
------------------------------------------------------------------------------------------
Training features: (297110, 46) | Training labels: (297110,)
Validation features: (101099, 46) | Validation labels: (101099,)
Test features: (94034, 46), Test labels: (94034,)

------------------------------ TRAIN MAG after window demeaning ------------------------------
max |window mean|  : 2.072917e-07
mean |window mean| : 2.318182e-08
channel global mean range : [-5.960800e-10, 4.066864e-10]
channel std range         : [0.129758, 0.233506]

------------------------------ VAL MAG after window demeaning ------------------------------
max |window mean|  : 1.980199e-07
mean |window mean| : 2.299261e-08
channel global mean range : [-1.398659e-09, 1.231514e-09]
channel std range         : [0.127750, 0.233662]

------------------------------ TEST MAG after window demeaning ------------------------------
max |window mean|  : 2.112654e-07
mean |window mean| : 2.317931e-08
channel global mean range : [-1.426697e-09, 6.857978e-10]
channel std range         : [0.119883, 0.231613]

TRAIN window label distribution
label 1: 4630 (0.4689)
label 2: 2563 (0.2595)
label 4: 2120 (0.2147)
label 5: 562 (0.0569)

VAL window label distribution
label 1: 1440 (0.4286)
label 2: 932 (0.2774)
label 4: 847 (0.2521)
label 5: 141 (0.0420)

TEST window label distribution
label 1: 1173 (0.3754)
label 2: 848 (0.2714)
label 4: 972 (0.3110)
label 5: 132 (0.0422)
------------------------------------------------------------------------------------------
Training (windows): (9875, 90, 45). Training Labels: (9875,)
Validation (windows): (3360, 90, 45). Validation Labels: (3360,)
Test (windows): (3125, 90, 45). Test Labels: (3125,)
------------------------------------------------------------------------------------------
Training set class distribution:
{'STAND': 4630, 'WALK': 2563, 'SIT': 2120, 'LIE': 562}
------------------------------------------------------------------------------------------

Epoch: 1/30 | tr_Loss: 0.3523 | tr_acc: 0.8573 | val_loss: 0.5930 | val_acc: 0.8065 | epoch_time: 38.08s
--- CUDA PROFILE --- (epoch 1, batch 2)
-------------------------------------------------------  ------------  ------------  ------------  ------------  ------------  ------------  ------------  ------------  ------------  ------------  ------------  ------------  ------------  ------------  
                                                   Name    Self CPU %      Self CPU   CPU total %     CPU total  CPU time avg     Self CUDA   Self CUDA %    CUDA total  CUDA time avg       CPU Mem  Self CPU Mem      CUDA Mem  Self CUDA Mem    # of Calls  
-------------------------------------------------------  ------------  ------------  ------------  ------------  ------------  ------------  ------------  ------------  ------------  ------------  ------------  ------------  ------------  ------------  
                 MambaSplitConv1dScanCombinedFnBackward        14.99%      15.804ms        23.99%      25.294ms       3.162ms      47.211ms        47.71%      54.876ms       6.859ms           0 b           0 b       1.20 Gb      -6.90 Gb             8  
                                               aten::mm         1.83%       1.932ms         2.70%       2.844ms      30.252us      29.432ms        29.74%      29.432ms     313.105us           0 b           0 b       2.84 Gb       2.84 Gb            94  
                         MambaSplitConv1dScanCombinedFn         5.59%       5.889ms         8.37%       8.826ms       1.103ms      12.046ms        12.17%      15.276ms       1.909ms           0 b           0 b     405.35 Mb      -2.44 Gb             8  
sm80_xmma_gemm_f32f32_f32f32_f32_tn_n_tilesize128x12...         0.00%       0.000us         0.00%       0.000us       0.000us       9.998ms        10.10%       9.998ms     416.600us           0 b           0 b           0 b           0 b            24  
                  _chunk_scan_chunk_state_bwd_dx_kernel         0.00%       0.000us         0.00%       0.000us       0.000us       9.663ms         9.77%       9.663ms       1.208ms           0 b           0 b           0 b           0 b             8  
                    _chunk_scan_bwd_ddAcs_stable_kernel         0.00%       0.000us         0.00%       0.000us       0.000us       8.940ms         9.03%       8.940ms       1.118ms           0 b           0 b           0 b           0 b             8  
                                 _chunk_scan_fwd_kernel         0.00%       0.000us         0.00%       0.000us       0.000us       8.072ms         8.16%       8.072ms       1.009ms           0 b           0 b           0 b           0 b             8  
                             _chunk_state_bwd_db_kernel         0.00%       0.000us         0.00%       0.000us       0.000us       7.555ms         7.63%       7.555ms     944.321us           0 b           0 b           0 b           0 b             8  
                              _chunk_scan_bwd_dc_kernel         0.00%       0.000us         0.00%       0.000us       0.000us       6.885ms         6.96%       6.885ms     860.629us           0 b           0 b           0 b           0 b             8  
void cutlass::Kernel<cutlass_80_simt_sgemm_128x256_8...         0.00%       0.000us         0.00%       0.000us       0.000us       6.290ms         6.36%       6.290ms     393.143us           0 b           0 b           0 b           0 b            16  
-------------------------------------------------------  ------------  ------------  ------------  ------------  ------------  ------------  ------------  ------------  ------------  ------------  ------------  ------------  ------------  ------------  
Self CPU time total: 105.427ms
Self CUDA time total: 98.954ms


Epoch: 2/30 | tr_Loss: 0.2166 | tr_acc: 0.9129 | val_loss: 0.4284 | val_acc: 0.8795 | epoch_time: 8.41s

Epoch: 3/30 | tr_Loss: 0.1907 | tr_acc: 0.9225 | val_loss: 0.4192 | val_acc: 0.8774 | epoch_time: 8.41s

Epoch: 4/30 | tr_Loss: 0.1707 | tr_acc: 0.9312 | val_loss: 0.4237 | val_acc: 0.8789 | epoch_time: 8.39s

Epoch: 5/30 | tr_Loss: 0.1581 | tr_acc: 0.9354 | val_loss: 0.4509 | val_acc: 0.8729 | epoch_time: 8.39s

Epoch: 6/30 | tr_Loss: 0.1486 | tr_acc: 0.9401 | val_loss: 0.3937 | val_acc: 0.8893 | epoch_time: 8.39s

Epoch: 7/30 | tr_Loss: 0.1396 | tr_acc: 0.9432 | val_loss: 0.4838 | val_acc: 0.8688 | epoch_time: 8.40s

Epoch: 8/30 | tr_Loss: 0.1369 | tr_acc: 0.9450 | val_loss: 0.4836 | val_acc: 0.8804 | epoch_time: 8.39s

Epoch: 9/30 | tr_Loss: 0.1292 | tr_acc: 0.9472 | val_loss: 0.4131 | val_acc: 0.8807 | epoch_time: 8.42s

Epoch: 10/30 | tr_Loss: 0.1210 | tr_acc: 0.9514 | val_loss: 0.3124 | val_acc: 0.8940 | epoch_time: 8.40s

Epoch: 11/30 | tr_Loss: 0.1221 | tr_acc: 0.9507 | val_loss: 0.5575 | val_acc: 0.8774 | epoch_time: 8.40s

Epoch: 12/30 | tr_Loss: 0.1178 | tr_acc: 0.9509 | val_loss: 0.3332 | val_acc: 0.9006 | epoch_time: 8.40s

Epoch: 13/30 | tr_Loss: 0.1055 | tr_acc: 0.9578 | val_loss: 0.4626 | val_acc: 0.8771 | epoch_time: 8.40s

Epoch: 14/30 | tr_Loss: 0.1090 | tr_acc: 0.9576 | val_loss: 0.5016 | val_acc: 0.8836 | epoch_time: 8.41s

Epoch: 15/30 | tr_Loss: 0.0976 | tr_acc: 0.9603 | val_loss: 0.3515 | val_acc: 0.8911 | epoch_time: 8.40s

Early stopping at epoch 15 | Best Validation Loss: 0.3124
              precision    recall  f1-score   support

       STAND       0.86      0.91      0.88      1440
        WALK       0.89      0.84      0.86       932
         SIT       0.95      0.91      0.93       847
         LIE       0.99      0.99      0.99       141

    accuracy                           0.89      3360
   macro avg       0.92      0.91      0.92      3360
weighted avg       0.90      0.89      0.89      3360

Peak GPU memory allocatated: 3.79GB

------------------------------------------------------------------------------------------
Test Results:
 Accuracy: 0.91456
 Report:
 {'STAND': {'precision': 0.8939779474130619, 'recall': 0.8985507246376812, 'f1-score': 0.8962585034013606, 'support': 1173.0}, 'WALK': {'precision': 0.8798076923076923, 'recall': 0.8632075471698113, 'f1-score': 0.8714285714285714, 'support': 848.0}, 'SIT': {'precision': 0.9643221202854231, 'recall': 0.9732510288065843, 'f1-score': 0.9687660010240655, 'support': 972.0}, 'LIE': {'precision': 0.9473684210526315, 'recall': 0.9545454545454546, 'f1-score': 0.9509433962264151, 'support': 132.0}, 'accuracy': 0.91456, 'macro avg': {'precision': 0.9213690452647022, 'recall': 0.9223886887898828, 'f1-score': 0.9218491180201032, 'support': 3125.0}, 'weighted avg': {'precision': 0.9142677721244235, 'recall': 0.91456, 'f1-score': 0.9143832749947208, 'support': 3125.0}}
 F1: 0.9218491180201032
 Confusion Matrix:
 [[1054   91   27    1]
 [ 109  732    7    0]
 [  16    4  946    6]
 [   0    5    1  126]]
------------------------------------------------------------------------------------------
Training set class distribution:
{'STAND': 4630, 'WALK': 2563, 'SIT': 2120, 'LIE': 562}
------------------------------------------------------------------------------------------

Epoch: 1/30 | tr_Loss: 0.3581 | tr_acc: 0.8484 | val_loss: 0.6007 | val_acc: 0.8009 | epoch_time: 9.15s
--- CUDA PROFILE --- (epoch 1, batch 2)
-------------------------------------------------------  ------------  ------------  ------------  ------------  ------------  ------------  ------------  ------------  ------------  ------------  ------------  ------------  ------------  ------------  
                                                   Name    Self CPU %      Self CPU   CPU total %     CPU total  CPU time avg     Self CUDA   Self CUDA %    CUDA total  CUDA time avg       CPU Mem  Self CPU Mem      CUDA Mem  Self CUDA Mem    # of Calls  
-------------------------------------------------------  ------------  ------------  ------------  ------------  ------------  ------------  ------------  ------------  ------------  ------------  ------------  ------------  ------------  ------------  
                 MambaSplitConv1dScanCombinedFnBackward        15.28%      14.558ms        24.89%      23.719ms       2.965ms      46.574ms        47.87%      54.067ms       6.758ms           0 b           0 b       1.20 Gb      -6.90 Gb             8  
                                               aten::mm         1.98%       1.891ms         2.91%       2.776ms      29.537us      28.663ms        29.46%      28.663ms     304.929us           0 b           0 b       2.84 Gb       2.84 Gb            94  
                         MambaSplitConv1dScanCombinedFn         5.75%       5.475ms         8.68%       8.274ms       1.034ms      11.912ms        12.24%      15.079ms       1.885ms           0 b           0 b     405.35 Mb      -2.44 Gb             8  
sm80_xmma_gemm_f32f32_f32f32_f32_tn_n_tilesize128x12...         0.00%       0.000us         0.00%       0.000us       0.000us       9.745ms        10.02%       9.745ms     406.057us           0 b           0 b           0 b           0 b            24  
                  _chunk_scan_chunk_state_bwd_dx_kernel         0.00%       0.000us         0.00%       0.000us       0.000us       9.526ms         9.79%       9.526ms       1.191ms           0 b           0 b           0 b           0 b             8  
                    _chunk_scan_bwd_ddAcs_stable_kernel         0.00%       0.000us         0.00%       0.000us       0.000us       8.826ms         9.07%       8.826ms       1.103ms           0 b           0 b           0 b           0 b             8  
                                 _chunk_scan_fwd_kernel         0.00%       0.000us         0.00%       0.000us       0.000us       7.962ms         8.18%       7.962ms     995.244us           0 b           0 b           0 b           0 b             8  
                             _chunk_state_bwd_db_kernel         0.00%       0.000us         0.00%       0.000us       0.000us       7.439ms         7.65%       7.439ms     929.844us           0 b           0 b           0 b           0 b             8  
                              _chunk_scan_bwd_dc_kernel         0.00%       0.000us         0.00%       0.000us       0.000us       6.795ms         6.98%       6.795ms     849.412us           0 b           0 b           0 b           0 b             8  
void cutlass::Kernel<cutlass_80_simt_sgemm_128x256_8...         0.00%       0.000us         0.00%       0.000us       0.000us       6.107ms         6.28%       6.107ms     381.674us           0 b           0 b           0 b           0 b            16  
-------------------------------------------------------  ------------  ------------  ------------  ------------  ------------  ------------  ------------  ------------  ------------  ------------  ------------  ------------  ------------  ------------  
Self CPU time total: 95.292ms
Self CUDA time total: 97.295ms


Epoch: 2/30 | tr_Loss: 0.2263 | tr_acc: 0.9094 | val_loss: 0.4381 | val_acc: 0.8750 | epoch_time: 8.40s

Epoch: 3/30 | tr_Loss: 0.1825 | tr_acc: 0.9280 | val_loss: 0.4804 | val_acc: 0.8646 | epoch_time: 8.41s

Epoch: 4/30 | tr_Loss: 0.1648 | tr_acc: 0.9336 | val_loss: 0.5528 | val_acc: 0.8512 | epoch_time: 8.40s

Epoch: 5/30 | tr_Loss: 0.1471 | tr_acc: 0.9390 | val_loss: 0.4907 | val_acc: 0.8857 | epoch_time: 8.41s

Epoch: 6/30 | tr_Loss: 0.1425 | tr_acc: 0.9438 | val_loss: 0.5426 | val_acc: 0.8628 | epoch_time: 8.41s

Epoch: 7/30 | tr_Loss: 0.1323 | tr_acc: 0.9462 | val_loss: 0.5428 | val_acc: 0.8780 | epoch_time: 8.41s

Early stopping at epoch 7 | Best Validation Loss: 0.4381
              precision    recall  f1-score   support

       STAND       0.87      0.86      0.86      1440
        WALK       0.87      0.88      0.87       932
         SIT       0.88      0.88      0.88       847
         LIE       0.99      0.95      0.97       141

    accuracy                           0.88      3360
   macro avg       0.90      0.89      0.90      3360
weighted avg       0.88      0.88      0.88      3360

Peak GPU memory allocatated: 3.72GB

------------------------------------------------------------------------------------------
Test Results:
 Accuracy: 0.8976
 Report:
 {'STAND': {'precision': 0.9283639883833494, 'recall': 0.8175618073316283, 'f1-score': 0.8694469628286491, 'support': 1173.0}, 'WALK': {'precision': 0.8161530286928799, 'recall': 0.9056603773584906, 'f1-score': 0.8585802124091672, 'support': 848.0}, 'SIT': {'precision': 0.9331366764995084, 'recall': 0.9763374485596708, 'f1-score': 0.954248366013072, 'support': 972.0}, 'LIE': {'precision': 0.9626865671641791, 'recall': 0.9772727272727273, 'f1-score': 0.9699248120300752, 'support': 132.0}, 'accuracy': 0.8976, 'macro avg': {'precision': 0.9100850651849792, 'recall': 0.9192080901306292, 'f1-score': 0.9130500883202408, 'support': 3125.0}, 'weighted avg': {'precision': 0.9008487050010962, 'recall': 0.8976, 'f1-score': 0.8971189742315696, 'support': 3125.0}}
 F1: 0.9130500883202408
 Confusion Matrix:
 [[959 163  50   1]
 [ 62 768  18   0]
 [ 12   7 949   4]
 [  0   3   0 129]]
------------------------------------------------------------------------------------------
Training set class distribution:
{'STAND': 4630, 'WALK': 2563, 'SIT': 2120, 'LIE': 562}
------------------------------------------------------------------------------------------

Epoch: 1/30 | tr_Loss: 0.3522 | tr_acc: 0.8578 | val_loss: 0.3476 | val_acc: 0.8723 | epoch_time: 9.13s
--- CUDA PROFILE --- (epoch 1, batch 2)
-------------------------------------------------------  ------------  ------------  ------------  ------------  ------------  ------------  ------------  ------------  ------------  ------------  ------------  ------------  ------------  ------------  
                                                   Name    Self CPU %      Self CPU   CPU total %     CPU total  CPU time avg     Self CUDA   Self CUDA %    CUDA total  CUDA time avg       CPU Mem  Self CPU Mem      CUDA Mem  Self CUDA Mem    # of Calls  
-------------------------------------------------------  ------------  ------------  ------------  ------------  ------------  ------------  ------------  ------------  ------------  ------------  ------------  ------------  ------------  ------------  
                 MambaSplitConv1dScanCombinedFnBackward        15.28%      14.591ms        24.77%      23.647ms       2.956ms      46.592ms        47.76%      54.141ms       6.768ms           0 b           0 b       1.20 Gb      -6.91 Gb             8  
                                               aten::mm         1.99%       1.901ms         2.93%       2.797ms      29.759us      28.883ms        29.60%      28.883ms     307.268us           0 b           0 b       2.84 Gb       2.84 Gb            94  
                         MambaSplitConv1dScanCombinedFn         6.61%       6.312ms         9.57%       9.139ms       1.142ms      11.898ms        12.20%      15.077ms       1.885ms           0 b           0 b     405.82 Mb      -2.44 Gb             8  
sm80_xmma_gemm_f32f32_f32f32_f32_tn_n_tilesize128x12...         0.00%       0.000us         0.00%       0.000us       0.000us       9.801ms        10.05%       9.801ms     408.362us           0 b           0 b           0 b           0 b            24  
                  _chunk_scan_chunk_state_bwd_dx_kernel         0.00%       0.000us         0.00%       0.000us       0.000us       9.527ms         9.76%       9.527ms       1.191ms           0 b           0 b           0 b           0 b             8  
                    _chunk_scan_bwd_ddAcs_stable_kernel         0.00%       0.000us         0.00%       0.000us       0.000us       8.835ms         9.06%       8.835ms       1.104ms           0 b           0 b           0 b           0 b             8  
                                 _chunk_scan_fwd_kernel         0.00%       0.000us         0.00%       0.000us       0.000us       7.951ms         8.15%       7.951ms     993.821us           0 b           0 b           0 b           0 b             8  
                             _chunk_state_bwd_db_kernel         0.00%       0.000us         0.00%       0.000us       0.000us       7.454ms         7.64%       7.454ms     931.773us           0 b           0 b           0 b           0 b             8  
                              _chunk_scan_bwd_dc_kernel         0.00%       0.000us         0.00%       0.000us       0.000us       6.800ms         6.97%       6.800ms     849.965us           0 b           0 b           0 b           0 b             8  
void cutlass::Kernel<cutlass_80_simt_sgemm_128x256_8...         0.00%       0.000us         0.00%       0.000us       0.000us       6.172ms         6.33%       6.172ms     385.746us           0 b           0 b           0 b           0 b            16  
-------------------------------------------------------  ------------  ------------  ------------  ------------  ------------  ------------  ------------  ------------  ------------  ------------  ------------  ------------  ------------  ------------  
Self CPU time total: 95.481ms
Self CUDA time total: 97.564ms


Epoch: 2/30 | tr_Loss: 0.2122 | tr_acc: 0.9130 | val_loss: 0.4753 | val_acc: 0.8423 | epoch_time: 8.42s

Epoch: 3/30 | tr_Loss: 0.1974 | tr_acc: 0.9218 | val_loss: 0.4860 | val_acc: 0.8554 | epoch_time: 8.40s

Epoch: 4/30 | tr_Loss: 0.1794 | tr_acc: 0.9283 | val_loss: 0.4054 | val_acc: 0.8759 | epoch_time: 8.40s

Epoch: 5/30 | tr_Loss: 0.1528 | tr_acc: 0.9410 | val_loss: 0.4086 | val_acc: 0.8848 | epoch_time: 8.40s

Epoch: 6/30 | tr_Loss: 0.1407 | tr_acc: 0.9422 | val_loss: 0.3740 | val_acc: 0.8875 | epoch_time: 8.42s

Early stopping at epoch 6 | Best Validation Loss: 0.3476
              precision    recall  f1-score   support

       STAND       0.83      0.89      0.86      1440
        WALK       0.86      0.80      0.83       932
         SIT       0.94      0.90      0.92       847
         LIE       1.00      1.00      1.00       141

    accuracy                           0.87      3360
   macro avg       0.91      0.90      0.90      3360
weighted avg       0.87      0.87      0.87      3360

Peak GPU memory allocatated: 3.72GB

------------------------------------------------------------------------------------------
Test Results:
 Accuracy: 0.88736
 Report:
 {'STAND': {'precision': 0.8647469458987783, 'recall': 0.8448422847399829, 'f1-score': 0.8546787408365675, 'support': 1173.0}, 'WALK': {'precision': 0.8278301886792453, 'recall': 0.8278301886792453, 'f1-score': 0.8278301886792453, 'support': 848.0}, 'SIT': {'precision': 0.9557788944723619, 'recall': 0.9783950617283951, 'f1-score': 0.9669547534316217, 'support': 972.0}, 'LIE': {'precision': 0.9485294117647058, 'recall': 0.9772727272727273, 'f1-score': 0.9626865671641791, 'support': 132.0}, 'accuracy': 0.88736, 'macro avg': {'precision': 0.8992213602037729, 'recall': 0.9070850656050877, 'f1-score': 0.9030375625279035, 'support': 3125.0}, 'weighted avg': {'precision': 0.88658276330219, 'recall': 0.88736, 'f1-score': 0.8868776992648006, 'support': 3125.0}}
 F1: 0.9030375625279035
 Confusion Matrix:
 [[991 141  36   5]
 [140 702   6   0]
 [ 15   4 951   2]
 [  0   1   2 129]]
------------------------------------------------------------------------------------------
Training set class distribution:
{'STAND': 4630, 'WALK': 2563, 'SIT': 2120, 'LIE': 562}
------------------------------------------------------------------------------------------

Epoch: 1/30 | tr_Loss: 0.3591 | tr_acc: 0.8470 | val_loss: 0.4201 | val_acc: 0.8435 | epoch_time: 9.17s
--- CUDA PROFILE --- (epoch 1, batch 2)
-------------------------------------------------------  ------------  ------------  ------------  ------------  ------------  ------------  ------------  ------------  ------------  ------------  ------------  ------------  ------------  ------------  
                                                   Name    Self CPU %      Self CPU   CPU total %     CPU total  CPU time avg     Self CUDA   Self CUDA %    CUDA total  CUDA time avg       CPU Mem  Self CPU Mem      CUDA Mem  Self CUDA Mem    # of Calls  
-------------------------------------------------------  ------------  ------------  ------------  ------------  ------------  ------------  ------------  ------------  ------------  ------------  ------------  ------------  ------------  ------------  
                 MambaSplitConv1dScanCombinedFnBackward        14.71%      14.533ms        23.81%      23.528ms       2.941ms      47.144ms        47.70%      54.826ms       6.853ms           0 b           0 b       1.20 Gb      -6.91 Gb             8  
                                               aten::mm         1.91%       1.883ms         2.78%       2.751ms      29.265us      29.453ms        29.80%      29.453ms     313.332us           0 b           0 b       2.84 Gb       2.84 Gb            94  
                         MambaSplitConv1dScanCombinedFn         5.77%       5.697ms         8.60%       8.497ms       1.062ms      11.970ms        12.11%      15.190ms       1.899ms           0 b           0 b     405.35 Mb      -2.44 Gb             8  
sm80_xmma_gemm_f32f32_f32f32_f32_tn_n_tilesize128x12...         0.00%       0.000us         0.00%       0.000us       0.000us       9.948ms        10.06%       9.948ms     414.508us           0 b           0 b           0 b           0 b            24  
                  _chunk_scan_chunk_state_bwd_dx_kernel         0.00%       0.000us         0.00%       0.000us       0.000us       9.647ms         9.76%       9.647ms       1.206ms           0 b           0 b           0 b           0 b             8  
                    _chunk_scan_bwd_ddAcs_stable_kernel         0.00%       0.000us         0.00%       0.000us       0.000us       8.948ms         9.05%       8.948ms       1.118ms           0 b           0 b           0 b           0 b             8  
                                 _chunk_scan_fwd_kernel         0.00%       0.000us         0.00%       0.000us       0.000us       8.008ms         8.10%       8.008ms       1.001ms           0 b           0 b           0 b           0 b             8  
                             _chunk_state_bwd_db_kernel         0.00%       0.000us         0.00%       0.000us       0.000us       7.534ms         7.62%       7.534ms     941.752us           0 b           0 b           0 b           0 b             8  
                              _chunk_scan_bwd_dc_kernel         0.00%       0.000us         0.00%       0.000us       0.000us       6.856ms         6.94%       6.856ms     856.992us           0 b           0 b           0 b           0 b             8  
void cutlass::Kernel<cutlass_80_simt_sgemm_128x256_8...         0.00%       0.000us         0.00%       0.000us       0.000us       6.310ms         6.38%       6.310ms     394.402us           0 b           0 b           0 b           0 b            16  
-------------------------------------------------------  ------------  ------------  ------------  ------------  ------------  ------------  ------------  ------------  ------------  ------------  ------------  ------------  ------------  ------------  
Self CPU time total: 98.799ms
Self CUDA time total: 98.841ms


Epoch: 2/30 | tr_Loss: 0.2343 | tr_acc: 0.9070 | val_loss: 0.5096 | val_acc: 0.8554 | epoch_time: 8.41s

Epoch: 3/30 | tr_Loss: 0.1962 | tr_acc: 0.9231 | val_loss: 0.2918 | val_acc: 0.8866 | epoch_time: 8.40s

Epoch: 4/30 | tr_Loss: 0.1735 | tr_acc: 0.9298 | val_loss: 0.4763 | val_acc: 0.8702 | epoch_time: 8.40s

Epoch: 5/30 | tr_Loss: 0.1493 | tr_acc: 0.9396 | val_loss: 0.5352 | val_acc: 0.8696 | epoch_time: 8.41s

Epoch: 6/30 | tr_Loss: 0.1453 | tr_acc: 0.9376 | val_loss: 0.5249 | val_acc: 0.8795 | epoch_time: 8.44s

Epoch: 7/30 | tr_Loss: 0.1359 | tr_acc: 0.9437 | val_loss: 0.5677 | val_acc: 0.8470 | epoch_time: 8.41s

Epoch: 8/30 | tr_Loss: 0.1317 | tr_acc: 0.9483 | val_loss: 0.4080 | val_acc: 0.8667 | epoch_time: 8.41s

Early stopping at epoch 8 | Best Validation Loss: 0.2918
              precision    recall  f1-score   support

       STAND       0.84      0.92      0.88      1440
        WALK       0.91      0.80      0.85       932
         SIT       0.93      0.91      0.92       847
         LIE       0.93      1.00      0.97       141

    accuracy                           0.89      3360
   macro avg       0.91      0.91      0.91      3360
weighted avg       0.89      0.89      0.89      3360

Peak GPU memory allocatated: 3.72GB

------------------------------------------------------------------------------------------
Test Results:
 Accuracy: 0.90368
 Report:
 {'STAND': {'precision': 0.8670520231213873, 'recall': 0.8951406649616368, 'f1-score': 0.8808724832214765, 'support': 1173.0}, 'WALK': {'precision': 0.8833124215809285, 'recall': 0.8301886792452831, 'f1-score': 0.8559270516717326, 'support': 848.0}, 'SIT': {'precision': 0.9620901639344263, 'recall': 0.9660493827160493, 'f1-score': 0.9640657084188912, 'support': 972.0}, 'LIE': {'precision': 0.9290780141843972, 'recall': 0.9924242424242424, 'f1-score': 0.9597069597069597, 'support': 132.0}, 'accuracy': 0.90368, 'macro avg': {'precision': 0.9103831557052848, 'recall': 0.9209507423368029, 'f1-score': 0.915143050754765, 'support': 3125.0}, 'weighted avg': {'precision': 0.9036450860283576, 'recall': 0.90368, 'f1-score': 0.9033096799682887, 'support': 3125.0}}
 F1: 0.915143050754765
 Confusion Matrix:
 [[1050   90   30    3]
 [ 137  704    6    1]
 [  24    3  939    6]
 [   0    0    1  131]]
------------------------------------------------------------------------------------------
Training set class distribution:
{'STAND': 4630, 'WALK': 2563, 'SIT': 2120, 'LIE': 562}
------------------------------------------------------------------------------------------

Epoch: 1/30 | tr_Loss: 0.3638 | tr_acc: 0.8406 | val_loss: 0.4802 | val_acc: 0.8351 | epoch_time: 9.20s
--- CUDA PROFILE --- (epoch 1, batch 2)
-------------------------------------------------------  ------------  ------------  ------------  ------------  ------------  ------------  ------------  ------------  ------------  ------------  ------------  ------------  ------------  ------------  
                                                   Name    Self CPU %      Self CPU   CPU total %     CPU total  CPU time avg     Self CUDA   Self CUDA %    CUDA total  CUDA time avg       CPU Mem  Self CPU Mem      CUDA Mem  Self CUDA Mem    # of Calls  
-------------------------------------------------------  ------------  ------------  ------------  ------------  ------------  ------------  ------------  ------------  ------------  ------------  ------------  ------------  ------------  ------------  
                 MambaSplitConv1dScanCombinedFnBackward        14.46%      14.774ms        23.54%      24.060ms       3.007ms      46.866ms        47.78%      54.490ms       6.811ms           0 b           0 b       1.20 Gb      -6.91 Gb             8  
                                               aten::mm         2.37%       2.418ms         3.42%       3.500ms      37.233us      29.126ms        29.69%      29.126ms     309.856us           0 b           0 b       2.84 Gb       2.84 Gb            94  
                         MambaSplitConv1dScanCombinedFn         9.85%      10.067ms        14.46%      14.778ms       1.847ms      11.871ms        12.10%      15.049ms       1.881ms           0 b           0 b     405.35 Mb      -2.45 Gb             8  
sm80_xmma_gemm_f32f32_f32f32_f32_tn_n_tilesize128x12...         0.00%       0.000us         0.00%       0.000us       0.000us       9.821ms        10.01%       9.821ms     409.215us           0 b           0 b           0 b           0 b            24  
                  _chunk_scan_chunk_state_bwd_dx_kernel         0.00%       0.000us         0.00%       0.000us       0.000us       9.585ms         9.77%       9.585ms       1.198ms           0 b           0 b           0 b           0 b             8  
                    _chunk_scan_bwd_ddAcs_stable_kernel         0.00%       0.000us         0.00%       0.000us       0.000us       8.891ms         9.06%       8.891ms       1.111ms           0 b           0 b           0 b           0 b             8  
                                 _chunk_scan_fwd_kernel         0.00%       0.000us         0.00%       0.000us       0.000us       7.933ms         8.09%       7.933ms     991.629us           0 b           0 b           0 b           0 b             8  
                             _chunk_state_bwd_db_kernel         0.00%       0.000us         0.00%       0.000us       0.000us       7.493ms         7.64%       7.493ms     936.645us           0 b           0 b           0 b           0 b             8  
                              _chunk_scan_bwd_dc_kernel         0.00%       0.000us         0.00%       0.000us       0.000us       6.822ms         6.95%       6.822ms     852.701us           0 b           0 b           0 b           0 b             8  
void cutlass::Kernel<cutlass_80_simt_sgemm_128x256_8...         0.00%       0.000us         0.00%       0.000us       0.000us       6.253ms         6.38%       6.253ms     390.828us           0 b           0 b           0 b           0 b            16  
-------------------------------------------------------  ------------  ------------  ------------  ------------  ------------  ------------  ------------  ------------  ------------  ------------  ------------  ------------  ------------  ------------  
Self CPU time total: 102.191ms
Self CUDA time total: 98.088ms


Epoch: 2/30 | tr_Loss: 0.2568 | tr_acc: 0.9022 | val_loss: 0.4494 | val_acc: 0.8551 | epoch_time: 8.41s

Epoch: 3/30 | tr_Loss: 0.2005 | tr_acc: 0.9212 | val_loss: 0.4568 | val_acc: 0.8607 | epoch_time: 8.41s

Epoch: 4/30 | tr_Loss: 0.1854 | tr_acc: 0.9279 | val_loss: 0.3713 | val_acc: 0.8789 | epoch_time: 8.43s

Epoch: 5/30 | tr_Loss: 0.1695 | tr_acc: 0.9314 | val_loss: 0.4180 | val_acc: 0.8893 | epoch_time: 8.40s

Epoch: 6/30 | tr_Loss: 0.1496 | tr_acc: 0.9397 | val_loss: 0.5221 | val_acc: 0.8476 | epoch_time: 8.41s

Epoch: 7/30 | tr_Loss: 0.1646 | tr_acc: 0.9349 | val_loss: 0.3846 | val_acc: 0.8786 | epoch_time: 8.41s

Epoch: 8/30 | tr_Loss: 0.1545 | tr_acc: 0.9389 | val_loss: 0.3876 | val_acc: 0.8804 | epoch_time: 8.40s

Epoch: 9/30 | tr_Loss: 0.1381 | tr_acc: 0.9467 | val_loss: 0.4868 | val_acc: 0.8902 | epoch_time: 8.40s

Early stopping at epoch 9 | Best Validation Loss: 0.3713
              precision    recall  f1-score   support

       STAND       0.82      0.93      0.87      1440
        WALK       0.92      0.77      0.84       932
         SIT       0.94      0.90      0.92       847
         LIE       0.96      1.00      0.98       141

    accuracy                           0.88      3360
   macro avg       0.91      0.90      0.90      3360
weighted avg       0.88      0.88      0.88      3360

Peak GPU memory allocatated: 3.72GB

------------------------------------------------------------------------------------------
Test Results:
 Accuracy: 0.91104
 Report:
 {'STAND': {'precision': 0.8733552631578947, 'recall': 0.9053708439897699, 'f1-score': 0.8890749267475931, 'support': 1173.0}, 'WALK': {'precision': 0.9127604166666666, 'recall': 0.8266509433962265, 'f1-score': 0.8675742574257426, 'support': 848.0}, 'SIT': {'precision': 0.9539078156312625, 'recall': 0.9794238683127572, 'f1-score': 0.966497461928934, 'support': 972.0}, 'LIE': {'precision': 0.9230769230769231, 'recall': 1.0, 'f1-score': 0.96, 'support': 132.0}, 'accuracy': 0.91104, 'macro avg': {'precision': 0.9157751046331868, 'recall': 0.9278614139246883, 'f1-score': 0.9207866615255674, 'support': 3125.0}, 'weighted avg': {'precision': 0.911203554450331, 'recall': 0.91104, 'f1-score': 0.9103178855574016, 'support': 3125.0}}
 F1: 0.9207866615255674
 Confusion Matrix:
 [[1062   66   40    5]
 [ 140  701    6    1]
 [  14    1  952    5]
 [   0    0    0  132]]
Total wall time:9min 58s
