Job started on gpu032.orc.gmu.edu
CUDA_VISIBLE_DEVICES=0
Wed May 27 14:12:45 2026       
+-----------------------------------------------------------------------------------------+
| NVIDIA-SMI 590.48.01              Driver Version: 590.48.01      CUDA Version: 13.1     |
+-----------------------------------------+------------------------+----------------------+
| GPU  Name                 Persistence-M | Bus-Id          Disp.A | Volatile Uncorr. ECC |
| Fan  Temp   Perf          Pwr:Usage/Cap |           Memory-Usage | GPU-Util  Compute M. |
|                                         |                        |               MIG M. |
|=========================================+========================+======================|
|   0  NVIDIA H100 80GB HBM3          On  |   00000000:DB:00.0 Off |                    0 |
| N/A   21C    P0             66W /  700W |       0MiB /  81559MiB |      0%      Default |
|                                         |                        |             Disabled |
+-----------------------------------------+------------------------+----------------------+

+-----------------------------------------------------------------------------------------+
| Processes:                                                                              |
|  GPU   GI   CI              PID   Type   Process name                        GPU Memory |
|        ID   ID                                                               Usage      |
|=========================================================================================|
|  No running processes found                                                             |
+-----------------------------------------------------------------------------------------+
Mamba version: 2.3.0
Path: /home/kmercad/myenv/lib/python3.10/site-packages/mamba_ssm/modules/mamba2.py
------------------------------------------------------------------------------------------
Raw training set shape: (408973, 251)
Validation training set shape: (88448, 251)
Raw test set shape: (147214, 251)
------------------------------------------------------------------------------------------
Sensor subset training shape: (326057, 47)
Sensor Validation training shape: (66057, 47)
Sensor Test training shape: (105082, 47)
----------------------------------------------------------------------
Rows containing NaNs - training: 4953
Rows containing NaNs - validation: 0
Rows containing NaNs - test: 0
------------------------------------------------------------------------------------------
Training shape after NaN removal: (321104, 47)
Validation shape after NaN removal: (66057, 47)
Test shape after NaN removal: (105082, 47)
------------------------------------------------------------------------------------------
Reindexed training shape: (321104, 47)
Reindexed validation shape: (66057, 47)
Reindexed test shape: (105082, 47)


Descriptive statistics for ACC channels (DEVICE_1) - training set
                   0              1              2
count  321104.000000  321104.000000  321104.000000
mean     -851.139811    -144.929213     254.296630
std       241.463564     261.658177     285.175266
min     -1896.000000   -1283.000000   -1067.000000
25%      -978.000000    -260.000000      66.000000
50%      -938.000000    -160.000000     208.000000
75%      -824.000000     -46.000000     401.000000
max       393.000000    1815.000000    1417.000000

Descriptive statistics for GYRO channels (DEVICE_1) - training set
                   3              4              5
count  321104.000000  321104.000000  321104.000000
mean      -42.383387     -15.661913       6.177921
std       588.955537     296.328263     239.577446
min     -4818.000000   -3092.000000   -2293.000000
25%      -217.000000    -104.000000     -72.000000
50%       -17.000000      -9.000000       1.000000
75%       135.000000      71.000000      80.000000
max      4504.000000    2847.000000    2231.000000

Descriptive statistics for MAG channels (DEVICE_1) - training set
                   6              7              8
count  321104.000000  321104.000000  321104.000000
mean      426.247147      65.877401      80.543522
std       335.424071     348.043402     513.991893
min      -852.000000   -1038.000000   -1246.000000
25%       347.000000    -173.000000    -428.000000
50%       491.000000      93.000000     176.000000
75%       595.000000     271.000000     549.000000
max      1531.000000    1162.000000    1369.000000
------------------------------------------------------------------------------------------


Descriptive statistics for ACC channels (DEVICE_1) - training set
                   0              1              2
count  321104.000000  321104.000000  321104.000000
mean       -0.851140      -0.144929       0.254297
std         0.241464       0.261658       0.285175
min        -1.896000      -1.283000      -1.067000
25%        -0.978000      -0.260000       0.066000
50%        -0.938000      -0.160000       0.208000
75%        -0.824000      -0.046000       0.401000
max         0.393000       1.815000       1.417000

Descriptive statistics for scaled GYRO channels (DEVICE_1) - training set
                   3              4              5
count  321104.000000  321104.000000  321104.000000
mean       -0.042383      -0.015662       0.006178
std         0.588956       0.296328       0.239577
min        -4.818000      -3.092000      -2.293000
25%        -0.217000      -0.104000      -0.072000
50%        -0.017000      -0.009000       0.001000
75%         0.135000       0.071000       0.080000
max         4.504000       2.847000       2.231000

Descriptive statistics for normalized MAG channels (DEVICE_1) - training set
                   6              7              8
count  321104.000000  321104.000000  321104.000000
mean        0.528444       0.074936       0.094922
std         0.374695       0.422486       0.622281
min        -0.941527      -0.991281      -0.999993
25%         0.453758      -0.225634      -0.530467
50%         0.633047       0.112509       0.230014
75%         0.754779       0.326759       0.692796
max         0.999999       0.999708       0.937748
--------------------STRATIY VAL/TEST--------------------
Validation GROUPS
group_id
S2-ADL5    22969
S3-ADL5    20648
S4-ADL1    28905
S4-ADL2    19679
Name: count, dtype: int64
Test GROUPS
group_id
S1-ADL5    22440
S4-ADL3    17621
S4-ADL4    15060
S4-ADL5    23817
Name: count, dtype: int64 


 Validation Split Label Proportion
45
1    0.482468
2    0.242416
4    0.219412
5    0.055704
Name: proportion, dtype: float64
Test Split Label Proportion
45
1    0.443652
2    0.293040
4    0.212014
5    0.051293
Name: proportion, dtype: float64

------------------------------ TRAIN ACC/GYRO after StandardScaler ------------------------------
global mean: -0.000000
global std : 1.000000
max |channel mean| : 0.000000
median |channel mean| : 0.000000
channel std range : [1.000000, 1.000000]

------------------------------ VAL ACC/GYRO after StandardScaler ------------------------------
global mean: 0.022184
global std : 1.109163
max |channel mean| : 0.320886
median |channel mean| : 0.019642
channel std range : [0.906077, 1.192128]

------------------------------ TEST ACC/GYRO after StandardScaler ------------------------------
global mean: 0.041351
global std : 1.147747
max |channel mean| : 0.986995
median |channel mean| : 0.031163
channel std range : [0.773088, 1.376504]
------------------------------------------------------------------------------------------
Training features: (321104, 46) | Training labels: (321104,)
Validation features: (92201, 46) | Validation labels: (92201,)
Test features: (78938, 46), Test labels: (78938,)

------------------------------ TRAIN MAG after window demeaning ------------------------------
max |window mean|  : 2.072917e-07
mean |window mean| : 2.329116e-08
channel global mean range : [-5.052513e-10, 1.604967e-10]
channel std range         : [0.118775, 0.221537]

------------------------------ VAL MAG after window demeaning ------------------------------
max |window mean|  : 2.112654e-07
mean |window mean| : 2.301904e-08
channel global mean range : [-1.111357e-09, 6.434629e-10]
channel std range         : [0.140005, 0.237182]

------------------------------ TEST MAG after window demeaning ------------------------------
max |window mean|  : 1.867612e-07
mean |window mean| : 2.268141e-08
channel global mean range : [-3.475548e-10, 1.060851e-09]
channel std range         : [0.145329, 0.274026]

TRAIN window label distribution
label 1: 4652 (0.4358)
label 2: 2791 (0.2615)
label 4: 2704 (0.2533)
label 5: 528 (0.0495)

VAL window label distribution
label 1: 1452 (0.4740)
label 2: 766 (0.2501)
label 4: 675 (0.2204)
label 5: 170 (0.0555)

TEST window label distribution
label 1: 1139 (0.4344)
label 2: 786 (0.2998)
label 4: 560 (0.2136)
label 5: 137 (0.0523)
------------------------------------------------------------------------------------------
Training (windows): (10675, 90, 45). Training Labels: (10675,)
Validation (windows): (3063, 90, 45). Validation Labels: (3063,)
Test (windows): (2622, 90, 45). Test Labels: (2622,)
------------------------------------------------------------------------------------------
Training set class distribution:
{'STAND': 4652, 'WALK': 2791, 'SIT': 2704, 'LIE': 528}
------------------------------------------------------------------------------------------

Epoch: 1/30 | tr_Loss: 0.3428 | tr_acc: 0.8582 | val_loss: 0.2687 | val_acc: 0.8906 | epoch_time: 38.26s
--- CUDA PROFILE --- (epoch 1, batch 2)
-------------------------------------------------------  ------------  ------------  ------------  ------------  ------------  ------------  ------------  ------------  ------------  ------------  ------------  ------------  ------------  ------------  
                                                   Name    Self CPU %      Self CPU   CPU total %     CPU total  CPU time avg     Self CUDA   Self CUDA %    CUDA total  CUDA time avg       CPU Mem  Self CPU Mem      CUDA Mem  Self CUDA Mem    # of Calls  
-------------------------------------------------------  ------------  ------------  ------------  ------------  ------------  ------------  ------------  ------------  ------------  ------------  ------------  ------------  ------------  ------------  
                 MambaSplitConv1dScanCombinedFnBackward        14.84%      15.667ms        23.73%      25.043ms       3.130ms      47.118ms        47.68%      54.765ms       6.846ms           0 b           0 b       1.20 Gb      -6.90 Gb             8  
                                               aten::mm         1.78%       1.882ms         2.67%       2.822ms      30.018us      29.401ms        29.75%      29.401ms     312.781us           0 b           0 b       2.84 Gb       2.84 Gb            94  
                         MambaSplitConv1dScanCombinedFn         5.61%       5.925ms         8.38%       8.849ms       1.106ms      12.047ms        12.19%      15.280ms       1.910ms           0 b           0 b     405.35 Mb      -2.44 Gb             8  
sm80_xmma_gemm_f32f32_f32f32_f32_tn_n_tilesize128x12...         0.00%       0.000us         0.00%       0.000us       0.000us      10.008ms        10.13%      10.008ms     416.995us           0 b           0 b           0 b           0 b            24  
                  _chunk_scan_chunk_state_bwd_dx_kernel         0.00%       0.000us         0.00%       0.000us       0.000us       9.649ms         9.76%       9.649ms       1.206ms           0 b           0 b           0 b           0 b             8  
                    _chunk_scan_bwd_ddAcs_stable_kernel         0.00%       0.000us         0.00%       0.000us       0.000us       8.922ms         9.03%       8.922ms       1.115ms           0 b           0 b           0 b           0 b             8  
                                 _chunk_scan_fwd_kernel         0.00%       0.000us         0.00%       0.000us       0.000us       8.074ms         8.17%       8.074ms       1.009ms           0 b           0 b           0 b           0 b             8  
                             _chunk_state_bwd_db_kernel         0.00%       0.000us         0.00%       0.000us       0.000us       7.526ms         7.62%       7.526ms     940.730us           0 b           0 b           0 b           0 b             8  
                              _chunk_scan_bwd_dc_kernel         0.00%       0.000us         0.00%       0.000us       0.000us       6.872ms         6.95%       6.872ms     859.027us           0 b           0 b           0 b           0 b             8  
void cutlass::Kernel<cutlass_80_simt_sgemm_128x256_8...         0.00%       0.000us         0.00%       0.000us       0.000us       6.263ms         6.34%       6.263ms     391.432us           0 b           0 b           0 b           0 b            16  
-------------------------------------------------------  ------------  ------------  ------------  ------------  ------------  ------------  ------------  ------------  ------------  ------------  ------------  ------------  ------------  ------------  
Self CPU time total: 105.537ms
Self CUDA time total: 98.826ms


Epoch: 2/30 | tr_Loss: 0.2154 | tr_acc: 0.9151 | val_loss: 0.3040 | val_acc: 0.8805 | epoch_time: 9.03s

Epoch: 3/30 | tr_Loss: 0.1845 | tr_acc: 0.9278 | val_loss: 0.2895 | val_acc: 0.8877 | epoch_time: 9.01s

Epoch: 4/30 | tr_Loss: 0.1632 | tr_acc: 0.9350 | val_loss: 0.2767 | val_acc: 0.8874 | epoch_time: 9.02s

Epoch: 5/30 | tr_Loss: 0.1533 | tr_acc: 0.9409 | val_loss: 0.2201 | val_acc: 0.9122 | epoch_time: 9.02s

Epoch: 6/30 | tr_Loss: 0.1424 | tr_acc: 0.9441 | val_loss: 0.2681 | val_acc: 0.8939 | epoch_time: 9.01s

Epoch: 7/30 | tr_Loss: 0.1264 | tr_acc: 0.9479 | val_loss: 0.2463 | val_acc: 0.9027 | epoch_time: 9.01s

Epoch: 8/30 | tr_Loss: 0.1269 | tr_acc: 0.9504 | val_loss: 0.2512 | val_acc: 0.9109 | epoch_time: 9.01s

Epoch: 9/30 | tr_Loss: 0.1124 | tr_acc: 0.9562 | val_loss: 0.2415 | val_acc: 0.9073 | epoch_time: 9.01s

Epoch: 10/30 | tr_Loss: 0.1089 | tr_acc: 0.9559 | val_loss: 0.2638 | val_acc: 0.9008 | epoch_time: 9.02s

Early stopping at epoch 10 | Best Validation Loss: 0.2201
              precision    recall  f1-score   support

       STAND       0.92      0.90      0.91      1452
        WALK       0.86      0.86      0.86       766
         SIT       0.95      0.98      0.96       675
         LIE       0.99      0.97      0.98       170

    accuracy                           0.91      3063
   macro avg       0.93      0.93      0.93      3063
weighted avg       0.91      0.91      0.91      3063

Peak GPU memory allocatated: 3.79GB

------------------------------------------------------------------------------------------
Test Results:
 Accuracy: 0.9118993135011442
 Report:
 {'STAND': {'precision': 0.8729773462783171, 'recall': 0.9473222124670764, 'f1-score': 0.9086315789473685, 'support': 1139.0}, 'WALK': {'precision': 0.9201741654571843, 'recall': 0.806615776081425, 'f1-score': 0.8596610169491525, 'support': 786.0}, 'SIT': {'precision': 0.9683098591549296, 'recall': 0.9821428571428571, 'f1-score': 0.975177304964539, 'support': 560.0}, 'LIE': {'precision': 0.9922480620155039, 'recall': 0.9343065693430657, 'f1-score': 0.9624060150375939, 'support': 137.0}, 'accuracy': 0.9118993135011442, 'macro avg': {'precision': 0.9384273582264837, 'recall': 0.9175968537586061, 'f1-score': 0.9264689789746635, 'support': 2622.0}, 'weighted avg': {'precision': 0.9137183818013862, 'recall': 0.9118993135011442, 'f1-score': 0.9109740055619293, 'support': 2622.0}}
 F1: 0.9264689789746635
 Confusion Matrix:
 [[1079   52    8    0]
 [ 150  634    1    1]
 [   7    3  550    0]
 [   0    0    9  128]]
------------------------------------------------------------------------------------------
Training set class distribution:
{'STAND': 4652, 'WALK': 2791, 'SIT': 2704, 'LIE': 528}
------------------------------------------------------------------------------------------

Epoch: 1/30 | tr_Loss: 0.3406 | tr_acc: 0.8563 | val_loss: 0.3820 | val_acc: 0.8384 | epoch_time: 9.74s
--- CUDA PROFILE --- (epoch 1, batch 2)
-------------------------------------------------------  ------------  ------------  ------------  ------------  ------------  ------------  ------------  ------------  ------------  ------------  ------------  ------------  ------------  ------------  
                                                   Name    Self CPU %      Self CPU   CPU total %     CPU total  CPU time avg     Self CUDA   Self CUDA %    CUDA total  CUDA time avg       CPU Mem  Self CPU Mem      CUDA Mem  Self CUDA Mem    # of Calls  
-------------------------------------------------------  ------------  ------------  ------------  ------------  ------------  ------------  ------------  ------------  ------------  ------------  ------------  ------------  ------------  ------------  
                 MambaSplitConv1dScanCombinedFnBackward        15.05%      14.481ms        24.30%      23.376ms       2.922ms      46.810ms        47.79%      54.420ms       6.803ms           0 b           0 b       1.20 Gb      -6.90 Gb             8  
                                               aten::mm         1.92%       1.847ms         2.86%       2.750ms      29.258us      28.989ms        29.60%      28.989ms     308.391us           0 b           0 b       2.84 Gb       2.84 Gb            94  
                         MambaSplitConv1dScanCombinedFn         6.48%       6.231ms         9.26%       8.908ms       1.114ms      11.902ms        12.15%      15.083ms       1.885ms           0 b           0 b     405.35 Mb      -2.44 Gb             8  
sm80_xmma_gemm_f32f32_f32f32_f32_tn_n_tilesize128x12...         0.00%       0.000us         0.00%       0.000us       0.000us       9.811ms        10.02%       9.811ms     408.795us           0 b           0 b           0 b           0 b            24  
                  _chunk_scan_chunk_state_bwd_dx_kernel         0.00%       0.000us         0.00%       0.000us       0.000us       9.565ms         9.77%       9.565ms       1.196ms           0 b           0 b           0 b           0 b             8  
                    _chunk_scan_bwd_ddAcs_stable_kernel         0.00%       0.000us         0.00%       0.000us       0.000us       8.878ms         9.06%       8.878ms       1.110ms           0 b           0 b           0 b           0 b             8  
                                 _chunk_scan_fwd_kernel         0.00%       0.000us         0.00%       0.000us       0.000us       7.951ms         8.12%       7.951ms     993.826us           0 b           0 b           0 b           0 b             8  
                             _chunk_state_bwd_db_kernel         0.00%       0.000us         0.00%       0.000us       0.000us       7.508ms         7.67%       7.508ms     938.538us           0 b           0 b           0 b           0 b             8  
                              _chunk_scan_bwd_dc_kernel         0.00%       0.000us         0.00%       0.000us       0.000us       6.808ms         6.95%       6.808ms     850.994us           0 b           0 b           0 b           0 b             8  
void cutlass::Kernel<cutlass_80_simt_sgemm_128x256_8...         0.00%       0.000us         0.00%       0.000us       0.000us       6.209ms         6.34%       6.209ms     388.057us           0 b           0 b           0 b           0 b            16  
-------------------------------------------------------  ------------  ------------  ------------  ------------  ------------  ------------  ------------  ------------  ------------  ------------  ------------  ------------  ------------  ------------  
Self CPU time total: 96.205ms
Self CUDA time total: 97.940ms


Epoch: 2/30 | tr_Loss: 0.2470 | tr_acc: 0.9038 | val_loss: 0.3200 | val_acc: 0.8652 | epoch_time: 9.02s

Epoch: 3/30 | tr_Loss: 0.2080 | tr_acc: 0.9165 | val_loss: 0.2509 | val_acc: 0.8981 | epoch_time: 9.02s

Epoch: 4/30 | tr_Loss: 0.1872 | tr_acc: 0.9265 | val_loss: 0.2301 | val_acc: 0.9066 | epoch_time: 9.02s

Epoch: 5/30 | tr_Loss: 0.1684 | tr_acc: 0.9330 | val_loss: 0.2371 | val_acc: 0.9043 | epoch_time: 9.02s

Epoch: 6/30 | tr_Loss: 0.1493 | tr_acc: 0.9394 | val_loss: 0.2550 | val_acc: 0.8968 | epoch_time: 9.02s

Epoch: 7/30 | tr_Loss: 0.1417 | tr_acc: 0.9452 | val_loss: 0.2659 | val_acc: 0.8994 | epoch_time: 9.03s

Epoch: 8/30 | tr_Loss: 0.1294 | tr_acc: 0.9472 | val_loss: 0.2432 | val_acc: 0.9083 | epoch_time: 9.02s

Epoch: 9/30 | tr_Loss: 0.1341 | tr_acc: 0.9464 | val_loss: 0.2368 | val_acc: 0.9021 | epoch_time: 9.02s

Early stopping at epoch 9 | Best Validation Loss: 0.2301
              precision    recall  f1-score   support

       STAND       0.92      0.89      0.90      1452
        WALK       0.83      0.86      0.85       766
         SIT       0.96      0.97      0.96       675
         LIE       0.95      0.99      0.97       170

    accuracy                           0.91      3063
   macro avg       0.91      0.93      0.92      3063
weighted avg       0.91      0.91      0.91      3063

Peak GPU memory allocatated: 3.72GB

------------------------------------------------------------------------------------------
Test Results:
 Accuracy: 0.9050343249427918
 Report:
 {'STAND': {'precision': 0.8832913518052057, 'recall': 0.9236172080772608, 'f1-score': 0.9030042918454936, 'support': 1139.0}, 'WALK': {'precision': 0.8904109589041096, 'recall': 0.8269720101781171, 'f1-score': 0.8575197889182058, 'support': 786.0}, 'SIT': {'precision': 0.9781021897810219, 'recall': 0.9571428571428572, 'f1-score': 0.9675090252707581, 'support': 560.0}, 'LIE': {'precision': 0.8823529411764706, 'recall': 0.9854014598540146, 'f1-score': 0.9310344827586207, 'support': 137.0}, 'accuracy': 0.9050343249427918, 'macro avg': {'precision': 0.9085393604167019, 'recall': 0.9232833838130625, 'f1-score': 0.9147668971982695, 'support': 2622.0}, 'weighted avg': {'precision': 0.9056260269349002, 'recall': 0.9050343249427918, 'f1-score': 0.9046106868006417, 'support': 2622.0}}
 F1: 0.9147668971982695
 Confusion Matrix:
 [[1052   78    9    0]
 [ 132  650    1    3]
 [   7    2  536   15]
 [   0    0    2  135]]
------------------------------------------------------------------------------------------
Training set class distribution:
{'STAND': 4652, 'WALK': 2791, 'SIT': 2704, 'LIE': 528}
------------------------------------------------------------------------------------------

Epoch: 1/30 | tr_Loss: 0.3346 | tr_acc: 0.8679 | val_loss: 0.2959 | val_acc: 0.8821 | epoch_time: 9.76s
--- CUDA PROFILE --- (epoch 1, batch 2)
-------------------------------------------------------  ------------  ------------  ------------  ------------  ------------  ------------  ------------  ------------  ------------  ------------  ------------  ------------  ------------  ------------  
                                                   Name    Self CPU %      Self CPU   CPU total %     CPU total  CPU time avg     Self CUDA   Self CUDA %    CUDA total  CUDA time avg       CPU Mem  Self CPU Mem      CUDA Mem  Self CUDA Mem    # of Calls  
-------------------------------------------------------  ------------  ------------  ------------  ------------  ------------  ------------  ------------  ------------  ------------  ------------  ------------  ------------  ------------  ------------  
                 MambaSplitConv1dScanCombinedFnBackward        15.12%      14.522ms        24.62%      23.646ms       2.956ms      46.703ms        47.69%      54.278ms       6.785ms           0 b           0 b       1.20 Gb      -6.91 Gb             8  
                                               aten::mm         1.96%       1.887ms         2.89%       2.781ms      29.583us      29.098ms        29.72%      29.098ms     309.548us           0 b           0 b       2.84 Gb       2.84 Gb            94  
                         MambaSplitConv1dScanCombinedFn         6.50%       6.241ms         9.46%       9.085ms       1.136ms      11.914ms        12.17%      15.134ms       1.892ms           0 b           0 b     405.35 Mb      -2.44 Gb             8  
sm80_xmma_gemm_f32f32_f32f32_f32_tn_n_tilesize128x12...         0.00%       0.000us         0.00%       0.000us       0.000us       9.965ms        10.18%       9.965ms     415.220us           0 b           0 b           0 b           0 b            24  
                  _chunk_scan_chunk_state_bwd_dx_kernel         0.00%       0.000us         0.00%       0.000us       0.000us       9.539ms         9.74%       9.539ms       1.192ms           0 b           0 b           0 b           0 b             8  
                    _chunk_scan_bwd_ddAcs_stable_kernel         0.00%       0.000us         0.00%       0.000us       0.000us       8.865ms         9.05%       8.865ms       1.108ms           0 b           0 b           0 b           0 b             8  
                                 _chunk_scan_fwd_kernel         0.00%       0.000us         0.00%       0.000us       0.000us       7.958ms         8.13%       7.958ms     994.787us           0 b           0 b           0 b           0 b             8  
                             _chunk_state_bwd_db_kernel         0.00%       0.000us         0.00%       0.000us       0.000us       7.474ms         7.63%       7.474ms     934.267us           0 b           0 b           0 b           0 b             8  
                              _chunk_scan_bwd_dc_kernel         0.00%       0.000us         0.00%       0.000us       0.000us       6.813ms         6.96%       6.813ms     851.600us           0 b           0 b           0 b           0 b             8  
void cutlass::Kernel<cutlass_80_simt_sgemm_128x256_8...         0.00%       0.000us         0.00%       0.000us       0.000us       6.163ms         6.29%       6.163ms     385.157us           0 b           0 b           0 b           0 b            16  
-------------------------------------------------------  ------------  ------------  ------------  ------------  ------------  ------------  ------------  ------------  ------------  ------------  ------------  ------------  ------------  ------------  
Self CPU time total: 96.058ms
Self CUDA time total: 97.921ms


Epoch: 2/30 | tr_Loss: 0.2248 | tr_acc: 0.9111 | val_loss: 0.3270 | val_acc: 0.8671 | epoch_time: 9.03s

Epoch: 3/30 | tr_Loss: 0.1830 | tr_acc: 0.9287 | val_loss: 0.2733 | val_acc: 0.8887 | epoch_time: 9.03s

Epoch: 4/30 | tr_Loss: 0.1600 | tr_acc: 0.9366 | val_loss: 0.2554 | val_acc: 0.9030 | epoch_time: 9.03s

Epoch: 5/30 | tr_Loss: 0.1417 | tr_acc: 0.9438 | val_loss: 0.2438 | val_acc: 0.8959 | epoch_time: 9.02s

Epoch: 6/30 | tr_Loss: 0.1299 | tr_acc: 0.9497 | val_loss: 0.2469 | val_acc: 0.9047 | epoch_time: 9.02s

Epoch: 7/30 | tr_Loss: 0.1242 | tr_acc: 0.9507 | val_loss: 0.2762 | val_acc: 0.9011 | epoch_time: 9.02s

Epoch: 8/30 | tr_Loss: 0.1126 | tr_acc: 0.9538 | val_loss: 0.3278 | val_acc: 0.8890 | epoch_time: 9.03s

Epoch: 9/30 | tr_Loss: 0.1014 | tr_acc: 0.9597 | val_loss: 0.2413 | val_acc: 0.9141 | epoch_time: 9.01s

Epoch: 10/30 | tr_Loss: 0.1059 | tr_acc: 0.9583 | val_loss: 0.3194 | val_acc: 0.8962 | epoch_time: 9.03s

Epoch: 11/30 | tr_Loss: 0.0886 | tr_acc: 0.9663 | val_loss: 0.3555 | val_acc: 0.8890 | epoch_time: 9.02s

Epoch: 12/30 | tr_Loss: 0.0817 | tr_acc: 0.9695 | val_loss: 0.2576 | val_acc: 0.9076 | epoch_time: 9.05s

Epoch: 13/30 | tr_Loss: 0.0807 | tr_acc: 0.9681 | val_loss: 0.2685 | val_acc: 0.9135 | epoch_time: 9.05s

Epoch: 14/30 | tr_Loss: 0.0769 | tr_acc: 0.9715 | val_loss: 0.3219 | val_acc: 0.9053 | epoch_time: 9.06s

Early stopping at epoch 14 | Best Validation Loss: 0.2413
              precision    recall  f1-score   support

       STAND       0.93      0.89      0.91      1452
        WALK       0.84      0.89      0.86       766
         SIT       0.95      0.98      0.96       675
         LIE       0.98      0.98      0.98       170

    accuracy                           0.91      3063
   macro avg       0.93      0.93      0.93      3063
weighted avg       0.92      0.91      0.91      3063

Peak GPU memory allocatated: 3.72GB

------------------------------------------------------------------------------------------
Test Results:
 Accuracy: 0.919908466819222
 Report:
 {'STAND': {'precision': 0.9024807527801539, 'recall': 0.926251097453907, 'f1-score': 0.91421143847487, 'support': 1139.0}, 'WALK': {'precision': 0.9013513513513514, 'recall': 0.8486005089058524, 'f1-score': 0.8741808650065531, 'support': 786.0}, 'SIT': {'precision': 0.9621342512908778, 'recall': 0.9982142857142857, 'f1-score': 0.9798422436459246, 'support': 560.0}, 'LIE': {'precision': 0.9924242424242424, 'recall': 0.9562043795620438, 'f1-score': 0.9739776951672863, 'support': 137.0}, 'accuracy': 0.919908466819222, 'macro avg': {'precision': 0.9395976494616565, 'recall': 0.9323175679090221, 'f1-score': 0.9355530605736584, 'support': 2622.0}, 'weighted avg': {'precision': 0.9195823956955645, 'recall': 0.919908466819222, 'f1-score': 0.9193514832180257, 'support': 2622.0}}
 F1: 0.9355530605736584
 Confusion Matrix:
 [[1055   72   12    0]
 [ 114  667    4    1]
 [   0    1  559    0]
 [   0    0    6  131]]
------------------------------------------------------------------------------------------
Training set class distribution:
{'STAND': 4652, 'WALK': 2791, 'SIT': 2704, 'LIE': 528}
------------------------------------------------------------------------------------------

Epoch: 1/30 | tr_Loss: 0.3508 | tr_acc: 0.8497 | val_loss: 0.3405 | val_acc: 0.8626 | epoch_time: 9.80s
--- CUDA PROFILE --- (epoch 1, batch 2)
-------------------------------------------------------  ------------  ------------  ------------  ------------  ------------  ------------  ------------  ------------  ------------  ------------  ------------  ------------  ------------  ------------  
                                                   Name    Self CPU %      Self CPU   CPU total %     CPU total  CPU time avg     Self CUDA   Self CUDA %    CUDA total  CUDA time avg       CPU Mem  Self CPU Mem      CUDA Mem  Self CUDA Mem    # of Calls  
-------------------------------------------------------  ------------  ------------  ------------  ------------  ------------  ------------  ------------  ------------  ------------  ------------  ------------  ------------  ------------  ------------  
                 MambaSplitConv1dScanCombinedFnBackward        14.92%      14.496ms        24.28%      23.586ms       2.948ms      46.650ms        47.76%      54.185ms       6.773ms           0 b           0 b       1.20 Gb      -6.91 Gb             8  
                                               aten::mm         1.92%       1.868ms         2.86%       2.774ms      29.512us      28.945ms        29.63%      28.945ms     307.925us           0 b           0 b       2.84 Gb       2.84 Gb            94  
                         MambaSplitConv1dScanCombinedFn         5.84%       5.678ms         8.71%       8.458ms       1.057ms      11.896ms        12.18%      15.109ms       1.889ms           0 b           0 b     405.35 Mb      -2.45 Gb             8  
sm80_xmma_gemm_f32f32_f32f32_f32_tn_n_tilesize128x12...         0.00%       0.000us         0.00%       0.000us       0.000us       9.960ms        10.20%       9.960ms     414.999us           0 b           0 b           0 b           0 b            24  
                  _chunk_scan_chunk_state_bwd_dx_kernel         0.00%       0.000us         0.00%       0.000us       0.000us       9.539ms         9.77%       9.539ms       1.192ms           0 b           0 b           0 b           0 b             8  
                    _chunk_scan_bwd_ddAcs_stable_kernel         0.00%       0.000us         0.00%       0.000us       0.000us       8.850ms         9.06%       8.850ms       1.106ms           0 b           0 b           0 b           0 b             8  
                                 _chunk_scan_fwd_kernel         0.00%       0.000us         0.00%       0.000us       0.000us       7.945ms         8.13%       7.945ms     993.075us           0 b           0 b           0 b           0 b             8  
                             _chunk_state_bwd_db_kernel         0.00%       0.000us         0.00%       0.000us       0.000us       7.477ms         7.66%       7.477ms     934.663us           0 b           0 b           0 b           0 b             8  
                              _chunk_scan_bwd_dc_kernel         0.00%       0.000us         0.00%       0.000us       0.000us       6.786ms         6.95%       6.786ms     848.256us           0 b           0 b           0 b           0 b             8  
void cutlass::Kernel<cutlass_80_simt_sgemm_128x256_8...         0.00%       0.000us         0.00%       0.000us       0.000us       6.110ms         6.25%       6.110ms     381.848us           0 b           0 b           0 b           0 b            16  
-------------------------------------------------------  ------------  ------------  ------------  ------------  ------------  ------------  ------------  ------------  ------------  ------------  ------------  ------------  ------------  ------------  
Self CPU time total: 97.154ms
Self CUDA time total: 97.676ms


Epoch: 2/30 | tr_Loss: 0.2348 | tr_acc: 0.9068 | val_loss: 0.3266 | val_acc: 0.8727 | epoch_time: 9.05s

Epoch: 3/30 | tr_Loss: 0.2029 | tr_acc: 0.9214 | val_loss: 0.2968 | val_acc: 0.8857 | epoch_time: 9.05s

Epoch: 4/30 | tr_Loss: 0.1776 | tr_acc: 0.9313 | val_loss: 0.2358 | val_acc: 0.9070 | epoch_time: 9.06s

Epoch: 5/30 | tr_Loss: 0.1582 | tr_acc: 0.9385 | val_loss: 0.2373 | val_acc: 0.9083 | epoch_time: 9.05s

Epoch: 6/30 | tr_Loss: 0.1473 | tr_acc: 0.9425 | val_loss: 0.2660 | val_acc: 0.8929 | epoch_time: 9.05s

Epoch: 7/30 | tr_Loss: 0.1406 | tr_acc: 0.9428 | val_loss: 0.2290 | val_acc: 0.9083 | epoch_time: 9.05s

Epoch: 8/30 | tr_Loss: 0.1300 | tr_acc: 0.9496 | val_loss: 0.2915 | val_acc: 0.8906 | epoch_time: 9.06s

Epoch: 9/30 | tr_Loss: 0.1248 | tr_acc: 0.9491 | val_loss: 0.2619 | val_acc: 0.9017 | epoch_time: 9.05s

Epoch: 10/30 | tr_Loss: 0.1239 | tr_acc: 0.9516 | val_loss: 0.2423 | val_acc: 0.9086 | epoch_time: 9.05s

Epoch: 11/30 | tr_Loss: 0.1223 | tr_acc: 0.9524 | val_loss: 0.3142 | val_acc: 0.8988 | epoch_time: 9.05s

Epoch: 12/30 | tr_Loss: 0.1213 | tr_acc: 0.9521 | val_loss: 0.2460 | val_acc: 0.9083 | epoch_time: 9.05s

Early stopping at epoch 12 | Best Validation Loss: 0.2290
              precision    recall  f1-score   support

       STAND       0.94      0.87      0.90      1452
        WALK       0.81      0.91      0.86       766
         SIT       0.96      0.97      0.97       675
         LIE       0.98      1.00      0.99       170

    accuracy                           0.91      3063
   macro avg       0.92      0.94      0.93      3063
weighted avg       0.91      0.91      0.91      3063

Peak GPU memory allocatated: 3.72GB

------------------------------------------------------------------------------------------
Test Results:
 Accuracy: 0.9176201372997712
 Report:
 {'STAND': {'precision': 0.9145146927871772, 'recall': 0.9016681299385426, 'f1-score': 0.9080459770114943, 'support': 1139.0}, 'WALK': {'precision': 0.8781725888324873, 'recall': 0.8804071246819338, 'f1-score': 0.8792884371029225, 'support': 786.0}, 'SIT': {'precision': 0.9600694444444444, 'recall': 0.9875, 'f1-score': 0.9735915492957746, 'support': 560.0}, 'LIE': {'precision': 0.9925925925925926, 'recall': 0.9781021897810219, 'f1-score': 0.9852941176470589, 'support': 137.0}, 'accuracy': 0.9176201372997712, 'macro avg': {'precision': 0.9363373296641754, 'recall': 0.9369193611003745, 'f1-score': 0.9365550202643126, 'support': 2622.0}, 'weighted avg': {'precision': 0.9174294294359283, 'recall': 0.9176201372997712, 'f1-score': 0.9174605801305377, 'support': 2622.0}}
 F1: 0.9365550202643126
 Confusion Matrix:
 [[1027   95   17    0]
 [  91  692    3    0]
 [   5    1  553    1]
 [   0    0    3  134]]
------------------------------------------------------------------------------------------
Training set class distribution:
{'STAND': 4652, 'WALK': 2791, 'SIT': 2704, 'LIE': 528}
------------------------------------------------------------------------------------------

Epoch: 1/30 | tr_Loss: 0.3761 | tr_acc: 0.8476 | val_loss: 0.3628 | val_acc: 0.8596 | epoch_time: 9.79s
--- CUDA PROFILE --- (epoch 1, batch 2)
-------------------------------------------------------  ------------  ------------  ------------  ------------  ------------  ------------  ------------  ------------  ------------  ------------  ------------  ------------  ------------  ------------  
                                                   Name    Self CPU %      Self CPU   CPU total %     CPU total  CPU time avg     Self CUDA   Self CUDA %    CUDA total  CUDA time avg       CPU Mem  Self CPU Mem      CUDA Mem  Self CUDA Mem    # of Calls  
-------------------------------------------------------  ------------  ------------  ------------  ------------  ------------  ------------  ------------  ------------  ------------  ------------  ------------  ------------  ------------  ------------  
                 MambaSplitConv1dScanCombinedFnBackward        14.74%      14.612ms        23.93%      23.728ms       2.966ms      47.006ms        47.65%      54.691ms       6.836ms           0 b           0 b       1.20 Gb      -6.90 Gb             8  
                                               aten::mm         1.88%       1.869ms         2.78%       2.760ms      29.357us      29.459ms        29.86%      29.459ms     313.392us           0 b           0 b       2.84 Gb       2.84 Gb            94  
                         MambaSplitConv1dScanCombinedFn         5.70%       5.655ms         8.54%       8.466ms       1.058ms      11.897ms        12.06%      15.125ms       1.891ms           0 b           0 b     405.35 Mb      -2.44 Gb             8  
sm80_xmma_gemm_f32f32_f32f32_f32_tn_n_tilesize128x12...         0.00%       0.000us         0.00%       0.000us       0.000us       9.980ms        10.12%       9.980ms     415.844us           0 b           0 b           0 b           0 b            24  
                  _chunk_scan_chunk_state_bwd_dx_kernel         0.00%       0.000us         0.00%       0.000us       0.000us       9.609ms         9.74%       9.609ms       1.201ms           0 b           0 b           0 b           0 b             8  
                    _chunk_scan_bwd_ddAcs_stable_kernel         0.00%       0.000us         0.00%       0.000us       0.000us       8.915ms         9.04%       8.915ms       1.114ms           0 b           0 b           0 b           0 b             8  
                                 _chunk_scan_fwd_kernel         0.00%       0.000us         0.00%       0.000us       0.000us       7.951ms         8.06%       7.951ms     993.892us           0 b           0 b           0 b           0 b             8  
                             _chunk_state_bwd_db_kernel         0.00%       0.000us         0.00%       0.000us       0.000us       7.528ms         7.63%       7.528ms     941.000us           0 b           0 b           0 b           0 b             8  
                              _chunk_scan_bwd_dc_kernel         0.00%       0.000us         0.00%       0.000us       0.000us       6.843ms         6.94%       6.843ms     855.373us           0 b           0 b           0 b           0 b             8  
void cutlass::Kernel<cutlass_80_simt_sgemm_128x256_8...         0.00%       0.000us         0.00%       0.000us       0.000us       6.293ms         6.38%       6.293ms     393.298us           0 b           0 b           0 b           0 b            16  
-------------------------------------------------------  ------------  ------------  ------------  ------------  ------------  ------------  ------------  ------------  ------------  ------------  ------------  ------------  ------------  ------------  
Self CPU time total: 99.161ms
Self CUDA time total: 98.656ms


Epoch: 2/30 | tr_Loss: 0.2448 | tr_acc: 0.9061 | val_loss: 0.2740 | val_acc: 0.8877 | epoch_time: 9.06s

Epoch: 3/30 | tr_Loss: 0.2068 | tr_acc: 0.9190 | val_loss: 0.2574 | val_acc: 0.8923 | epoch_time: 9.06s

Epoch: 4/30 | tr_Loss: 0.1706 | tr_acc: 0.9302 | val_loss: 0.2704 | val_acc: 0.8867 | epoch_time: 9.06s

Epoch: 5/30 | tr_Loss: 0.1511 | tr_acc: 0.9405 | val_loss: 0.2356 | val_acc: 0.9037 | epoch_time: 9.05s

Epoch: 6/30 | tr_Loss: 0.1430 | tr_acc: 0.9427 | val_loss: 0.2468 | val_acc: 0.9008 | epoch_time: 9.04s

Epoch: 7/30 | tr_Loss: 0.1343 | tr_acc: 0.9437 | val_loss: 0.2692 | val_acc: 0.8981 | epoch_time: 9.04s

Epoch: 8/30 | tr_Loss: 0.1367 | tr_acc: 0.9444 | val_loss: 0.2565 | val_acc: 0.9066 | epoch_time: 9.04s

Epoch: 9/30 | tr_Loss: 0.1160 | tr_acc: 0.9526 | val_loss: 0.3211 | val_acc: 0.8890 | epoch_time: 9.04s

Epoch: 10/30 | tr_Loss: 0.1119 | tr_acc: 0.9545 | val_loss: 0.2428 | val_acc: 0.9096 | epoch_time: 9.06s

Early stopping at epoch 10 | Best Validation Loss: 0.2356
              precision    recall  f1-score   support

       STAND       0.89      0.92      0.90      1452
        WALK       0.88      0.81      0.84       766
         SIT       0.96      0.96      0.96       675
         LIE       0.93      1.00      0.96       170

    accuracy                           0.90      3063
   macro avg       0.91      0.92      0.92      3063
weighted avg       0.90      0.90      0.90      3063

Peak GPU memory allocatated: 3.72GB

------------------------------------------------------------------------------------------
Test Results:
 Accuracy: 0.9118993135011442
 Report:
 {'STAND': {'precision': 0.8737785016286646, 'recall': 0.9420544337137841, 'f1-score': 0.9066328686100549, 'support': 1139.0}, 'WALK': {'precision': 0.9256559766763849, 'recall': 0.8078880407124682, 'f1-score': 0.8627717391304348, 'support': 786.0}, 'SIT': {'precision': 0.9664310954063604, 'recall': 0.9767857142857143, 'f1-score': 0.9715808170515098, 'support': 560.0}, 'LIE': {'precision': 0.9577464788732394, 'recall': 0.9927007299270073, 'f1-score': 0.974910394265233, 'support': 137.0}, 'accuracy': 0.9118993135011442, 'macro avg': {'precision': 0.9309030131461623, 'recall': 0.9298572296597435, 'f1-score': 0.9289739547643081, 'support': 2622.0}, 'weighted avg': {'precision': 0.9135057177940059, 'recall': 0.9118993135011442, 'f1-score': 0.9109234957538352, 'support': 2622.0}}
 F1: 0.9289739547643081
 Confusion Matrix:
 [[1073   50   15    1]
 [ 148  635    3    0]
 [   7    1  547    5]
 [   0    0    1  136]]
Total wall time:11min 49s
