Job started on gpu032.orc.gmu.edu
CUDA_VISIBLE_DEVICES=0
Wed May 27 14:12:38 2026       
+-----------------------------------------------------------------------------------------+
| NVIDIA-SMI 590.48.01              Driver Version: 590.48.01      CUDA Version: 13.1     |
+-----------------------------------------+------------------------+----------------------+
| GPU  Name                 Persistence-M | Bus-Id          Disp.A | Volatile Uncorr. ECC |
| Fan  Temp   Perf          Pwr:Usage/Cap |           Memory-Usage | GPU-Util  Compute M. |
|                                         |                        |               MIG M. |
|=========================================+========================+======================|
|   0  NVIDIA H100 80GB HBM3          On  |   00000000:4E:00.0 Off |                    0 |
| N/A   21C    P0             67W /  700W |       0MiB /  81559MiB |      0%      Default |
|                                         |                        |             Disabled |
+-----------------------------------------+------------------------+----------------------+

+-----------------------------------------------------------------------------------------+
| Processes:                                                                              |
|  GPU   GI   CI              PID   Type   Process name                        GPU Memory |
|        ID   ID                                                               Usage      |
|=========================================================================================|
|  No running processes found                                                             |
+-----------------------------------------------------------------------------------------+
Mamba version: 2.3.0
Path: /home/kmercad/myenv/lib/python3.10/site-packages/mamba_ssm/modules/mamba2.py
------------------------------------------------------------------------------------------
Raw training set shape: (376092, 251)
Validation training set shape: (88848, 251)
Raw test set shape: (179695, 251)
------------------------------------------------------------------------------------------
Sensor subset training shape: (295149, 47)
Sensor Validation training shape: (67434, 47)
Sensor Test training shape: (134613, 47)
----------------------------------------------------------------------
Rows containing NaNs - training: 4953
Rows containing NaNs - validation: 0
Rows containing NaNs - test: 0
------------------------------------------------------------------------------------------
Training shape after NaN removal: (290196, 47)
Validation shape after NaN removal: (67434, 47)
Test shape after NaN removal: (134613, 47)
------------------------------------------------------------------------------------------
Reindexed training shape: (290196, 47)
Reindexed validation shape: (67434, 47)
Reindexed test shape: (134613, 47)


Descriptive statistics for ACC channels (DEVICE_1) - training set
                   0              1              2
count  290196.000000  290196.000000  290196.000000
mean     -823.016179    -119.869698     304.485627
std       270.438157     249.979563     314.402613
min     -1896.000000   -1271.000000   -1198.000000
25%      -974.000000    -228.000000     116.000000
50%      -923.000000    -122.000000     279.000000
75%      -795.000000     -14.000000     466.000000
max       614.000000    1815.000000    1417.000000

Descriptive statistics for GYRO channels (DEVICE_1) - training set
                   3              4              5
count  290196.000000  290196.000000  290196.000000
mean      -43.163207     -16.201064       8.669899
std       599.759777     322.772360     266.831851
min     -4502.000000   -3092.000000   -2293.000000
25%      -237.000000    -105.000000     -79.000000
50%       -18.000000      -7.000000       1.000000
75%       146.000000      75.000000      94.000000
max      4504.000000    3370.000000    2231.000000

Descriptive statistics for MAG channels (DEVICE_1) - training set
                   6              7              8
count  290196.000000  290196.000000  290196.000000
mean      388.133306      70.751351      45.451071
std       344.236008     327.662515     496.886415
min      -929.000000   -1038.000000   -1246.000000
25%       318.000000    -166.000000    -446.000000
50%       469.000000     101.000000     147.000000
75%       560.000000     268.000000     500.000000
max      1531.000000    1047.000000    1225.000000
------------------------------------------------------------------------------------------


Descriptive statistics for ACC channels (DEVICE_1) - training set
                   0             1              2
count  290196.000000  290196.00000  290196.000000
mean       -0.823016      -0.11987       0.304486
std         0.270438       0.24998       0.314403
min        -1.896000      -1.27100      -1.198000
25%        -0.974000      -0.22800       0.116000
50%        -0.923000      -0.12200       0.279000
75%        -0.795000      -0.01400       0.466000
max         0.614000       1.81500       1.417000

Descriptive statistics for scaled GYRO channels (DEVICE_1) - training set
                   3              4              5
count  290196.000000  290196.000000  290196.000000
mean       -0.043163      -0.016201       0.008670
std         0.599760       0.322772       0.266832
min        -4.502000      -3.092000      -2.293000
25%        -0.237000      -0.105000      -0.079000
50%        -0.018000      -0.007000       0.001000
75%         0.146000       0.075000       0.094000
max         4.504000       3.370000       2.231000

Descriptive statistics for normalized MAG channels (DEVICE_1) - training set
                   6              7              8
count  290196.000000  290196.000000  290196.000000
mean        0.512513       0.078772       0.061891
std         0.401707       0.415946       0.626831
min        -0.941527      -0.991281      -0.999993
25%         0.425456      -0.224111      -0.565882
50%         0.639552       0.129886       0.198900
75%         0.765385       0.330236       0.654344
max         0.999999       0.990997       0.999770
--------------------STRATIY VAL/TEST--------------------
Validation GROUPS
group_id
S1-ADL4    24851
S2-ADL5    22969
S3-ADL5    20648
S4-ADL5    23817
Name: count, dtype: int64
Test GROUPS
group_id
S1-ADL1    37507
S1-ADL2    24510
S1-ADL3    25305
S1-ADL5    22440
Name: count, dtype: int64 


 Validation Split Label Proportion
45
1    0.435575
2    0.285561
4    0.229149
5    0.049716
Name: proportion, dtype: float64
Test Split Label Proportion
45
1    0.476476
2    0.221643
4    0.256008
5    0.045872
Name: proportion, dtype: float64

------------------------------ TRAIN ACC/GYRO after StandardScaler ------------------------------
global mean: -0.000000
global std : 1.000000
max |channel mean| : 0.000000
median |channel mean| : 0.000000
channel std range : [1.000000, 1.000000]

------------------------------ VAL ACC/GYRO after StandardScaler ------------------------------
global mean: -0.004966
global std : 1.020127
max |channel mean| : 0.261901
median |channel mean| : 0.021645
channel std range : [0.918437, 1.136469]

------------------------------ TEST ACC/GYRO after StandardScaler ------------------------------
global mean: 0.015366
global std : 0.964757
max |channel mean| : 0.900994
median |channel mean| : 0.025740
channel std range : [0.678974, 1.129884]
------------------------------------------------------------------------------------------
Training features: (290196, 46) | Training labels: (290196,)
Validation features: (92285, 46) | Validation labels: (92285,)
Test features: (109762, 46), Test labels: (109762,)

------------------------------ TRAIN MAG after window demeaning ------------------------------
max |window mean|  : 2.072917e-07
mean |window mean| : 2.316569e-08
channel global mean range : [-4.493903e-10, 3.340211e-10]
channel std range         : [0.131286, 0.230231]

------------------------------ VAL MAG after window demeaning ------------------------------
max |window mean|  : 2.112654e-07
mean |window mean| : 2.296102e-08
channel global mean range : [-1.295171e-09, 1.012635e-09]
channel std range         : [0.135073, 0.241445]

------------------------------ TEST MAG after window demeaning ------------------------------
max |window mean|  : 1.947085e-07
mean |window mean| : 2.323360e-08
channel global mean range : [-5.950485e-10, 4.664948e-10]
channel std range         : [0.109610, 0.227086]

TRAIN window label distribution
label 1: 4195 (0.4350)
label 2: 2640 (0.2737)
label 4: 2295 (0.2380)
label 5: 514 (0.0533)

VAL window label distribution
label 1: 1304 (0.4253)
label 2: 906 (0.2955)
label 4: 704 (0.2296)
label 5: 152 (0.0496)

TEST window label distribution
label 1: 1744 (0.4778)
label 2: 797 (0.2184)
label 4: 940 (0.2575)
label 5: 169 (0.0463)
------------------------------------------------------------------------------------------
Training (windows): (9644, 90, 45). Training Labels: (9644,)
Validation (windows): (3066, 90, 45). Validation Labels: (3066,)
Test (windows): (3650, 90, 45). Test Labels: (3650,)
------------------------------------------------------------------------------------------
Training set class distribution:
{'STAND': 4195, 'WALK': 2640, 'SIT': 2295, 'LIE': 514}
------------------------------------------------------------------------------------------

Epoch: 1/30 | tr_Loss: 0.3627 | tr_acc: 0.8523 | val_loss: 0.3158 | val_acc: 0.8673 | epoch_time: 37.91s
--- CUDA PROFILE --- (epoch 1, batch 2)
-------------------------------------------------------  ------------  ------------  ------------  ------------  ------------  ------------  ------------  ------------  ------------  ------------  ------------  ------------  ------------  ------------  
                                                   Name    Self CPU %      Self CPU   CPU total %     CPU total  CPU time avg     Self CUDA   Self CUDA %    CUDA total  CUDA time avg       CPU Mem  Self CPU Mem      CUDA Mem  Self CUDA Mem    # of Calls  
-------------------------------------------------------  ------------  ------------  ------------  ------------  ------------  ------------  ------------  ------------  ------------  ------------  ------------  ------------  ------------  ------------  
                 MambaSplitConv1dScanCombinedFnBackward        14.95%      15.734ms        23.83%      25.082ms       3.135ms      47.172ms        47.81%      54.785ms       6.848ms           0 b           0 b       1.20 Gb      -6.90 Gb             8  
                                               aten::mm         1.82%       1.918ms         2.69%       2.832ms      30.123us      29.230ms        29.62%      29.230ms     310.956us           0 b           0 b       2.84 Gb       2.84 Gb            94  
                         MambaSplitConv1dScanCombinedFn         5.57%       5.864ms         8.33%       8.767ms       1.096ms      12.044ms        12.21%      15.252ms       1.906ms           0 b           0 b     405.35 Mb      -2.44 Gb             8  
sm80_xmma_gemm_f32f32_f32f32_f32_tn_n_tilesize128x12...         0.00%       0.000us         0.00%       0.000us       0.000us       9.929ms        10.06%       9.929ms     413.707us           0 b           0 b           0 b           0 b            24  
                  _chunk_scan_chunk_state_bwd_dx_kernel         0.00%       0.000us         0.00%       0.000us       0.000us       9.658ms         9.79%       9.658ms       1.207ms           0 b           0 b           0 b           0 b             8  
                    _chunk_scan_bwd_ddAcs_stable_kernel         0.00%       0.000us         0.00%       0.000us       0.000us       8.940ms         9.06%       8.940ms       1.117ms           0 b           0 b           0 b           0 b             8  
                                 _chunk_scan_fwd_kernel         0.00%       0.000us         0.00%       0.000us       0.000us       8.070ms         8.18%       8.070ms       1.009ms           0 b           0 b           0 b           0 b             8  
                             _chunk_state_bwd_db_kernel         0.00%       0.000us         0.00%       0.000us       0.000us       7.543ms         7.64%       7.543ms     942.934us           0 b           0 b           0 b           0 b             8  
                              _chunk_scan_bwd_dc_kernel         0.00%       0.000us         0.00%       0.000us       0.000us       6.879ms         6.97%       6.879ms     859.922us           0 b           0 b           0 b           0 b             8  
void cutlass::Kernel<cutlass_80_simt_sgemm_128x256_8...         0.00%       0.000us         0.00%       0.000us       0.000us       6.243ms         6.33%       6.243ms     390.185us           0 b           0 b           0 b           0 b            16  
-------------------------------------------------------  ------------  ------------  ------------  ------------  ------------  ------------  ------------  ------------  ------------  ------------  ------------  ------------  ------------  ------------  
Self CPU time total: 105.267ms
Self CUDA time total: 98.673ms


Epoch: 2/30 | tr_Loss: 0.2501 | tr_acc: 0.9008 | val_loss: 0.2666 | val_acc: 0.8979 | epoch_time: 8.15s

Epoch: 3/30 | tr_Loss: 0.2169 | tr_acc: 0.9130 | val_loss: 0.2360 | val_acc: 0.9028 | epoch_time: 8.16s

Epoch: 4/30 | tr_Loss: 0.1965 | tr_acc: 0.9215 | val_loss: 0.2006 | val_acc: 0.9224 | epoch_time: 8.15s

Epoch: 5/30 | tr_Loss: 0.1817 | tr_acc: 0.9263 | val_loss: 0.1980 | val_acc: 0.9220 | epoch_time: 8.15s

Epoch: 6/30 | tr_Loss: 0.1749 | tr_acc: 0.9296 | val_loss: 0.2606 | val_acc: 0.8937 | epoch_time: 8.15s

Epoch: 7/30 | tr_Loss: 0.1620 | tr_acc: 0.9334 | val_loss: 0.2126 | val_acc: 0.9181 | epoch_time: 8.15s

Epoch: 8/30 | tr_Loss: 0.1574 | tr_acc: 0.9361 | val_loss: 0.2316 | val_acc: 0.9113 | epoch_time: 8.14s

Epoch: 9/30 | tr_Loss: 0.1448 | tr_acc: 0.9407 | val_loss: 0.2081 | val_acc: 0.9198 | epoch_time: 8.15s

Epoch: 10/30 | tr_Loss: 0.1331 | tr_acc: 0.9473 | val_loss: 0.2416 | val_acc: 0.9083 | epoch_time: 8.14s

Early stopping at epoch 10 | Best Validation Loss: 0.1980
              precision    recall  f1-score   support

       STAND       0.90      0.93      0.92      1304
        WALK       0.92      0.86      0.89       906
         SIT       0.96      0.98      0.97       704
         LIE       0.99      0.93      0.96       152

    accuracy                           0.92      3066
   macro avg       0.94      0.93      0.93      3066
weighted avg       0.92      0.92      0.92      3066

Peak GPU memory allocatated: 3.79GB

------------------------------------------------------------------------------------------
Test Results:
 Accuracy: 0.9301369863013699
 Report:
 {'STAND': {'precision': 0.9279176201372997, 'recall': 0.930045871559633, 'f1-score': 0.9289805269186713, 'support': 1744.0}, 'WALK': {'precision': 0.8818407960199005, 'recall': 0.8895859473023839, 'f1-score': 0.8856964397251718, 'support': 797.0}, 'SIT': {'precision': 0.9654800431499461, 'recall': 0.9521276595744681, 'f1-score': 0.9587573647562935, 'support': 940.0}, 'LIE': {'precision': 0.9883040935672515, 'recall': 1.0, 'f1-score': 0.9941176470588236, 'support': 169.0}, 'accuracy': 0.9301369863013699, 'macro avg': {'precision': 0.9408856382185995, 'recall': 0.9429398696091214, 'f1-score': 0.94188799461474, 'support': 3650.0}, 'weighted avg': {'precision': 0.9303260483071579, 'recall': 0.9301369863013699, 'f1-score': 0.9302136730495839, 'support': 3650.0}}
 F1: 0.94188799461474
 Confusion Matrix:
 [[1622   92   30    0]
 [  84  709    2    2]
 [  42    3  895    0]
 [   0    0    0  169]]
------------------------------------------------------------------------------------------
Training set class distribution:
{'STAND': 4195, 'WALK': 2640, 'SIT': 2295, 'LIE': 514}
------------------------------------------------------------------------------------------

Epoch: 1/30 | tr_Loss: 0.4055 | tr_acc: 0.8349 | val_loss: 0.2715 | val_acc: 0.8891 | epoch_time: 8.91s
--- CUDA PROFILE --- (epoch 1, batch 2)
-------------------------------------------------------  ------------  ------------  ------------  ------------  ------------  ------------  ------------  ------------  ------------  ------------  ------------  ------------  ------------  ------------  
                                                   Name    Self CPU %      Self CPU   CPU total %     CPU total  CPU time avg     Self CUDA   Self CUDA %    CUDA total  CUDA time avg       CPU Mem  Self CPU Mem      CUDA Mem  Self CUDA Mem    # of Calls  
-------------------------------------------------------  ------------  ------------  ------------  ------------  ------------  ------------  ------------  ------------  ------------  ------------  ------------  ------------  ------------  ------------  
                 MambaSplitConv1dScanCombinedFnBackward        15.06%      14.501ms        24.32%      23.415ms       2.927ms      46.995ms        47.85%      54.594ms       6.824ms           0 b           0 b       1.20 Gb      -6.91 Gb             8  
                                               aten::mm         1.93%       1.861ms         2.84%       2.731ms      29.053us      29.119ms        29.65%      29.119ms     309.776us           0 b           0 b       2.84 Gb       2.84 Gb            94  
                         MambaSplitConv1dScanCombinedFn         5.84%       5.620ms         8.71%       8.384ms       1.048ms      11.878ms        12.10%      15.063ms       1.883ms           0 b           0 b     405.35 Mb      -2.45 Gb             8  
sm80_xmma_gemm_f32f32_f32f32_f32_tn_n_tilesize128x12...         0.00%       0.000us         0.00%       0.000us       0.000us       9.817ms        10.00%       9.817ms     409.039us           0 b           0 b           0 b           0 b            24  
                  _chunk_scan_chunk_state_bwd_dx_kernel         0.00%       0.000us         0.00%       0.000us       0.000us       9.611ms         9.79%       9.611ms       1.201ms           0 b           0 b           0 b           0 b             8  
                    _chunk_scan_bwd_ddAcs_stable_kernel         0.00%       0.000us         0.00%       0.000us       0.000us       8.931ms         9.09%       8.931ms       1.116ms           0 b           0 b           0 b           0 b             8  
                                 _chunk_scan_fwd_kernel         0.00%       0.000us         0.00%       0.000us       0.000us       7.938ms         8.08%       7.938ms     992.312us           0 b           0 b           0 b           0 b             8  
                             _chunk_state_bwd_db_kernel         0.00%       0.000us         0.00%       0.000us       0.000us       7.504ms         7.64%       7.504ms     938.048us           0 b           0 b           0 b           0 b             8  
                              _chunk_scan_bwd_dc_kernel         0.00%       0.000us         0.00%       0.000us       0.000us       6.851ms         6.98%       6.851ms     856.428us           0 b           0 b           0 b           0 b             8  
void cutlass::Kernel<cutlass_80_simt_sgemm_128x256_8...         0.00%       0.000us         0.00%       0.000us       0.000us       6.251ms         6.37%       6.251ms     390.674us           0 b           0 b           0 b           0 b            16  
-------------------------------------------------------  ------------  ------------  ------------  ------------  ------------  ------------  ------------  ------------  ------------  ------------  ------------  ------------  ------------  ------------  
Self CPU time total: 96.288ms
Self CUDA time total: 98.205ms


Epoch: 2/30 | tr_Loss: 0.2769 | tr_acc: 0.8921 | val_loss: 0.2610 | val_acc: 0.8950 | epoch_time: 8.15s

Epoch: 3/30 | tr_Loss: 0.2251 | tr_acc: 0.9091 | val_loss: 0.2836 | val_acc: 0.8891 | epoch_time: 8.15s

Epoch: 4/30 | tr_Loss: 0.1928 | tr_acc: 0.9194 | val_loss: 0.2509 | val_acc: 0.9008 | epoch_time: 8.18s

Epoch: 5/30 | tr_Loss: 0.1729 | tr_acc: 0.9327 | val_loss: 0.2129 | val_acc: 0.9152 | epoch_time: 8.17s

Epoch: 6/30 | tr_Loss: 0.1594 | tr_acc: 0.9345 | val_loss: 0.3248 | val_acc: 0.8888 | epoch_time: 8.15s

Epoch: 7/30 | tr_Loss: 0.1577 | tr_acc: 0.9366 | val_loss: 0.2205 | val_acc: 0.9129 | epoch_time: 8.16s

Epoch: 8/30 | tr_Loss: 0.1366 | tr_acc: 0.9476 | val_loss: 0.2226 | val_acc: 0.9201 | epoch_time: 8.16s

Epoch: 9/30 | tr_Loss: 0.1283 | tr_acc: 0.9465 | val_loss: 0.2101 | val_acc: 0.9211 | epoch_time: 8.15s

Epoch: 10/30 | tr_Loss: 0.1265 | tr_acc: 0.9474 | val_loss: 0.2510 | val_acc: 0.9093 | epoch_time: 8.18s

Epoch: 11/30 | tr_Loss: 0.1156 | tr_acc: 0.9527 | val_loss: 0.2282 | val_acc: 0.9175 | epoch_time: 8.13s

Epoch: 12/30 | tr_Loss: 0.1068 | tr_acc: 0.9594 | val_loss: 0.2237 | val_acc: 0.9201 | epoch_time: 8.14s

Epoch: 13/30 | tr_Loss: 0.1036 | tr_acc: 0.9587 | val_loss: 0.2165 | val_acc: 0.9185 | epoch_time: 8.14s

Epoch: 14/30 | tr_Loss: 0.0982 | tr_acc: 0.9619 | val_loss: 0.2773 | val_acc: 0.9025 | epoch_time: 8.13s

Early stopping at epoch 14 | Best Validation Loss: 0.2101
              precision    recall  f1-score   support

       STAND       0.87      0.95      0.91      1304
        WALK       0.94      0.82      0.88       906
         SIT       0.98      0.98      0.98       704
         LIE       0.99      0.99      0.99       152

    accuracy                           0.92      3066
   macro avg       0.95      0.94      0.94      3066
weighted avg       0.92      0.92      0.92      3066

Peak GPU memory allocatated: 3.72GB

------------------------------------------------------------------------------------------
Test Results:
 Accuracy: 0.9227397260273973
 Report:
 {'STAND': {'precision': 0.8995111352525801, 'recall': 0.9495412844036697, 'f1-score': 0.9238493723849373, 'support': 1744.0}, 'WALK': {'precision': 0.9079837618403248, 'recall': 0.8419071518193224, 'f1-score': 0.8736979166666666, 'support': 797.0}, 'SIT': {'precision': 0.9700332963374029, 'recall': 0.9297872340425531, 'f1-score': 0.9494839760999457, 'support': 940.0}, 'LIE': {'precision': 0.9881656804733728, 'recall': 0.9881656804733728, 'f1-score': 0.9881656804733728, 'support': 169.0}, 'accuracy': 0.9227397260273973, 'macro avg': {'precision': 0.9414234684759202, 'recall': 0.9273503376847295, 'f1-score': 0.9337992364062305, 'support': 3650.0}, 'weighted avg': {'precision': 0.9236278840066843, 'recall': 0.9227397260273973, 'f1-score': 0.9224782143990721, 'support': 3650.0}}
 F1: 0.9337992364062305
 Confusion Matrix:
 [[1656   62   26    0]
 [ 123  671    1    2]
 [  62    4  874    0]
 [   0    2    0  167]]
------------------------------------------------------------------------------------------
Training set class distribution:
{'STAND': 4195, 'WALK': 2640, 'SIT': 2295, 'LIE': 514}
------------------------------------------------------------------------------------------

Epoch: 1/30 | tr_Loss: 0.3918 | tr_acc: 0.8443 | val_loss: 0.2661 | val_acc: 0.8924 | epoch_time: 8.91s
--- CUDA PROFILE --- (epoch 1, batch 2)
-------------------------------------------------------  ------------  ------------  ------------  ------------  ------------  ------------  ------------  ------------  ------------  ------------  ------------  ------------  ------------  ------------  
                                                   Name    Self CPU %      Self CPU   CPU total %     CPU total  CPU time avg     Self CUDA   Self CUDA %    CUDA total  CUDA time avg       CPU Mem  Self CPU Mem      CUDA Mem  Self CUDA Mem    # of Calls  
-------------------------------------------------------  ------------  ------------  ------------  ------------  ------------  ------------  ------------  ------------  ------------  ------------  ------------  ------------  ------------  ------------  
                 MambaSplitConv1dScanCombinedFnBackward        15.05%      14.544ms        24.46%      23.636ms       2.954ms      47.144ms        47.87%      54.774ms       6.847ms           0 b           0 b       1.20 Gb      -6.90 Gb             8  
                                               aten::mm         1.92%       1.860ms         2.85%       2.759ms      29.346us      29.225ms        29.68%      29.225ms     310.907us           0 b           0 b       2.84 Gb       2.84 Gb            94  
                         MambaSplitConv1dScanCombinedFn         5.84%       5.645ms         8.76%       8.466ms       1.058ms      11.871ms        12.05%      15.064ms       1.883ms           0 b           0 b     405.35 Mb      -2.44 Gb             8  
sm80_xmma_gemm_f32f32_f32f32_f32_tn_n_tilesize128x12...         0.00%       0.000us         0.00%       0.000us       0.000us       9.871ms        10.02%       9.871ms     411.271us           0 b           0 b           0 b           0 b            24  
                  _chunk_scan_chunk_state_bwd_dx_kernel         0.00%       0.000us         0.00%       0.000us       0.000us       9.646ms         9.80%       9.646ms       1.206ms           0 b           0 b           0 b           0 b             8  
                    _chunk_scan_bwd_ddAcs_stable_kernel         0.00%       0.000us         0.00%       0.000us       0.000us       8.949ms         9.09%       8.949ms       1.119ms           0 b           0 b           0 b           0 b             8  
                                 _chunk_scan_fwd_kernel         0.00%       0.000us         0.00%       0.000us       0.000us       7.932ms         8.05%       7.932ms     991.521us           0 b           0 b           0 b           0 b             8  
                             _chunk_state_bwd_db_kernel         0.00%       0.000us         0.00%       0.000us       0.000us       7.549ms         7.67%       7.549ms     943.641us           0 b           0 b           0 b           0 b             8  
                              _chunk_scan_bwd_dc_kernel         0.00%       0.000us         0.00%       0.000us       0.000us       6.866ms         6.97%       6.866ms     858.233us           0 b           0 b           0 b           0 b             8  
void cutlass::Kernel<cutlass_80_simt_sgemm_128x256_8...         0.00%       0.000us         0.00%       0.000us       0.000us       6.273ms         6.37%       6.273ms     392.044us           0 b           0 b           0 b           0 b            16  
-------------------------------------------------------  ------------  ------------  ------------  ------------  ------------  ------------  ------------  ------------  ------------  ------------  ------------  ------------  ------------  ------------  
Self CPU time total: 96.623ms
Self CUDA time total: 98.479ms


Epoch: 2/30 | tr_Loss: 0.2714 | tr_acc: 0.8917 | val_loss: 0.2379 | val_acc: 0.9015 | epoch_time: 8.14s

Epoch: 3/30 | tr_Loss: 0.2258 | tr_acc: 0.9084 | val_loss: 0.3085 | val_acc: 0.8878 | epoch_time: 8.15s

Epoch: 4/30 | tr_Loss: 0.2030 | tr_acc: 0.9169 | val_loss: 0.2110 | val_acc: 0.9083 | epoch_time: 8.13s

Epoch: 5/30 | tr_Loss: 0.1853 | tr_acc: 0.9265 | val_loss: 0.2485 | val_acc: 0.9038 | epoch_time: 8.15s

Epoch: 6/30 | tr_Loss: 0.1603 | tr_acc: 0.9355 | val_loss: 0.2013 | val_acc: 0.9247 | epoch_time: 8.14s

Epoch: 7/30 | tr_Loss: 0.1448 | tr_acc: 0.9402 | val_loss: 0.2261 | val_acc: 0.9142 | epoch_time: 8.15s

Epoch: 8/30 | tr_Loss: 0.1369 | tr_acc: 0.9453 | val_loss: 0.2129 | val_acc: 0.9217 | epoch_time: 8.15s

Epoch: 9/30 | tr_Loss: 0.1435 | tr_acc: 0.9450 | val_loss: 0.2188 | val_acc: 0.9155 | epoch_time: 8.16s

Epoch: 10/30 | tr_Loss: 0.1374 | tr_acc: 0.9472 | val_loss: 0.2333 | val_acc: 0.9100 | epoch_time: 8.15s

Epoch: 11/30 | tr_Loss: 0.1286 | tr_acc: 0.9502 | val_loss: 0.2271 | val_acc: 0.9191 | epoch_time: 8.17s

Early stopping at epoch 11 | Best Validation Loss: 0.2013
              precision    recall  f1-score   support

       STAND       0.91      0.92      0.91      1304
        WALK       0.90      0.88      0.89       906
         SIT       0.97      0.98      0.97       704
         LIE       0.96      0.99      0.98       152

    accuracy                           0.92      3066
   macro avg       0.94      0.94      0.94      3066
weighted avg       0.92      0.92      0.92      3066

Peak GPU memory allocatated: 3.72GB

------------------------------------------------------------------------------------------
Test Results:
 Accuracy: 0.9273972602739726
 Report:
 {'STAND': {'precision': 0.9449760765550239, 'recall': 0.9059633027522935, 'f1-score': 0.9250585480093677, 'support': 1744.0}, 'WALK': {'precision': 0.8667466986794717, 'recall': 0.9058971141781681, 'f1-score': 0.8858895705521472, 'support': 797.0}, 'SIT': {'precision': 0.9393627954779034, 'recall': 0.9723404255319149, 'f1-score': 0.9555671719811814, 'support': 940.0}, 'LIE': {'precision': 0.9825581395348837, 'recall': 1.0, 'f1-score': 0.9912023460410557, 'support': 169.0}, 'accuracy': 0.9273972602739726, 'macro avg': {'precision': 0.9334109275618206, 'recall': 0.9460502106155941, 'f1-score': 0.9394294091459381, 'support': 3650.0}, 'weighted avg': {'precision': 0.9281886985452399, 'recall': 0.9273972602739726, 'f1-score': 0.927425324274424, 'support': 3650.0}}
 F1: 0.9394294091459381
 Confusion Matrix:
 [[1580  108   56    0]
 [  69  722    3    3]
 [  23    3  914    0]
 [   0    0    0  169]]
------------------------------------------------------------------------------------------
Training set class distribution:
{'STAND': 4195, 'WALK': 2640, 'SIT': 2295, 'LIE': 514}
------------------------------------------------------------------------------------------

Epoch: 1/30 | tr_Loss: 0.3880 | tr_acc: 0.8345 | val_loss: 0.2844 | val_acc: 0.8819 | epoch_time: 8.91s
--- CUDA PROFILE --- (epoch 1, batch 2)
-------------------------------------------------------  ------------  ------------  ------------  ------------  ------------  ------------  ------------  ------------  ------------  ------------  ------------  ------------  ------------  ------------  
                                                   Name    Self CPU %      Self CPU   CPU total %     CPU total  CPU time avg     Self CUDA   Self CUDA %    CUDA total  CUDA time avg       CPU Mem  Self CPU Mem      CUDA Mem  Self CUDA Mem    # of Calls  
-------------------------------------------------------  ------------  ------------  ------------  ------------  ------------  ------------  ------------  ------------  ------------  ------------  ------------  ------------  ------------  ------------  
                 MambaSplitConv1dScanCombinedFnBackward        14.79%      14.617ms        24.04%      23.765ms       2.971ms      47.216ms        47.85%      54.850ms       6.856ms           0 b           0 b       1.20 Gb      -6.91 Gb             8  
                                               aten::mm         1.90%       1.880ms         2.79%       2.760ms      29.359us      29.331ms        29.73%      29.331ms     312.037us           0 b           0 b       2.84 Gb       2.84 Gb            94  
                         MambaSplitConv1dScanCombinedFn         5.72%       5.652ms         8.63%       8.533ms       1.067ms      11.883ms        12.04%      15.094ms       1.887ms           0 b           0 b     405.35 Mb      -2.44 Gb             8  
sm80_xmma_gemm_f32f32_f32f32_f32_tn_n_tilesize128x12...         0.00%       0.000us         0.00%       0.000us       0.000us       9.933ms        10.07%       9.933ms     413.894us           0 b           0 b           0 b           0 b            24  
                  _chunk_scan_chunk_state_bwd_dx_kernel         0.00%       0.000us         0.00%       0.000us       0.000us       9.658ms         9.79%       9.658ms       1.207ms           0 b           0 b           0 b           0 b             8  
                    _chunk_scan_bwd_ddAcs_stable_kernel         0.00%       0.000us         0.00%       0.000us       0.000us       8.966ms         9.09%       8.966ms       1.121ms           0 b           0 b           0 b           0 b             8  
                                 _chunk_scan_fwd_kernel         0.00%       0.000us         0.00%       0.000us       0.000us       7.938ms         8.04%       7.938ms     992.238us           0 b           0 b           0 b           0 b             8  
                             _chunk_state_bwd_db_kernel         0.00%       0.000us         0.00%       0.000us       0.000us       7.551ms         7.65%       7.551ms     943.813us           0 b           0 b           0 b           0 b             8  
                              _chunk_scan_bwd_dc_kernel         0.00%       0.000us         0.00%       0.000us       0.000us       6.871ms         6.96%       6.871ms     858.913us           0 b           0 b           0 b           0 b             8  
void cutlass::Kernel<cutlass_80_simt_sgemm_128x256_8...         0.00%       0.000us         0.00%       0.000us       0.000us       6.286ms         6.37%       6.286ms     392.889us           0 b           0 b           0 b           0 b            16  
-------------------------------------------------------  ------------  ------------  ------------  ------------  ------------  ------------  ------------  ------------  ------------  ------------  ------------  ------------  ------------  ------------  
Self CPU time total: 98.849ms
Self CUDA time total: 98.674ms


Epoch: 2/30 | tr_Loss: 0.2591 | tr_acc: 0.8951 | val_loss: 0.2560 | val_acc: 0.8937 | epoch_time: 8.14s

Epoch: 3/30 | tr_Loss: 0.2362 | tr_acc: 0.9043 | val_loss: 0.2229 | val_acc: 0.9103 | epoch_time: 8.14s

Epoch: 4/30 | tr_Loss: 0.1961 | tr_acc: 0.9202 | val_loss: 0.2757 | val_acc: 0.9038 | epoch_time: 8.17s

Epoch: 5/30 | tr_Loss: 0.1769 | tr_acc: 0.9274 | val_loss: 0.2554 | val_acc: 0.9083 | epoch_time: 8.13s

Epoch: 6/30 | tr_Loss: 0.1827 | tr_acc: 0.9270 | val_loss: 0.3265 | val_acc: 0.8943 | epoch_time: 8.16s

Epoch: 7/30 | tr_Loss: 0.1598 | tr_acc: 0.9380 | val_loss: 0.2531 | val_acc: 0.9054 | epoch_time: 8.14s

Epoch: 8/30 | tr_Loss: 0.1457 | tr_acc: 0.9432 | val_loss: 0.3224 | val_acc: 0.8898 | epoch_time: 8.14s

Early stopping at epoch 8 | Best Validation Loss: 0.2229
              precision    recall  f1-score   support

       STAND       0.88      0.92      0.90      1304
        WALK       0.89      0.85      0.87       906
         SIT       0.98      0.95      0.97       704
         LIE       0.98      1.00      0.99       152

    accuracy                           0.91      3066
   macro avg       0.93      0.93      0.93      3066
weighted avg       0.91      0.91      0.91      3066

Peak GPU memory allocatated: 3.72GB

------------------------------------------------------------------------------------------
Test Results:
 Accuracy: 0.9312328767123288
 Report:
 {'STAND': {'precision': 0.9395894428152493, 'recall': 0.9185779816513762, 'f1-score': 0.9289649173673529, 'support': 1744.0}, 'WALK': {'precision': 0.8686746987951808, 'recall': 0.904642409033877, 'f1-score': 0.8862937922556853, 'support': 797.0}, 'SIT': {'precision': 0.9608050847457628, 'recall': 0.9648936170212766, 'f1-score': 0.9628450106157113, 'support': 940.0}, 'LIE': {'precision': 0.9883040935672515, 'recall': 1.0, 'f1-score': 0.9941176470588236, 'support': 169.0}, 'accuracy': 0.9312328767123288, 'macro avg': {'precision': 0.939343329980861, 'recall': 0.9470285019266325, 'f1-score': 0.9430553418243932, 'support': 3650.0}, 'weighted avg': {'precision': 0.9318240807351881, 'recall': 0.9312328767123288, 'f1-score': 0.9313893590816861, 'support': 3650.0}}
 F1: 0.9430553418243932
 Confusion Matrix:
 [[1602  106   36    0]
 [  73  721    1    2]
 [  30    3  907    0]
 [   0    0    0  169]]
------------------------------------------------------------------------------------------
Training set class distribution:
{'STAND': 4195, 'WALK': 2640, 'SIT': 2295, 'LIE': 514}
------------------------------------------------------------------------------------------

Epoch: 1/30 | tr_Loss: 0.3917 | tr_acc: 0.8345 | val_loss: 0.2676 | val_acc: 0.8865 | epoch_time: 8.93s
--- CUDA PROFILE --- (epoch 1, batch 2)
-------------------------------------------------------  ------------  ------------  ------------  ------------  ------------  ------------  ------------  ------------  ------------  ------------  ------------  ------------  ------------  ------------  
                                                   Name    Self CPU %      Self CPU   CPU total %     CPU total  CPU time avg     Self CUDA   Self CUDA %    CUDA total  CUDA time avg       CPU Mem  Self CPU Mem      CUDA Mem  Self CUDA Mem    # of Calls  
-------------------------------------------------------  ------------  ------------  ------------  ------------  ------------  ------------  ------------  ------------  ------------  ------------  ------------  ------------  ------------  ------------  
                 MambaSplitConv1dScanCombinedFnBackward        14.92%      14.522ms        24.30%      23.650ms       2.956ms      46.616ms        47.88%      54.120ms       6.765ms           0 b           0 b       1.20 Gb      -6.90 Gb             8  
                                               aten::mm         1.95%       1.902ms         2.88%       2.799ms      29.773us      28.715ms        29.49%      28.715ms     305.480us           0 b           0 b       2.84 Gb       2.84 Gb            94  
                         MambaSplitConv1dScanCombinedFn         6.03%       5.874ms         9.07%       8.824ms       1.103ms      11.872ms        12.19%      15.036ms       1.880ms           0 b           0 b     405.35 Mb      -2.44 Gb             8  
sm80_xmma_gemm_f32f32_f32f32_f32_tn_n_tilesize128x12...         0.00%       0.000us         0.00%       0.000us       0.000us       9.744ms        10.01%       9.744ms     406.007us           0 b           0 b           0 b           0 b            24  
                  _chunk_scan_chunk_state_bwd_dx_kernel         0.00%       0.000us         0.00%       0.000us       0.000us       9.525ms         9.78%       9.525ms       1.191ms           0 b           0 b           0 b           0 b             8  
                    _chunk_scan_bwd_ddAcs_stable_kernel         0.00%       0.000us         0.00%       0.000us       0.000us       8.860ms         9.10%       8.860ms       1.107ms           0 b           0 b           0 b           0 b             8  
                                 _chunk_scan_fwd_kernel         0.00%       0.000us         0.00%       0.000us       0.000us       7.939ms         8.15%       7.939ms     992.313us           0 b           0 b           0 b           0 b             8  
                             _chunk_state_bwd_db_kernel         0.00%       0.000us         0.00%       0.000us       0.000us       7.455ms         7.66%       7.455ms     931.853us           0 b           0 b           0 b           0 b             8  
                              _chunk_scan_bwd_dc_kernel         0.00%       0.000us         0.00%       0.000us       0.000us       6.793ms         6.98%       6.793ms     849.161us           0 b           0 b           0 b           0 b             8  
void cutlass::Kernel<cutlass_80_simt_sgemm_128x256_8...         0.00%       0.000us         0.00%       0.000us       0.000us       6.122ms         6.29%       6.122ms     382.614us           0 b           0 b           0 b           0 b            16  
-------------------------------------------------------  ------------  ------------  ------------  ------------  ------------  ------------  ------------  ------------  ------------  ------------  ------------  ------------  ------------  ------------  
Self CPU time total: 97.339ms
Self CUDA time total: 97.364ms


Epoch: 2/30 | tr_Loss: 0.2412 | tr_acc: 0.9024 | val_loss: 0.2244 | val_acc: 0.9057 | epoch_time: 8.13s

Epoch: 3/30 | tr_Loss: 0.2261 | tr_acc: 0.9074 | val_loss: 0.2173 | val_acc: 0.9103 | epoch_time: 8.13s

Epoch: 4/30 | tr_Loss: 0.1944 | tr_acc: 0.9213 | val_loss: 0.2072 | val_acc: 0.9198 | epoch_time: 8.14s

Epoch: 5/30 | tr_Loss: 0.1868 | tr_acc: 0.9273 | val_loss: 0.1966 | val_acc: 0.9181 | epoch_time: 8.15s

Epoch: 6/30 | tr_Loss: 0.1694 | tr_acc: 0.9319 | val_loss: 0.2144 | val_acc: 0.9087 | epoch_time: 8.15s

Epoch: 7/30 | tr_Loss: 0.1531 | tr_acc: 0.9401 | val_loss: 0.2065 | val_acc: 0.9194 | epoch_time: 8.14s

Epoch: 8/30 | tr_Loss: 0.1516 | tr_acc: 0.9395 | val_loss: 0.2321 | val_acc: 0.9129 | epoch_time: 8.14s

Epoch: 9/30 | tr_Loss: 0.1424 | tr_acc: 0.9439 | val_loss: 0.2482 | val_acc: 0.9106 | epoch_time: 8.16s

Epoch: 10/30 | tr_Loss: 0.1338 | tr_acc: 0.9477 | val_loss: 0.2285 | val_acc: 0.9106 | epoch_time: 8.13s

Early stopping at epoch 10 | Best Validation Loss: 0.1966
              precision    recall  f1-score   support

       STAND       0.89      0.93      0.91      1304
        WALK       0.91      0.84      0.88       906
         SIT       0.98      0.97      0.98       704
         LIE       0.96      0.99      0.97       152

    accuracy                           0.92      3066
   macro avg       0.93      0.93      0.93      3066
weighted avg       0.92      0.92      0.92      3066

Peak GPU memory allocatated: 3.72GB

------------------------------------------------------------------------------------------
Test Results:
 Accuracy: 0.9317808219178082
 Report:
 {'STAND': {'precision': 0.9214365881032548, 'recall': 0.9415137614678899, 'f1-score': 0.9313669880884855, 'support': 1744.0}, 'WALK': {'precision': 0.8884615384615384, 'recall': 0.8695106649937264, 'f1-score': 0.8788839568801522, 'support': 797.0}, 'SIT': {'precision': 0.9792576419213974, 'recall': 0.9542553191489361, 'f1-score': 0.9665948275862069, 'support': 940.0}, 'LIE': {'precision': 0.9825581395348837, 'recall': 1.0, 'f1-score': 0.9912023460410557, 'support': 169.0}, 'accuracy': 0.9317808219178082, 'macro avg': {'precision': 0.9429284770052686, 'recall': 0.9413199364026381, 'f1-score': 0.9420120296489751, 'support': 3650.0}, 'weighted avg': {'precision': 0.9319571958338169, 'recall': 0.9317808219178082, 'f1-score': 0.9317498288415816, 'support': 3650.0}}
 F1: 0.9420120296489751
 Confusion Matrix:
 [[1642   85   17    0]
 [  99  693    2    3]
 [  41    2  897    0]
 [   0    0    0  169]]
Total wall time:10min 53s
