Job started on gpu032.orc.gmu.edu
CUDA_VISIBLE_DEVICES=0
Wed May 27 14:12:45 2026       
+-----------------------------------------------------------------------------------------+
| NVIDIA-SMI 590.48.01              Driver Version: 590.48.01      CUDA Version: 13.1     |
+-----------------------------------------+------------------------+----------------------+
| GPU  Name                 Persistence-M | Bus-Id          Disp.A | Volatile Uncorr. ECC |
| Fan  Temp   Perf          Pwr:Usage/Cap |           Memory-Usage | GPU-Util  Compute M. |
|                                         |                        |               MIG M. |
|=========================================+========================+======================|
|   0  NVIDIA H100 80GB HBM3          On  |   00000000:CB:00.0 Off |                    0 |
| N/A   21C    P0             68W /  700W |       0MiB /  81559MiB |      0%      Default |
|                                         |                        |             Disabled |
+-----------------------------------------+------------------------+----------------------+

+-----------------------------------------------------------------------------------------+
| Processes:                                                                              |
|  GPU   GI   CI              PID   Type   Process name                        GPU Memory |
|        ID   ID                                                               Usage      |
|=========================================================================================|
|  No running processes found                                                             |
+-----------------------------------------------------------------------------------------+
Mamba version: 2.3.0
Path: /home/kmercad/myenv/lib/python3.10/site-packages/mamba_ssm/modules/mamba2.py
------------------------------------------------------------------------------------------
Raw training set shape: (406214, 251)
Validation training set shape: (92480, 251)
Raw test set shape: (145941, 251)
------------------------------------------------------------------------------------------
Sensor subset training shape: (303650, 47)
Sensor Validation training shape: (69226, 47)
Sensor Test training shape: (124320, 47)
----------------------------------------------------------------------
Rows containing NaNs - training: 4953
Rows containing NaNs - validation: 0
Rows containing NaNs - test: 0
------------------------------------------------------------------------------------------
Training shape after NaN removal: (298697, 47)
Validation shape after NaN removal: (69226, 47)
Test shape after NaN removal: (124320, 47)
------------------------------------------------------------------------------------------
Reindexed training shape: (298697, 47)
Reindexed validation shape: (69226, 47)
Reindexed test shape: (124320, 47)


Descriptive statistics for ACC channels (DEVICE_1) - training set
                   0              1              2
count  298697.000000  298697.000000  298697.000000
mean     -856.989129    -147.138863     232.103958
std       241.489617     247.763570     298.818082
min     -1850.000000   -1283.000000   -1198.000000
25%      -981.000000    -272.000000      61.000000
50%      -943.000000    -179.000000     175.000000
75%      -838.000000     -80.000000     364.000000
max       614.000000    1815.000000    1360.000000

Descriptive statistics for GYRO channels (DEVICE_1) - training set
                   3              4              5
count  298697.000000  298697.000000  298697.000000
mean      -45.319417     -18.770356       3.732532
std       598.715854     321.549707     239.497658
min     -4818.000000   -3092.000000   -2273.000000
25%      -219.000000    -106.000000     -74.000000
50%       -17.000000      -7.000000       0.000000
75%       134.000000      73.000000      79.000000
max      4504.000000    3370.000000    2231.000000

Descriptive statistics for MAG channels (DEVICE_1) - training set
                   6              7              8
count  298697.000000  298697.000000  298697.000000
mean      434.732193      64.025718     137.494538
std       304.499040     351.748187     514.189703
min      -929.000000   -1038.000000   -1135.000000
25%       365.000000    -182.000000    -384.000000
50%       489.000000      98.000000     278.000000
75%       600.000000     272.000000     588.000000
max      1466.000000    1162.000000    1369.000000
------------------------------------------------------------------------------------------


Descriptive statistics for ACC channels (DEVICE_1) - training set
                   0              1              2
count  298697.000000  298697.000000  298697.000000
mean       -0.856989      -0.147139       0.232104
std         0.241490       0.247764       0.298818
min        -1.850000      -1.283000      -1.198000
25%        -0.981000      -0.272000       0.061000
50%        -0.943000      -0.179000       0.175000
75%        -0.838000      -0.080000       0.364000
max         0.614000       1.815000       1.360000

Descriptive statistics for scaled GYRO channels (DEVICE_1) - training set
                   3             4              5
count  298697.000000  298697.00000  298697.000000
mean       -0.045319      -0.01877       0.003733
std         0.598716       0.32155       0.239498
min        -4.818000      -3.09200      -2.273000
25%        -0.219000      -0.10600      -0.074000
50%        -0.017000      -0.00700       0.000000
75%         0.134000       0.07300       0.079000
max         4.504000       3.37000       2.231000

Descriptive statistics for normalized MAG channels (DEVICE_1) - training set
                   6              7              8
count  298697.000000  298697.000000  298697.000000
mean        0.547496       0.070568       0.152425
std         0.332584       0.426307       0.616187
min        -0.843382      -0.991281      -0.999988
25%         0.473550      -0.240282      -0.478054
50%         0.630226       0.115992       0.375305
75%         0.748007       0.319388       0.718015
max         0.999999       0.999708       0.999770
--------------------STRATIY VAL/TEST--------------------
Validation GROUPS
group_id
S3-ADL1    32319
S3-ADL2    24902
S3-ADL5    20648
S4-ADL5    23817
Name: count, dtype: int64
Test GROUPS
group_id
S1-ADL5    22440
S2-ADL5    22969
S3-ADL3    21325
S3-ADL4    25126
Name: count, dtype: int64 


 Validation Split Label Proportion
45
1    0.459572
2    0.309502
4    0.168057
5    0.062870
Name: proportion, dtype: float64
Test Split Label Proportion
45
1    0.412094
2    0.273285
4    0.248759
5    0.065861
Name: proportion, dtype: float64

------------------------------ TRAIN ACC/GYRO after StandardScaler ------------------------------
global mean: 0.000000
global std : 1.000000
max |channel mean| : 0.000000
median |channel mean| : 0.000000
channel std range : [1.000000, 1.000000]

------------------------------ VAL ACC/GYRO after StandardScaler ------------------------------
global mean: -0.018828
global std : 1.029823
max |channel mean| : 0.571034
median |channel mean| : 0.035000
channel std range : [0.789396, 1.282089]

------------------------------ TEST ACC/GYRO after StandardScaler ------------------------------
global mean: -0.026641
global std : 1.016736
max |channel mean| : 0.360631
median |channel mean| : 0.015682
channel std range : [0.916675, 1.271960]
------------------------------------------------------------------------------------------
Training features: (298697, 46) | Training labels: (298697,)
Validation features: (101686, 46) | Validation labels: (101686,)
Test features: (91860, 46), Test labels: (91860,)

------------------------------ TRAIN MAG after window demeaning ------------------------------
max |window mean|  : 2.072917e-07
mean |window mean| : 2.314282e-08
channel global mean range : [-5.163174e-10, 3.394087e-10]
channel std range         : [0.123620, 0.237807]

------------------------------ VAL MAG after window demeaning ------------------------------
max |window mean|  : 2.072917e-07
mean |window mean| : 2.311541e-08
channel global mean range : [-8.879956e-10, 1.000856e-09]
channel std range         : [0.139015, 0.235645]

------------------------------ TEST MAG after window demeaning ------------------------------
max |window mean|  : 2.112654e-07
mean |window mean| : 2.317139e-08
channel global mean range : [-9.478415e-10, 4.257475e-10]
channel std range         : [0.126678, 0.220654]

TRAIN window label distribution
label 1: 4469 (0.4501)
label 2: 2437 (0.2455)
label 4: 2601 (0.2620)
label 5: 421 (0.0424)

VAL window label distribution
label 1: 1533 (0.4536)
label 2: 1063 (0.3145)
label 4: 571 (0.1689)
label 5: 213 (0.0630)

TEST window label distribution
label 1: 1241 (0.4066)
label 2: 843 (0.2762)
label 4: 767 (0.2513)
label 5: 201 (0.0659)
------------------------------------------------------------------------------------------
Training (windows): (9928, 90, 45). Training Labels: (9928,)
Validation (windows): (3380, 90, 45). Validation Labels: (3380,)
Test (windows): (3052, 90, 45). Test Labels: (3052,)
------------------------------------------------------------------------------------------
Training set class distribution:
{'STAND': 4469, 'WALK': 2437, 'SIT': 2601, 'LIE': 421}
------------------------------------------------------------------------------------------

Epoch: 1/30 | tr_Loss: 0.3494 | tr_acc: 0.8550 | val_loss: 0.6473 | val_acc: 0.8089 | epoch_time: 38.04s
--- CUDA PROFILE --- (epoch 1, batch 2)
-------------------------------------------------------  ------------  ------------  ------------  ------------  ------------  ------------  ------------  ------------  ------------  ------------  ------------  ------------  ------------  ------------  
                                                   Name    Self CPU %      Self CPU   CPU total %     CPU total  CPU time avg     Self CUDA   Self CUDA %    CUDA total  CUDA time avg       CPU Mem  Self CPU Mem      CUDA Mem  Self CUDA Mem    # of Calls  
-------------------------------------------------------  ------------  ------------  ------------  ------------  ------------  ------------  ------------  ------------  ------------  ------------  ------------  ------------  ------------  ------------  
                 MambaSplitConv1dScanCombinedFnBackward        14.87%      15.553ms        23.85%      24.957ms       3.120ms      46.877ms        47.73%      54.446ms       6.806ms           0 b           0 b       1.20 Gb      -6.90 Gb             8  
                                               aten::mm         1.81%       1.890ms         2.68%       2.803ms      29.822us      29.105ms        29.63%      29.105ms     309.624us           0 b           0 b       2.84 Gb       2.84 Gb            94  
                         MambaSplitConv1dScanCombinedFn         5.64%       5.900ms         8.42%       8.805ms       1.101ms      12.043ms        12.26%      15.259ms       1.907ms           0 b           0 b     405.35 Mb      -2.44 Gb             8  
sm80_xmma_gemm_f32f32_f32f32_f32_tn_n_tilesize128x12...         0.00%       0.000us         0.00%       0.000us       0.000us       9.941ms        10.12%       9.941ms     414.227us           0 b           0 b           0 b           0 b            24  
                  _chunk_scan_chunk_state_bwd_dx_kernel         0.00%       0.000us         0.00%       0.000us       0.000us       9.592ms         9.77%       9.592ms       1.199ms           0 b           0 b           0 b           0 b             8  
                    _chunk_scan_bwd_ddAcs_stable_kernel         0.00%       0.000us         0.00%       0.000us       0.000us       8.879ms         9.04%       8.879ms       1.110ms           0 b           0 b           0 b           0 b             8  
                                 _chunk_scan_fwd_kernel         0.00%       0.000us         0.00%       0.000us       0.000us       8.070ms         8.22%       8.070ms       1.009ms           0 b           0 b           0 b           0 b             8  
                             _chunk_state_bwd_db_kernel         0.00%       0.000us         0.00%       0.000us       0.000us       7.495ms         7.63%       7.495ms     936.886us           0 b           0 b           0 b           0 b             8  
                              _chunk_scan_bwd_dc_kernel         0.00%       0.000us         0.00%       0.000us       0.000us       6.832ms         6.96%       6.832ms     853.943us           0 b           0 b           0 b           0 b             8  
void cutlass::Kernel<cutlass_80_simt_sgemm_128x256_8...         0.00%       0.000us         0.00%       0.000us       0.000us       6.190ms         6.30%       6.190ms     386.871us           0 b           0 b           0 b           0 b            16  
-------------------------------------------------------  ------------  ------------  ------------  ------------  ------------  ------------  ------------  ------------  ------------  ------------  ------------  ------------  ------------  ------------  
Self CPU time total: 104.630ms
Self CUDA time total: 98.219ms


Epoch: 2/30 | tr_Loss: 0.2342 | tr_acc: 0.9027 | val_loss: 0.7070 | val_acc: 0.8175 | epoch_time: 8.48s

Epoch: 3/30 | tr_Loss: 0.1940 | tr_acc: 0.9204 | val_loss: 0.6157 | val_acc: 0.8459 | epoch_time: 8.49s

Epoch: 4/30 | tr_Loss: 0.1667 | tr_acc: 0.9358 | val_loss: 1.1023 | val_acc: 0.8157 | epoch_time: 8.49s

Epoch: 5/30 | tr_Loss: 0.1526 | tr_acc: 0.9404 | val_loss: 0.7702 | val_acc: 0.8405 | epoch_time: 8.50s

Epoch: 6/30 | tr_Loss: 0.1437 | tr_acc: 0.9433 | val_loss: 0.7904 | val_acc: 0.8470 | epoch_time: 8.50s

Epoch: 7/30 | tr_Loss: 0.1378 | tr_acc: 0.9425 | val_loss: 0.7621 | val_acc: 0.8595 | epoch_time: 8.49s

Epoch: 8/30 | tr_Loss: 0.1278 | tr_acc: 0.9478 | val_loss: 0.3490 | val_acc: 0.8849 | epoch_time: 8.50s

Epoch: 9/30 | tr_Loss: 0.1200 | tr_acc: 0.9500 | val_loss: 0.4516 | val_acc: 0.8831 | epoch_time: 8.50s

Epoch: 10/30 | tr_Loss: 0.1134 | tr_acc: 0.9544 | val_loss: 0.6181 | val_acc: 0.8743 | epoch_time: 8.50s

Epoch: 11/30 | tr_Loss: 0.1008 | tr_acc: 0.9592 | val_loss: 1.3729 | val_acc: 0.8257 | epoch_time: 8.50s

Epoch: 12/30 | tr_Loss: 0.1040 | tr_acc: 0.9589 | val_loss: 1.1487 | val_acc: 0.8266 | epoch_time: 8.50s

Epoch: 13/30 | tr_Loss: 0.0950 | tr_acc: 0.9620 | val_loss: 1.4175 | val_acc: 0.8293 | epoch_time: 8.49s

Early stopping at epoch 13 | Best Validation Loss: 0.3490
              precision    recall  f1-score   support

       STAND       0.82      0.98      0.89      1533
        WALK       0.97      0.76      0.85      1063
         SIT       0.93      0.88      0.91       571
         LIE       0.97      0.86      0.91       213

    accuracy                           0.88      3380
   macro avg       0.93      0.87      0.89      3380
weighted avg       0.90      0.88      0.88      3380

Peak GPU memory allocatated: 3.79GB

------------------------------------------------------------------------------------------
Test Results:
 Accuracy: 0.9079292267365662
 Report:
 {'STAND': {'precision': 0.8500360490266763, 'recall': 0.9500402900886382, 'f1-score': 0.8972602739726028, 'support': 1241.0}, 'WALK': {'precision': 0.931787175989086, 'recall': 0.8102016607354685, 'f1-score': 0.866751269035533, 'support': 843.0}, 'SIT': {'precision': 0.9753086419753086, 'recall': 0.9269882659713168, 'f1-score': 0.9505347593582888, 'support': 767.0}, 'LIE': {'precision': 0.9753694581280788, 'recall': 0.9850746268656716, 'f1-score': 0.9801980198019802, 'support': 201.0}, 'accuracy': 0.9079292267365662, 'macro avg': {'precision': 0.9331253312797874, 'recall': 0.9180762109152738, 'f1-score': 0.9236860805421012, 'support': 3052.0}, 'weighted avg': {'precision': 0.9123533144428932, 'recall': 0.9079292267365662, 'f1-score': 0.9076839063581127, 'support': 3052.0}}
 F1: 0.9236860805421012
 Confusion Matrix:
 [[1179   46   13    3]
 [ 157  683    3    0]
 [  50    4  711    2]
 [   1    0    2  198]]
------------------------------------------------------------------------------------------
Training set class distribution:
{'STAND': 4469, 'WALK': 2437, 'SIT': 2601, 'LIE': 421}
------------------------------------------------------------------------------------------

Epoch: 1/30 | tr_Loss: 0.3292 | tr_acc: 0.8596 | val_loss: 0.5188 | val_acc: 0.8367 | epoch_time: 9.23s
--- CUDA PROFILE --- (epoch 1, batch 2)
-------------------------------------------------------  ------------  ------------  ------------  ------------  ------------  ------------  ------------  ------------  ------------  ------------  ------------  ------------  ------------  ------------  
                                                   Name    Self CPU %      Self CPU   CPU total %     CPU total  CPU time avg     Self CUDA   Self CUDA %    CUDA total  CUDA time avg       CPU Mem  Self CPU Mem      CUDA Mem  Self CUDA Mem    # of Calls  
-------------------------------------------------------  ------------  ------------  ------------  ------------  ------------  ------------  ------------  ------------  ------------  ------------  ------------  ------------  ------------  ------------  
                 MambaSplitConv1dScanCombinedFnBackward        15.06%      14.423ms        24.34%      23.310ms       2.914ms      46.770ms        47.90%      54.303ms       6.788ms           0 b           0 b       1.20 Gb      -6.91 Gb             8  
                                               aten::mm         1.95%       1.871ms         2.87%       2.753ms      29.286us      28.805ms        29.50%      28.805ms     306.436us           0 b           0 b       2.84 Gb       2.84 Gb            94  
                         MambaSplitConv1dScanCombinedFn         5.94%       5.694ms         8.89%       8.515ms       1.064ms      11.887ms        12.18%      15.055ms       1.882ms           0 b           0 b     405.35 Mb      -2.45 Gb             8  
sm80_xmma_gemm_f32f32_f32f32_f32_tn_n_tilesize128x12...         0.00%       0.000us         0.00%       0.000us       0.000us       9.764ms        10.00%       9.764ms     406.845us           0 b           0 b           0 b           0 b            24  
                  _chunk_scan_chunk_state_bwd_dx_kernel         0.00%       0.000us         0.00%       0.000us       0.000us       9.561ms         9.79%       9.561ms       1.195ms           0 b           0 b           0 b           0 b             8  
                    _chunk_scan_bwd_ddAcs_stable_kernel         0.00%       0.000us         0.00%       0.000us       0.000us       8.881ms         9.10%       8.881ms       1.110ms           0 b           0 b           0 b           0 b             8  
                                 _chunk_scan_fwd_kernel         0.00%       0.000us         0.00%       0.000us       0.000us       7.946ms         8.14%       7.946ms     993.230us           0 b           0 b           0 b           0 b             8  
                             _chunk_state_bwd_db_kernel         0.00%       0.000us         0.00%       0.000us       0.000us       7.499ms         7.68%       7.499ms     937.382us           0 b           0 b           0 b           0 b             8  
                              _chunk_scan_bwd_dc_kernel         0.00%       0.000us         0.00%       0.000us       0.000us       6.803ms         6.97%       6.803ms     850.393us           0 b           0 b           0 b           0 b             8  
void cutlass::Kernel<cutlass_80_simt_sgemm_128x256_8...         0.00%       0.000us         0.00%       0.000us       0.000us       6.159ms         6.31%       6.159ms     384.961us           0 b           0 b           0 b           0 b            16  
-------------------------------------------------------  ------------  ------------  ------------  ------------  ------------  ------------  ------------  ------------  ------------  ------------  ------------  ------------  ------------  ------------  
Self CPU time total: 95.780ms
Self CUDA time total: 97.631ms


Epoch: 2/30 | tr_Loss: 0.2200 | tr_acc: 0.9129 | val_loss: 0.4573 | val_acc: 0.8426 | epoch_time: 8.49s

Epoch: 3/30 | tr_Loss: 0.1796 | tr_acc: 0.9270 | val_loss: 0.9379 | val_acc: 0.8186 | epoch_time: 8.45s

Epoch: 4/30 | tr_Loss: 0.1767 | tr_acc: 0.9290 | val_loss: 1.1698 | val_acc: 0.8092 | epoch_time: 8.47s

Epoch: 5/30 | tr_Loss: 0.1681 | tr_acc: 0.9301 | val_loss: 1.0696 | val_acc: 0.8115 | epoch_time: 8.44s

Epoch: 6/30 | tr_Loss: 0.1659 | tr_acc: 0.9323 | val_loss: 0.4148 | val_acc: 0.8811 | epoch_time: 8.46s

Epoch: 7/30 | tr_Loss: 0.1448 | tr_acc: 0.9383 | val_loss: 0.9882 | val_acc: 0.8322 | epoch_time: 8.44s

Epoch: 8/30 | tr_Loss: 0.1394 | tr_acc: 0.9436 | val_loss: 0.9928 | val_acc: 0.8302 | epoch_time: 8.45s

Epoch: 9/30 | tr_Loss: 0.1217 | tr_acc: 0.9474 | val_loss: 1.2366 | val_acc: 0.8284 | epoch_time: 8.44s

Epoch: 10/30 | tr_Loss: 0.1184 | tr_acc: 0.9494 | val_loss: 1.4086 | val_acc: 0.8021 | epoch_time: 8.48s

Epoch: 11/30 | tr_Loss: 0.1230 | tr_acc: 0.9500 | val_loss: 1.0969 | val_acc: 0.8370 | epoch_time: 8.46s

Early stopping at epoch 11 | Best Validation Loss: 0.4148
              precision    recall  f1-score   support

       STAND       0.86      0.93      0.89      1533
        WALK       0.91      0.85      0.88      1063
         SIT       0.90      0.85      0.88       571
         LIE       0.91      0.74      0.82       213

    accuracy                           0.88      3380
   macro avg       0.89      0.84      0.87      3380
weighted avg       0.88      0.88      0.88      3380

Peak GPU memory allocatated: 3.72GB

------------------------------------------------------------------------------------------
Test Results:
 Accuracy: 0.8853211009174312
 Report:
 {'STAND': {'precision': 0.8485540334855404, 'recall': 0.8984689766317486, 'f1-score': 0.87279843444227, 'support': 1241.0}, 'WALK': {'precision': 0.8800959232613909, 'recall': 0.8706998813760379, 'f1-score': 0.8753726893261777, 'support': 843.0}, 'SIT': {'precision': 0.9442231075697212, 'recall': 0.9269882659713168, 'f1-score': 0.9355263157894737, 'support': 767.0}, 'LIE': {'precision': 0.9403973509933775, 'recall': 0.7064676616915423, 'f1-score': 0.8068181818181818, 'support': 201.0}, 'accuracy': 0.8853211009174312, 'macro avg': {'precision': 0.9033176038275075, 'recall': 0.8506561964176614, 'f1-score': 0.8726289053440257, 'support': 3052.0}, 'weighted avg': {'precision': 0.8873576048232481, 'recall': 0.8853211009174312, 'f1-score': 0.8849283004589797, 'support': 3052.0}}
 F1: 0.8726289053440257
 Confusion Matrix:
 [[1115   94   30    2]
 [ 104  734    5    0]
 [  45    4  711    7]
 [  50    2    7  142]]
------------------------------------------------------------------------------------------
Training set class distribution:
{'STAND': 4469, 'WALK': 2437, 'SIT': 2601, 'LIE': 421}
------------------------------------------------------------------------------------------

Epoch: 1/30 | tr_Loss: 0.3389 | tr_acc: 0.8567 | val_loss: 0.6273 | val_acc: 0.8426 | epoch_time: 9.21s
--- CUDA PROFILE --- (epoch 1, batch 2)
-------------------------------------------------------  ------------  ------------  ------------  ------------  ------------  ------------  ------------  ------------  ------------  ------------  ------------  ------------  ------------  ------------  
                                                   Name    Self CPU %      Self CPU   CPU total %     CPU total  CPU time avg     Self CUDA   Self CUDA %    CUDA total  CUDA time avg       CPU Mem  Self CPU Mem      CUDA Mem  Self CUDA Mem    # of Calls  
-------------------------------------------------------  ------------  ------------  ------------  ------------  ------------  ------------  ------------  ------------  ------------  ------------  ------------  ------------  ------------  ------------  
                 MambaSplitConv1dScanCombinedFnBackward        14.94%      14.362ms        24.27%      23.332ms       2.917ms      46.973ms        47.85%      54.578ms       6.822ms           0 b           0 b       1.20 Gb      -6.91 Gb             8  
                                               aten::mm         1.94%       1.869ms         2.89%       2.778ms      29.558us      29.082ms        29.62%      29.082ms     309.382us           0 b           0 b       2.84 Gb       2.84 Gb            94  
                         MambaSplitConv1dScanCombinedFn         5.90%       5.675ms         8.80%       8.463ms       1.058ms      11.900ms        12.12%      15.082ms       1.885ms           0 b           0 b     405.35 Mb      -2.44 Gb             8  
sm80_xmma_gemm_f32f32_f32f32_f32_tn_n_tilesize128x12...         0.00%       0.000us         0.00%       0.000us       0.000us       9.819ms        10.00%       9.819ms     409.109us           0 b           0 b           0 b           0 b            24  
                  _chunk_scan_chunk_state_bwd_dx_kernel         0.00%       0.000us         0.00%       0.000us       0.000us       9.596ms         9.78%       9.596ms       1.200ms           0 b           0 b           0 b           0 b             8  
                    _chunk_scan_bwd_ddAcs_stable_kernel         0.00%       0.000us         0.00%       0.000us       0.000us       8.930ms         9.10%       8.930ms       1.116ms           0 b           0 b           0 b           0 b             8  
                                 _chunk_scan_fwd_kernel         0.00%       0.000us         0.00%       0.000us       0.000us       7.951ms         8.10%       7.951ms     993.891us           0 b           0 b           0 b           0 b             8  
                             _chunk_state_bwd_db_kernel         0.00%       0.000us         0.00%       0.000us       0.000us       7.518ms         7.66%       7.518ms     939.787us           0 b           0 b           0 b           0 b             8  
                              _chunk_scan_bwd_dc_kernel         0.00%       0.000us         0.00%       0.000us       0.000us       6.850ms         6.98%       6.850ms     856.258us           0 b           0 b           0 b           0 b             8  
void cutlass::Kernel<cutlass_80_simt_sgemm_128x256_8...         0.00%       0.000us         0.00%       0.000us       0.000us       6.240ms         6.36%       6.240ms     389.997us           0 b           0 b           0 b           0 b            16  
-------------------------------------------------------  ------------  ------------  ------------  ------------  ------------  ------------  ------------  ------------  ------------  ------------  ------------  ------------  ------------  ------------  
Self CPU time total: 96.141ms
Self CUDA time total: 98.167ms


Epoch: 2/30 | tr_Loss: 0.2427 | tr_acc: 0.9037 | val_loss: 0.8348 | val_acc: 0.8050 | epoch_time: 8.44s

Epoch: 3/30 | tr_Loss: 0.2076 | tr_acc: 0.9152 | val_loss: 0.9291 | val_acc: 0.8080 | epoch_time: 8.46s

Epoch: 4/30 | tr_Loss: 0.1816 | tr_acc: 0.9271 | val_loss: 1.0949 | val_acc: 0.7976 | epoch_time: 8.45s

Epoch: 5/30 | tr_Loss: 0.1694 | tr_acc: 0.9297 | val_loss: 1.0777 | val_acc: 0.8331 | epoch_time: 8.46s

Epoch: 6/30 | tr_Loss: 0.1599 | tr_acc: 0.9358 | val_loss: 1.0744 | val_acc: 0.8124 | epoch_time: 8.44s

Early stopping at epoch 6 | Best Validation Loss: 0.6273
              precision    recall  f1-score   support

       STAND       0.79      0.92      0.85      1533
        WALK       0.88      0.85      0.86      1063
         SIT       0.94      0.82      0.88       571
         LIE       0.82      0.34      0.48       213

    accuracy                           0.84      3380
   macro avg       0.86      0.73      0.77      3380
weighted avg       0.85      0.84      0.84      3380

Peak GPU memory allocatated: 3.72GB

------------------------------------------------------------------------------------------
Test Results:
 Accuracy: 0.8833551769331586
 Report:
 {'STAND': {'precision': 0.8566904196357878, 'recall': 0.8718775181305399, 'f1-score': 0.8642172523961661, 'support': 1241.0}, 'WALK': {'precision': 0.8440677966101695, 'recall': 0.8861209964412812, 'f1-score': 0.8645833333333334, 'support': 843.0}, 'SIT': {'precision': 0.9741750358680057, 'recall': 0.8852672750977836, 'f1-score': 0.9275956284153005, 'support': 767.0}, 'LIE': {'precision': 0.9082125603864735, 'recall': 0.9353233830845771, 'f1-score': 0.9215686274509803, 'support': 201.0}, 'accuracy': 0.8833551769331586, 'macro avg': {'precision': 0.8957864531251091, 'recall': 0.8946472931885454, 'f1-score': 0.8944912103989451, 'support': 3052.0}, 'weighted avg': {'precision': 0.8861221954321189, 'recall': 0.8833551769331586, 'f1-score': 0.8840231000445035, 'support': 3052.0}}
 F1: 0.8944912103989451
 Confusion Matrix:
 [[1082  134   14   11]
 [  91  747    4    1]
 [  77    4  679    7]
 [  13    0    0  188]]
------------------------------------------------------------------------------------------
Training set class distribution:
{'STAND': 4469, 'WALK': 2437, 'SIT': 2601, 'LIE': 421}
------------------------------------------------------------------------------------------

Epoch: 1/30 | tr_Loss: 0.3296 | tr_acc: 0.8547 | val_loss: 0.8688 | val_acc: 0.8104 | epoch_time: 9.21s
--- CUDA PROFILE --- (epoch 1, batch 2)
-------------------------------------------------------  ------------  ------------  ------------  ------------  ------------  ------------  ------------  ------------  ------------  ------------  ------------  ------------  ------------  ------------  
                                                   Name    Self CPU %      Self CPU   CPU total %     CPU total  CPU time avg     Self CUDA   Self CUDA %    CUDA total  CUDA time avg       CPU Mem  Self CPU Mem      CUDA Mem  Self CUDA Mem    # of Calls  
-------------------------------------------------------  ------------  ------------  ------------  ------------  ------------  ------------  ------------  ------------  ------------  ------------  ------------  ------------  ------------  ------------  
                 MambaSplitConv1dScanCombinedFnBackward        14.75%      14.401ms        23.97%      23.404ms       2.925ms      46.669ms        47.90%      54.176ms       6.772ms           0 b           0 b       1.20 Gb      -6.90 Gb             8  
                                               aten::mm         1.92%       1.873ms         2.85%       2.780ms      29.575us      28.725ms        29.48%      28.725ms     305.587us           0 b           0 b       2.84 Gb       2.84 Gb            94  
                         MambaSplitConv1dScanCombinedFn         5.68%       5.541ms         8.50%       8.301ms       1.038ms      11.878ms        12.19%      15.042ms       1.880ms           0 b           0 b     405.35 Mb      -2.44 Gb             8  
sm80_xmma_gemm_f32f32_f32f32_f32_tn_n_tilesize128x12...         0.00%       0.000us         0.00%       0.000us       0.000us       9.747ms        10.00%       9.747ms     406.137us           0 b           0 b           0 b           0 b            24  
                  _chunk_scan_chunk_state_bwd_dx_kernel         0.00%       0.000us         0.00%       0.000us       0.000us       9.530ms         9.78%       9.530ms       1.191ms           0 b           0 b           0 b           0 b             8  
                    _chunk_scan_bwd_ddAcs_stable_kernel         0.00%       0.000us         0.00%       0.000us       0.000us       8.867ms         9.10%       8.867ms       1.108ms           0 b           0 b           0 b           0 b             8  
                                 _chunk_scan_fwd_kernel         0.00%       0.000us         0.00%       0.000us       0.000us       7.937ms         8.15%       7.937ms     992.123us           0 b           0 b           0 b           0 b             8  
                             _chunk_state_bwd_db_kernel         0.00%       0.000us         0.00%       0.000us       0.000us       7.483ms         7.68%       7.483ms     935.427us           0 b           0 b           0 b           0 b             8  
                              _chunk_scan_bwd_dc_kernel         0.00%       0.000us         0.00%       0.000us       0.000us       6.797ms         6.98%       6.797ms     849.579us           0 b           0 b           0 b           0 b             8  
void cutlass::Kernel<cutlass_80_simt_sgemm_128x256_8...         0.00%       0.000us         0.00%       0.000us       0.000us       6.127ms         6.29%       6.127ms     382.957us           0 b           0 b           0 b           0 b            16  
-------------------------------------------------------  ------------  ------------  ------------  ------------  ------------  ------------  ------------  ------------  ------------  ------------  ------------  ------------  ------------  ------------  
Self CPU time total: 97.621ms
Self CUDA time total: 97.427ms


Epoch: 2/30 | tr_Loss: 0.2220 | tr_acc: 0.9115 | val_loss: 0.9129 | val_acc: 0.7956 | epoch_time: 8.45s

Epoch: 3/30 | tr_Loss: 0.1899 | tr_acc: 0.9261 | val_loss: 0.8278 | val_acc: 0.8216 | epoch_time: 8.43s

Epoch: 4/30 | tr_Loss: 0.1684 | tr_acc: 0.9301 | val_loss: 0.8525 | val_acc: 0.8231 | epoch_time: 8.46s

Epoch: 5/30 | tr_Loss: 0.1544 | tr_acc: 0.9369 | val_loss: 1.0975 | val_acc: 0.7790 | epoch_time: 8.45s

Epoch: 6/30 | tr_Loss: 0.1504 | tr_acc: 0.9401 | val_loss: 0.4103 | val_acc: 0.8787 | epoch_time: 8.45s

Epoch: 7/30 | tr_Loss: 0.1351 | tr_acc: 0.9488 | val_loss: 0.4299 | val_acc: 0.8799 | epoch_time: 8.44s

Epoch: 8/30 | tr_Loss: 0.1286 | tr_acc: 0.9482 | val_loss: 0.8543 | val_acc: 0.8302 | epoch_time: 8.44s

Epoch: 9/30 | tr_Loss: 0.1150 | tr_acc: 0.9520 | val_loss: 0.6286 | val_acc: 0.8420 | epoch_time: 8.45s

Epoch: 10/30 | tr_Loss: 0.1181 | tr_acc: 0.9521 | val_loss: 0.7301 | val_acc: 0.8361 | epoch_time: 8.43s

Epoch: 11/30 | tr_Loss: 0.1162 | tr_acc: 0.9531 | val_loss: 0.6449 | val_acc: 0.8512 | epoch_time: 8.44s

Early stopping at epoch 11 | Best Validation Loss: 0.4103
              precision    recall  f1-score   support

       STAND       0.80      0.97      0.88      1533
        WALK       0.96      0.80      0.87      1063
         SIT       0.98      0.77      0.86       571
         LIE       0.99      0.87      0.93       213

    accuracy                           0.88      3380
   macro avg       0.93      0.85      0.89      3380
weighted avg       0.89      0.88      0.88      3380

Peak GPU memory allocatated: 3.72GB

------------------------------------------------------------------------------------------
Test Results:
 Accuracy: 0.8990825688073395
 Report:
 {'STAND': {'precision': 0.8352353780313837, 'recall': 0.943593875906527, 'f1-score': 0.8861142640938328, 'support': 1241.0}, 'WALK': {'precision': 0.9175257731958762, 'recall': 0.8446026097271648, 'f1-score': 0.8795552810376775, 'support': 843.0}, 'SIT': {'precision': 0.9911764705882353, 'recall': 0.878748370273794, 'f1-score': 0.9315825846579129, 'support': 767.0}, 'LIE': {'precision': 0.9639175257731959, 'recall': 0.9303482587064676, 'f1-score': 0.9468354430379747, 'support': 201.0}, 'accuracy': 0.8990825688073395, 'macro avg': {'precision': 0.9269637868971728, 'recall': 0.8993232786534884, 'f1-score': 0.9110218932068496, 'support': 3052.0}, 'weighted avg': {'precision': 0.9056294582446461, 'recall': 0.8990825688073395, 'f1-score': 0.899728266755721, 'support': 3052.0}}
 F1: 0.9110218932068496
 Confusion Matrix:
 [[1171   61    6    3]
 [ 131  712    0    0]
 [  87    2  674    4]
 [  13    1    0  187]]
------------------------------------------------------------------------------------------
Training set class distribution:
{'STAND': 4469, 'WALK': 2437, 'SIT': 2601, 'LIE': 421}
------------------------------------------------------------------------------------------

Epoch: 1/30 | tr_Loss: 0.3546 | tr_acc: 0.8517 | val_loss: 0.6929 | val_acc: 0.8124 | epoch_time: 9.23s
--- CUDA PROFILE --- (epoch 1, batch 2)
-------------------------------------------------------  ------------  ------------  ------------  ------------  ------------  ------------  ------------  ------------  ------------  ------------  ------------  ------------  ------------  ------------  
                                                   Name    Self CPU %      Self CPU   CPU total %     CPU total  CPU time avg     Self CUDA   Self CUDA %    CUDA total  CUDA time avg       CPU Mem  Self CPU Mem      CUDA Mem  Self CUDA Mem    # of Calls  
-------------------------------------------------------  ------------  ------------  ------------  ------------  ------------  ------------  ------------  ------------  ------------  ------------  ------------  ------------  ------------  ------------  
                 MambaSplitConv1dScanCombinedFnBackward        14.61%      14.340ms        23.88%      23.438ms       2.930ms      46.820ms        47.78%      54.412ms       6.801ms           0 b           0 b       1.20 Gb      -6.91 Gb             8  
                                               aten::mm         1.90%       1.862ms         2.81%       2.762ms      29.383us      29.072ms        29.67%      29.072ms     309.277us           0 b           0 b       2.84 Gb       2.84 Gb            94  
                         MambaSplitConv1dScanCombinedFn         5.74%       5.635ms         8.67%       8.505ms       1.063ms      11.888ms        12.13%      15.073ms       1.884ms           0 b           0 b     405.35 Mb      -2.44 Gb             8  
sm80_xmma_gemm_f32f32_f32f32_f32_tn_n_tilesize128x12...         0.00%       0.000us         0.00%       0.000us       0.000us       9.830ms        10.03%       9.830ms     409.600us           0 b           0 b           0 b           0 b            24  
                  _chunk_scan_chunk_state_bwd_dx_kernel         0.00%       0.000us         0.00%       0.000us       0.000us       9.573ms         9.77%       9.573ms       1.197ms           0 b           0 b           0 b           0 b             8  
                    _chunk_scan_bwd_ddAcs_stable_kernel         0.00%       0.000us         0.00%       0.000us       0.000us       8.894ms         9.08%       8.894ms       1.112ms           0 b           0 b           0 b           0 b             8  
                                 _chunk_scan_fwd_kernel         0.00%       0.000us         0.00%       0.000us       0.000us       7.953ms         8.12%       7.953ms     994.087us           0 b           0 b           0 b           0 b             8  
                             _chunk_state_bwd_db_kernel         0.00%       0.000us         0.00%       0.000us       0.000us       7.485ms         7.64%       7.485ms     935.583us           0 b           0 b           0 b           0 b             8  
                              _chunk_scan_bwd_dc_kernel         0.00%       0.000us         0.00%       0.000us       0.000us       6.830ms         6.97%       6.830ms     853.803us           0 b           0 b           0 b           0 b             8  
void cutlass::Kernel<cutlass_80_simt_sgemm_128x256_8...         0.00%       0.000us         0.00%       0.000us       0.000us       6.215ms         6.34%       6.215ms     388.457us           0 b           0 b           0 b           0 b            16  
-------------------------------------------------------  ------------  ------------  ------------  ------------  ------------  ------------  ------------  ------------  ------------  ------------  ------------  ------------  ------------  ------------  
Self CPU time total: 98.144ms
Self CUDA time total: 97.984ms


Epoch: 2/30 | tr_Loss: 0.2669 | tr_acc: 0.8927 | val_loss: 0.8722 | val_acc: 0.7979 | epoch_time: 8.44s

Epoch: 3/30 | tr_Loss: 0.2419 | tr_acc: 0.8996 | val_loss: 0.8311 | val_acc: 0.8254 | epoch_time: 8.45s

Epoch: 4/30 | tr_Loss: 0.2459 | tr_acc: 0.8991 | val_loss: 0.8660 | val_acc: 0.8056 | epoch_time: 8.46s

Epoch: 5/30 | tr_Loss: 0.2199 | tr_acc: 0.9122 | val_loss: 0.4579 | val_acc: 0.8521 | epoch_time: 8.44s

Epoch: 6/30 | tr_Loss: 0.1900 | tr_acc: 0.9219 | val_loss: 0.5644 | val_acc: 0.8370 | epoch_time: 8.44s

Epoch: 7/30 | tr_Loss: 0.1755 | tr_acc: 0.9266 | val_loss: 0.7897 | val_acc: 0.8169 | epoch_time: 8.45s

Epoch: 8/30 | tr_Loss: 0.1670 | tr_acc: 0.9311 | val_loss: 0.9103 | val_acc: 0.8172 | epoch_time: 8.45s

Epoch: 9/30 | tr_Loss: 0.1502 | tr_acc: 0.9370 | val_loss: 0.6938 | val_acc: 0.8367 | epoch_time: 8.46s

Epoch: 10/30 | tr_Loss: 0.1392 | tr_acc: 0.9434 | val_loss: 1.0543 | val_acc: 0.8376 | epoch_time: 8.47s

Early stopping at epoch 10 | Best Validation Loss: 0.4579
              precision    recall  f1-score   support

       STAND       0.81      0.91      0.86      1533
        WALK       0.87      0.83      0.85      1063
         SIT       0.91      0.76      0.83       571
         LIE       0.96      0.76      0.85       213

    accuracy                           0.85      3380
   macro avg       0.89      0.82      0.85      3380
weighted avg       0.86      0.85      0.85      3380

Peak GPU memory allocatated: 3.72GB

------------------------------------------------------------------------------------------
Test Results:
 Accuracy: 0.8646788990825688
 Report:
 {'STAND': {'precision': 0.8405103668261563, 'recall': 0.8493150684931506, 'f1-score': 0.8448897795591183, 'support': 1241.0}, 'WALK': {'precision': 0.8187845303867404, 'recall': 0.8790035587188612, 'f1-score': 0.8478260869565217, 'support': 843.0}, 'SIT': {'precision': 0.9425287356321839, 'recall': 0.8552803129074316, 'f1-score': 0.8967874231032126, 'support': 767.0}, 'LIE': {'precision': 0.9543147208121827, 'recall': 0.9353233830845771, 'f1-score': 0.9447236180904522, 'support': 201.0}, 'accuracy': 0.8646788990825688, 'macro avg': {'precision': 0.8890345884143158, 'recall': 0.8797305808010052, 'f1-score': 0.8835567269273262, 'support': 3052.0}, 'weighted avg': {'precision': 0.8676427010027574, 'recall': 0.8646788990825688, 'f1-score': 0.8653181548144031, 'support': 3052.0}}
 F1: 0.8835567269273262
 Confusion Matrix:
 [[1054  159   24    4]
 [  98  741    3    1]
 [ 102    5  656    4]
 [   0    0   13  188]]
Total wall time:10min 45s
